<html>
<body>
<pre>
<h1>µVision Build Log</h1>
<h2>Project:</h2>
D:\BASAVARAJ\WORKING_FOLDER\RTOS-PROJECTS\RTOS-ALS-SDA-ARMCTXM3-REV02\EXAMPLES\26.RTX-UART0\RTX-UART0.uvproj
Project File Date:  11/02/2015

<h2>Output:</h2>
Build target 'Target 1'
compiling RTX-UART0.c...
compiling system_LPC17xx.c...
compiling RTX_Conf_CM.c...
assembling startup_LPC17xx.s...
linking...
Program Size: Code=3748 RO-data=272 RW-data=44 ZI-data=2732  
FromELF: creating hex file...
"RTX-UART0.axf" - 0 Error(s), 0 Warning(s).
