ARM Linker, 4.1 [Build 713] [Evaluation]

==============================================================================

Section Cross References

    rtx-timer0.o(.text) refers to rt_event.o(i.isr_evt_set) for isr_evt_set
    rtx-timer0.o(.text) refers to hal_cm3.o(.emb_text) for os_set_env
    rtx-timer0.o(.text) refers to rtx-timer0.o(.data) for .data
    rtx-timer0.o(.text) refers to rt_event.o(i.rt_evt_wait) for rt_evt_wait
    rtx-timer0.o(.text) refers to rt_task.o(i.rt_tsk_create) for rt_tsk_create
    rtx-timer0.o(.text) refers to rt_task.o(i.rt_tsk_delete) for rt_tsk_delete
    rtx-timer0.o(.text) refers to rt_task.o(i.rt_sys_init) for rt_sys_init
    system_lpc17xx.o(.text) refers to uldiv.o(.text) for __aeabi_uldivmod
    system_lpc17xx.o(.text) refers to system_lpc17xx.o(.data) for .data
    startup_lpc17xx.o(RESET) refers to startup_lpc17xx.o(STACK) for __initial_sp
    startup_lpc17xx.o(RESET) refers to startup_lpc17xx.o(.text) for Reset_Handler
    startup_lpc17xx.o(RESET) refers to hal_cm3.o(.emb_text) for SVC_Handler
    startup_lpc17xx.o(RESET) refers to rtx-timer0.o(.text) for TIMER0_IRQHandler
    startup_lpc17xx.o(.text) refers to system_lpc17xx.o(.text) for SystemInit
    startup_lpc17xx.o(.text) refers to entry.o(.ARM.Collect$$$$00000000) for __main
    rt_task.o(i.rt_block) refers to rt_list.o(i.rt_put_dly) for rt_put_dly
    rt_task.o(i.rt_block) refers to rt_list.o(i.rt_get_first) for rt_get_first
    rt_task.o(i.rt_block) refers to rt_task.o(i.rt_switch_req) for rt_switch_req
    rt_task.o(i.rt_block) refers to rt_task.o(.data) for .data
    rt_task.o(i.rt_block) refers to rt_list.o(.bss) for os_rdy
    rt_task.o(i.rt_dispatch) refers to rt_list.o(i.rt_put_rdy_first) for rt_put_rdy_first
    rt_task.o(i.rt_dispatch) refers to rt_task.o(i.rt_switch_req) for rt_switch_req
    rt_task.o(i.rt_dispatch) refers to rt_list.o(i.rt_get_first) for rt_get_first
    rt_task.o(i.rt_dispatch) refers to rt_list.o(i.rt_put_prio) for rt_put_prio
    rt_task.o(i.rt_dispatch) refers to rt_task.o(.data) for .data
    rt_task.o(i.rt_dispatch) refers to rt_list.o(.bss) for os_rdy
    rt_task.o(i.rt_init_context) refers to rt_membox.o(i.rt_alloc_box) for rt_alloc_box
    rt_task.o(i.rt_init_context) refers to hal_cm3.o(i.rt_init_stack) for rt_init_stack
    rt_task.o(i.rt_init_context) refers to rtx_conf_cm.o(.bss) for mp_stk
    rt_task.o(i.rt_switch_req) refers to hal_cm3.o(i.dbg_task_switch) for dbg_task_switch
    rt_task.o(i.rt_switch_req) refers to rt_task.o(.data) for .data
    rt_task.o(i.rt_switch_req) refers to hal_cm3.o(.data) for dbg_msg
    rt_task.o(i.rt_sys_init) refers to hal_cm3.o(i.dbg_init) for dbg_init
    rt_task.o(i.rt_sys_init) refers to rt_membox.o(i._init_box) for _init_box
    rt_task.o(i.rt_sys_init) refers to rt_task.o(i.rt_init_context) for rt_init_context
    rt_task.o(i.rt_sys_init) refers to hal_cm3.o(.emb_text) for rt_set_PSP
    rt_task.o(i.rt_sys_init) refers to rtx_conf_cm.o(.text) for rt_init_robin
    rt_task.o(i.rt_sys_init) refers to rt_task.o(i.rt_tsk_create) for rt_tsk_create
    rt_task.o(i.rt_sys_init) refers to rtx_conf_cm.o(.bss) for os_active_TCB
    rt_task.o(i.rt_sys_init) refers to rtx_conf_cm.o(.constdata) for os_maxtaskrun
    rt_task.o(i.rt_sys_init) refers to rtx_conf_cm.o(.constdata) for mp_tcb_size
    rt_task.o(i.rt_sys_init) refers to rtx_conf_cm.o(.bss) for mp_tcb
    rt_task.o(i.rt_sys_init) refers to rtx_conf_cm.o(.constdata) for os_stackinfo
    rt_task.o(i.rt_sys_init) refers to rtx_conf_cm.o(.constdata) for mp_stk_size
    rt_task.o(i.rt_sys_init) refers to rtx_conf_cm.o(.bss) for mp_stk
    rt_task.o(i.rt_sys_init) refers to rtx_conf_cm.o(.constdata) for mp_tmr_size
    rt_task.o(i.rt_sys_init) refers to rtx_conf_cm.o(.data) for m_tmr
    rt_task.o(i.rt_sys_init) refers to rt_task.o(.bss) for .bss
    rt_task.o(i.rt_sys_init) refers to rt_list.o(.bss) for os_rdy
    rt_task.o(i.rt_sys_init) refers to rt_task.o(.data) for .data
    rt_task.o(i.rt_sys_init) refers to rtx_conf_cm.o(.bss) for os_fifo
    rt_task.o(i.rt_sys_init) refers to rtx_conf_cm.o(.constdata) for os_fifo_size
    rt_task.o(i.rt_sys_init) refers to rtx_conf_cm.o(.constdata) for os_trv
    rt_task.o(i.rt_tsk_create) refers to rt_membox.o(i.rt_alloc_box) for rt_alloc_box
    rt_task.o(i.rt_tsk_create) refers to rt_task.o(i.rt_init_context) for rt_init_context
    rt_task.o(i.rt_tsk_create) refers to hal_cm3.o(i.dbg_task_notify) for dbg_task_notify
    rt_task.o(i.rt_tsk_create) refers to rt_task.o(i.rt_dispatch) for rt_dispatch
    rt_task.o(i.rt_tsk_create) refers to rtx_conf_cm.o(.bss) for mp_tcb
    rt_task.o(i.rt_tsk_create) refers to rtx_conf_cm.o(.bss) for os_active_TCB
    rt_task.o(i.rt_tsk_create) refers to rtx_conf_cm.o(.constdata) for os_maxtaskrun
    rt_task.o(i.rt_tsk_create) refers to hal_cm3.o(.data) for dbg_msg
    rt_task.o(i.rt_tsk_create) refers to rt_task.o(.data) for .data
    rt_task.o(i.rt_tsk_delete) refers to rt_membox.o(i.rt_free_box) for rt_free_box
    rt_task.o(i.rt_tsk_delete) refers to hal_cm3.o(i.dbg_task_notify) for dbg_task_notify
    rt_task.o(i.rt_tsk_delete) refers to rt_task.o(i.rt_dispatch) for rt_dispatch
    rt_task.o(i.rt_tsk_delete) refers to rt_list.o(i.rt_rmv_list) for rt_rmv_list
    rt_task.o(i.rt_tsk_delete) refers to rt_list.o(i.rt_rmv_dly) for rt_rmv_dly
    rt_task.o(i.rt_tsk_delete) refers to hal_cm3.o(.data) for dbg_msg
    rt_task.o(i.rt_tsk_delete) refers to rt_task.o(.data) for .data
    rt_task.o(i.rt_tsk_delete) refers to rtx_conf_cm.o(.bss) for os_active_TCB
    rt_task.o(i.rt_tsk_delete) refers to rtx_conf_cm.o(.bss) for mp_stk
    rt_task.o(i.rt_tsk_delete) refers to rtx_conf_cm.o(.bss) for mp_tcb
    rt_task.o(i.rt_tsk_delete) refers to rtx_conf_cm.o(.constdata) for os_maxtaskrun
    rt_task.o(i.rt_tsk_pass) refers to rt_list.o(i.rt_get_same_rdy_prio) for rt_get_same_rdy_prio
    rt_task.o(i.rt_tsk_pass) refers to rt_list.o(i.rt_put_prio) for rt_put_prio
    rt_task.o(i.rt_tsk_pass) refers to rt_task.o(i.rt_switch_req) for rt_switch_req
    rt_task.o(i.rt_tsk_pass) refers to rt_task.o(.data) for .data
    rt_task.o(i.rt_tsk_pass) refers to rt_list.o(.bss) for os_rdy
    rt_task.o(i.rt_tsk_prio) refers to rt_list.o(i.rt_put_prio) for rt_put_prio
    rt_task.o(i.rt_tsk_prio) refers to rt_list.o(i.rt_resort_prio) for rt_resort_prio
    rt_task.o(i.rt_tsk_prio) refers to rt_list.o(i.rt_get_first) for rt_get_first
    rt_task.o(i.rt_tsk_prio) refers to rt_task.o(i.rt_dispatch) for rt_dispatch
    rt_task.o(i.rt_tsk_prio) refers to rt_task.o(.data) for .data
    rt_task.o(i.rt_tsk_prio) refers to rtx_conf_cm.o(.constdata) for os_maxtaskrun
    rt_task.o(i.rt_tsk_prio) refers to rtx_conf_cm.o(.bss) for os_active_TCB
    rt_task.o(i.rt_tsk_prio) refers to rt_list.o(.bss) for os_rdy
    rt_task.o(i.rt_tsk_self) refers to rt_task.o(.data) for .data
    rt_event.o(i.isr_evt_set) refers to rt_list.o(i.rt_psq_enq) for rt_psq_enq
    rt_event.o(i.isr_evt_set) refers to rt_system.o(i.rt_psh_req) for rt_psh_req
    rt_event.o(i.isr_evt_set) refers to rtx_conf_cm.o(.bss) for os_active_TCB
    rt_event.o(i.rt_evt_clr) refers to rtx_conf_cm.o(.bss) for os_active_TCB
    rt_event.o(i.rt_evt_get) refers to rt_task.o(.data) for os_tsk
    rt_event.o(i.rt_evt_psh) refers to rt_list.o(i.rt_rmv_dly) for rt_rmv_dly
    rt_event.o(i.rt_evt_psh) refers to rt_list.o(i.rt_put_prio) for rt_put_prio
    rt_event.o(i.rt_evt_psh) refers to rt_list.o(.bss) for os_rdy
    rt_event.o(i.rt_evt_set) refers to rt_list.o(i.rt_rmv_dly) for rt_rmv_dly
    rt_event.o(i.rt_evt_set) refers to rt_task.o(i.rt_dispatch) for rt_dispatch
    rt_event.o(i.rt_evt_set) refers to rtx_conf_cm.o(.bss) for os_active_TCB
    rt_event.o(i.rt_evt_wait) refers to rt_task.o(i.rt_block) for rt_block
    rt_event.o(i.rt_evt_wait) refers to rt_task.o(.data) for os_tsk
    hal_cm3.o(.emb_text) refers to rtx_conf_cm.o(.constdata) for os_flags
    hal_cm3.o(.emb_text) refers to rt_membox.o(i.rt_alloc_box) for rt_alloc_box
    hal_cm3.o(.emb_text) refers to rt_membox.o(i.rt_free_box) for rt_free_box
    hal_cm3.o(.emb_text) refers to rt_system.o(i.rt_stk_check) for rt_stk_check
    hal_cm3.o(.emb_text) refers to rt_task.o(.data) for os_tsk
    hal_cm3.o(.emb_text) refers to SVC_Table.o(SVC_TABLE) for SVC_Count
    hal_cm3.o(.emb_text) refers to rt_system.o(i.rt_pop_req) for rt_pop_req
    hal_cm3.o(.emb_text) refers to rt_system.o(i.rt_systick) for rt_systick
    hal_cm3.o(i.dbg_init) refers to hal_cm3.o(.data) for .data
    hal_cm3.o(i.rt_init_stack) refers to rtx_conf_cm.o(.constdata) for os_stackinfo
    rt_system.o(i.rt_pop_req) refers to rt_list.o(i.rt_put_rdy_first) for rt_put_rdy_first
    rt_system.o(i.rt_pop_req) refers to rt_semaphore.o(i.rt_sem_psh) for rt_sem_psh
    rt_system.o(i.rt_pop_req) refers to rt_list.o(i.rt_get_first) for rt_get_first
    rt_system.o(i.rt_pop_req) refers to rt_task.o(i.rt_switch_req) for rt_switch_req
    rt_system.o(i.rt_pop_req) refers to rt_event.o(i.rt_evt_psh) for rt_evt_psh
    rt_system.o(i.rt_pop_req) refers to rt_mailbox.o(i.rt_mbx_psh) for rt_mbx_psh
    rt_system.o(i.rt_pop_req) refers to rt_task.o(.data) for os_tsk
    rt_system.o(i.rt_pop_req) refers to rt_system.o(.data) for .data
    rt_system.o(i.rt_pop_req) refers to rtx_conf_cm.o(.bss) for os_fifo
    rt_system.o(i.rt_pop_req) refers to rt_list.o(.bss) for os_rdy
    rt_system.o(i.rt_psh_req) refers to rt_system.o(.data) for .data
    rt_system.o(i.rt_stk_check) refers to rtx_conf_cm.o(.text) for os_error
    rt_system.o(i.rt_stk_check) refers to rt_task.o(.data) for os_tsk
    rt_system.o(i.rt_systick) refers to rt_list.o(i.rt_put_rdy_first) for rt_put_rdy_first
    rt_system.o(i.rt_systick) refers to rtx_conf_cm.o(.text) for rt_chk_robin
    rt_system.o(i.rt_systick) refers to rt_list.o(i.rt_dec_dly) for rt_dec_dly
    rt_system.o(i.rt_systick) refers to rt_timer.o(i.rt_tmr_tick) for rt_tmr_tick
    rt_system.o(i.rt_systick) refers to rt_list.o(i.rt_get_first) for rt_get_first
    rt_system.o(i.rt_systick) refers to rt_task.o(i.rt_switch_req) for rt_switch_req
    rt_system.o(i.rt_systick) refers to rt_task.o(.data) for os_tsk
    rt_system.o(i.rt_systick) refers to rt_time.o(.data) for os_time
    rt_system.o(i.rt_systick) refers to rt_list.o(.bss) for os_rdy
    rt_system.o(i.rt_tsk_lock) refers to rt_system.o(.data) for .data
    rt_system.o(i.rt_tsk_unlock) refers to rt_system.o(.data) for .data
    rt_list.o(i.rt_dec_dly) refers to rt_list.o(i.rt_put_prio) for rt_put_prio
    rt_list.o(i.rt_dec_dly) refers to rt_list.o(.bss) for .bss
    rt_list.o(i.rt_dec_dly) refers to rt_time.o(.data) for os_time
    rt_list.o(i.rt_get_same_rdy_prio) refers to rt_list.o(.bss) for .bss
    rt_list.o(i.rt_get_same_rdy_prio) refers to rt_task.o(.data) for os_tsk
    rt_list.o(i.rt_psq_enq) refers to rtx_conf_cm.o(.text) for os_error
    rt_list.o(i.rt_psq_enq) refers to rtx_conf_cm.o(.bss) for os_fifo
    rt_list.o(i.rt_put_dly) refers to rt_list.o(.bss) for .bss
    rt_list.o(i.rt_put_rdy_first) refers to rt_list.o(.bss) for .bss
    rt_list.o(i.rt_resort_prio) refers to rt_list.o(i.rt_rmv_list) for rt_rmv_list
    rt_list.o(i.rt_resort_prio) refers to rt_list.o(i.rt_put_prio) for rt_put_prio
    rt_list.o(i.rt_resort_prio) refers to rt_list.o(.bss) for .bss
    rt_list.o(i.rt_rmv_list) refers to rt_list.o(.bss) for .bss
    rt_membox.o(i._calloc_box) refers to hal_cm3.o(.emb_text) for _alloc_box
    rt_mailbox.o(i.isr_mbx_receive) refers to rt_list.o(i.rt_psq_enq) for rt_psq_enq
    rt_mailbox.o(i.isr_mbx_receive) refers to rt_system.o(i.rt_psh_req) for rt_psh_req
    rt_mailbox.o(i.isr_mbx_send) refers to rt_list.o(i.rt_psq_enq) for rt_psq_enq
    rt_mailbox.o(i.isr_mbx_send) refers to rt_system.o(i.rt_psh_req) for rt_psh_req
    rt_mailbox.o(i.rt_mbx_psh) refers to rt_list.o(i.rt_get_first) for rt_get_first
    rt_mailbox.o(i.rt_mbx_psh) refers to rt_list.o(i.rt_rmv_dly) for rt_rmv_dly
    rt_mailbox.o(i.rt_mbx_psh) refers to rt_list.o(i.rt_put_prio) for rt_put_prio
    rt_mailbox.o(i.rt_mbx_psh) refers to rtx_conf_cm.o(.text) for os_error
    rt_mailbox.o(i.rt_mbx_psh) refers to rt_list.o(.bss) for os_rdy
    rt_mailbox.o(i.rt_mbx_send) refers to rt_list.o(i.rt_put_prio) for rt_put_prio
    rt_mailbox.o(i.rt_mbx_send) refers to rt_list.o(i.rt_get_first) for rt_get_first
    rt_mailbox.o(i.rt_mbx_send) refers to rt_list.o(i.rt_rmv_dly) for rt_rmv_dly
    rt_mailbox.o(i.rt_mbx_send) refers to rt_task.o(i.rt_dispatch) for rt_dispatch
    rt_mailbox.o(i.rt_mbx_send) refers to rt_task.o(i.rt_block) for rt_block
    rt_mailbox.o(i.rt_mbx_send) refers to rt_task.o(.data) for os_tsk
    rt_mailbox.o(i.rt_mbx_wait) refers to rt_list.o(i.rt_get_first) for rt_get_first
    rt_mailbox.o(i.rt_mbx_wait) refers to rt_list.o(i.rt_rmv_dly) for rt_rmv_dly
    rt_mailbox.o(i.rt_mbx_wait) refers to rt_task.o(i.rt_dispatch) for rt_dispatch
    rt_mailbox.o(i.rt_mbx_wait) refers to rt_list.o(i.rt_put_prio) for rt_put_prio
    rt_mailbox.o(i.rt_mbx_wait) refers to rt_task.o(i.rt_block) for rt_block
    rt_mailbox.o(i.rt_mbx_wait) refers to rt_task.o(.data) for os_tsk
    rt_semaphore.o(i.isr_sem_send) refers to rt_list.o(i.rt_psq_enq) for rt_psq_enq
    rt_semaphore.o(i.isr_sem_send) refers to rt_system.o(i.rt_psh_req) for rt_psh_req
    rt_semaphore.o(i.rt_sem_psh) refers to rt_list.o(i.rt_get_first) for rt_get_first
    rt_semaphore.o(i.rt_sem_psh) refers to rt_list.o(i.rt_rmv_dly) for rt_rmv_dly
    rt_semaphore.o(i.rt_sem_psh) refers to rt_list.o(i.rt_put_prio) for rt_put_prio
    rt_semaphore.o(i.rt_sem_psh) refers to rt_list.o(.bss) for os_rdy
    rt_semaphore.o(i.rt_sem_send) refers to rt_list.o(i.rt_get_first) for rt_get_first
    rt_semaphore.o(i.rt_sem_send) refers to rt_list.o(i.rt_rmv_dly) for rt_rmv_dly
    rt_semaphore.o(i.rt_sem_send) refers to rt_task.o(i.rt_dispatch) for rt_dispatch
    rt_semaphore.o(i.rt_sem_send) refers to rt_task.o(.data) for os_tsk
    rt_semaphore.o(i.rt_sem_wait) refers to rt_list.o(i.rt_put_prio) for rt_put_prio
    rt_semaphore.o(i.rt_sem_wait) refers to rt_task.o(i.rt_block) for rt_block
    rt_semaphore.o(i.rt_sem_wait) refers to rt_task.o(.data) for os_tsk
    rt_time.o(i.rt_dly_wait) refers to rt_task.o(i.rt_block) for rt_block
    rt_time.o(i.rt_itv_set) refers to rt_task.o(.data) for os_tsk
    rt_time.o(i.rt_itv_set) refers to rt_time.o(.data) for .data
    rt_time.o(i.rt_itv_wait) refers to rt_task.o(i.rt_block) for rt_block
    rt_time.o(i.rt_itv_wait) refers to rt_task.o(.data) for os_tsk
    rt_time.o(i.rt_itv_wait) refers to rt_time.o(.data) for .data
    rt_timer.o(i.rt_tmr_create) refers to rt_membox.o(i.rt_alloc_box) for rt_alloc_box
    rt_timer.o(i.rt_tmr_create) refers to rtx_conf_cm.o(.data) for m_tmr
    rt_timer.o(i.rt_tmr_create) refers to rt_timer.o(.data) for .data
    rt_timer.o(i.rt_tmr_kill) refers to rt_membox.o(i.rt_free_box) for rt_free_box
    rt_timer.o(i.rt_tmr_kill) refers to rt_timer.o(.data) for .data
    rt_timer.o(i.rt_tmr_kill) refers to rtx_conf_cm.o(.data) for m_tmr
    rt_timer.o(i.rt_tmr_tick) refers to rtx_conf_cm.o(.text) for os_tmr_call
    rt_timer.o(i.rt_tmr_tick) refers to rt_membox.o(i.rt_free_box) for rt_free_box
    rt_timer.o(i.rt_tmr_tick) refers to rt_timer.o(.data) for .data
    rt_timer.o(i.rt_tmr_tick) refers to rtx_conf_cm.o(.data) for m_tmr
    entry.o(.ARM.Collect$$$$00000000) refers (Special) to entry7.o(.ARM.Collect$$$$00000007) for _main_init
    entry.o(.ARM.Collect$$$$00000000) refers (Special) to entry5.o(.ARM.Collect$$$$00000004) for _main_scatterload
    entry.o(.ARM.Collect$$$$00000000) refers (Special) to entry2.o(.ARM.Collect$$$$00000001) for _main_stk
    uldiv.o(.text) refers to llushr.o(.text) for __aeabi_llsr
    uldiv.o(.text) refers to llshl.o(.text) for __aeabi_llsl
    entry2.o(.ARM.Collect$$$$00000001) refers to entry2.o(.ARM.Collect$$$$00002712) for __lit__00000000
    entry2.o(.ARM.Collect$$$$00002712) refers to startup_lpc17xx.o(STACK) for __initial_sp
    entry2.o(__vectab_stack_and_reset_area) refers to startup_lpc17xx.o(STACK) for __initial_sp
    entry2.o(__vectab_stack_and_reset_area) refers to entry.o(.ARM.Collect$$$$00000000) for __main
    entry5.o(.ARM.Collect$$$$00000004) refers to init.o(.text) for __scatterload
    entry7.o(.ARM.Collect$$$$00000007) refers to rtx-timer0.o(.text) for main
    init.o(.text) refers to entry5.o(.ARM.Collect$$$$00000004) for __main_after_scatterload


==============================================================================

Removing Unused input sections from the image.

    Removing rtx-timer0.o(.emb_text), (8 bytes).
    Removing rtx_conf_cm.o(.constdata), (4 bytes).
    Removing system_lpc17xx.o(.emb_text), (8 bytes).
    Removing startup_lpc17xx.o(HEAP), (0 bytes).
    Removing rt_task.o(i.rt_tsk_pass), (48 bytes).
    Removing rt_task.o(i.rt_tsk_prio), (128 bytes).
    Removing rt_task.o(i.rt_tsk_self), (16 bytes).
    Removing rt_event.o(i.rt_evt_clr), (28 bytes).
    Removing rt_event.o(i.rt_evt_get), (12 bytes).
    Removing rt_event.o(i.rt_evt_set), (96 bytes).
    Removing rt_system.o(.emb_text), (0 bytes).
    Removing rt_system.o(i.rt_tsk_lock), (20 bytes).
    Removing rt_system.o(i.rt_tsk_unlock), (36 bytes).
    Removing rt_list.o(i.rt_get_same_rdy_prio), (36 bytes).
    Removing rt_list.o(i.rt_resort_prio), (52 bytes).
    Removing rt_membox.o(i._calloc_box), (30 bytes).
    Removing rt_mailbox.o(i.isr_mbx_receive), (84 bytes).
    Removing rt_mailbox.o(i.isr_mbx_send), (14 bytes).
    Removing rt_mailbox.o(i.rt_mbx_check), (8 bytes).
    Removing rt_mailbox.o(i.rt_mbx_init), (24 bytes).
    Removing rt_mailbox.o(i.rt_mbx_send), (164 bytes).
    Removing rt_mailbox.o(i.rt_mbx_wait), (180 bytes).
    Removing rt_semaphore.o(i.isr_sem_send), (16 bytes).
    Removing rt_semaphore.o(i.rt_sem_init), (12 bytes).
    Removing rt_semaphore.o(i.rt_sem_send), (56 bytes).
    Removing rt_semaphore.o(i.rt_sem_wait), (60 bytes).
    Removing rt_time.o(i.rt_dly_wait), (6 bytes).
    Removing rt_time.o(i.rt_itv_set), (24 bytes).
    Removing rt_time.o(i.rt_itv_wait), (44 bytes).
    Removing rt_timer.o(i.rt_tmr_create), (80 bytes).
    Removing rt_timer.o(i.rt_tmr_kill), (52 bytes).

31 unused section(s) (total 1346 bytes) removed from the image.

==============================================================================

Image Symbol Table

    Local Symbols

    Symbol Name                              Value     Ov Type        Size  Object(Section)

    RESET                                    0x00000000   Section      204  startup_lpc17xx.o(RESET)
    ../../microlib/division.c                0x00000000   Number         0  uldiv.o ABSOLUTE
    ../../microlib/init/entry.s              0x00000000   Number         0  entry7.o ABSOLUTE
    ../../microlib/init/entry.s              0x00000000   Number         0  entry2.o ABSOLUTE
    ../../microlib/init/entry.s              0x00000000   Number         0  entry.o ABSOLUTE
    ../../microlib/init/entry.s              0x00000000   Number         0  entry5.o ABSOLUTE
    ../../microlib/longlong.c                0x00000000   Number         0  llushr.o ABSOLUTE
    ../../microlib/longlong.c                0x00000000   Number         0  llshl.o ABSOLUTE
    RTX-TIMER0.c                             0x00000000   Number         0  rtx-timer0.o ABSOLUTE
    RTX-TIMER0.c                             0x00000000   Number         0  rtx-timer0.o ABSOLUTE
    RTX_Conf_CM.c                            0x00000000   Number         0  rtx_conf_cm.o ABSOLUTE
    SRC\CM\HAL_CM3.c                         0x00000000   Number         0  hal_cm3.o ABSOLUTE
    SRC\CM\SVC_Table.s                       0x00000000   Number         0  SVC_Table.o ABSOLUTE
    SRC\CM\rt_Event.c                        0x00000000   Number         0  rt_event.o ABSOLUTE
    SRC\CM\rt_List.c                         0x00000000   Number         0  rt_list.o ABSOLUTE
    SRC\CM\rt_Mailbox.c                      0x00000000   Number         0  rt_mailbox.o ABSOLUTE
    SRC\CM\rt_MemBox.c                       0x00000000   Number         0  rt_membox.o ABSOLUTE
    SRC\CM\rt_Semaphore.c                    0x00000000   Number         0  rt_semaphore.o ABSOLUTE
    SRC\CM\rt_System.c                       0x00000000   Number         0  rt_system.o ABSOLUTE
    SRC\CM\rt_Task.c                         0x00000000   Number         0  rt_task.o ABSOLUTE
    SRC\CM\rt_Time.c                         0x00000000   Number         0  rt_time.o ABSOLUTE
    SRC\CM\rt_Timer.c                        0x00000000   Number         0  rt_timer.o ABSOLUTE
    SRC\\CM\\HAL_CM3.c                       0x00000000   Number         0  hal_cm3.o ABSOLUTE
    SRC\\CM\\rt_System.c                     0x00000000   Number         0  rt_system.o ABSOLUTE
    dc.s                                     0x00000000   Number         0  dc.o ABSOLUTE
    handlers.s                               0x00000000   Number         0  handlers.o ABSOLUTE
    init.s                                   0x00000000   Number         0  init.o ABSOLUTE
    startup_LPC17xx.s                        0x00000000   Number         0  startup_lpc17xx.o ABSOLUTE
    system_LPC17xx.c                         0x00000000   Number         0  system_lpc17xx.o ABSOLUTE
    system_LPC17xx.c                         0x00000000   Number         0  system_lpc17xx.o ABSOLUTE
    .ARM.Collect$$$$00000000                 0x000000cc   Section        0  entry.o(.ARM.Collect$$$$00000000)
    .ARM.Collect$$$$00000001                 0x000000cc   Section        4  entry2.o(.ARM.Collect$$$$00000001)
    .ARM.Collect$$$$00000004                 0x000000d0   Section        4  entry5.o(.ARM.Collect$$$$00000004)
    .ARM.Collect$$$$00000007                 0x000000d4   Section        8  entry7.o(.ARM.Collect$$$$00000007)
    .ARM.Collect$$$$00002712                 0x000000dc   Section        4  entry2.o(.ARM.Collect$$$$00002712)
    __lit__00000000                          0x000000dc   Data           4  entry2.o(.ARM.Collect$$$$00002712)
    .emb_text                                0x000000e0   Section      332  hal_cm3.o(.emb_text)
    .text                                    0x0000022c   Section        0  rtx_conf_cm.o(.text)
    .text                                    0x00000238   Section       36  startup_lpc17xx.o(.text)
    .text                                    0x0000025c   Section        0  uldiv.o(.text)
    .text                                    0x000002be   Section        0  llshl.o(.text)
    .text                                    0x000002dc   Section        0  llushr.o(.text)
    .ARM.__at_0x02FC                         0x000002fc   Section        4  startup_lpc17xx.o(.ARM.__at_0x02FC)
    .text                                    0x00000300   Section        0  rtx-timer0.o(.text)
    .text                                    0x000003e0   Section        0  system_lpc17xx.o(.text)
    .text                                    0x00000580   Section       36  init.o(.text)
    SVC_TABLE                                0x000005a4   Section        4  SVC_Table.o(SVC_TABLE)
    i.__scatterload_copy                     0x000005a8   Section       14  handlers.o(i.__scatterload_copy)
    i.__scatterload_null                     0x000005b6   Section        2  handlers.o(i.__scatterload_null)
    i.__scatterload_zeroinit                 0x000005b8   Section       14  handlers.o(i.__scatterload_zeroinit)
    i._init_box                              0x000005c6   Section        0  rt_membox.o(i._init_box)
    i.dbg_init                               0x0000060c   Section        0  hal_cm3.o(i.dbg_init)
    i.dbg_task_notify                        0x00000638   Section        0  hal_cm3.o(i.dbg_task_notify)
    i.dbg_task_switch                        0x00000658   Section        0  hal_cm3.o(i.dbg_task_switch)
    i.isr_evt_set                            0x00000668   Section        0  rt_event.o(i.isr_evt_set)
    i.rt_alloc_box                           0x00000690   Section        0  rt_membox.o(i.rt_alloc_box)
    i.rt_block                               0x000006ac   Section        0  rt_task.o(i.rt_block)
    i.rt_dec_dly                             0x000006e4   Section        0  rt_list.o(i.rt_dec_dly)
    i.rt_dispatch                            0x00000758   Section        0  rt_task.o(i.rt_dispatch)
    i.rt_evt_psh                             0x0000079c   Section        0  rt_event.o(i.rt_evt_psh)
    i.rt_evt_wait                            0x000007e8   Section        0  rt_event.o(i.rt_evt_wait)
    i.rt_free_box                            0x00000828   Section        0  rt_membox.o(i.rt_free_box)
    i.rt_get_first                           0x00000848   Section        0  rt_list.o(i.rt_get_first)
    i.rt_init_context                        0x00000870   Section        0  rt_task.o(i.rt_init_context)
    rt_init_context                          0x00000871   Thumb Code    64  rt_task.o(i.rt_init_context)
    i.rt_init_stack                          0x000008b4   Section        0  hal_cm3.o(i.rt_init_stack)
    i.rt_mbx_psh                             0x00000904   Section        0  rt_mailbox.o(i.rt_mbx_psh)
    i.rt_pop_req                             0x000009c4   Section        0  rt_system.o(i.rt_pop_req)
    i.rt_psh_req                             0x00000a48   Section        0  rt_system.o(i.rt_psh_req)
    i.rt_psq_enq                             0x00000a68   Section        0  rt_list.o(i.rt_psq_enq)
    i.rt_put_dly                             0x00000ac0   Section        0  rt_list.o(i.rt_put_dly)
    i.rt_put_prio                            0x00000b08   Section        0  rt_list.o(i.rt_put_prio)
    i.rt_put_rdy_first                       0x00000b40   Section        0  rt_list.o(i.rt_put_rdy_first)
    i.rt_rmv_dly                             0x00000b54   Section        0  rt_list.o(i.rt_rmv_dly)
    i.rt_rmv_list                            0x00000b7c   Section        0  rt_list.o(i.rt_rmv_list)
    i.rt_sem_psh                             0x00000bac   Section        0  rt_semaphore.o(i.rt_sem_psh)
    i.rt_stk_check                           0x00000be0   Section        0  rt_system.o(i.rt_stk_check)
    i.rt_switch_req                          0x00000c04   Section        0  rt_task.o(i.rt_switch_req)
    i.rt_sys_init                            0x00000c2c   Section        0  rt_task.o(i.rt_sys_init)
    i.rt_systick                             0x00000d68   Section        0  rt_system.o(i.rt_systick)
    i.rt_tmr_tick                            0x00000da4   Section        0  rt_timer.o(i.rt_tmr_tick)
    i.rt_tsk_create                          0x00000de4   Section        0  rt_task.o(i.rt_tsk_create)
    i.rt_tsk_delete                          0x00000e74   Section        0  rt_task.o(i.rt_tsk_delete)
    .constdata                               0x00000f20   Section        2  rtx_conf_cm.o(.constdata)
    .constdata                               0x00000f24   Section        4  rtx_conf_cm.o(.constdata)
    .constdata                               0x00000f28   Section        4  rtx_conf_cm.o(.constdata)
    .constdata                               0x00000f2c   Section        1  rtx_conf_cm.o(.constdata)
    .constdata                               0x00000f30   Section        8  rtx_conf_cm.o(.constdata)
    __tagsym$$used                           0x00000f30   Number         0  rtx_conf_cm.o(.constdata)
    __tagsym$$used                           0x00000f34   Number         0  rtx_conf_cm.o(.constdata)
    .constdata                               0x00000f38   Section        2  rtx_conf_cm.o(.constdata)
    .constdata                               0x00000f3c   Section        4  rtx_conf_cm.o(.constdata)
    .constdata                               0x00000f40   Section        1  rtx_conf_cm.o(.constdata)
    .constdata                               0x00000f42   Section        2  rtx_conf_cm.o(.constdata)
    .data                                    0x10000000   Section        8  rtx-timer0.o(.data)
    .data                                    0x10000008   Section        4  rtx_conf_cm.o(.data)
    .data                                    0x1000000c   Section        4  system_lpc17xx.o(.data)
    .data                                    0x10000010   Section        8  rt_task.o(.data)
    .data                                    0x10000018   Section        1  hal_cm3.o(.data)
    .data                                    0x10000019   Section        2  rt_system.o(.data)
    os_lock                                  0x10000019   Data           1  rt_system.o(.data)
    os_psh_flag                              0x1000001a   Data           1  rt_system.o(.data)
    .data                                    0x1000001c   Section        2  rt_time.o(.data)
    .data                                    0x10000020   Section        8  rt_timer.o(.data)
    .bss                                     0x10000028   Section      348  rtx_conf_cm.o(.bss)
    .bss                                     0x10000188   Section     1616  rtx_conf_cm.o(.bss)
    .bss                                     0x100007d8   Section      132  rtx_conf_cm.o(.bss)
    .bss                                     0x1000085c   Section       28  rtx_conf_cm.o(.bss)
    .bss                                     0x10000878   Section       48  rt_task.o(.bss)
    .bss                                     0x100008a8   Section       48  rt_list.o(.bss)
    STACK                                    0x100008d8   Section      512  startup_lpc17xx.o(STACK)

    Global Symbols

    Symbol Name                              Value     Ov Type        Size  Object(Section)

    BuildAttributes$$THM_ISAv4$P$D$K$B$S$PE$A:L22UL41UL21$X:L11$S22US41US21$IEEE1$IW$USESV6$~STKCKD$USESV7$~SHL$OSPACE$EBA8$MICROLIB$REQ8$PRES8$EABIv2 0x00000000   Number         0  anon$$obj.o ABSOLUTE
    __ARM_use_no_argv                        0x00000000   Number         0  rtx-timer0.o ABSOLUTE
    __Vectors                                0x00000000   Data           4  startup_lpc17xx.o(RESET)
    __decompress                              - Undefined Weak Reference
    __main                                   0x000000cd   Thumb Code     0  entry.o(.ARM.Collect$$$$00000000)
    _main_stk                                0x000000cd   Thumb Code     0  entry2.o(.ARM.Collect$$$$00000001)
    _main_scatterload                        0x000000d1   Thumb Code     0  entry5.o(.ARM.Collect$$$$00000004)
    __main_after_scatterload                 0x000000d5   Thumb Code     0  entry5.o(.ARM.Collect$$$$00000004)
    _main_init                               0x000000d5   Thumb Code     0  entry7.o(.ARM.Collect$$$$00000007)
    rt_set_PSP                               0x000000e1   Thumb Code     6  hal_cm3.o(.emb_text)
    os_set_env                               0x000000e7   Thumb Code    26  hal_cm3.o(.emb_text)
    _alloc_box                               0x00000105   Thumb Code    28  hal_cm3.o(.emb_text)
    _free_box                                0x00000125   Thumb Code    28  hal_cm3.o(.emb_text)
    SVC_Handler                              0x00000145   Thumb Code   132  hal_cm3.o(.emb_text)
    PendSV_Handler                           0x000001d5   Thumb Code     0  hal_cm3.o(.emb_text)
    Sys_Handler                              0x000001d5   Thumb Code    84  hal_cm3.o(.emb_text)
    SysTick_Handler                          0x00000221   Thumb Code     0  hal_cm3.o(.emb_text)
    os_idle_demon                            0x0000022d   Thumb Code     2  rtx_conf_cm.o(.text)
    os_tmr_call                              0x0000022f   Thumb Code     2  rtx_conf_cm.o(.text)
    os_error                                 0x00000231   Thumb Code     2  rtx_conf_cm.o(.text)
    rt_init_robin                            0x00000233   Thumb Code     2  rtx_conf_cm.o(.text)
    rt_chk_robin                             0x00000235   Thumb Code     2  rtx_conf_cm.o(.text)
    Reset_Handler                            0x00000239   Thumb Code     8  startup_lpc17xx.o(.text)
    NMI_Handler                              0x00000241   Thumb Code     2  startup_lpc17xx.o(.text)
    HardFault_Handler                        0x00000243   Thumb Code     2  startup_lpc17xx.o(.text)
    MemManage_Handler                        0x00000245   Thumb Code     2  startup_lpc17xx.o(.text)
    BusFault_Handler                         0x00000247   Thumb Code     2  startup_lpc17xx.o(.text)
    UsageFault_Handler                       0x00000249   Thumb Code     2  startup_lpc17xx.o(.text)
    DebugMon_Handler                         0x0000024d   Thumb Code     2  startup_lpc17xx.o(.text)
    ADC_IRQHandler                           0x00000253   Thumb Code     0  startup_lpc17xx.o(.text)
    BOD_IRQHandler                           0x00000253   Thumb Code     0  startup_lpc17xx.o(.text)
    CANActivity_IRQHandler                   0x00000253   Thumb Code     0  startup_lpc17xx.o(.text)
    CAN_IRQHandler                           0x00000253   Thumb Code     0  startup_lpc17xx.o(.text)
    DMA_IRQHandler                           0x00000253   Thumb Code     0  startup_lpc17xx.o(.text)
    EINT0_IRQHandler                         0x00000253   Thumb Code     0  startup_lpc17xx.o(.text)
    EINT1_IRQHandler                         0x00000253   Thumb Code     0  startup_lpc17xx.o(.text)
    EINT2_IRQHandler                         0x00000253   Thumb Code     0  startup_lpc17xx.o(.text)
    EINT3_IRQHandler                         0x00000253   Thumb Code     0  startup_lpc17xx.o(.text)
    ENET_IRQHandler                          0x00000253   Thumb Code     0  startup_lpc17xx.o(.text)
    I2C0_IRQHandler                          0x00000253   Thumb Code     0  startup_lpc17xx.o(.text)
    I2C1_IRQHandler                          0x00000253   Thumb Code     0  startup_lpc17xx.o(.text)
    I2C2_IRQHandler                          0x00000253   Thumb Code     0  startup_lpc17xx.o(.text)
    I2S_IRQHandler                           0x00000253   Thumb Code     0  startup_lpc17xx.o(.text)
    MCPWM_IRQHandler                         0x00000253   Thumb Code     0  startup_lpc17xx.o(.text)
    PLL0_IRQHandler                          0x00000253   Thumb Code     0  startup_lpc17xx.o(.text)
    PLL1_IRQHandler                          0x00000253   Thumb Code     0  startup_lpc17xx.o(.text)
    PWM1_IRQHandler                          0x00000253   Thumb Code     0  startup_lpc17xx.o(.text)
    QEI_IRQHandler                           0x00000253   Thumb Code     0  startup_lpc17xx.o(.text)
    RIT_IRQHandler                           0x00000253   Thumb Code     0  startup_lpc17xx.o(.text)
    RTC_IRQHandler                           0x00000253   Thumb Code     0  startup_lpc17xx.o(.text)
    SPI_IRQHandler                           0x00000253   Thumb Code     0  startup_lpc17xx.o(.text)
    SSP0_IRQHandler                          0x00000253   Thumb Code     0  startup_lpc17xx.o(.text)
    SSP1_IRQHandler                          0x00000253   Thumb Code     0  startup_lpc17xx.o(.text)
    TIMER1_IRQHandler                        0x00000253   Thumb Code     0  startup_lpc17xx.o(.text)
    TIMER2_IRQHandler                        0x00000253   Thumb Code     0  startup_lpc17xx.o(.text)
    TIMER3_IRQHandler                        0x00000253   Thumb Code     0  startup_lpc17xx.o(.text)
    UART0_IRQHandler                         0x00000253   Thumb Code     0  startup_lpc17xx.o(.text)
    UART1_IRQHandler                         0x00000253   Thumb Code     0  startup_lpc17xx.o(.text)
    UART2_IRQHandler                         0x00000253   Thumb Code     0  startup_lpc17xx.o(.text)
    UART3_IRQHandler                         0x00000253   Thumb Code     0  startup_lpc17xx.o(.text)
    USBActivity_IRQHandler                   0x00000253   Thumb Code     0  startup_lpc17xx.o(.text)
    USB_IRQHandler                           0x00000253   Thumb Code     0  startup_lpc17xx.o(.text)
    WDT_IRQHandler                           0x00000253   Thumb Code     0  startup_lpc17xx.o(.text)
    __aeabi_uldivmod                         0x0000025d   Thumb Code    98  uldiv.o(.text)
    __aeabi_llsl                             0x000002bf   Thumb Code    30  llshl.o(.text)
    _ll_shift_l                              0x000002bf   Thumb Code     0  llshl.o(.text)
    __aeabi_llsr                             0x000002dd   Thumb Code    32  llushr.o(.text)
    _ll_ushift_r                             0x000002dd   Thumb Code     0  llushr.o(.text)
    task1                                    0x00000301   Thumb Code    46  rtx-timer0.o(.text)
    init_task                                0x0000032f   Thumb Code    28  rtx-timer0.o(.text)
    timer0_init                              0x0000034b   Thumb Code    44  rtx-timer0.o(.text)
    TIMER0_IRQHandler                        0x00000377   Thumb Code    22  rtx-timer0.o(.text)
    main                                     0x0000038d   Thumb Code    48  rtx-timer0.o(.text)
    SystemCoreClockUpdate                    0x000003e1   Thumb Code   194  system_lpc17xx.o(.text)
    __RL_RTX_VER                             0x00000420   Number         0  rt_system.o ABSOLUTE
    SystemInit                               0x000004a3   Thumb Code   188  system_lpc17xx.o(.text)
    __scatterload                            0x00000581   Thumb Code    28  init.o(.text)
    __scatterload_rt2                        0x00000581   Thumb Code     0  init.o(.text)
    SVC_Count                                0x000005a4   Data           4  SVC_Table.o(SVC_TABLE)
    SVC_Table                                0x000005a8   Data           0  SVC_Table.o(SVC_TABLE)
    __scatterload_copy                       0x000005a9   Thumb Code    14  handlers.o(i.__scatterload_copy)
    __scatterload_null                       0x000005b7   Thumb Code     2  handlers.o(i.__scatterload_null)
    __scatterload_zeroinit                   0x000005b9   Thumb Code    14  handlers.o(i.__scatterload_zeroinit)
    _init_box                                0x000005c7   Thumb Code    70  rt_membox.o(i._init_box)
    dbg_init                                 0x0000060d   Thumb Code    36  hal_cm3.o(i.dbg_init)
    dbg_task_notify                          0x00000639   Thumb Code    32  hal_cm3.o(i.dbg_task_notify)
    dbg_task_switch                          0x00000659   Thumb Code    16  hal_cm3.o(i.dbg_task_switch)
    isr_evt_set                              0x00000669   Thumb Code    34  rt_event.o(i.isr_evt_set)
    rt_alloc_box                             0x00000691   Thumb Code    28  rt_membox.o(i.rt_alloc_box)
    rt_block                                 0x000006ad   Thumb Code    48  rt_task.o(i.rt_block)
    rt_dec_dly                               0x000006e5   Thumb Code   106  rt_list.o(i.rt_dec_dly)
    rt_dispatch                              0x00000759   Thumb Code    60  rt_task.o(i.rt_dispatch)
    rt_evt_psh                               0x0000079d   Thumb Code    72  rt_event.o(i.rt_evt_psh)
    rt_evt_wait                              0x000007e9   Thumb Code    58  rt_event.o(i.rt_evt_wait)
    rt_free_box                              0x00000829   Thumb Code    32  rt_membox.o(i.rt_free_box)
    rt_get_first                             0x00000849   Thumb Code    40  rt_list.o(i.rt_get_first)
    rt_init_stack                            0x000008b5   Thumb Code    70  hal_cm3.o(i.rt_init_stack)
    rt_mbx_psh                               0x00000905   Thumb Code   188  rt_mailbox.o(i.rt_mbx_psh)
    rt_pop_req                               0x000009c5   Thumb Code   114  rt_system.o(i.rt_pop_req)
    rt_psh_req                               0x00000a49   Thumb Code    22  rt_system.o(i.rt_psh_req)
    rt_psq_enq                               0x00000a69   Thumb Code    82  rt_list.o(i.rt_psq_enq)
    rt_put_dly                               0x00000ac1   Thumb Code    68  rt_list.o(i.rt_put_dly)
    rt_put_prio                              0x00000b09   Thumb Code    54  rt_list.o(i.rt_put_prio)
    rt_put_rdy_first                         0x00000b41   Thumb Code    14  rt_list.o(i.rt_put_rdy_first)
    rt_rmv_dly                               0x00000b55   Thumb Code    40  rt_list.o(i.rt_rmv_dly)
    rt_rmv_list                              0x00000b7d   Thumb Code    44  rt_list.o(i.rt_rmv_list)
    rt_sem_psh                               0x00000bad   Thumb Code    46  rt_semaphore.o(i.rt_sem_psh)
    rt_stk_check                             0x00000be1   Thumb Code    28  rt_system.o(i.rt_stk_check)
    rt_switch_req                            0x00000c05   Thumb Code    30  rt_task.o(i.rt_switch_req)
    rt_sys_init                              0x00000c2d   Thumb Code   244  rt_task.o(i.rt_sys_init)
    rt_systick                               0x00000d69   Thumb Code    48  rt_system.o(i.rt_systick)
    rt_tmr_tick                              0x00000da5   Thumb Code    56  rt_timer.o(i.rt_tmr_tick)
    rt_tsk_create                            0x00000de5   Thumb Code   122  rt_task.o(i.rt_tsk_create)
    rt_tsk_delete                            0x00000e75   Thumb Code   146  rt_task.o(i.rt_tsk_delete)
    os_maxtaskrun                            0x00000f20   Data           2  rtx_conf_cm.o(.constdata)
    os_stackinfo                             0x00000f24   Data           4  rtx_conf_cm.o(.constdata)
    os_trv                                   0x00000f28   Data           4  rtx_conf_cm.o(.constdata)
    os_flags                                 0x00000f2c   Data           1  rtx_conf_cm.o(.constdata)
    os_clockrate                             0x00000f30   Data           4  rtx_conf_cm.o(.constdata)
    os_timernum                              0x00000f34   Data           4  rtx_conf_cm.o(.constdata)
    mp_tcb_size                              0x00000f38   Data           2  rtx_conf_cm.o(.constdata)
    mp_stk_size                              0x00000f3c   Data           4  rtx_conf_cm.o(.constdata)
    os_fifo_size                             0x00000f40   Data           1  rtx_conf_cm.o(.constdata)
    mp_tmr_size                              0x00000f42   Data           2  rtx_conf_cm.o(.constdata)
    Region$$Table$$Base                      0x00000f44   Number         0  anon$$obj.o(Region$$Table)
    Region$$Table$$Limit                     0x00000f64   Number         0  anon$$obj.o(Region$$Table)
    flag                                     0x10000000   Data           1  rtx-timer0.o(.data)
    tsk1                                     0x10000004   Data           4  rtx-timer0.o(.data)
    m_tmr                                    0x10000008   Data           4  rtx_conf_cm.o(.data)
    SystemCoreClock                          0x1000000c   Data           4  system_lpc17xx.o(.data)
    os_tsk                                   0x10000010   Data           8  rt_task.o(.data)
    dbg_msg                                  0x10000018   Data           1  hal_cm3.o(.data)
    os_time                                  0x1000001c   Data           2  rt_time.o(.data)
    os_tmr                                   0x10000020   Data           8  rt_timer.o(.data)
    mp_tcb                                   0x10000028   Data         348  rtx_conf_cm.o(.bss)
    mp_stk                                   0x10000188   Data        1616  rtx_conf_cm.o(.bss)
    os_fifo                                  0x100007d8   Data         132  rtx_conf_cm.o(.bss)
    os_active_TCB                            0x1000085c   Data          28  rtx_conf_cm.o(.bss)
    os_idle_TCB                              0x10000878   Data          48  rt_task.o(.bss)
    os_rdy                                   0x100008a8   Data          24  rt_list.o(.bss)
    os_dly                                   0x100008c0   Data          24  rt_list.o(.bss)
    __initial_sp                             0x10000ad8   Data           0  startup_lpc17xx.o(STACK)



==============================================================================

Memory Map of the image

  Image Entry point : 0x000000cd

  Load Region LR_IROM1 (Base: 0x00000000, Size: 0x00000f8c, Max: 0x00080000, ABSOLUTE)

    Execution Region ER_IROM1 (Base: 0x00000000, Size: 0x00000f64, Max: 0x00080000, ABSOLUTE)

    Base Addr    Size         Type   Attr      Idx    E Section Name        Object

    0x00000000   0x000000cc   Data   RO          112    RESET               startup_lpc17xx.o
    0x000000cc   0x00000000   Code   RO          611  * .ARM.Collect$$$$00000000  mc_w.l(entry.o)
    0x000000cc   0x00000004   Code   RO          616    .ARM.Collect$$$$00000001  mc_w.l(entry2.o)
    0x000000d0   0x00000004   Code   RO          619    .ARM.Collect$$$$00000004  mc_w.l(entry5.o)
    0x000000d4   0x00000008   Code   RO          620    .ARM.Collect$$$$00000007  mc_w.l(entry7.o)
    0x000000dc   0x00000004   Code   RO          617    .ARM.Collect$$$$00002712  mc_w.l(entry2.o)
    0x000000e0   0x0000014c   Code   RO          264    .emb_text           RTX_CM3.LIB(hal_cm3.o)
    0x0000022c   0x0000000a   Code   RO           46    .text               rtx_conf_cm.o
    0x00000236   0x00000002   PAD
    0x00000238   0x00000024   Code   RO          114    .text               startup_lpc17xx.o
    0x0000025c   0x00000062   Code   RO          614    .text               mc_w.l(uldiv.o)
    0x000002be   0x0000001e   Code   RO          621    .text               mc_w.l(llshl.o)
    0x000002dc   0x00000020   Code   RO          623    .text               mc_w.l(llushr.o)
    0x000002fc   0x00000004   Code   RO          113    .ARM.__at_0x02FC    startup_lpc17xx.o
    0x00000300   0x000000e0   Code   RO            2    .text               rtx-timer0.o
    0x000003e0   0x000001a0   Code   RO           82    .text               system_lpc17xx.o
    0x00000580   0x00000024   Code   RO          625    .text               mc_w.l(init.o)
    0x000005a4   0x00000004   Code   RO          470    SVC_TABLE           RTX_CM3.LIB(SVC_Table.o)
    0x000005a8   0x0000000e   Code   RO          629    i.__scatterload_copy  mc_w.l(handlers.o)
    0x000005b6   0x00000002   Code   RO          630    i.__scatterload_null  mc_w.l(handlers.o)
    0x000005b8   0x0000000e   Code   RO          631    i.__scatterload_zeroinit  mc_w.l(handlers.o)
    0x000005c6   0x00000046   Code   RO          441    i._init_box         RTX_CM3.LIB(rt_membox.o)
    0x0000060c   0x0000002c   Code   RO          265    i.dbg_init          RTX_CM3.LIB(hal_cm3.o)
    0x00000638   0x00000020   Code   RO          266    i.dbg_task_notify   RTX_CM3.LIB(hal_cm3.o)
    0x00000658   0x00000010   Code   RO          267    i.dbg_task_switch   RTX_CM3.LIB(hal_cm3.o)
    0x00000668   0x00000028   Code   RO          218    i.isr_evt_set       RTX_CM3.LIB(rt_event.o)
    0x00000690   0x0000001c   Code   RO          442    i.rt_alloc_box      RTX_CM3.LIB(rt_membox.o)
    0x000006ac   0x00000038   Code   RO          120    i.rt_block          RTX_CM3.LIB(rt_task.o)
    0x000006e4   0x00000074   Code   RO          361    i.rt_dec_dly        RTX_CM3.LIB(rt_list.o)
    0x00000758   0x00000044   Code   RO          121    i.rt_dispatch       RTX_CM3.LIB(rt_task.o)
    0x0000079c   0x0000004c   Code   RO          221    i.rt_evt_psh        RTX_CM3.LIB(rt_event.o)
    0x000007e8   0x00000040   Code   RO          223    i.rt_evt_wait       RTX_CM3.LIB(rt_event.o)
    0x00000828   0x00000020   Code   RO          443    i.rt_free_box       RTX_CM3.LIB(rt_membox.o)
    0x00000848   0x00000028   Code   RO          362    i.rt_get_first      RTX_CM3.LIB(rt_list.o)
    0x00000870   0x00000044   Code   RO          122    i.rt_init_context   RTX_CM3.LIB(rt_task.o)
    0x000008b4   0x00000050   Code   RO          268    i.rt_init_stack     RTX_CM3.LIB(hal_cm3.o)
    0x00000904   0x000000c0   Code   RO          477    i.rt_mbx_psh        RTX_CM3.LIB(rt_mailbox.o)
    0x000009c4   0x00000084   Code   RO          306    i.rt_pop_req        RTX_CM3.LIB(rt_system.o)
    0x00000a48   0x00000020   Code   RO          307    i.rt_psh_req        RTX_CM3.LIB(rt_system.o)
    0x00000a68   0x00000058   Code   RO          364    i.rt_psq_enq        RTX_CM3.LIB(rt_list.o)
    0x00000ac0   0x00000048   Code   RO          365    i.rt_put_dly        RTX_CM3.LIB(rt_list.o)
    0x00000b08   0x00000036   Code   RO          366    i.rt_put_prio       RTX_CM3.LIB(rt_list.o)
    0x00000b3e   0x00000002   PAD
    0x00000b40   0x00000014   Code   RO          367    i.rt_put_rdy_first  RTX_CM3.LIB(rt_list.o)
    0x00000b54   0x00000028   Code   RO          369    i.rt_rmv_dly        RTX_CM3.LIB(rt_list.o)
    0x00000b7c   0x00000030   Code   RO          370    i.rt_rmv_list       RTX_CM3.LIB(rt_list.o)
    0x00000bac   0x00000034   Code   RO          523    i.rt_sem_psh        RTX_CM3.LIB(rt_semaphore.o)
    0x00000be0   0x00000024   Code   RO          308    i.rt_stk_check      RTX_CM3.LIB(rt_system.o)
    0x00000c04   0x00000028   Code   RO          123    i.rt_switch_req     RTX_CM3.LIB(rt_task.o)
    0x00000c2c   0x0000013c   Code   RO          124    i.rt_sys_init       RTX_CM3.LIB(rt_task.o)
    0x00000d68   0x0000003c   Code   RO          309    i.rt_systick        RTX_CM3.LIB(rt_system.o)
    0x00000da4   0x00000040   Code   RO          586    i.rt_tmr_tick       RTX_CM3.LIB(rt_timer.o)
    0x00000de4   0x00000090   Code   RO          125    i.rt_tsk_create     RTX_CM3.LIB(rt_task.o)
    0x00000e74   0x000000ac   Code   RO          126    i.rt_tsk_delete     RTX_CM3.LIB(rt_task.o)
    0x00000f20   0x00000002   Data   RO           51    .constdata          rtx_conf_cm.o
    0x00000f22   0x00000002   PAD
    0x00000f24   0x00000004   Data   RO           52    .constdata          rtx_conf_cm.o
    0x00000f28   0x00000004   Data   RO           54    .constdata          rtx_conf_cm.o
    0x00000f2c   0x00000001   Data   RO           55    .constdata          rtx_conf_cm.o
    0x00000f2d   0x00000003   PAD
    0x00000f30   0x00000008   Data   RO           56    .constdata          rtx_conf_cm.o
    0x00000f38   0x00000002   Data   RO           57    .constdata          rtx_conf_cm.o
    0x00000f3a   0x00000002   PAD
    0x00000f3c   0x00000004   Data   RO           58    .constdata          rtx_conf_cm.o
    0x00000f40   0x00000001   Data   RO           59    .constdata          rtx_conf_cm.o
    0x00000f41   0x00000001   PAD
    0x00000f42   0x00000002   Data   RO           60    .constdata          rtx_conf_cm.o
    0x00000f44   0x00000020   Data   RO          627    Region$$Table       anon$$obj.o


    Execution Region RW_IRAM1 (Base: 0x10000000, Size: 0x00000ad8, Max: 0x00008000, ABSOLUTE)

    Base Addr    Size         Type   Attr      Idx    E Section Name        Object

    0x10000000   0x00000008   Data   RW            3    .data               rtx-timer0.o
    0x10000008   0x00000004   Data   RW           61    .data               rtx_conf_cm.o
    0x1000000c   0x00000004   Data   RW           83    .data               system_lpc17xx.o
    0x10000010   0x00000008   Data   RW          131    .data               RTX_CM3.LIB(rt_task.o)
    0x10000018   0x00000001   Data   RW          269    .data               RTX_CM3.LIB(hal_cm3.o)
    0x10000019   0x00000002   Data   RW          312    .data               RTX_CM3.LIB(rt_system.o)
    0x1000001b   0x00000001   PAD
    0x1000001c   0x00000002   Data   RW          560    .data               RTX_CM3.LIB(rt_time.o)
    0x1000001e   0x00000002   PAD
    0x10000020   0x00000008   Data   RW          587    .data               RTX_CM3.LIB(rt_timer.o)
    0x10000028   0x0000015c   Zero   RW           47    .bss                rtx_conf_cm.o
    0x10000184   0x00000004   PAD
    0x10000188   0x00000650   Zero   RW           48    .bss                rtx_conf_cm.o
    0x100007d8   0x00000084   Zero   RW           49    .bss                rtx_conf_cm.o
    0x1000085c   0x0000001c   Zero   RW           50    .bss                rtx_conf_cm.o
    0x10000878   0x00000030   Zero   RW          130    .bss                RTX_CM3.LIB(rt_task.o)
    0x100008a8   0x00000030   Zero   RW          371    .bss                RTX_CM3.LIB(rt_list.o)
    0x100008d8   0x00000200   Zero   RW          110    STACK               startup_lpc17xx.o


==============================================================================

Image component sizes


      Code (inc. data)   RO Data    RW Data    ZI Data      Debug   Object Name

       224         36          0          8          0      44236   rtx-timer0.o
        10          0         28          4       2124       8079   rtx_conf_cm.o
        40         12        204          0        512        956   startup_lpc17xx.o
       416         34          0          4          0       1069   system_lpc17xx.o

    ----------------------------------------------------------------------
       692         82        272         16       2640      54340   Object Totals
         0          0         32          0          0          0   (incl. Generated)
         2          0          8          0          4          0   (incl. Padding)

    ----------------------------------------------------------------------

      Code (inc. data)   RO Data    RW Data    ZI Data      Debug   Library Member Name

         4          4          0          0          0        136   SVC_Table.o
       504         52          0          1          0       2541   hal_cm3.o
       180         16          0          0          0       1817   rt_event.o
       478         30          0          0         48       6304   rt_list.o
       192          4          0          0          0        737   rt_mailbox.o
       130          0          0          0          0       1705   rt_membox.o
        52          6          0          0          0        513   rt_semaphore.o
       260         48          0          2          0       1870   rt_system.o
       864        150          0          8         48       6794   rt_task.o
         0          0          0          2          0        150   rt_time.o
        64          8          0          8          0        603   rt_timer.o
         0          0          0          0          0          0   entry.o
         8          4          0          0          0          0   entry2.o
         4          0          0          0          0          0   entry5.o
         8          4          0          0          0          0   entry7.o
        30          0          0          0          0          0   handlers.o
        36          8          0          0          0         68   init.o
        30          0          0          0          0         68   llshl.o
        32          0          0          0          0         68   llushr.o
        98          0          0          0          0         92   uldiv.o

    ----------------------------------------------------------------------
      2976        334          0         24         96      23466   Library Totals
         2          0          0          3          0          0   (incl. Padding)

    ----------------------------------------------------------------------

      Code (inc. data)   RO Data    RW Data    ZI Data      Debug   Library Name

      2728        318          0         21         96      23170   RTX_CM3.LIB
       246         16          0          0          0        296   mc_w.l

    ----------------------------------------------------------------------
      2976        334          0         24         96      23466   Library Totals

    ----------------------------------------------------------------------

==============================================================================


      Code (inc. data)   RO Data    RW Data    ZI Data      Debug   

      3668        416        272         40       2736      75882   Grand Totals
      3668        416        272         40       2736      75882   ELF Image Totals
      3668        416        272         40          0          0   ROM Totals

==============================================================================

    Total RO  Size (Code + RO Data)                 3940 (   3.85kB)
    Total RW  Size (RW Data + ZI Data)              2776 (   2.71kB)
    Total ROM Size (Code + RO Data + RW Data)       3980 (   3.89kB)

==============================================================================

