<html>
<body>
<pre>
<h1>µVision Build Log</h1>
<h2>Project:</h2>
D:\ARM AND RTOS LAB ALL DATA\RTOS WORKSHOP oct 2016\RTOS_PROGRAMS\rtos_programs_peripherals\MODULAR_final executed_SEMAPHORE\modular.uvproj
Project File Date:  10/28/2015

<h2>Output:</h2>
Build target 'Target 1'
compiling lcd.c...
compiling main.c...
compiling RTX_Config.c...
assembling Startup.s...
linking...
Program Size: Code=4364 RO-data=100 RW-data=60 ZI-data=4340  
FromELF: creating hex file...
"modular.axf" - 0 Error(s), 0 Warning(s).
