<html>
<body>
<pre>
<h1>µVision Build Log</h1>
<h2>Project:</h2>
D:\BASAVARAJ\WORKING_FOLDER\RTOS-PROJECTS\RTOS-ALS-SDA-ARMCTXM3-REV02\EXAMPLES\40.RTX-TIMER\RTX-TIMER.uvproj
Project File Date:  11/08/2015

<h2>Output:</h2>
Build target 'Target 1'
compiling RTX-TIMER.c...
compiling RTX_Conf_CM.c...
compiling system_LPC17xx.c...
assembling startup_LPC17xx.s...
linking...
Program Size: Code=4260 RO-data=272 RW-data=60 ZI-data=9356  
FromELF: creating hex file...
"RTX-TIMER.axf" - 0 Error(s), 0 Warning(s).
