<html>
<body>
<pre>
<h1>µVision Build Log</h1>
<h2>Project:</h2>
E:\MAHADEVA_R\PROJECTS\ALS-SDA-ARM7-08\SOFTWARE\Exp14_4x4keypad\4x4keypad.uvproj
Project File Date:  02/04/2016

<h2>Output:</h2>
Build target 'Target 1'
assembling Startup.s...
compiling 4x4keypad.c...
linking...
Program Size: Code=2032 RO-data=32 RW-data=160 ZI-data=1160  
FromELF: creating hex file...
"4x4keypad.axf" - 0 Error(s), 0 Warning(s).
Build target 'Target 1'
assembling Startup.s...
compiling 4x4keypad.c...
linking...
Program Size: Code=2028 RO-data=32 RW-data=160 ZI-data=1160  
FromELF: creating hex file...
"4x4keypad.axf" - 0 Error(s), 0 Warning(s).
Build target 'Target 1'
assembling Startup.s...
compiling 4x4keypad.c...
linking...
Program Size: Code=2028 RO-data=32 RW-data=160 ZI-data=1160  
FromELF: creating hex file...
"4x4keypad.axf" - 0 Error(s), 0 Warning(s).
Build target 'Target 1'
assembling Startup.s...
compiling 4x4keypad.c...
4x4keypad.c(77): error:  #127: expected a statement
Target not created
Build target 'Target 1'
assembling Startup.s...
compiling 4x4keypad.c...
linking...
Program Size: Code=2032 RO-data=32 RW-data=160 ZI-data=1160  
FromELF: creating hex file...
"4x4keypad.axf" - 0 Error(s), 0 Warning(s).
Build target 'Target 1'
assembling Startup.s...
compiling 4x4keypad.c...
linking...
Program Size: Code=2044 RO-data=32 RW-data=160 ZI-data=1160  
FromELF: creating hex file...
"4x4keypad.axf" - 0 Error(s), 0 Warning(s).
Build target 'Target 1'
assembling Startup.s...
compiling 4x4keypad.c...
linking...
Program Size: Code=2040 RO-data=32 RW-data=160 ZI-data=1160  
FromELF: creating hex file...
"4x4keypad.axf" - 0 Error(s), 0 Warning(s).
