<html>
<body>
<pre>
<h1>µVision Build Log</h1>
<h2>Project:</h2>
E:\MAHADEVA_R\PROJECTS\ALS-SDA-ARM7-08\SOFTWARE\EXP21_UART1\UART1.uvproj
Project File Date:  02/08/2016

<h2>Output:</h2>
Build target 'Target 1'
assembling Startup.s...
compiling UART1.c...
linking...
Program Size: Code=656 RO-data=32 RW-data=4 ZI-data=1164  
FromELF: creating hex file...
"UART1.axf" - 0 Error(s), 0 Warning(s).
Build target 'Target 1'
assembling Startup.s...
compiling UART1.c...
linking...
Program Size: Code=656 RO-data=32 RW-data=4 ZI-data=1164  
FromELF: creating hex file...
"UART1.axf" - 0 Error(s), 0 Warning(s).
Build target 'Target 1'
assembling Startup.s...
compiling UART1.c...
linking...
Program Size: Code=656 RO-data=32 RW-data=4 ZI-data=1164  
FromELF: creating hex file...
"UART1.axf" - 0 Error(s), 0 Warning(s).
Build target 'Target 1'
assembling Startup.s...
compiling UART1.c...
linking...
Program Size: Code=656 RO-data=32 RW-data=4 ZI-data=1164  
FromELF: creating hex file...
"UART1.axf" - 0 Error(s), 0 Warning(s).
Build target 'Target 1'
assembling Startup.s...
compiling UART1.c...
linking...
Program Size: Code=656 RO-data=32 RW-data=4 ZI-data=1164  
FromELF: creating hex file...
"UART1.axf" - 0 Error(s), 0 Warning(s).
