ARM Linker, 4.1 [Build 713] [Evaluation]

==============================================================================

Section Cross References

    rtx_tasks.o(.text) refers to printf1.o(i.__0sprintf$1) for __2sprintf
    rtx_tasks.o(.text) refers to hal_cm3.o(.emb_text) for os_set_env
    rtx_tasks.o(.text) refers to rtx_tasks.o(.bss) for .bss
    rtx_tasks.o(.text) refers to rtx_tasks.o(.data) for .data
    rtx_tasks.o(.text) refers to rt_event.o(i.rt_evt_wait) for rt_evt_wait
    rtx_tasks.o(.text) refers to rt_event.o(i.rt_evt_set) for rt_evt_set
    rtx_tasks.o(.text) refers to rt_task.o(i.rt_tsk_pass) for rt_tsk_pass
    rtx_tasks.o(.text) refers to rt_time.o(i.rt_dly_wait) for rt_dly_wait
    rtx_tasks.o(.text) refers to rt_task.o(i.rt_tsk_create) for rt_tsk_create
    rtx_tasks.o(.text) refers to rt_task.o(i.rt_tsk_delete) for rt_tsk_delete
    rtx_tasks.o(.text) refers to rt_task.o(i.rt_sys_init) for rt_sys_init
    system_lpc17xx.o(.text) refers to uldiv.o(.text) for __aeabi_uldivmod
    system_lpc17xx.o(.text) refers to system_lpc17xx.o(.data) for .data
    startup_lpc17xx.o(RESET) refers to startup_lpc17xx.o(STACK) for __initial_sp
    startup_lpc17xx.o(RESET) refers to startup_lpc17xx.o(.text) for Reset_Handler
    startup_lpc17xx.o(RESET) refers to hal_cm3.o(.emb_text) for SVC_Handler
    startup_lpc17xx.o(.text) refers to system_lpc17xx.o(.text) for SystemInit
    startup_lpc17xx.o(.text) refers to entry.o(.ARM.Collect$$$$00000000) for __main
    rt_task.o(i.rt_block) refers to rt_list.o(i.rt_put_dly) for rt_put_dly
    rt_task.o(i.rt_block) refers to rt_list.o(i.rt_get_first) for rt_get_first
    rt_task.o(i.rt_block) refers to rt_task.o(i.rt_switch_req) for rt_switch_req
    rt_task.o(i.rt_block) refers to rt_task.o(.data) for .data
    rt_task.o(i.rt_block) refers to rt_list.o(.bss) for os_rdy
    rt_task.o(i.rt_dispatch) refers to rt_list.o(i.rt_put_rdy_first) for rt_put_rdy_first
    rt_task.o(i.rt_dispatch) refers to rt_task.o(i.rt_switch_req) for rt_switch_req
    rt_task.o(i.rt_dispatch) refers to rt_list.o(i.rt_get_first) for rt_get_first
    rt_task.o(i.rt_dispatch) refers to rt_list.o(i.rt_put_prio) for rt_put_prio
    rt_task.o(i.rt_dispatch) refers to rt_task.o(.data) for .data
    rt_task.o(i.rt_dispatch) refers to rt_list.o(.bss) for os_rdy
    rt_task.o(i.rt_init_context) refers to rt_membox.o(i.rt_alloc_box) for rt_alloc_box
    rt_task.o(i.rt_init_context) refers to hal_cm3.o(i.rt_init_stack) for rt_init_stack
    rt_task.o(i.rt_init_context) refers to rtx_conf_cm.o(.bss) for mp_stk
    rt_task.o(i.rt_switch_req) refers to hal_cm3.o(i.dbg_task_switch) for dbg_task_switch
    rt_task.o(i.rt_switch_req) refers to rt_task.o(.data) for .data
    rt_task.o(i.rt_switch_req) refers to hal_cm3.o(.data) for dbg_msg
    rt_task.o(i.rt_sys_init) refers to hal_cm3.o(i.dbg_init) for dbg_init
    rt_task.o(i.rt_sys_init) refers to rt_membox.o(i._init_box) for _init_box
    rt_task.o(i.rt_sys_init) refers to rt_task.o(i.rt_init_context) for rt_init_context
    rt_task.o(i.rt_sys_init) refers to hal_cm3.o(.emb_text) for rt_set_PSP
    rt_task.o(i.rt_sys_init) refers to rtx_conf_cm.o(.text) for rt_init_robin
    rt_task.o(i.rt_sys_init) refers to rt_task.o(i.rt_tsk_create) for rt_tsk_create
    rt_task.o(i.rt_sys_init) refers to rtx_conf_cm.o(.bss) for os_active_TCB
    rt_task.o(i.rt_sys_init) refers to rtx_conf_cm.o(.constdata) for os_maxtaskrun
    rt_task.o(i.rt_sys_init) refers to rtx_conf_cm.o(.constdata) for mp_tcb_size
    rt_task.o(i.rt_sys_init) refers to rtx_conf_cm.o(.bss) for mp_tcb
    rt_task.o(i.rt_sys_init) refers to rtx_conf_cm.o(.constdata) for os_stackinfo
    rt_task.o(i.rt_sys_init) refers to rtx_conf_cm.o(.constdata) for mp_stk_size
    rt_task.o(i.rt_sys_init) refers to rtx_conf_cm.o(.bss) for mp_stk
    rt_task.o(i.rt_sys_init) refers to rtx_conf_cm.o(.constdata) for mp_tmr_size
    rt_task.o(i.rt_sys_init) refers to rtx_conf_cm.o(.data) for m_tmr
    rt_task.o(i.rt_sys_init) refers to rt_task.o(.bss) for .bss
    rt_task.o(i.rt_sys_init) refers to rt_list.o(.bss) for os_rdy
    rt_task.o(i.rt_sys_init) refers to rt_task.o(.data) for .data
    rt_task.o(i.rt_sys_init) refers to rtx_conf_cm.o(.bss) for os_fifo
    rt_task.o(i.rt_sys_init) refers to rtx_conf_cm.o(.constdata) for os_fifo_size
    rt_task.o(i.rt_sys_init) refers to rtx_conf_cm.o(.constdata) for os_trv
    rt_task.o(i.rt_tsk_create) refers to rt_membox.o(i.rt_alloc_box) for rt_alloc_box
    rt_task.o(i.rt_tsk_create) refers to rt_task.o(i.rt_init_context) for rt_init_context
    rt_task.o(i.rt_tsk_create) refers to hal_cm3.o(i.dbg_task_notify) for dbg_task_notify
    rt_task.o(i.rt_tsk_create) refers to rt_task.o(i.rt_dispatch) for rt_dispatch
    rt_task.o(i.rt_tsk_create) refers to rtx_conf_cm.o(.bss) for mp_tcb
    rt_task.o(i.rt_tsk_create) refers to rtx_conf_cm.o(.bss) for os_active_TCB
    rt_task.o(i.rt_tsk_create) refers to rtx_conf_cm.o(.constdata) for os_maxtaskrun
    rt_task.o(i.rt_tsk_create) refers to hal_cm3.o(.data) for dbg_msg
    rt_task.o(i.rt_tsk_create) refers to rt_task.o(.data) for .data
    rt_task.o(i.rt_tsk_delete) refers to rt_membox.o(i.rt_free_box) for rt_free_box
    rt_task.o(i.rt_tsk_delete) refers to hal_cm3.o(i.dbg_task_notify) for dbg_task_notify
    rt_task.o(i.rt_tsk_delete) refers to rt_task.o(i.rt_dispatch) for rt_dispatch
    rt_task.o(i.rt_tsk_delete) refers to rt_list.o(i.rt_rmv_list) for rt_rmv_list
    rt_task.o(i.rt_tsk_delete) refers to rt_list.o(i.rt_rmv_dly) for rt_rmv_dly
    rt_task.o(i.rt_tsk_delete) refers to hal_cm3.o(.data) for dbg_msg
    rt_task.o(i.rt_tsk_delete) refers to rt_task.o(.data) for .data
    rt_task.o(i.rt_tsk_delete) refers to rtx_conf_cm.o(.bss) for os_active_TCB
    rt_task.o(i.rt_tsk_delete) refers to rtx_conf_cm.o(.bss) for mp_stk
    rt_task.o(i.rt_tsk_delete) refers to rtx_conf_cm.o(.bss) for mp_tcb
    rt_task.o(i.rt_tsk_delete) refers to rtx_conf_cm.o(.constdata) for os_maxtaskrun
    rt_task.o(i.rt_tsk_pass) refers to rt_list.o(i.rt_get_same_rdy_prio) for rt_get_same_rdy_prio
    rt_task.o(i.rt_tsk_pass) refers to rt_list.o(i.rt_put_prio) for rt_put_prio
    rt_task.o(i.rt_tsk_pass) refers to rt_task.o(i.rt_switch_req) for rt_switch_req
    rt_task.o(i.rt_tsk_pass) refers to rt_task.o(.data) for .data
    rt_task.o(i.rt_tsk_pass) refers to rt_list.o(.bss) for os_rdy
    rt_task.o(i.rt_tsk_prio) refers to rt_list.o(i.rt_put_prio) for rt_put_prio
    rt_task.o(i.rt_tsk_prio) refers to rt_list.o(i.rt_resort_prio) for rt_resort_prio
    rt_task.o(i.rt_tsk_prio) refers to rt_list.o(i.rt_get_first) for rt_get_first
    rt_task.o(i.rt_tsk_prio) refers to rt_task.o(i.rt_dispatch) for rt_dispatch
    rt_task.o(i.rt_tsk_prio) refers to rt_task.o(.data) for .data
    rt_task.o(i.rt_tsk_prio) refers to rtx_conf_cm.o(.constdata) for os_maxtaskrun
    rt_task.o(i.rt_tsk_prio) refers to rtx_conf_cm.o(.bss) for os_active_TCB
    rt_task.o(i.rt_tsk_prio) refers to rt_list.o(.bss) for os_rdy
    rt_task.o(i.rt_tsk_self) refers to rt_task.o(.data) for .data
    rt_event.o(i.isr_evt_set) refers to rt_list.o(i.rt_psq_enq) for rt_psq_enq
    rt_event.o(i.isr_evt_set) refers to rt_system.o(i.rt_psh_req) for rt_psh_req
    rt_event.o(i.isr_evt_set) refers to rtx_conf_cm.o(.bss) for os_active_TCB
    rt_event.o(i.rt_evt_clr) refers to rtx_conf_cm.o(.bss) for os_active_TCB
    rt_event.o(i.rt_evt_get) refers to rt_task.o(.data) for os_tsk
    rt_event.o(i.rt_evt_psh) refers to rt_list.o(i.rt_rmv_dly) for rt_rmv_dly
    rt_event.o(i.rt_evt_psh) refers to rt_list.o(i.rt_put_prio) for rt_put_prio
    rt_event.o(i.rt_evt_psh) refers to rt_list.o(.bss) for os_rdy
    rt_event.o(i.rt_evt_set) refers to rt_list.o(i.rt_rmv_dly) for rt_rmv_dly
    rt_event.o(i.rt_evt_set) refers to rt_task.o(i.rt_dispatch) for rt_dispatch
    rt_event.o(i.rt_evt_set) refers to rtx_conf_cm.o(.bss) for os_active_TCB
    rt_event.o(i.rt_evt_wait) refers to rt_task.o(i.rt_block) for rt_block
    rt_event.o(i.rt_evt_wait) refers to rt_task.o(.data) for os_tsk
    rt_time.o(i.rt_dly_wait) refers to rt_task.o(i.rt_block) for rt_block
    rt_time.o(i.rt_itv_set) refers to rt_task.o(.data) for os_tsk
    rt_time.o(i.rt_itv_set) refers to rt_time.o(.data) for .data
    rt_time.o(i.rt_itv_wait) refers to rt_task.o(i.rt_block) for rt_block
    rt_time.o(i.rt_itv_wait) refers to rt_task.o(.data) for os_tsk
    rt_time.o(i.rt_itv_wait) refers to rt_time.o(.data) for .data
    hal_cm3.o(.emb_text) refers to rtx_conf_cm.o(.constdata) for os_flags
    hal_cm3.o(.emb_text) refers to rt_membox.o(i.rt_alloc_box) for rt_alloc_box
    hal_cm3.o(.emb_text) refers to rt_membox.o(i.rt_free_box) for rt_free_box
    hal_cm3.o(.emb_text) refers to rt_system.o(i.rt_stk_check) for rt_stk_check
    hal_cm3.o(.emb_text) refers to rt_task.o(.data) for os_tsk
    hal_cm3.o(.emb_text) refers to SVC_Table.o(SVC_TABLE) for SVC_Count
    hal_cm3.o(.emb_text) refers to rt_system.o(i.rt_pop_req) for rt_pop_req
    hal_cm3.o(.emb_text) refers to rt_system.o(i.rt_systick) for rt_systick
    hal_cm3.o(i.dbg_init) refers to hal_cm3.o(.data) for .data
    hal_cm3.o(i.rt_init_stack) refers to rtx_conf_cm.o(.constdata) for os_stackinfo
    rt_system.o(i.rt_pop_req) refers to rt_list.o(i.rt_put_rdy_first) for rt_put_rdy_first
    rt_system.o(i.rt_pop_req) refers to rt_semaphore.o(i.rt_sem_psh) for rt_sem_psh
    rt_system.o(i.rt_pop_req) refers to rt_list.o(i.rt_get_first) for rt_get_first
    rt_system.o(i.rt_pop_req) refers to rt_task.o(i.rt_switch_req) for rt_switch_req
    rt_system.o(i.rt_pop_req) refers to rt_event.o(i.rt_evt_psh) for rt_evt_psh
    rt_system.o(i.rt_pop_req) refers to rt_mailbox.o(i.rt_mbx_psh) for rt_mbx_psh
    rt_system.o(i.rt_pop_req) refers to rt_task.o(.data) for os_tsk
    rt_system.o(i.rt_pop_req) refers to rt_system.o(.data) for .data
    rt_system.o(i.rt_pop_req) refers to rtx_conf_cm.o(.bss) for os_fifo
    rt_system.o(i.rt_pop_req) refers to rt_list.o(.bss) for os_rdy
    rt_system.o(i.rt_psh_req) refers to rt_system.o(.data) for .data
    rt_system.o(i.rt_stk_check) refers to rtx_conf_cm.o(.text) for os_error
    rt_system.o(i.rt_stk_check) refers to rt_task.o(.data) for os_tsk
    rt_system.o(i.rt_systick) refers to rt_list.o(i.rt_put_rdy_first) for rt_put_rdy_first
    rt_system.o(i.rt_systick) refers to rtx_conf_cm.o(.text) for rt_chk_robin
    rt_system.o(i.rt_systick) refers to rt_list.o(i.rt_dec_dly) for rt_dec_dly
    rt_system.o(i.rt_systick) refers to rt_timer.o(i.rt_tmr_tick) for rt_tmr_tick
    rt_system.o(i.rt_systick) refers to rt_list.o(i.rt_get_first) for rt_get_first
    rt_system.o(i.rt_systick) refers to rt_task.o(i.rt_switch_req) for rt_switch_req
    rt_system.o(i.rt_systick) refers to rt_task.o(.data) for os_tsk
    rt_system.o(i.rt_systick) refers to rt_time.o(.data) for os_time
    rt_system.o(i.rt_systick) refers to rt_list.o(.bss) for os_rdy
    rt_system.o(i.rt_tsk_lock) refers to rt_system.o(.data) for .data
    rt_system.o(i.rt_tsk_unlock) refers to rt_system.o(.data) for .data
    rt_list.o(i.rt_dec_dly) refers to rt_list.o(i.rt_put_prio) for rt_put_prio
    rt_list.o(i.rt_dec_dly) refers to rt_list.o(.bss) for .bss
    rt_list.o(i.rt_dec_dly) refers to rt_time.o(.data) for os_time
    rt_list.o(i.rt_get_same_rdy_prio) refers to rt_list.o(.bss) for .bss
    rt_list.o(i.rt_get_same_rdy_prio) refers to rt_task.o(.data) for os_tsk
    rt_list.o(i.rt_psq_enq) refers to rtx_conf_cm.o(.text) for os_error
    rt_list.o(i.rt_psq_enq) refers to rtx_conf_cm.o(.bss) for os_fifo
    rt_list.o(i.rt_put_dly) refers to rt_list.o(.bss) for .bss
    rt_list.o(i.rt_put_rdy_first) refers to rt_list.o(.bss) for .bss
    rt_list.o(i.rt_resort_prio) refers to rt_list.o(i.rt_rmv_list) for rt_rmv_list
    rt_list.o(i.rt_resort_prio) refers to rt_list.o(i.rt_put_prio) for rt_put_prio
    rt_list.o(i.rt_resort_prio) refers to rt_list.o(.bss) for .bss
    rt_list.o(i.rt_rmv_list) refers to rt_list.o(.bss) for .bss
    rt_membox.o(i._calloc_box) refers to hal_cm3.o(.emb_text) for _alloc_box
    rt_mailbox.o(i.isr_mbx_receive) refers to rt_list.o(i.rt_psq_enq) for rt_psq_enq
    rt_mailbox.o(i.isr_mbx_receive) refers to rt_system.o(i.rt_psh_req) for rt_psh_req
    rt_mailbox.o(i.isr_mbx_send) refers to rt_list.o(i.rt_psq_enq) for rt_psq_enq
    rt_mailbox.o(i.isr_mbx_send) refers to rt_system.o(i.rt_psh_req) for rt_psh_req
    rt_mailbox.o(i.rt_mbx_psh) refers to rt_list.o(i.rt_get_first) for rt_get_first
    rt_mailbox.o(i.rt_mbx_psh) refers to rt_list.o(i.rt_rmv_dly) for rt_rmv_dly
    rt_mailbox.o(i.rt_mbx_psh) refers to rt_list.o(i.rt_put_prio) for rt_put_prio
    rt_mailbox.o(i.rt_mbx_psh) refers to rtx_conf_cm.o(.text) for os_error
    rt_mailbox.o(i.rt_mbx_psh) refers to rt_list.o(.bss) for os_rdy
    rt_mailbox.o(i.rt_mbx_send) refers to rt_list.o(i.rt_put_prio) for rt_put_prio
    rt_mailbox.o(i.rt_mbx_send) refers to rt_list.o(i.rt_get_first) for rt_get_first
    rt_mailbox.o(i.rt_mbx_send) refers to rt_list.o(i.rt_rmv_dly) for rt_rmv_dly
    rt_mailbox.o(i.rt_mbx_send) refers to rt_task.o(i.rt_dispatch) for rt_dispatch
    rt_mailbox.o(i.rt_mbx_send) refers to rt_task.o(i.rt_block) for rt_block
    rt_mailbox.o(i.rt_mbx_send) refers to rt_task.o(.data) for os_tsk
    rt_mailbox.o(i.rt_mbx_wait) refers to rt_list.o(i.rt_get_first) for rt_get_first
    rt_mailbox.o(i.rt_mbx_wait) refers to rt_list.o(i.rt_rmv_dly) for rt_rmv_dly
    rt_mailbox.o(i.rt_mbx_wait) refers to rt_task.o(i.rt_dispatch) for rt_dispatch
    rt_mailbox.o(i.rt_mbx_wait) refers to rt_list.o(i.rt_put_prio) for rt_put_prio
    rt_mailbox.o(i.rt_mbx_wait) refers to rt_task.o(i.rt_block) for rt_block
    rt_mailbox.o(i.rt_mbx_wait) refers to rt_task.o(.data) for os_tsk
    rt_semaphore.o(i.isr_sem_send) refers to rt_list.o(i.rt_psq_enq) for rt_psq_enq
    rt_semaphore.o(i.isr_sem_send) refers to rt_system.o(i.rt_psh_req) for rt_psh_req
    rt_semaphore.o(i.rt_sem_psh) refers to rt_list.o(i.rt_get_first) for rt_get_first
    rt_semaphore.o(i.rt_sem_psh) refers to rt_list.o(i.rt_rmv_dly) for rt_rmv_dly
    rt_semaphore.o(i.rt_sem_psh) refers to rt_list.o(i.rt_put_prio) for rt_put_prio
    rt_semaphore.o(i.rt_sem_psh) refers to rt_list.o(.bss) for os_rdy
    rt_semaphore.o(i.rt_sem_send) refers to rt_list.o(i.rt_get_first) for rt_get_first
    rt_semaphore.o(i.rt_sem_send) refers to rt_list.o(i.rt_rmv_dly) for rt_rmv_dly
    rt_semaphore.o(i.rt_sem_send) refers to rt_task.o(i.rt_dispatch) for rt_dispatch
    rt_semaphore.o(i.rt_sem_send) refers to rt_task.o(.data) for os_tsk
    rt_semaphore.o(i.rt_sem_wait) refers to rt_list.o(i.rt_put_prio) for rt_put_prio
    rt_semaphore.o(i.rt_sem_wait) refers to rt_task.o(i.rt_block) for rt_block
    rt_semaphore.o(i.rt_sem_wait) refers to rt_task.o(.data) for os_tsk
    rt_timer.o(i.rt_tmr_create) refers to rt_membox.o(i.rt_alloc_box) for rt_alloc_box
    rt_timer.o(i.rt_tmr_create) refers to rtx_conf_cm.o(.data) for m_tmr
    rt_timer.o(i.rt_tmr_create) refers to rt_timer.o(.data) for .data
    rt_timer.o(i.rt_tmr_kill) refers to rt_membox.o(i.rt_free_box) for rt_free_box
    rt_timer.o(i.rt_tmr_kill) refers to rt_timer.o(.data) for .data
    rt_timer.o(i.rt_tmr_kill) refers to rtx_conf_cm.o(.data) for m_tmr
    rt_timer.o(i.rt_tmr_tick) refers to rtx_conf_cm.o(.text) for os_tmr_call
    rt_timer.o(i.rt_tmr_tick) refers to rt_membox.o(i.rt_free_box) for rt_free_box
    rt_timer.o(i.rt_tmr_tick) refers to rt_timer.o(.data) for .data
    rt_timer.o(i.rt_tmr_tick) refers to rtx_conf_cm.o(.data) for m_tmr
    entry.o(.ARM.Collect$$$$00000000) refers (Special) to entry7.o(.ARM.Collect$$$$00000007) for _main_init
    entry.o(.ARM.Collect$$$$00000000) refers (Special) to entry5.o(.ARM.Collect$$$$00000004) for _main_scatterload
    entry.o(.ARM.Collect$$$$00000000) refers (Special) to entry2.o(.ARM.Collect$$$$00000001) for _main_stk
    uldiv.o(.text) refers to llushr.o(.text) for __aeabi_llsr
    uldiv.o(.text) refers to llshl.o(.text) for __aeabi_llsl
    printfb.o(i.__0fprintf$bare) refers to printfb.o(i._printf_core) for _printf_core
    printfb.o(i.__0fprintf$bare) refers to fputc.o(i.fputc) for fputc
    printfb.o(i.__0printf$bare) refers to printfb.o(i._printf_core) for _printf_core
    printfb.o(i.__0printf$bare) refers to fputc.o(i.fputc) for fputc
    printfb.o(i.__0printf$bare) refers to stdout.o(.data) for __stdout
    printfb.o(i.__0snprintf$bare) refers to printfb.o(i._printf_core) for _printf_core
    printfb.o(i.__0snprintf$bare) refers to printfb.o(i._snputc) for _snputc
    printfb.o(i.__0sprintf$bare) refers to printfb.o(i._printf_core) for _printf_core
    printfb.o(i.__0sprintf$bare) refers to printfb.o(i._sputc) for _sputc
    printfb.o(i.__0vfprintf$bare) refers to printfb.o(i._printf_core) for _printf_core
    printfb.o(i.__0vfprintf$bare) refers to fputc.o(i.fputc) for fputc
    printfb.o(i.__0vprintf$bare) refers to printfb.o(i._printf_core) for _printf_core
    printfb.o(i.__0vprintf$bare) refers to fputc.o(i.fputc) for fputc
    printfb.o(i.__0vprintf$bare) refers to stdout.o(.data) for __stdout
    printfb.o(i.__0vsnprintf$bare) refers to printfb.o(i._printf_core) for _printf_core
    printfb.o(i.__0vsnprintf$bare) refers to printfb.o(i._snputc) for _snputc
    printfb.o(i.__0vsprintf$bare) refers to printfb.o(i._printf_core) for _printf_core
    printfb.o(i.__0vsprintf$bare) refers to printfb.o(i._sputc) for _sputc
    printf0.o(i.__0fprintf$0) refers to printf0.o(i._printf_core) for _printf_core
    printf0.o(i.__0fprintf$0) refers to fputc.o(i.fputc) for fputc
    printf0.o(i.__0printf$0) refers to printf0.o(i._printf_core) for _printf_core
    printf0.o(i.__0printf$0) refers to fputc.o(i.fputc) for fputc
    printf0.o(i.__0printf$0) refers to stdout.o(.data) for __stdout
    printf0.o(i.__0snprintf$0) refers to printf0.o(i._printf_core) for _printf_core
    printf0.o(i.__0snprintf$0) refers to printf0.o(i._snputc) for _snputc
    printf0.o(i.__0sprintf$0) refers to printf0.o(i._printf_core) for _printf_core
    printf0.o(i.__0sprintf$0) refers to printf0.o(i._sputc) for _sputc
    printf0.o(i.__0vfprintf$0) refers to printf0.o(i._printf_core) for _printf_core
    printf0.o(i.__0vfprintf$0) refers to fputc.o(i.fputc) for fputc
    printf0.o(i.__0vprintf$0) refers to printf0.o(i._printf_core) for _printf_core
    printf0.o(i.__0vprintf$0) refers to fputc.o(i.fputc) for fputc
    printf0.o(i.__0vprintf$0) refers to stdout.o(.data) for __stdout
    printf0.o(i.__0vsnprintf$0) refers to printf0.o(i._printf_core) for _printf_core
    printf0.o(i.__0vsnprintf$0) refers to printf0.o(i._snputc) for _snputc
    printf0.o(i.__0vsprintf$0) refers to printf0.o(i._printf_core) for _printf_core
    printf0.o(i.__0vsprintf$0) refers to printf0.o(i._sputc) for _sputc
    printf1.o(i.__0fprintf$1) refers to printf1.o(i._printf_core) for _printf_core
    printf1.o(i.__0fprintf$1) refers to fputc.o(i.fputc) for fputc
    printf1.o(i.__0printf$1) refers to printf1.o(i._printf_core) for _printf_core
    printf1.o(i.__0printf$1) refers to fputc.o(i.fputc) for fputc
    printf1.o(i.__0printf$1) refers to stdout.o(.data) for __stdout
    printf1.o(i.__0snprintf$1) refers to printf1.o(i._printf_core) for _printf_core
    printf1.o(i.__0snprintf$1) refers to printf1.o(i._snputc) for _snputc
    printf1.o(i.__0sprintf$1) refers to printf1.o(i._printf_core) for _printf_core
    printf1.o(i.__0sprintf$1) refers to printf1.o(i._sputc) for _sputc
    printf1.o(i.__0vfprintf$1) refers to printf1.o(i._printf_core) for _printf_core
    printf1.o(i.__0vfprintf$1) refers to fputc.o(i.fputc) for fputc
    printf1.o(i.__0vprintf$1) refers to printf1.o(i._printf_core) for _printf_core
    printf1.o(i.__0vprintf$1) refers to fputc.o(i.fputc) for fputc
    printf1.o(i.__0vprintf$1) refers to stdout.o(.data) for __stdout
    printf1.o(i.__0vsnprintf$1) refers to printf1.o(i._printf_core) for _printf_core
    printf1.o(i.__0vsnprintf$1) refers to printf1.o(i._snputc) for _snputc
    printf1.o(i.__0vsprintf$1) refers to printf1.o(i._printf_core) for _printf_core
    printf1.o(i.__0vsprintf$1) refers to printf1.o(i._sputc) for _sputc
    printf1.o(i._printf_core) refers to uidiv.o(.text) for __aeabi_uidivmod
    printf2.o(i.__0fprintf$2) refers to printf2.o(i._printf_core) for _printf_core
    printf2.o(i.__0fprintf$2) refers to fputc.o(i.fputc) for fputc
    printf2.o(i.__0printf$2) refers to printf2.o(i._printf_core) for _printf_core
    printf2.o(i.__0printf$2) refers to fputc.o(i.fputc) for fputc
    printf2.o(i.__0printf$2) refers to stdout.o(.data) for __stdout
    printf2.o(i.__0snprintf$2) refers to printf2.o(i._printf_core) for _printf_core
    printf2.o(i.__0snprintf$2) refers to printf2.o(i._snputc) for _snputc
    printf2.o(i.__0sprintf$2) refers to printf2.o(i._printf_core) for _printf_core
    printf2.o(i.__0sprintf$2) refers to printf2.o(i._sputc) for _sputc
    printf2.o(i.__0vfprintf$2) refers to printf2.o(i._printf_core) for _printf_core
    printf2.o(i.__0vfprintf$2) refers to fputc.o(i.fputc) for fputc
    printf2.o(i.__0vprintf$2) refers to printf2.o(i._printf_core) for _printf_core
    printf2.o(i.__0vprintf$2) refers to fputc.o(i.fputc) for fputc
    printf2.o(i.__0vprintf$2) refers to stdout.o(.data) for __stdout
    printf2.o(i.__0vsnprintf$2) refers to printf2.o(i._printf_core) for _printf_core
    printf2.o(i.__0vsnprintf$2) refers to printf2.o(i._snputc) for _snputc
    printf2.o(i.__0vsprintf$2) refers to printf2.o(i._printf_core) for _printf_core
    printf2.o(i.__0vsprintf$2) refers to printf2.o(i._sputc) for _sputc
    printf3.o(i.__0fprintf$3) refers to printf3.o(i._printf_core) for _printf_core
    printf3.o(i.__0fprintf$3) refers to fputc.o(i.fputc) for fputc
    printf3.o(i.__0printf$3) refers to printf3.o(i._printf_core) for _printf_core
    printf3.o(i.__0printf$3) refers to fputc.o(i.fputc) for fputc
    printf3.o(i.__0printf$3) refers to stdout.o(.data) for __stdout
    printf3.o(i.__0snprintf$3) refers to printf3.o(i._printf_core) for _printf_core
    printf3.o(i.__0snprintf$3) refers to printf3.o(i._snputc) for _snputc
    printf3.o(i.__0sprintf$3) refers to printf3.o(i._printf_core) for _printf_core
    printf3.o(i.__0sprintf$3) refers to printf3.o(i._sputc) for _sputc
    printf3.o(i.__0vfprintf$3) refers to printf3.o(i._printf_core) for _printf_core
    printf3.o(i.__0vfprintf$3) refers to fputc.o(i.fputc) for fputc
    printf3.o(i.__0vprintf$3) refers to printf3.o(i._printf_core) for _printf_core
    printf3.o(i.__0vprintf$3) refers to fputc.o(i.fputc) for fputc
    printf3.o(i.__0vprintf$3) refers to stdout.o(.data) for __stdout
    printf3.o(i.__0vsnprintf$3) refers to printf3.o(i._printf_core) for _printf_core
    printf3.o(i.__0vsnprintf$3) refers to printf3.o(i._snputc) for _snputc
    printf3.o(i.__0vsprintf$3) refers to printf3.o(i._printf_core) for _printf_core
    printf3.o(i.__0vsprintf$3) refers to printf3.o(i._sputc) for _sputc
    printf3.o(i._printf_core) refers to uidiv.o(.text) for __aeabi_uidivmod
    printf4.o(i.__0fprintf$4) refers to printf4.o(i._printf_core) for _printf_core
    printf4.o(i.__0fprintf$4) refers to fputc.o(i.fputc) for fputc
    printf4.o(i.__0printf$4) refers to printf4.o(i._printf_core) for _printf_core
    printf4.o(i.__0printf$4) refers to fputc.o(i.fputc) for fputc
    printf4.o(i.__0printf$4) refers to stdout.o(.data) for __stdout
    printf4.o(i.__0snprintf$4) refers to printf4.o(i._printf_core) for _printf_core
    printf4.o(i.__0snprintf$4) refers to printf4.o(i._snputc) for _snputc
    printf4.o(i.__0sprintf$4) refers to printf4.o(i._printf_core) for _printf_core
    printf4.o(i.__0sprintf$4) refers to printf4.o(i._sputc) for _sputc
    printf4.o(i.__0vfprintf$4) refers to printf4.o(i._printf_core) for _printf_core
    printf4.o(i.__0vfprintf$4) refers to fputc.o(i.fputc) for fputc
    printf4.o(i.__0vprintf$4) refers to printf4.o(i._printf_core) for _printf_core
    printf4.o(i.__0vprintf$4) refers to fputc.o(i.fputc) for fputc
    printf4.o(i.__0vprintf$4) refers to stdout.o(.data) for __stdout
    printf4.o(i.__0vsnprintf$4) refers to printf4.o(i._printf_core) for _printf_core
    printf4.o(i.__0vsnprintf$4) refers to printf4.o(i._snputc) for _snputc
    printf4.o(i.__0vsprintf$4) refers to printf4.o(i._printf_core) for _printf_core
    printf4.o(i.__0vsprintf$4) refers to printf4.o(i._sputc) for _sputc
    printf4.o(i._printf_core) refers to uldiv.o(.text) for __aeabi_uldivmod
    printf5.o(i.__0fprintf$5) refers to printf5.o(i._printf_core) for _printf_core
    printf5.o(i.__0fprintf$5) refers to fputc.o(i.fputc) for fputc
    printf5.o(i.__0printf$5) refers to printf5.o(i._printf_core) for _printf_core
    printf5.o(i.__0printf$5) refers to fputc.o(i.fputc) for fputc
    printf5.o(i.__0printf$5) refers to stdout.o(.data) for __stdout
    printf5.o(i.__0snprintf$5) refers to printf5.o(i._printf_core) for _printf_core
    printf5.o(i.__0snprintf$5) refers to printf5.o(i._snputc) for _snputc
    printf5.o(i.__0sprintf$5) refers to printf5.o(i._printf_core) for _printf_core
    printf5.o(i.__0sprintf$5) refers to printf5.o(i._sputc) for _sputc
    printf5.o(i.__0vfprintf$5) refers to printf5.o(i._printf_core) for _printf_core
    printf5.o(i.__0vfprintf$5) refers to fputc.o(i.fputc) for fputc
    printf5.o(i.__0vprintf$5) refers to printf5.o(i._printf_core) for _printf_core
    printf5.o(i.__0vprintf$5) refers to fputc.o(i.fputc) for fputc
    printf5.o(i.__0vprintf$5) refers to stdout.o(.data) for __stdout
    printf5.o(i.__0vsnprintf$5) refers to printf5.o(i._printf_core) for _printf_core
    printf5.o(i.__0vsnprintf$5) refers to printf5.o(i._snputc) for _snputc
    printf5.o(i.__0vsprintf$5) refers to printf5.o(i._printf_core) for _printf_core
    printf5.o(i.__0vsprintf$5) refers to printf5.o(i._sputc) for _sputc
    printf5.o(i._printf_core) refers to uldiv.o(.text) for __aeabi_uldivmod
    printf6.o(i.__0fprintf$6) refers to printf6.o(i._printf_core) for _printf_core
    printf6.o(i.__0fprintf$6) refers to fputc.o(i.fputc) for fputc
    printf6.o(i.__0printf$6) refers to printf6.o(i._printf_core) for _printf_core
    printf6.o(i.__0printf$6) refers to fputc.o(i.fputc) for fputc
    printf6.o(i.__0printf$6) refers to stdout.o(.data) for __stdout
    printf6.o(i.__0snprintf$6) refers to printf6.o(i._printf_core) for _printf_core
    printf6.o(i.__0snprintf$6) refers to printf6.o(i._snputc) for _snputc
    printf6.o(i.__0sprintf$6) refers to printf6.o(i._printf_core) for _printf_core
    printf6.o(i.__0sprintf$6) refers to printf6.o(i._sputc) for _sputc
    printf6.o(i.__0vfprintf$6) refers to printf6.o(i._printf_core) for _printf_core
    printf6.o(i.__0vfprintf$6) refers to fputc.o(i.fputc) for fputc
    printf6.o(i.__0vprintf$6) refers to printf6.o(i._printf_core) for _printf_core
    printf6.o(i.__0vprintf$6) refers to fputc.o(i.fputc) for fputc
    printf6.o(i.__0vprintf$6) refers to stdout.o(.data) for __stdout
    printf6.o(i.__0vsnprintf$6) refers to printf6.o(i._printf_core) for _printf_core
    printf6.o(i.__0vsnprintf$6) refers to printf6.o(i._snputc) for _snputc
    printf6.o(i.__0vsprintf$6) refers to printf6.o(i._printf_core) for _printf_core
    printf6.o(i.__0vsprintf$6) refers to printf6.o(i._sputc) for _sputc
    printf6.o(i._printf_core) refers to printf6.o(i._printf_pre_padding) for _printf_pre_padding
    printf6.o(i._printf_core) refers to uidiv.o(.text) for __aeabi_uidivmod
    printf6.o(i._printf_core) refers to printf6.o(i._printf_post_padding) for _printf_post_padding
    printf7.o(i.__0fprintf$7) refers to printf7.o(i._printf_core) for _printf_core
    printf7.o(i.__0fprintf$7) refers to fputc.o(i.fputc) for fputc
    printf7.o(i.__0printf$7) refers to printf7.o(i._printf_core) for _printf_core
    printf7.o(i.__0printf$7) refers to fputc.o(i.fputc) for fputc
    printf7.o(i.__0printf$7) refers to stdout.o(.data) for __stdout
    printf7.o(i.__0snprintf$7) refers to printf7.o(i._printf_core) for _printf_core
    printf7.o(i.__0snprintf$7) refers to printf7.o(i._snputc) for _snputc
    printf7.o(i.__0sprintf$7) refers to printf7.o(i._printf_core) for _printf_core
    printf7.o(i.__0sprintf$7) refers to printf7.o(i._sputc) for _sputc
    printf7.o(i.__0vfprintf$7) refers to printf7.o(i._printf_core) for _printf_core
    printf7.o(i.__0vfprintf$7) refers to fputc.o(i.fputc) for fputc
    printf7.o(i.__0vprintf$7) refers to printf7.o(i._printf_core) for _printf_core
    printf7.o(i.__0vprintf$7) refers to fputc.o(i.fputc) for fputc
    printf7.o(i.__0vprintf$7) refers to stdout.o(.data) for __stdout
    printf7.o(i.__0vsnprintf$7) refers to printf7.o(i._printf_core) for _printf_core
    printf7.o(i.__0vsnprintf$7) refers to printf7.o(i._snputc) for _snputc
    printf7.o(i.__0vsprintf$7) refers to printf7.o(i._printf_core) for _printf_core
    printf7.o(i.__0vsprintf$7) refers to printf7.o(i._sputc) for _sputc
    printf7.o(i._printf_core) refers to printf7.o(i._printf_pre_padding) for _printf_pre_padding
    printf7.o(i._printf_core) refers to uldiv.o(.text) for __aeabi_uldivmod
    printf7.o(i._printf_core) refers to printf7.o(i._printf_post_padding) for _printf_post_padding
    printf8.o(i.__0fprintf$8) refers to printf8.o(i._printf_core) for _printf_core
    printf8.o(i.__0fprintf$8) refers to fputc.o(i.fputc) for fputc
    printf8.o(i.__0printf$8) refers to printf8.o(i._printf_core) for _printf_core
    printf8.o(i.__0printf$8) refers to fputc.o(i.fputc) for fputc
    printf8.o(i.__0printf$8) refers to stdout.o(.data) for __stdout
    printf8.o(i.__0snprintf$8) refers to printf8.o(i._printf_core) for _printf_core
    printf8.o(i.__0snprintf$8) refers to printf8.o(i._snputc) for _snputc
    printf8.o(i.__0sprintf$8) refers to printf8.o(i._printf_core) for _printf_core
    printf8.o(i.__0sprintf$8) refers to printf8.o(i._sputc) for _sputc
    printf8.o(i.__0vfprintf$8) refers to printf8.o(i._printf_core) for _printf_core
    printf8.o(i.__0vfprintf$8) refers to fputc.o(i.fputc) for fputc
    printf8.o(i.__0vprintf$8) refers to printf8.o(i._printf_core) for _printf_core
    printf8.o(i.__0vprintf$8) refers to fputc.o(i.fputc) for fputc
    printf8.o(i.__0vprintf$8) refers to stdout.o(.data) for __stdout
    printf8.o(i.__0vsnprintf$8) refers to printf8.o(i._printf_core) for _printf_core
    printf8.o(i.__0vsnprintf$8) refers to printf8.o(i._snputc) for _snputc
    printf8.o(i.__0vsprintf$8) refers to printf8.o(i._printf_core) for _printf_core
    printf8.o(i.__0vsprintf$8) refers to printf8.o(i._sputc) for _sputc
    printf8.o(i._printf_core) refers to printf8.o(i._printf_pre_padding) for _printf_pre_padding
    printf8.o(i._printf_core) refers to uldiv.o(.text) for __aeabi_uldivmod
    printf8.o(i._printf_core) refers to printf8.o(i._printf_post_padding) for _printf_post_padding
    printfa.o(i.__0fprintf) refers (Special) to iusefp.o(.text) for __I$use$fp
    printfa.o(i.__0fprintf) refers to printfa.o(i._printf_core) for _printf_core
    printfa.o(i.__0fprintf) refers to fputc.o(i.fputc) for fputc
    printfa.o(i.__0printf) refers (Special) to iusefp.o(.text) for __I$use$fp
    printfa.o(i.__0printf) refers to printfa.o(i._printf_core) for _printf_core
    printfa.o(i.__0printf) refers to fputc.o(i.fputc) for fputc
    printfa.o(i.__0printf) refers to stdout.o(.data) for __stdout
    printfa.o(i.__0snprintf) refers (Special) to iusefp.o(.text) for __I$use$fp
    printfa.o(i.__0snprintf) refers to printfa.o(i._printf_core) for _printf_core
    printfa.o(i.__0snprintf) refers to printfa.o(i._snputc) for _snputc
    printfa.o(i.__0sprintf) refers (Special) to iusefp.o(.text) for __I$use$fp
    printfa.o(i.__0sprintf) refers to printfa.o(i._printf_core) for _printf_core
    printfa.o(i.__0sprintf) refers to printfa.o(i._sputc) for _sputc
    printfa.o(i.__0vfprintf) refers (Special) to iusefp.o(.text) for __I$use$fp
    printfa.o(i.__0vfprintf) refers to printfa.o(i._printf_core) for _printf_core
    printfa.o(i.__0vfprintf) refers to fputc.o(i.fputc) for fputc
    printfa.o(i.__0vprintf) refers (Special) to iusefp.o(.text) for __I$use$fp
    printfa.o(i.__0vprintf) refers to printfa.o(i._printf_core) for _printf_core
    printfa.o(i.__0vprintf) refers to fputc.o(i.fputc) for fputc
    printfa.o(i.__0vprintf) refers to stdout.o(.data) for __stdout
    printfa.o(i.__0vsnprintf) refers (Special) to iusefp.o(.text) for __I$use$fp
    printfa.o(i.__0vsnprintf) refers to printfa.o(i._printf_core) for _printf_core
    printfa.o(i.__0vsnprintf) refers to printfa.o(i._snputc) for _snputc
    printfa.o(i.__0vsprintf) refers (Special) to iusefp.o(.text) for __I$use$fp
    printfa.o(i.__0vsprintf) refers to printfa.o(i._printf_core) for _printf_core
    printfa.o(i.__0vsprintf) refers to printfa.o(i._sputc) for _sputc
    printfa.o(i._fp_digits) refers (Special) to iusefp.o(.text) for __I$use$fp
    printfa.o(i._fp_digits) refers to dmul.o(.text) for __aeabi_dmul
    printfa.o(i._fp_digits) refers to ddiv.o(.text) for __aeabi_ddiv
    printfa.o(i._fp_digits) refers to cdrcmple.o(.text) for __aeabi_cdrcmple
    printfa.o(i._fp_digits) refers to dadd.o(.text) for __aeabi_dadd
    printfa.o(i._fp_digits) refers to dfixul.o(.text) for __aeabi_d2ulz
    printfa.o(i._fp_digits) refers to uldiv.o(.text) for __aeabi_uldivmod
    printfa.o(i._printf_core) refers (Special) to iusefp.o(.text) for __I$use$fp
    printfa.o(i._printf_core) refers to printfa.o(i._printf_pre_padding) for _printf_pre_padding
    printfa.o(i._printf_core) refers to uldiv.o(.text) for __aeabi_uldivmod
    printfa.o(i._printf_core) refers to printfa.o(i._printf_post_padding) for _printf_post_padding
    printfa.o(i._printf_core) refers to printfa.o(i._fp_digits) for _fp_digits
    printfa.o(i._printf_core) refers to uidiv.o(.text) for __aeabi_uidivmod
    printfa.o(i._printf_post_padding) refers (Special) to iusefp.o(.text) for __I$use$fp
    printfa.o(i._printf_pre_padding) refers (Special) to iusefp.o(.text) for __I$use$fp
    printfa.o(i._snputc) refers (Special) to iusefp.o(.text) for __I$use$fp
    printfa.o(i._sputc) refers (Special) to iusefp.o(.text) for __I$use$fp
    entry2.o(.ARM.Collect$$$$00000001) refers to entry2.o(.ARM.Collect$$$$00002712) for __lit__00000000
    entry2.o(.ARM.Collect$$$$00002712) refers to startup_lpc17xx.o(STACK) for __initial_sp
    entry2.o(__vectab_stack_and_reset_area) refers to startup_lpc17xx.o(STACK) for __initial_sp
    entry2.o(__vectab_stack_and_reset_area) refers to entry.o(.ARM.Collect$$$$00000000) for __main
    entry5.o(.ARM.Collect$$$$00000004) refers to init.o(.text) for __scatterload
    entry7.o(.ARM.Collect$$$$00000007) refers to rtx_tasks.o(.text) for main
    fputc.o(i.fputc) refers (Special) to iusesemip.o(.text) for __I$use$semihosting$fputc
    fputc.o(i.fputc) refers (Special) to semi.o(.text) for __semihosting_library_function
    dadd.o(.text) refers to llshl.o(.text) for __aeabi_llsl
    dadd.o(.text) refers to llsshr.o(.text) for __aeabi_lasr
    dadd.o(.text) refers to depilogue.o(.text) for _double_epilogue
    dmul.o(.text) refers to depilogue.o(.text) for _double_epilogue
    ddiv.o(.text) refers to depilogue.o(.text) for _double_round
    dfixul.o(.text) refers to llushr.o(.text) for __aeabi_llsr
    dfixul.o(.text) refers to llshl.o(.text) for __aeabi_llsl
    init.o(.text) refers to entry5.o(.ARM.Collect$$$$00000004) for __main_after_scatterload
    depilogue.o(.text) refers to llshl.o(.text) for __aeabi_llsl
    depilogue.o(.text) refers to llushr.o(.text) for __aeabi_llsr


==============================================================================

Removing Unused input sections from the image.

    Removing rtx_tasks.o(.emb_text), (8 bytes).
    Removing system_lpc17xx.o(.emb_text), (8 bytes).
    Removing rtx_conf_cm.o(.constdata), (4 bytes).
    Removing startup_lpc17xx.o(HEAP), (0 bytes).
    Removing rt_task.o(i.rt_tsk_prio), (128 bytes).
    Removing rt_task.o(i.rt_tsk_self), (16 bytes).
    Removing rt_event.o(i.isr_evt_set), (40 bytes).
    Removing rt_event.o(i.rt_evt_clr), (28 bytes).
    Removing rt_event.o(i.rt_evt_get), (12 bytes).
    Removing rt_time.o(i.rt_itv_set), (24 bytes).
    Removing rt_time.o(i.rt_itv_wait), (44 bytes).
    Removing rt_system.o(.emb_text), (0 bytes).
    Removing rt_system.o(i.rt_psh_req), (32 bytes).
    Removing rt_system.o(i.rt_tsk_lock), (20 bytes).
    Removing rt_system.o(i.rt_tsk_unlock), (36 bytes).
    Removing rt_list.o(i.rt_psq_enq), (88 bytes).
    Removing rt_list.o(i.rt_resort_prio), (52 bytes).
    Removing rt_membox.o(i._calloc_box), (30 bytes).
    Removing rt_mailbox.o(i.isr_mbx_receive), (84 bytes).
    Removing rt_mailbox.o(i.isr_mbx_send), (14 bytes).
    Removing rt_mailbox.o(i.rt_mbx_check), (8 bytes).
    Removing rt_mailbox.o(i.rt_mbx_init), (24 bytes).
    Removing rt_mailbox.o(i.rt_mbx_send), (164 bytes).
    Removing rt_mailbox.o(i.rt_mbx_wait), (180 bytes).
    Removing rt_semaphore.o(i.isr_sem_send), (16 bytes).
    Removing rt_semaphore.o(i.rt_sem_init), (12 bytes).
    Removing rt_semaphore.o(i.rt_sem_send), (56 bytes).
    Removing rt_semaphore.o(i.rt_sem_wait), (60 bytes).
    Removing rt_timer.o(i.rt_tmr_create), (80 bytes).
    Removing rt_timer.o(i.rt_tmr_kill), (52 bytes).
    Removing dadd.o(.text), (330 bytes).
    Removing dmul.o(.text), (224 bytes).
    Removing ddiv.o(.text), (222 bytes).
    Removing dfixul.o(.text), (48 bytes).
    Removing cdrcmple.o(.text), (40 bytes).
    Removing depilogue.o(.text), (194 bytes).

36 unused section(s) (total 2378 bytes) removed from the image.

==============================================================================

Image Symbol Table

    Local Symbols

    Symbol Name                              Value     Ov Type        Size  Object(Section)

    RESET                                    0x00000000   Section      204  startup_lpc17xx.o(RESET)
    ../../microlib/division.c                0x00000000   Number         0  uldiv.o ABSOLUTE
    ../../microlib/division.c                0x00000000   Number         0  uidiv.o ABSOLUTE
    ../../microlib/fpadd.c                   0x00000000   Number         0  dadd.o ABSOLUTE
    ../../microlib/fpdiv.c                   0x00000000   Number         0  ddiv.o ABSOLUTE
    ../../microlib/fpepilogue.c              0x00000000   Number         0  depilogue.o ABSOLUTE
    ../../microlib/fpfix.c                   0x00000000   Number         0  dfixul.o ABSOLUTE
    ../../microlib/fpmul.c                   0x00000000   Number         0  dmul.o ABSOLUTE
    ../../microlib/init/entry.s              0x00000000   Number         0  entry5.o ABSOLUTE
    ../../microlib/init/entry.s              0x00000000   Number         0  entry7.o ABSOLUTE
    ../../microlib/init/entry.s              0x00000000   Number         0  entry2.o ABSOLUTE
    ../../microlib/init/entry.s              0x00000000   Number         0  entry.o ABSOLUTE
    ../../microlib/longlong.c                0x00000000   Number         0  llushr.o ABSOLUTE
    ../../microlib/longlong.c                0x00000000   Number         0  llshl.o ABSOLUTE
    ../../microlib/longlong.c                0x00000000   Number         0  llsshr.o ABSOLUTE
    ../../microlib/printf/printf.c           0x00000000   Number         0  printf3.o ABSOLUTE
    ../../microlib/printf/printf.c           0x00000000   Number         0  printf5.o ABSOLUTE
    ../../microlib/printf/printf.c           0x00000000   Number         0  printfa.o ABSOLUTE
    ../../microlib/printf/printf.c           0x00000000   Number         0  printf8.o ABSOLUTE
    ../../microlib/printf/printf.c           0x00000000   Number         0  printf7.o ABSOLUTE
    ../../microlib/printf/printf.c           0x00000000   Number         0  printf6.o ABSOLUTE
    ../../microlib/printf/printf.c           0x00000000   Number         0  printfb.o ABSOLUTE
    ../../microlib/printf/printf.c           0x00000000   Number         0  printf0.o ABSOLUTE
    ../../microlib/printf/printf.c           0x00000000   Number         0  printf1.o ABSOLUTE
    ../../microlib/printf/printf.c           0x00000000   Number         0  printf4.o ABSOLUTE
    ../../microlib/printf/printf.c           0x00000000   Number         0  printf2.o ABSOLUTE
    ../../microlib/printf/stubs.s            0x00000000   Number         0  stubs.o ABSOLUTE
    ../../microlib/stdio/fputc.c             0x00000000   Number         0  fputc.o ABSOLUTE
    ../../microlib/stdio/semi.s              0x00000000   Number         0  semi.o ABSOLUTE
    ../../microlib/stdio/streams.c           0x00000000   Number         0  stdout.o ABSOLUTE
    ../../microlib/stubs.s                   0x00000000   Number         0  iusesemip.o ABSOLUTE
    ../../microlib/stubs.s                   0x00000000   Number         0  iusefp.o ABSOLUTE
    RTX_Conf_CM.c                            0x00000000   Number         0  rtx_conf_cm.o ABSOLUTE
    RTX_tasks.c                              0x00000000   Number         0  rtx_tasks.o ABSOLUTE
    RTX_tasks.c                              0x00000000   Number         0  rtx_tasks.o ABSOLUTE
    SRC\CM\HAL_CM3.c                         0x00000000   Number         0  hal_cm3.o ABSOLUTE
    SRC\CM\SVC_Table.s                       0x00000000   Number         0  SVC_Table.o ABSOLUTE
    SRC\CM\rt_Event.c                        0x00000000   Number         0  rt_event.o ABSOLUTE
    SRC\CM\rt_List.c                         0x00000000   Number         0  rt_list.o ABSOLUTE
    SRC\CM\rt_Mailbox.c                      0x00000000   Number         0  rt_mailbox.o ABSOLUTE
    SRC\CM\rt_MemBox.c                       0x00000000   Number         0  rt_membox.o ABSOLUTE
    SRC\CM\rt_Semaphore.c                    0x00000000   Number         0  rt_semaphore.o ABSOLUTE
    SRC\CM\rt_System.c                       0x00000000   Number         0  rt_system.o ABSOLUTE
    SRC\CM\rt_Task.c                         0x00000000   Number         0  rt_task.o ABSOLUTE
    SRC\CM\rt_Time.c                         0x00000000   Number         0  rt_time.o ABSOLUTE
    SRC\CM\rt_Timer.c                        0x00000000   Number         0  rt_timer.o ABSOLUTE
    SRC\\CM\\HAL_CM3.c                       0x00000000   Number         0  hal_cm3.o ABSOLUTE
    SRC\\CM\\rt_System.c                     0x00000000   Number         0  rt_system.o ABSOLUTE
    cdrcmple.s                               0x00000000   Number         0  cdrcmple.o ABSOLUTE
    dc.s                                     0x00000000   Number         0  dc.o ABSOLUTE
    handlers.s                               0x00000000   Number         0  handlers.o ABSOLUTE
    init.s                                   0x00000000   Number         0  init.o ABSOLUTE
    startup_LPC17xx.s                        0x00000000   Number         0  startup_lpc17xx.o ABSOLUTE
    system_LPC17xx.c                         0x00000000   Number         0  system_lpc17xx.o ABSOLUTE
    system_LPC17xx.c                         0x00000000   Number         0  system_lpc17xx.o ABSOLUTE
    .ARM.Collect$$$$00000000                 0x000000cc   Section        0  entry.o(.ARM.Collect$$$$00000000)
    .ARM.Collect$$$$00000001                 0x000000cc   Section        4  entry2.o(.ARM.Collect$$$$00000001)
    .ARM.Collect$$$$00000004                 0x000000d0   Section        4  entry5.o(.ARM.Collect$$$$00000004)
    .ARM.Collect$$$$00000007                 0x000000d4   Section        8  entry7.o(.ARM.Collect$$$$00000007)
    .ARM.Collect$$$$00002712                 0x000000dc   Section        4  entry2.o(.ARM.Collect$$$$00002712)
    __lit__00000000                          0x000000dc   Data           4  entry2.o(.ARM.Collect$$$$00002712)
    .emb_text                                0x000000e0   Section      332  hal_cm3.o(.emb_text)
    .text                                    0x0000022c   Section        0  rtx_conf_cm.o(.text)
    .text                                    0x00000238   Section       36  startup_lpc17xx.o(.text)
    .text                                    0x0000025c   Section        0  uldiv.o(.text)
    .text                                    0x000002be   Section        0  uidiv.o(.text)
    SVC_TABLE                                0x000002ec   Section        4  SVC_Table.o(SVC_TABLE)
    i.__scatterload_null                     0x000002f0   Section        2  handlers.o(i.__scatterload_null)
    i._sputc                                 0x000002f2   Section        0  printf1.o(i._sputc)
    _sputc                                   0x000002f3   Thumb Code    10  printf1.o(i._sputc)
    .ARM.__at_0x02FC                         0x000002fc   Section        4  startup_lpc17xx.o(.ARM.__at_0x02FC)
    .text                                    0x00000300   Section        0  rtx_tasks.o(.text)
    .text                                    0x00000530   Section        0  system_lpc17xx.o(.text)
    .text                                    0x000006d0   Section        0  llshl.o(.text)
    .text                                    0x000006ee   Section        0  llushr.o(.text)
    .text                                    0x00000710   Section       36  init.o(.text)
    i.__0sprintf$1                           0x00000734   Section        0  printf1.o(i.__0sprintf$1)
    i.__scatterload_copy                     0x0000075c   Section       14  handlers.o(i.__scatterload_copy)
    i.__scatterload_zeroinit                 0x0000076a   Section       14  handlers.o(i.__scatterload_zeroinit)
    i._init_box                              0x00000778   Section        0  rt_membox.o(i._init_box)
    i._printf_core                           0x000007c0   Section        0  printf1.o(i._printf_core)
    _printf_core                             0x000007c1   Thumb Code   332  printf1.o(i._printf_core)
    i.dbg_init                               0x00000910   Section        0  hal_cm3.o(i.dbg_init)
    i.dbg_task_notify                        0x0000093c   Section        0  hal_cm3.o(i.dbg_task_notify)
    i.dbg_task_switch                        0x0000095c   Section        0  hal_cm3.o(i.dbg_task_switch)
    i.rt_alloc_box                           0x0000096c   Section        0  rt_membox.o(i.rt_alloc_box)
    i.rt_block                               0x00000988   Section        0  rt_task.o(i.rt_block)
    i.rt_dec_dly                             0x000009c0   Section        0  rt_list.o(i.rt_dec_dly)
    i.rt_dispatch                            0x00000a34   Section        0  rt_task.o(i.rt_dispatch)
    i.rt_dly_wait                            0x00000a78   Section        0  rt_time.o(i.rt_dly_wait)
    i.rt_evt_psh                             0x00000a80   Section        0  rt_event.o(i.rt_evt_psh)
    i.rt_evt_set                             0x00000acc   Section        0  rt_event.o(i.rt_evt_set)
    i.rt_evt_wait                            0x00000b2c   Section        0  rt_event.o(i.rt_evt_wait)
    i.rt_free_box                            0x00000b6c   Section        0  rt_membox.o(i.rt_free_box)
    i.rt_get_first                           0x00000b8c   Section        0  rt_list.o(i.rt_get_first)
    i.rt_get_same_rdy_prio                   0x00000bb4   Section        0  rt_list.o(i.rt_get_same_rdy_prio)
    i.rt_init_context                        0x00000bd8   Section        0  rt_task.o(i.rt_init_context)
    rt_init_context                          0x00000bd9   Thumb Code    64  rt_task.o(i.rt_init_context)
    i.rt_init_stack                          0x00000c1c   Section        0  hal_cm3.o(i.rt_init_stack)
    i.rt_mbx_psh                             0x00000c6c   Section        0  rt_mailbox.o(i.rt_mbx_psh)
    i.rt_pop_req                             0x00000d2c   Section        0  rt_system.o(i.rt_pop_req)
    i.rt_put_dly                             0x00000db0   Section        0  rt_list.o(i.rt_put_dly)
    i.rt_put_prio                            0x00000df8   Section        0  rt_list.o(i.rt_put_prio)
    i.rt_put_rdy_first                       0x00000e30   Section        0  rt_list.o(i.rt_put_rdy_first)
    i.rt_rmv_dly                             0x00000e44   Section        0  rt_list.o(i.rt_rmv_dly)
    i.rt_rmv_list                            0x00000e6c   Section        0  rt_list.o(i.rt_rmv_list)
    i.rt_sem_psh                             0x00000e9c   Section        0  rt_semaphore.o(i.rt_sem_psh)
    i.rt_stk_check                           0x00000ed0   Section        0  rt_system.o(i.rt_stk_check)
    i.rt_switch_req                          0x00000ef4   Section        0  rt_task.o(i.rt_switch_req)
    i.rt_sys_init                            0x00000f1c   Section        0  rt_task.o(i.rt_sys_init)
    i.rt_systick                             0x00001058   Section        0  rt_system.o(i.rt_systick)
    i.rt_tmr_tick                            0x00001094   Section        0  rt_timer.o(i.rt_tmr_tick)
    i.rt_tsk_create                          0x000010d4   Section        0  rt_task.o(i.rt_tsk_create)
    i.rt_tsk_delete                          0x00001164   Section        0  rt_task.o(i.rt_tsk_delete)
    i.rt_tsk_pass                            0x00001210   Section        0  rt_task.o(i.rt_tsk_pass)
    .constdata                               0x00001240   Section        2  rtx_conf_cm.o(.constdata)
    .constdata                               0x00001244   Section        4  rtx_conf_cm.o(.constdata)
    .constdata                               0x00001248   Section        4  rtx_conf_cm.o(.constdata)
    .constdata                               0x0000124c   Section        1  rtx_conf_cm.o(.constdata)
    .constdata                               0x00001250   Section        8  rtx_conf_cm.o(.constdata)
    __tagsym$$used                           0x00001250   Number         0  rtx_conf_cm.o(.constdata)
    __tagsym$$used                           0x00001254   Number         0  rtx_conf_cm.o(.constdata)
    .constdata                               0x00001258   Section        2  rtx_conf_cm.o(.constdata)
    .constdata                               0x0000125c   Section        4  rtx_conf_cm.o(.constdata)
    .constdata                               0x00001260   Section        1  rtx_conf_cm.o(.constdata)
    .constdata                               0x00001262   Section        2  rtx_conf_cm.o(.constdata)
    .data                                    0x10000000   Section       28  rtx_tasks.o(.data)
    .data                                    0x1000001c   Section        4  system_lpc17xx.o(.data)
    .data                                    0x10000020   Section        4  rtx_conf_cm.o(.data)
    .data                                    0x10000024   Section        8  rt_task.o(.data)
    .data                                    0x1000002c   Section        2  rt_time.o(.data)
    .data                                    0x1000002e   Section        1  hal_cm3.o(.data)
    .data                                    0x1000002f   Section        2  rt_system.o(.data)
    os_lock                                  0x1000002f   Data           1  rt_system.o(.data)
    os_psh_flag                              0x10000030   Data           1  rt_system.o(.data)
    .data                                    0x10000034   Section        8  rt_timer.o(.data)
    .bss                                     0x1000003c   Section       80  rtx_tasks.o(.bss)
    .bss                                     0x1000008c   Section      348  rtx_conf_cm.o(.bss)
    .bss                                     0x100001e8   Section     1616  rtx_conf_cm.o(.bss)
    .bss                                     0x10000838   Section      132  rtx_conf_cm.o(.bss)
    .bss                                     0x100008bc   Section       28  rtx_conf_cm.o(.bss)
    .bss                                     0x100008d8   Section       48  rt_task.o(.bss)
    .bss                                     0x10000908   Section       48  rt_list.o(.bss)
    STACK                                    0x10000938   Section      512  startup_lpc17xx.o(STACK)

    Global Symbols

    Symbol Name                              Value     Ov Type        Size  Object(Section)

    BuildAttributes$$THM_ISAv4$P$D$K$B$S$PE$A:L22UL41UL21$X:L11$S22US41US21$IEEE1$IW$USESV6$~STKCKD$USESV7$~SHL$OSPACE$ROPI$EBA8$MICROLIB$REQ8$PRES8$EABIv2 0x00000000   Number         0  anon$$obj.o ABSOLUTE
    __ARM_use_no_argv                        0x00000000   Number         0  rtx_tasks.o ABSOLUTE
    __Vectors                                0x00000000   Data           4  startup_lpc17xx.o(RESET)
    _printf_a                                0x00000000   Number         0  stubs.o ABSOLUTE
    _printf_c                                0x00000000   Number         0  stubs.o ABSOLUTE
    _printf_charcount                        0x00000000   Number         0  stubs.o ABSOLUTE
    _printf_d                                0x00000000   Number         0  stubs.o ABSOLUTE
    _printf_e                                0x00000000   Number         0  stubs.o ABSOLUTE
    _printf_f                                0x00000000   Number         0  stubs.o ABSOLUTE
    _printf_flags                            0x00000000   Number         0  stubs.o ABSOLUTE
    _printf_fp_dec                           0x00000000   Number         0  stubs.o ABSOLUTE
    _printf_fp_hex                           0x00000000   Number         0  stubs.o ABSOLUTE
    _printf_g                                0x00000000   Number         0  stubs.o ABSOLUTE
    _printf_i                                0x00000000   Number         0  stubs.o ABSOLUTE
    _printf_int_dec                          0x00000000   Number         0  stubs.o ABSOLUTE
    _printf_l                                0x00000000   Number         0  stubs.o ABSOLUTE
    _printf_lc                               0x00000000   Number         0  stubs.o ABSOLUTE
    _printf_ll                               0x00000000   Number         0  stubs.o ABSOLUTE
    _printf_lld                              0x00000000   Number         0  stubs.o ABSOLUTE
    _printf_lli                              0x00000000   Number         0  stubs.o ABSOLUTE
    _printf_llo                              0x00000000   Number         0  stubs.o ABSOLUTE
    _printf_llu                              0x00000000   Number         0  stubs.o ABSOLUTE
    _printf_llx                              0x00000000   Number         0  stubs.o ABSOLUTE
    _printf_longlong_dec                     0x00000000   Number         0  stubs.o ABSOLUTE
    _printf_longlong_hex                     0x00000000   Number         0  stubs.o ABSOLUTE
    _printf_longlong_oct                     0x00000000   Number         0  stubs.o ABSOLUTE
    _printf_ls                               0x00000000   Number         0  stubs.o ABSOLUTE
    _printf_mbtowc                           0x00000000   Number         0  stubs.o ABSOLUTE
    _printf_n                                0x00000000   Number         0  stubs.o ABSOLUTE
    _printf_o                                0x00000000   Number         0  stubs.o ABSOLUTE
    _printf_p                                0x00000000   Number         0  stubs.o ABSOLUTE
    _printf_percent                          0x00000000   Number         0  stubs.o ABSOLUTE
    _printf_pre_padding                      0x00000000   Number         0  stubs.o ABSOLUTE
    _printf_return_value                     0x00000000   Number         0  stubs.o ABSOLUTE
    _printf_s                                0x00000000   Number         0  stubs.o ABSOLUTE
    _printf_sizespec                         0x00000000   Number         0  stubs.o ABSOLUTE
    _printf_str                              0x00000000   Number         0  stubs.o ABSOLUTE
    _printf_truncate_signed                  0x00000000   Number         0  stubs.o ABSOLUTE
    _printf_truncate_unsigned                0x00000000   Number         0  stubs.o ABSOLUTE
    _printf_u                                0x00000000   Number         0  stubs.o ABSOLUTE
    _printf_wc                               0x00000000   Number         0  stubs.o ABSOLUTE
    _printf_wctomb                           0x00000000   Number         0  stubs.o ABSOLUTE
    _printf_widthprec                        0x00000000   Number         0  stubs.o ABSOLUTE
    _printf_x                                0x00000000   Number         0  stubs.o ABSOLUTE
    __decompress                              - Undefined Weak Reference
    __main                                   0x000000cd   Thumb Code     0  entry.o(.ARM.Collect$$$$00000000)
    _main_stk                                0x000000cd   Thumb Code     0  entry2.o(.ARM.Collect$$$$00000001)
    _main_scatterload                        0x000000d1   Thumb Code     0  entry5.o(.ARM.Collect$$$$00000004)
    __main_after_scatterload                 0x000000d5   Thumb Code     0  entry5.o(.ARM.Collect$$$$00000004)
    _main_init                               0x000000d5   Thumb Code     0  entry7.o(.ARM.Collect$$$$00000007)
    rt_set_PSP                               0x000000e1   Thumb Code     6  hal_cm3.o(.emb_text)
    os_set_env                               0x000000e7   Thumb Code    26  hal_cm3.o(.emb_text)
    _alloc_box                               0x00000105   Thumb Code    28  hal_cm3.o(.emb_text)
    _free_box                                0x00000125   Thumb Code    28  hal_cm3.o(.emb_text)
    SVC_Handler                              0x00000145   Thumb Code   132  hal_cm3.o(.emb_text)
    PendSV_Handler                           0x000001d5   Thumb Code     0  hal_cm3.o(.emb_text)
    Sys_Handler                              0x000001d5   Thumb Code    84  hal_cm3.o(.emb_text)
    SysTick_Handler                          0x00000221   Thumb Code     0  hal_cm3.o(.emb_text)
    os_idle_demon                            0x0000022d   Thumb Code     2  rtx_conf_cm.o(.text)
    os_tmr_call                              0x0000022f   Thumb Code     2  rtx_conf_cm.o(.text)
    os_error                                 0x00000231   Thumb Code     2  rtx_conf_cm.o(.text)
    rt_init_robin                            0x00000233   Thumb Code     2  rtx_conf_cm.o(.text)
    rt_chk_robin                             0x00000235   Thumb Code     2  rtx_conf_cm.o(.text)
    Reset_Handler                            0x00000239   Thumb Code     8  startup_lpc17xx.o(.text)
    NMI_Handler                              0x00000241   Thumb Code     2  startup_lpc17xx.o(.text)
    HardFault_Handler                        0x00000243   Thumb Code     2  startup_lpc17xx.o(.text)
    MemManage_Handler                        0x00000245   Thumb Code     2  startup_lpc17xx.o(.text)
    BusFault_Handler                         0x00000247   Thumb Code     2  startup_lpc17xx.o(.text)
    UsageFault_Handler                       0x00000249   Thumb Code     2  startup_lpc17xx.o(.text)
    DebugMon_Handler                         0x0000024d   Thumb Code     2  startup_lpc17xx.o(.text)
    ADC_IRQHandler                           0x00000253   Thumb Code     0  startup_lpc17xx.o(.text)
    BOD_IRQHandler                           0x00000253   Thumb Code     0  startup_lpc17xx.o(.text)
    CANActivity_IRQHandler                   0x00000253   Thumb Code     0  startup_lpc17xx.o(.text)
    CAN_IRQHandler                           0x00000253   Thumb Code     0  startup_lpc17xx.o(.text)
    DMA_IRQHandler                           0x00000253   Thumb Code     0  startup_lpc17xx.o(.text)
    EINT0_IRQHandler                         0x00000253   Thumb Code     0  startup_lpc17xx.o(.text)
    EINT1_IRQHandler                         0x00000253   Thumb Code     0  startup_lpc17xx.o(.text)
    EINT2_IRQHandler                         0x00000253   Thumb Code     0  startup_lpc17xx.o(.text)
    EINT3_IRQHandler                         0x00000253   Thumb Code     0  startup_lpc17xx.o(.text)
    ENET_IRQHandler                          0x00000253   Thumb Code     0  startup_lpc17xx.o(.text)
    I2C0_IRQHandler                          0x00000253   Thumb Code     0  startup_lpc17xx.o(.text)
    I2C1_IRQHandler                          0x00000253   Thumb Code     0  startup_lpc17xx.o(.text)
    I2C2_IRQHandler                          0x00000253   Thumb Code     0  startup_lpc17xx.o(.text)
    I2S_IRQHandler                           0x00000253   Thumb Code     0  startup_lpc17xx.o(.text)
    MCPWM_IRQHandler                         0x00000253   Thumb Code     0  startup_lpc17xx.o(.text)
    PLL0_IRQHandler                          0x00000253   Thumb Code     0  startup_lpc17xx.o(.text)
    PLL1_IRQHandler                          0x00000253   Thumb Code     0  startup_lpc17xx.o(.text)
    PWM1_IRQHandler                          0x00000253   Thumb Code     0  startup_lpc17xx.o(.text)
    QEI_IRQHandler                           0x00000253   Thumb Code     0  startup_lpc17xx.o(.text)
    RIT_IRQHandler                           0x00000253   Thumb Code     0  startup_lpc17xx.o(.text)
    RTC_IRQHandler                           0x00000253   Thumb Code     0  startup_lpc17xx.o(.text)
    SPI_IRQHandler                           0x00000253   Thumb Code     0  startup_lpc17xx.o(.text)
    SSP0_IRQHandler                          0x00000253   Thumb Code     0  startup_lpc17xx.o(.text)
    SSP1_IRQHandler                          0x00000253   Thumb Code     0  startup_lpc17xx.o(.text)
    TIMER0_IRQHandler                        0x00000253   Thumb Code     0  startup_lpc17xx.o(.text)
    TIMER1_IRQHandler                        0x00000253   Thumb Code     0  startup_lpc17xx.o(.text)
    TIMER2_IRQHandler                        0x00000253   Thumb Code     0  startup_lpc17xx.o(.text)
    TIMER3_IRQHandler                        0x00000253   Thumb Code     0  startup_lpc17xx.o(.text)
    UART0_IRQHandler                         0x00000253   Thumb Code     0  startup_lpc17xx.o(.text)
    UART1_IRQHandler                         0x00000253   Thumb Code     0  startup_lpc17xx.o(.text)
    UART2_IRQHandler                         0x00000253   Thumb Code     0  startup_lpc17xx.o(.text)
    UART3_IRQHandler                         0x00000253   Thumb Code     0  startup_lpc17xx.o(.text)
    USBActivity_IRQHandler                   0x00000253   Thumb Code     0  startup_lpc17xx.o(.text)
    USB_IRQHandler                           0x00000253   Thumb Code     0  startup_lpc17xx.o(.text)
    WDT_IRQHandler                           0x00000253   Thumb Code     0  startup_lpc17xx.o(.text)
    __aeabi_uldivmod                         0x0000025d   Thumb Code    98  uldiv.o(.text)
    __aeabi_uidiv                            0x000002bf   Thumb Code     0  uidiv.o(.text)
    __aeabi_uidivmod                         0x000002bf   Thumb Code    44  uidiv.o(.text)
    SVC_Count                                0x000002ec   Data           4  SVC_Table.o(SVC_TABLE)
    SVC_Table                                0x000002f0   Data           0  SVC_Table.o(SVC_TABLE)
    __scatterload_null                       0x000002f1   Thumb Code     2  handlers.o(i.__scatterload_null)
    task4                                    0x00000301   Thumb Code    62  rtx_tasks.o(.text)
    task3                                    0x0000033f   Thumb Code    86  rtx_tasks.o(.text)
    task2                                    0x00000395   Thumb Code    62  rtx_tasks.o(.text)
    task1                                    0x000003d3   Thumb Code    62  rtx_tasks.o(.text)
    init_task                                0x00000411   Thumb Code    82  rtx_tasks.o(.text)
    __RL_RTX_VER                             0x00000420   Number         0  rt_system.o ABSOLUTE
    UART0_Init                               0x00000463   Thumb Code    64  rtx_tasks.o(.text)
    main                                     0x000004a3   Thumb Code    28  rtx_tasks.o(.text)
    SystemCoreClockUpdate                    0x00000531   Thumb Code   194  system_lpc17xx.o(.text)
    SystemInit                               0x000005f3   Thumb Code   188  system_lpc17xx.o(.text)
    __aeabi_llsl                             0x000006d1   Thumb Code    30  llshl.o(.text)
    _ll_shift_l                              0x000006d1   Thumb Code     0  llshl.o(.text)
    __aeabi_llsr                             0x000006ef   Thumb Code    32  llushr.o(.text)
    _ll_ushift_r                             0x000006ef   Thumb Code     0  llushr.o(.text)
    __scatterload                            0x00000711   Thumb Code    28  init.o(.text)
    __scatterload_rt2                        0x00000711   Thumb Code     0  init.o(.text)
    __0sprintf$1                             0x00000735   Thumb Code    34  printf1.o(i.__0sprintf$1)
    __1sprintf$1                             0x00000735   Thumb Code     0  printf1.o(i.__0sprintf$1)
    __2sprintf                               0x00000735   Thumb Code     0  printf1.o(i.__0sprintf$1)
    __scatterload_copy                       0x0000075d   Thumb Code    14  handlers.o(i.__scatterload_copy)
    __scatterload_zeroinit                   0x0000076b   Thumb Code    14  handlers.o(i.__scatterload_zeroinit)
    _init_box                                0x00000779   Thumb Code    70  rt_membox.o(i._init_box)
    dbg_init                                 0x00000911   Thumb Code    36  hal_cm3.o(i.dbg_init)
    dbg_task_notify                          0x0000093d   Thumb Code    32  hal_cm3.o(i.dbg_task_notify)
    dbg_task_switch                          0x0000095d   Thumb Code    16  hal_cm3.o(i.dbg_task_switch)
    rt_alloc_box                             0x0000096d   Thumb Code    28  rt_membox.o(i.rt_alloc_box)
    rt_block                                 0x00000989   Thumb Code    48  rt_task.o(i.rt_block)
    rt_dec_dly                               0x000009c1   Thumb Code   106  rt_list.o(i.rt_dec_dly)
    rt_dispatch                              0x00000a35   Thumb Code    60  rt_task.o(i.rt_dispatch)
    rt_dly_wait                              0x00000a79   Thumb Code     6  rt_time.o(i.rt_dly_wait)
    rt_evt_psh                               0x00000a81   Thumb Code    72  rt_event.o(i.rt_evt_psh)
    rt_evt_set                               0x00000acd   Thumb Code    90  rt_event.o(i.rt_evt_set)
    rt_evt_wait                              0x00000b2d   Thumb Code    58  rt_event.o(i.rt_evt_wait)
    rt_free_box                              0x00000b6d   Thumb Code    32  rt_membox.o(i.rt_free_box)
    rt_get_first                             0x00000b8d   Thumb Code    40  rt_list.o(i.rt_get_first)
    rt_get_same_rdy_prio                     0x00000bb5   Thumb Code    26  rt_list.o(i.rt_get_same_rdy_prio)
    rt_init_stack                            0x00000c1d   Thumb Code    70  hal_cm3.o(i.rt_init_stack)
    rt_mbx_psh                               0x00000c6d   Thumb Code   188  rt_mailbox.o(i.rt_mbx_psh)
    rt_pop_req                               0x00000d2d   Thumb Code   114  rt_system.o(i.rt_pop_req)
    rt_put_dly                               0x00000db1   Thumb Code    68  rt_list.o(i.rt_put_dly)
    rt_put_prio                              0x00000df9   Thumb Code    54  rt_list.o(i.rt_put_prio)
    rt_put_rdy_first                         0x00000e31   Thumb Code    14  rt_list.o(i.rt_put_rdy_first)
    rt_rmv_dly                               0x00000e45   Thumb Code    40  rt_list.o(i.rt_rmv_dly)
    rt_rmv_list                              0x00000e6d   Thumb Code    44  rt_list.o(i.rt_rmv_list)
    rt_sem_psh                               0x00000e9d   Thumb Code    46  rt_semaphore.o(i.rt_sem_psh)
    rt_stk_check                             0x00000ed1   Thumb Code    28  rt_system.o(i.rt_stk_check)
    rt_switch_req                            0x00000ef5   Thumb Code    30  rt_task.o(i.rt_switch_req)
    rt_sys_init                              0x00000f1d   Thumb Code   244  rt_task.o(i.rt_sys_init)
    rt_systick                               0x00001059   Thumb Code    48  rt_system.o(i.rt_systick)
    rt_tmr_tick                              0x00001095   Thumb Code    56  rt_timer.o(i.rt_tmr_tick)
    rt_tsk_create                            0x000010d5   Thumb Code   122  rt_task.o(i.rt_tsk_create)
    rt_tsk_delete                            0x00001165   Thumb Code   146  rt_task.o(i.rt_tsk_delete)
    rt_tsk_pass                              0x00001211   Thumb Code    38  rt_task.o(i.rt_tsk_pass)
    os_maxtaskrun                            0x00001240   Data           2  rtx_conf_cm.o(.constdata)
    os_stackinfo                             0x00001244   Data           4  rtx_conf_cm.o(.constdata)
    os_trv                                   0x00001248   Data           4  rtx_conf_cm.o(.constdata)
    os_flags                                 0x0000124c   Data           1  rtx_conf_cm.o(.constdata)
    os_clockrate                             0x00001250   Data           4  rtx_conf_cm.o(.constdata)
    os_timernum                              0x00001254   Data           4  rtx_conf_cm.o(.constdata)
    mp_tcb_size                              0x00001258   Data           2  rtx_conf_cm.o(.constdata)
    mp_stk_size                              0x0000125c   Data           4  rtx_conf_cm.o(.constdata)
    os_fifo_size                             0x00001260   Data           1  rtx_conf_cm.o(.constdata)
    mp_tmr_size                              0x00001262   Data           2  rtx_conf_cm.o(.constdata)
    Region$$Table$$Base                      0x00001264   Number         0  anon$$obj.o(Region$$Table)
    Region$$Table$$Limit                     0x00001284   Number         0  anon$$obj.o(Region$$Table)
    counter1                                 0x10000000   Data           2  rtx_tasks.o(.data)
    counter2                                 0x10000002   Data           2  rtx_tasks.o(.data)
    counter3                                 0x10000004   Data           2  rtx_tasks.o(.data)
    counter4                                 0x10000006   Data           2  rtx_tasks.o(.data)
    i                                        0x10000008   Data           4  rtx_tasks.o(.data)
    tsk1                                     0x1000000c   Data           4  rtx_tasks.o(.data)
    tsk2                                     0x10000010   Data           4  rtx_tasks.o(.data)
    tsk3                                     0x10000014   Data           4  rtx_tasks.o(.data)
    tsk4                                     0x10000018   Data           4  rtx_tasks.o(.data)
    SystemCoreClock                          0x1000001c   Data           4  system_lpc17xx.o(.data)
    m_tmr                                    0x10000020   Data           4  rtx_conf_cm.o(.data)
    os_tsk                                   0x10000024   Data           8  rt_task.o(.data)
    os_time                                  0x1000002c   Data           2  rt_time.o(.data)
    dbg_msg                                  0x1000002e   Data           1  hal_cm3.o(.data)
    os_tmr                                   0x10000034   Data           8  rt_timer.o(.data)
    arr1                                     0x1000003c   Data          20  rtx_tasks.o(.bss)
    arr2                                     0x10000050   Data          20  rtx_tasks.o(.bss)
    arr3                                     0x10000064   Data          20  rtx_tasks.o(.bss)
    arr4                                     0x10000078   Data          20  rtx_tasks.o(.bss)
    mp_tcb                                   0x1000008c   Data         348  rtx_conf_cm.o(.bss)
    mp_stk                                   0x100001e8   Data        1616  rtx_conf_cm.o(.bss)
    os_fifo                                  0x10000838   Data         132  rtx_conf_cm.o(.bss)
    os_active_TCB                            0x100008bc   Data          28  rtx_conf_cm.o(.bss)
    os_idle_TCB                              0x100008d8   Data          48  rt_task.o(.bss)
    os_rdy                                   0x10000908   Data          24  rt_list.o(.bss)
    os_dly                                   0x10000920   Data          24  rt_list.o(.bss)
    __initial_sp                             0x10000b38   Data           0  startup_lpc17xx.o(STACK)



==============================================================================

Memory Map of the image

  Image Entry point : 0x000000cd

  Load Region LR_IROM1 (Base: 0x00000000, Size: 0x000012c0, Max: 0x00080000, ABSOLUTE)

    Execution Region ER_IROM1 (Base: 0x00000000, Size: 0x00001284, Max: 0x00080000, ABSOLUTE)

    Base Addr    Size         Type   Attr      Idx    E Section Name        Object

    0x00000000   0x000000cc   Data   RO          114    RESET               startup_lpc17xx.o
    0x000000cc   0x00000000   Code   RO          613  * .ARM.Collect$$$$00000000  mc_w.l(entry.o)
    0x000000cc   0x00000004   Code   RO          879    .ARM.Collect$$$$00000001  mc_w.l(entry2.o)
    0x000000d0   0x00000004   Code   RO          882    .ARM.Collect$$$$00000004  mc_w.l(entry5.o)
    0x000000d4   0x00000008   Code   RO          883    .ARM.Collect$$$$00000007  mc_w.l(entry7.o)
    0x000000dc   0x00000004   Code   RO          880    .ARM.Collect$$$$00002712  mc_w.l(entry2.o)
    0x000000e0   0x0000014c   Code   RO          293    .emb_text           RTX_CM3.LIB(hal_cm3.o)
    0x0000022c   0x0000000a   Code   RO           80    .text               rtx_conf_cm.o
    0x00000236   0x00000002   PAD
    0x00000238   0x00000024   Code   RO          116    .text               startup_lpc17xx.o
    0x0000025c   0x00000062   Code   RO          616    .text               mc_w.l(uldiv.o)
    0x000002be   0x0000002c   Code   RO          887    .text               mc_w.l(uidiv.o)
    0x000002ea   0x00000002   PAD
    0x000002ec   0x00000004   Code   RO          499    SVC_TABLE           RTX_CM3.LIB(SVC_Table.o)
    0x000002f0   0x00000002   Code   RO          915    i.__scatterload_null  mc_w.l(handlers.o)
    0x000002f2   0x0000000a   Code   RO          672    i._sputc            mc_w.l(printf1.o)
    0x000002fc   0x00000004   Code   RO          115    .ARM.__at_0x02FC    startup_lpc17xx.o
    0x00000300   0x00000230   Code   RO            2    .text               rtx_tasks.o
    0x00000530   0x000001a0   Code   RO           52    .text               system_lpc17xx.o
    0x000006d0   0x0000001e   Code   RO          889    .text               mc_w.l(llshl.o)
    0x000006ee   0x00000020   Code   RO          891    .text               mc_w.l(llushr.o)
    0x0000070e   0x00000002   PAD
    0x00000710   0x00000024   Code   RO          904    .text               mc_w.l(init.o)
    0x00000734   0x00000028   Code   RO          665    i.__0sprintf$1      mc_w.l(printf1.o)
    0x0000075c   0x0000000e   Code   RO          914    i.__scatterload_copy  mc_w.l(handlers.o)
    0x0000076a   0x0000000e   Code   RO          916    i.__scatterload_zeroinit  mc_w.l(handlers.o)
    0x00000778   0x00000046   Code   RO          470    i._init_box         RTX_CM3.LIB(rt_membox.o)
    0x000007be   0x00000002   PAD
    0x000007c0   0x00000150   Code   RO          670    i._printf_core      mc_w.l(printf1.o)
    0x00000910   0x0000002c   Code   RO          294    i.dbg_init          RTX_CM3.LIB(hal_cm3.o)
    0x0000093c   0x00000020   Code   RO          295    i.dbg_task_notify   RTX_CM3.LIB(hal_cm3.o)
    0x0000095c   0x00000010   Code   RO          296    i.dbg_task_switch   RTX_CM3.LIB(hal_cm3.o)
    0x0000096c   0x0000001c   Code   RO          471    i.rt_alloc_box      RTX_CM3.LIB(rt_membox.o)
    0x00000988   0x00000038   Code   RO          122    i.rt_block          RTX_CM3.LIB(rt_task.o)
    0x000009c0   0x00000074   Code   RO          390    i.rt_dec_dly        RTX_CM3.LIB(rt_list.o)
    0x00000a34   0x00000044   Code   RO          123    i.rt_dispatch       RTX_CM3.LIB(rt_task.o)
    0x00000a78   0x00000006   Code   RO          266    i.rt_dly_wait       RTX_CM3.LIB(rt_time.o)
    0x00000a7e   0x00000002   PAD
    0x00000a80   0x0000004c   Code   RO          223    i.rt_evt_psh        RTX_CM3.LIB(rt_event.o)
    0x00000acc   0x00000060   Code   RO          224    i.rt_evt_set        RTX_CM3.LIB(rt_event.o)
    0x00000b2c   0x00000040   Code   RO          225    i.rt_evt_wait       RTX_CM3.LIB(rt_event.o)
    0x00000b6c   0x00000020   Code   RO          472    i.rt_free_box       RTX_CM3.LIB(rt_membox.o)
    0x00000b8c   0x00000028   Code   RO          391    i.rt_get_first      RTX_CM3.LIB(rt_list.o)
    0x00000bb4   0x00000024   Code   RO          392    i.rt_get_same_rdy_prio  RTX_CM3.LIB(rt_list.o)
    0x00000bd8   0x00000044   Code   RO          124    i.rt_init_context   RTX_CM3.LIB(rt_task.o)
    0x00000c1c   0x00000050   Code   RO          297    i.rt_init_stack     RTX_CM3.LIB(hal_cm3.o)
    0x00000c6c   0x000000c0   Code   RO          506    i.rt_mbx_psh        RTX_CM3.LIB(rt_mailbox.o)
    0x00000d2c   0x00000084   Code   RO          335    i.rt_pop_req        RTX_CM3.LIB(rt_system.o)
    0x00000db0   0x00000048   Code   RO          394    i.rt_put_dly        RTX_CM3.LIB(rt_list.o)
    0x00000df8   0x00000036   Code   RO          395    i.rt_put_prio       RTX_CM3.LIB(rt_list.o)
    0x00000e2e   0x00000002   PAD
    0x00000e30   0x00000014   Code   RO          396    i.rt_put_rdy_first  RTX_CM3.LIB(rt_list.o)
    0x00000e44   0x00000028   Code   RO          398    i.rt_rmv_dly        RTX_CM3.LIB(rt_list.o)
    0x00000e6c   0x00000030   Code   RO          399    i.rt_rmv_list       RTX_CM3.LIB(rt_list.o)
    0x00000e9c   0x00000034   Code   RO          552    i.rt_sem_psh        RTX_CM3.LIB(rt_semaphore.o)
    0x00000ed0   0x00000024   Code   RO          337    i.rt_stk_check      RTX_CM3.LIB(rt_system.o)
    0x00000ef4   0x00000028   Code   RO          125    i.rt_switch_req     RTX_CM3.LIB(rt_task.o)
    0x00000f1c   0x0000013c   Code   RO          126    i.rt_sys_init       RTX_CM3.LIB(rt_task.o)
    0x00001058   0x0000003c   Code   RO          338    i.rt_systick        RTX_CM3.LIB(rt_system.o)
    0x00001094   0x00000040   Code   RO          588    i.rt_tmr_tick       RTX_CM3.LIB(rt_timer.o)
    0x000010d4   0x00000090   Code   RO          127    i.rt_tsk_create     RTX_CM3.LIB(rt_task.o)
    0x00001164   0x000000ac   Code   RO          128    i.rt_tsk_delete     RTX_CM3.LIB(rt_task.o)
    0x00001210   0x00000030   Code   RO          129    i.rt_tsk_pass       RTX_CM3.LIB(rt_task.o)
    0x00001240   0x00000002   Data   RO           85    .constdata          rtx_conf_cm.o
    0x00001242   0x00000002   PAD
    0x00001244   0x00000004   Data   RO           86    .constdata          rtx_conf_cm.o
    0x00001248   0x00000004   Data   RO           88    .constdata          rtx_conf_cm.o
    0x0000124c   0x00000001   Data   RO           89    .constdata          rtx_conf_cm.o
    0x0000124d   0x00000003   PAD
    0x00001250   0x00000008   Data   RO           90    .constdata          rtx_conf_cm.o
    0x00001258   0x00000002   Data   RO           91    .constdata          rtx_conf_cm.o
    0x0000125a   0x00000002   PAD
    0x0000125c   0x00000004   Data   RO           92    .constdata          rtx_conf_cm.o
    0x00001260   0x00000001   Data   RO           93    .constdata          rtx_conf_cm.o
    0x00001261   0x00000001   PAD
    0x00001262   0x00000002   Data   RO           94    .constdata          rtx_conf_cm.o
    0x00001264   0x00000020   Data   RO          912    Region$$Table       anon$$obj.o


    Execution Region RW_IRAM1 (Base: 0x10000000, Size: 0x00000b38, Max: 0x00008000, ABSOLUTE)

    Base Addr    Size         Type   Attr      Idx    E Section Name        Object

    0x10000000   0x0000001c   Data   RW            4    .data               rtx_tasks.o
    0x1000001c   0x00000004   Data   RW           53    .data               system_lpc17xx.o
    0x10000020   0x00000004   Data   RW           95    .data               rtx_conf_cm.o
    0x10000024   0x00000008   Data   RW          133    .data               RTX_CM3.LIB(rt_task.o)
    0x1000002c   0x00000002   Data   RW          269    .data               RTX_CM3.LIB(rt_time.o)
    0x1000002e   0x00000001   Data   RW          298    .data               RTX_CM3.LIB(hal_cm3.o)
    0x1000002f   0x00000002   Data   RW          341    .data               RTX_CM3.LIB(rt_system.o)
    0x10000031   0x00000003   PAD
    0x10000034   0x00000008   Data   RW          589    .data               RTX_CM3.LIB(rt_timer.o)
    0x1000003c   0x00000050   Zero   RW            3    .bss                rtx_tasks.o
    0x1000008c   0x0000015c   Zero   RW           81    .bss                rtx_conf_cm.o
    0x100001e8   0x00000650   Zero   RW           82    .bss                rtx_conf_cm.o
    0x10000838   0x00000084   Zero   RW           83    .bss                rtx_conf_cm.o
    0x100008bc   0x0000001c   Zero   RW           84    .bss                rtx_conf_cm.o
    0x100008d8   0x00000030   Zero   RW          132    .bss                RTX_CM3.LIB(rt_task.o)
    0x10000908   0x00000030   Zero   RW          400    .bss                RTX_CM3.LIB(rt_list.o)
    0x10000938   0x00000200   Zero   RW          112    STACK               startup_lpc17xx.o


==============================================================================

Image component sizes


      Code (inc. data)   RO Data    RW Data    ZI Data      Debug   Object Name

        10          0         28          4       2124       2047   rtx_conf_cm.o
       560        114          0         28         80      12520   rtx_tasks.o
        40         12        204          0        512        952   startup_lpc17xx.o
       416         34          0          4          0       1065   system_lpc17xx.o

    ----------------------------------------------------------------------
      1028        160        272         36       2716      16584   Object Totals
         0          0         32          0          0          0   (incl. Generated)
         2          0          8          0          0          0   (incl. Padding)

    ----------------------------------------------------------------------

      Code (inc. data)   RO Data    RW Data    ZI Data      Debug   Library Member Name

         4          4          0          0          0        136   SVC_Table.o
       504         52          0          1          0       2541   hal_cm3.o
       236         16          0          0          0       1836   rt_event.o
       426         34          0          0         48       4256   rt_list.o
       192          4          0          0          0        737   rt_mailbox.o
       130          0          0          0          0       1705   rt_membox.o
        52          6          0          0          0        513   rt_semaphore.o
       228         38          0          2          0       1505   rt_system.o
       912        160          0          8         48       7252   rt_task.o
         6          0          0          2          0        528   rt_time.o
        64          8          0          8          0        603   rt_timer.o
         0          0          0          0          0          0   entry.o
         8          4          0          0          0          0   entry2.o
         4          0          0          0          0          0   entry5.o
         8          4          0          0          0          0   entry7.o
        30          0          0          0          0          0   handlers.o
        36          8          0          0          0         68   init.o
        30          0          0          0          0         68   llshl.o
        32          0          0          0          0         68   llushr.o
       386         10          0          0          0        248   printf1.o
        44          0          0          0          0         80   uidiv.o
        98          0          0          0          0         92   uldiv.o

    ----------------------------------------------------------------------
      3440        348          0         24         96      22236   Library Totals
        10          0          0          3          0          0   (incl. Padding)

    ----------------------------------------------------------------------

      Code (inc. data)   RO Data    RW Data    ZI Data      Debug   Library Name

      2754        322          0         21         96      21612   RTX_CM3.LIB
       676         26          0          0          0        624   mc_w.l

    ----------------------------------------------------------------------
      3440        348          0         24         96      22236   Library Totals

    ----------------------------------------------------------------------

==============================================================================


      Code (inc. data)   RO Data    RW Data    ZI Data      Debug   

      4468        508        272         60       2812      36636   Grand Totals
      4468        508        272         60       2812      36636   ELF Image Totals
      4468        508        272         60          0          0   ROM Totals

==============================================================================

    Total RO  Size (Code + RO Data)                 4740 (   4.63kB)
    Total RW  Size (RW Data + ZI Data)              2872 (   2.80kB)
    Total ROM Size (Code + RO Data + RW Data)       4800 (   4.69kB)

==============================================================================

