<html>
<body>
<pre>
<h1>µVision Build Log</h1>
<h2>Project:</h2>
D:\BASAVARAJ\WORKING_FOLDER\RTOS-PROJECTS\RTOS-ALS-SDA-ARMCTXM3-REV02\EXAMPLES\6.RTX_tasks\RTX_tasks.uvproj
Project File Date:  05/13/2015

<h2>Output:</h2>
Build target 'Target 1'
compiling RTX_tasks.c...
compiling system_LPC17xx.c...
compiling RTX_Conf_CM.c...
assembling startup_LPC17xx.s...
linking...
Program Size: Code=4468 RO-data=272 RW-data=60 ZI-data=2812  
FromELF: creating hex file...
"RTX_tasks.axf" - 0 Error(s), 0 Warning(s).
