<html>
<body>
<pre>
<h1>µVision Build Log</h1>
<h2>Project:</h2>
D:\BASAVARAJ\WORKING_FOLDER\RTOS-PROJECTS\RTOS-ALS-SDA-ARMCTXM3-REV02\EXAMPLES\15.RTX-DC-MOTOR\RTX-DC-MOTOR.uvproj
Project File Date:  05/13/2015

<h2>Output:</h2>
Build target 'Target 1'
compiling RTX-DC-MOTOR.c...
compiling RTX_Conf_CM.c...
assembling startup_LPC17xx.s...
compiling system_LPC17xx.c...
linking...
Program Size: Code=4524 RO-data=276 RW-data=112 ZI-data=2736  
FromELF: creating hex file...
"RTX-DC-MOTOR.axf" - 0 Error(s), 0 Warning(s).
