<html>
<body>
<pre>
<h1>µVision Build Log</h1>
<h2>Project:</h2>
D:\KIRAN\BACKUPS\BASSU\RTOS-PROJECTS\RTOS-ALS-SDA-ARMCTXM3-REV02\EXAMPLES\1.RTX-HELLO-WORLD\Hello-World.uvproj
Project File Date:  05/18/2015

<h2>Output:</h2>
Build target 'Target 1'
compiling Hello-World.c...
compiling RTX_Conf_CM.c...
assembling startup_LPC17xx.s...
compiling system_LPC17xx.c...
linking...
Program Size: Code=3964 RO-data=272 RW-data=68 ZI-data=2748  
FromELF: creating hex file...
"Hello-World.axf" - 0 Error(s), 0 Warning(s).
