<html>
<body>
<pre>
<h1>µVision Build Log</h1>
<h2>Project:</h2>
D:\Embedded-OS\os 2017\CortexM3 with RTX kernel-examples\EXAMPLES\1.RTX-HELLO-WORLD\Hello-World.uvproj
Project File Date:  02/26/2019

<h2>Output:</h2>
Rebuild target 'Target 1'
compiling Hello-World.c...
compiling RTX_Conf_CM.c...
assembling startup_LPC17xx.s...
compiling system_LPC17xx.c...
linking...
Program Size: Code=4240 RO-data=276 RW-data=76 ZI-data=2812  
FromELF: creating hex file...
".\Hello-World.axf" - 0 Error(s), 0 Warning(s).
Error: Target DLL has been cancelled. Debugger aborted !
</pre>
</body>
</html>
