<html>
<body>
<pre>
<h1>µVision Build Log</h1>
<h2>Project:</h2>
D:\BASAVARAJ\WORKING_FOLDER\RTOS-PROJECTS\RTOS-ALS-SDA-ARMCTXM3-REV02\EXAMPLES\24.RTX-MAILBOX-SPI-ADC\RTX-MAILBOX-SPI-ADC.uvproj
Project File Date:  05/15/2015

<h2>Output:</h2>
Build target 'Target 1'
compiling RTX-MAILBOX-SPI-ADC.c...
compiling system_LPC17xx.c...
compiling RTX_Conf_CM.c...
assembling startup_LPC17xx.s...
linking...
Program Size: Code=5644 RO-data=272 RW-data=72 ZI-data=5288  
FromELF: creating hex file...
"RTX-MAILBOX-SPI-ADC.axf" - 0 Error(s), 0 Warning(s).
