ARM Linker, 4.1 [Build 713] [Evaluation]

==============================================================================

Section Cross References

    rtx-pwm.o(.text) refers to rt_event.o(i.isr_evt_set) for isr_evt_set
    rtx-pwm.o(.text) refers to hal_cm3.o(.emb_text) for os_set_env
    rtx-pwm.o(.text) refers to rt_time.o(i.rt_itv_set) for rt_itv_set
    rtx-pwm.o(.text) refers to rtx-pwm.o(.data) for .data
    rtx-pwm.o(.text) refers to rt_event.o(i.rt_evt_wait) for rt_evt_wait
    rtx-pwm.o(.text) refers to rt_time.o(i.rt_itv_wait) for rt_itv_wait
    rtx-pwm.o(.text) refers to rt_task.o(i.rt_tsk_create) for rt_tsk_create
    rtx-pwm.o(.text) refers to rt_task.o(i.rt_tsk_delete) for rt_tsk_delete
    rtx-pwm.o(.text) refers to rt_task.o(i.rt_sys_init) for rt_sys_init
    startup_lpc17xx.o(RESET) refers to startup_lpc17xx.o(STACK) for __initial_sp
    startup_lpc17xx.o(RESET) refers to startup_lpc17xx.o(.text) for Reset_Handler
    startup_lpc17xx.o(RESET) refers to hal_cm3.o(.emb_text) for SVC_Handler
    startup_lpc17xx.o(RESET) refers to rtx-pwm.o(.text) for PWM1_IRQHandler
    startup_lpc17xx.o(.text) refers to system_lpc17xx.o(.text) for SystemInit
    startup_lpc17xx.o(.text) refers to entry.o(.ARM.Collect$$$$00000000) for __main
    system_lpc17xx.o(.text) refers to uldiv.o(.text) for __aeabi_uldivmod
    system_lpc17xx.o(.text) refers to system_lpc17xx.o(.data) for .data
    rt_task.o(i.rt_block) refers to rt_list.o(i.rt_put_dly) for rt_put_dly
    rt_task.o(i.rt_block) refers to rt_list.o(i.rt_get_first) for rt_get_first
    rt_task.o(i.rt_block) refers to rt_task.o(i.rt_switch_req) for rt_switch_req
    rt_task.o(i.rt_block) refers to rt_task.o(.data) for .data
    rt_task.o(i.rt_block) refers to rt_list.o(.bss) for os_rdy
    rt_task.o(i.rt_dispatch) refers to rt_list.o(i.rt_put_rdy_first) for rt_put_rdy_first
    rt_task.o(i.rt_dispatch) refers to rt_task.o(i.rt_switch_req) for rt_switch_req
    rt_task.o(i.rt_dispatch) refers to rt_list.o(i.rt_get_first) for rt_get_first
    rt_task.o(i.rt_dispatch) refers to rt_list.o(i.rt_put_prio) for rt_put_prio
    rt_task.o(i.rt_dispatch) refers to rt_task.o(.data) for .data
    rt_task.o(i.rt_dispatch) refers to rt_list.o(.bss) for os_rdy
    rt_task.o(i.rt_init_context) refers to rt_membox.o(i.rt_alloc_box) for rt_alloc_box
    rt_task.o(i.rt_init_context) refers to hal_cm3.o(i.rt_init_stack) for rt_init_stack
    rt_task.o(i.rt_init_context) refers to rtx_conf_cm.o(.bss) for mp_stk
    rt_task.o(i.rt_switch_req) refers to hal_cm3.o(i.dbg_task_switch) for dbg_task_switch
    rt_task.o(i.rt_switch_req) refers to rt_task.o(.data) for .data
    rt_task.o(i.rt_switch_req) refers to hal_cm3.o(.data) for dbg_msg
    rt_task.o(i.rt_sys_init) refers to hal_cm3.o(i.dbg_init) for dbg_init
    rt_task.o(i.rt_sys_init) refers to rt_membox.o(i._init_box) for _init_box
    rt_task.o(i.rt_sys_init) refers to rt_task.o(i.rt_init_context) for rt_init_context
    rt_task.o(i.rt_sys_init) refers to hal_cm3.o(.emb_text) for rt_set_PSP
    rt_task.o(i.rt_sys_init) refers to rtx_conf_cm.o(.text) for rt_init_robin
    rt_task.o(i.rt_sys_init) refers to rt_task.o(i.rt_tsk_create) for rt_tsk_create
    rt_task.o(i.rt_sys_init) refers to rtx_conf_cm.o(.bss) for os_active_TCB
    rt_task.o(i.rt_sys_init) refers to rtx_conf_cm.o(.constdata) for os_maxtaskrun
    rt_task.o(i.rt_sys_init) refers to rtx_conf_cm.o(.constdata) for mp_tcb_size
    rt_task.o(i.rt_sys_init) refers to rtx_conf_cm.o(.bss) for mp_tcb
    rt_task.o(i.rt_sys_init) refers to rtx_conf_cm.o(.constdata) for os_stackinfo
    rt_task.o(i.rt_sys_init) refers to rtx_conf_cm.o(.constdata) for mp_stk_size
    rt_task.o(i.rt_sys_init) refers to rtx_conf_cm.o(.bss) for mp_stk
    rt_task.o(i.rt_sys_init) refers to rtx_conf_cm.o(.constdata) for mp_tmr_size
    rt_task.o(i.rt_sys_init) refers to rtx_conf_cm.o(.data) for m_tmr
    rt_task.o(i.rt_sys_init) refers to rt_task.o(.bss) for .bss
    rt_task.o(i.rt_sys_init) refers to rt_list.o(.bss) for os_rdy
    rt_task.o(i.rt_sys_init) refers to rt_task.o(.data) for .data
    rt_task.o(i.rt_sys_init) refers to rtx_conf_cm.o(.bss) for os_fifo
    rt_task.o(i.rt_sys_init) refers to rtx_conf_cm.o(.constdata) for os_fifo_size
    rt_task.o(i.rt_sys_init) refers to rtx_conf_cm.o(.constdata) for os_trv
    rt_task.o(i.rt_tsk_create) refers to rt_membox.o(i.rt_alloc_box) for rt_alloc_box
    rt_task.o(i.rt_tsk_create) refers to rt_task.o(i.rt_init_context) for rt_init_context
    rt_task.o(i.rt_tsk_create) refers to hal_cm3.o(i.dbg_task_notify) for dbg_task_notify
    rt_task.o(i.rt_tsk_create) refers to rt_task.o(i.rt_dispatch) for rt_dispatch
    rt_task.o(i.rt_tsk_create) refers to rtx_conf_cm.o(.bss) for mp_tcb
    rt_task.o(i.rt_tsk_create) refers to rtx_conf_cm.o(.bss) for os_active_TCB
    rt_task.o(i.rt_tsk_create) refers to rtx_conf_cm.o(.constdata) for os_maxtaskrun
    rt_task.o(i.rt_tsk_create) refers to hal_cm3.o(.data) for dbg_msg
    rt_task.o(i.rt_tsk_create) refers to rt_task.o(.data) for .data
    rt_task.o(i.rt_tsk_delete) refers to rt_membox.o(i.rt_free_box) for rt_free_box
    rt_task.o(i.rt_tsk_delete) refers to hal_cm3.o(i.dbg_task_notify) for dbg_task_notify
    rt_task.o(i.rt_tsk_delete) refers to rt_task.o(i.rt_dispatch) for rt_dispatch
    rt_task.o(i.rt_tsk_delete) refers to rt_list.o(i.rt_rmv_list) for rt_rmv_list
    rt_task.o(i.rt_tsk_delete) refers to rt_list.o(i.rt_rmv_dly) for rt_rmv_dly
    rt_task.o(i.rt_tsk_delete) refers to hal_cm3.o(.data) for dbg_msg
    rt_task.o(i.rt_tsk_delete) refers to rt_task.o(.data) for .data
    rt_task.o(i.rt_tsk_delete) refers to rtx_conf_cm.o(.bss) for os_active_TCB
    rt_task.o(i.rt_tsk_delete) refers to rtx_conf_cm.o(.bss) for mp_stk
    rt_task.o(i.rt_tsk_delete) refers to rtx_conf_cm.o(.bss) for mp_tcb
    rt_task.o(i.rt_tsk_delete) refers to rtx_conf_cm.o(.constdata) for os_maxtaskrun
    rt_task.o(i.rt_tsk_pass) refers to rt_list.o(i.rt_get_same_rdy_prio) for rt_get_same_rdy_prio
    rt_task.o(i.rt_tsk_pass) refers to rt_list.o(i.rt_put_prio) for rt_put_prio
    rt_task.o(i.rt_tsk_pass) refers to rt_task.o(i.rt_switch_req) for rt_switch_req
    rt_task.o(i.rt_tsk_pass) refers to rt_task.o(.data) for .data
    rt_task.o(i.rt_tsk_pass) refers to rt_list.o(.bss) for os_rdy
    rt_task.o(i.rt_tsk_prio) refers to rt_list.o(i.rt_put_prio) for rt_put_prio
    rt_task.o(i.rt_tsk_prio) refers to rt_list.o(i.rt_resort_prio) for rt_resort_prio
    rt_task.o(i.rt_tsk_prio) refers to rt_list.o(i.rt_get_first) for rt_get_first
    rt_task.o(i.rt_tsk_prio) refers to rt_task.o(i.rt_dispatch) for rt_dispatch
    rt_task.o(i.rt_tsk_prio) refers to rt_task.o(.data) for .data
    rt_task.o(i.rt_tsk_prio) refers to rtx_conf_cm.o(.constdata) for os_maxtaskrun
    rt_task.o(i.rt_tsk_prio) refers to rtx_conf_cm.o(.bss) for os_active_TCB
    rt_task.o(i.rt_tsk_prio) refers to rt_list.o(.bss) for os_rdy
    rt_task.o(i.rt_tsk_self) refers to rt_task.o(.data) for .data
    rt_event.o(i.isr_evt_set) refers to rt_list.o(i.rt_psq_enq) for rt_psq_enq
    rt_event.o(i.isr_evt_set) refers to rt_system.o(i.rt_psh_req) for rt_psh_req
    rt_event.o(i.isr_evt_set) refers to rtx_conf_cm.o(.bss) for os_active_TCB
    rt_event.o(i.rt_evt_clr) refers to rtx_conf_cm.o(.bss) for os_active_TCB
    rt_event.o(i.rt_evt_get) refers to rt_task.o(.data) for os_tsk
    rt_event.o(i.rt_evt_psh) refers to rt_list.o(i.rt_rmv_dly) for rt_rmv_dly
    rt_event.o(i.rt_evt_psh) refers to rt_list.o(i.rt_put_prio) for rt_put_prio
    rt_event.o(i.rt_evt_psh) refers to rt_list.o(.bss) for os_rdy
    rt_event.o(i.rt_evt_set) refers to rt_list.o(i.rt_rmv_dly) for rt_rmv_dly
    rt_event.o(i.rt_evt_set) refers to rt_task.o(i.rt_dispatch) for rt_dispatch
    rt_event.o(i.rt_evt_set) refers to rtx_conf_cm.o(.bss) for os_active_TCB
    rt_event.o(i.rt_evt_wait) refers to rt_task.o(i.rt_block) for rt_block
    rt_event.o(i.rt_evt_wait) refers to rt_task.o(.data) for os_tsk
    rt_time.o(i.rt_dly_wait) refers to rt_task.o(i.rt_block) for rt_block
    rt_time.o(i.rt_itv_set) refers to rt_task.o(.data) for os_tsk
    rt_time.o(i.rt_itv_set) refers to rt_time.o(.data) for .data
    rt_time.o(i.rt_itv_wait) refers to rt_task.o(i.rt_block) for rt_block
    rt_time.o(i.rt_itv_wait) refers to rt_task.o(.data) for os_tsk
    rt_time.o(i.rt_itv_wait) refers to rt_time.o(.data) for .data
    hal_cm3.o(.emb_text) refers to rtx_conf_cm.o(.constdata) for os_flags
    hal_cm3.o(.emb_text) refers to rt_membox.o(i.rt_alloc_box) for rt_alloc_box
    hal_cm3.o(.emb_text) refers to rt_membox.o(i.rt_free_box) for rt_free_box
    hal_cm3.o(.emb_text) refers to rt_system.o(i.rt_stk_check) for rt_stk_check
    hal_cm3.o(.emb_text) refers to rt_task.o(.data) for os_tsk
    hal_cm3.o(.emb_text) refers to SVC_Table.o(SVC_TABLE) for SVC_Count
    hal_cm3.o(.emb_text) refers to rt_system.o(i.rt_pop_req) for rt_pop_req
    hal_cm3.o(.emb_text) refers to rt_system.o(i.rt_systick) for rt_systick
    hal_cm3.o(i.dbg_init) refers to hal_cm3.o(.data) for .data
    hal_cm3.o(i.rt_init_stack) refers to rtx_conf_cm.o(.constdata) for os_stackinfo
    rt_system.o(i.rt_pop_req) refers to rt_list.o(i.rt_put_rdy_first) for rt_put_rdy_first
    rt_system.o(i.rt_pop_req) refers to rt_semaphore.o(i.rt_sem_psh) for rt_sem_psh
    rt_system.o(i.rt_pop_req) refers to rt_list.o(i.rt_get_first) for rt_get_first
    rt_system.o(i.rt_pop_req) refers to rt_task.o(i.rt_switch_req) for rt_switch_req
    rt_system.o(i.rt_pop_req) refers to rt_event.o(i.rt_evt_psh) for rt_evt_psh
    rt_system.o(i.rt_pop_req) refers to rt_mailbox.o(i.rt_mbx_psh) for rt_mbx_psh
    rt_system.o(i.rt_pop_req) refers to rt_task.o(.data) for os_tsk
    rt_system.o(i.rt_pop_req) refers to rt_system.o(.data) for .data
    rt_system.o(i.rt_pop_req) refers to rtx_conf_cm.o(.bss) for os_fifo
    rt_system.o(i.rt_pop_req) refers to rt_list.o(.bss) for os_rdy
    rt_system.o(i.rt_psh_req) refers to rt_system.o(.data) for .data
    rt_system.o(i.rt_stk_check) refers to rtx_conf_cm.o(.text) for os_error
    rt_system.o(i.rt_stk_check) refers to rt_task.o(.data) for os_tsk
    rt_system.o(i.rt_systick) refers to rt_list.o(i.rt_put_rdy_first) for rt_put_rdy_first
    rt_system.o(i.rt_systick) refers to rtx_conf_cm.o(.text) for rt_chk_robin
    rt_system.o(i.rt_systick) refers to rt_list.o(i.rt_dec_dly) for rt_dec_dly
    rt_system.o(i.rt_systick) refers to rt_timer.o(i.rt_tmr_tick) for rt_tmr_tick
    rt_system.o(i.rt_systick) refers to rt_list.o(i.rt_get_first) for rt_get_first
    rt_system.o(i.rt_systick) refers to rt_task.o(i.rt_switch_req) for rt_switch_req
    rt_system.o(i.rt_systick) refers to rt_task.o(.data) for os_tsk
    rt_system.o(i.rt_systick) refers to rt_time.o(.data) for os_time
    rt_system.o(i.rt_systick) refers to rt_list.o(.bss) for os_rdy
    rt_system.o(i.rt_tsk_lock) refers to rt_system.o(.data) for .data
    rt_system.o(i.rt_tsk_unlock) refers to rt_system.o(.data) for .data
    rt_list.o(i.rt_dec_dly) refers to rt_list.o(i.rt_put_prio) for rt_put_prio
    rt_list.o(i.rt_dec_dly) refers to rt_list.o(.bss) for .bss
    rt_list.o(i.rt_dec_dly) refers to rt_time.o(.data) for os_time
    rt_list.o(i.rt_get_same_rdy_prio) refers to rt_list.o(.bss) for .bss
    rt_list.o(i.rt_get_same_rdy_prio) refers to rt_task.o(.data) for os_tsk
    rt_list.o(i.rt_psq_enq) refers to rtx_conf_cm.o(.text) for os_error
    rt_list.o(i.rt_psq_enq) refers to rtx_conf_cm.o(.bss) for os_fifo
    rt_list.o(i.rt_put_dly) refers to rt_list.o(.bss) for .bss
    rt_list.o(i.rt_put_rdy_first) refers to rt_list.o(.bss) for .bss
    rt_list.o(i.rt_resort_prio) refers to rt_list.o(i.rt_rmv_list) for rt_rmv_list
    rt_list.o(i.rt_resort_prio) refers to rt_list.o(i.rt_put_prio) for rt_put_prio
    rt_list.o(i.rt_resort_prio) refers to rt_list.o(.bss) for .bss
    rt_list.o(i.rt_rmv_list) refers to rt_list.o(.bss) for .bss
    rt_membox.o(i._calloc_box) refers to hal_cm3.o(.emb_text) for _alloc_box
    rt_mailbox.o(i.isr_mbx_receive) refers to rt_list.o(i.rt_psq_enq) for rt_psq_enq
    rt_mailbox.o(i.isr_mbx_receive) refers to rt_system.o(i.rt_psh_req) for rt_psh_req
    rt_mailbox.o(i.isr_mbx_send) refers to rt_list.o(i.rt_psq_enq) for rt_psq_enq
    rt_mailbox.o(i.isr_mbx_send) refers to rt_system.o(i.rt_psh_req) for rt_psh_req
    rt_mailbox.o(i.rt_mbx_psh) refers to rt_list.o(i.rt_get_first) for rt_get_first
    rt_mailbox.o(i.rt_mbx_psh) refers to rt_list.o(i.rt_rmv_dly) for rt_rmv_dly
    rt_mailbox.o(i.rt_mbx_psh) refers to rt_list.o(i.rt_put_prio) for rt_put_prio
    rt_mailbox.o(i.rt_mbx_psh) refers to rtx_conf_cm.o(.text) for os_error
    rt_mailbox.o(i.rt_mbx_psh) refers to rt_list.o(.bss) for os_rdy
    rt_mailbox.o(i.rt_mbx_send) refers to rt_list.o(i.rt_put_prio) for rt_put_prio
    rt_mailbox.o(i.rt_mbx_send) refers to rt_list.o(i.rt_get_first) for rt_get_first
    rt_mailbox.o(i.rt_mbx_send) refers to rt_list.o(i.rt_rmv_dly) for rt_rmv_dly
    rt_mailbox.o(i.rt_mbx_send) refers to rt_task.o(i.rt_dispatch) for rt_dispatch
    rt_mailbox.o(i.rt_mbx_send) refers to rt_task.o(i.rt_block) for rt_block
    rt_mailbox.o(i.rt_mbx_send) refers to rt_task.o(.data) for os_tsk
    rt_mailbox.o(i.rt_mbx_wait) refers to rt_list.o(i.rt_get_first) for rt_get_first
    rt_mailbox.o(i.rt_mbx_wait) refers to rt_list.o(i.rt_rmv_dly) for rt_rmv_dly
    rt_mailbox.o(i.rt_mbx_wait) refers to rt_task.o(i.rt_dispatch) for rt_dispatch
    rt_mailbox.o(i.rt_mbx_wait) refers to rt_list.o(i.rt_put_prio) for rt_put_prio
    rt_mailbox.o(i.rt_mbx_wait) refers to rt_task.o(i.rt_block) for rt_block
    rt_mailbox.o(i.rt_mbx_wait) refers to rt_task.o(.data) for os_tsk
    rt_semaphore.o(i.isr_sem_send) refers to rt_list.o(i.rt_psq_enq) for rt_psq_enq
    rt_semaphore.o(i.isr_sem_send) refers to rt_system.o(i.rt_psh_req) for rt_psh_req
    rt_semaphore.o(i.rt_sem_psh) refers to rt_list.o(i.rt_get_first) for rt_get_first
    rt_semaphore.o(i.rt_sem_psh) refers to rt_list.o(i.rt_rmv_dly) for rt_rmv_dly
    rt_semaphore.o(i.rt_sem_psh) refers to rt_list.o(i.rt_put_prio) for rt_put_prio
    rt_semaphore.o(i.rt_sem_psh) refers to rt_list.o(.bss) for os_rdy
    rt_semaphore.o(i.rt_sem_send) refers to rt_list.o(i.rt_get_first) for rt_get_first
    rt_semaphore.o(i.rt_sem_send) refers to rt_list.o(i.rt_rmv_dly) for rt_rmv_dly
    rt_semaphore.o(i.rt_sem_send) refers to rt_task.o(i.rt_dispatch) for rt_dispatch
    rt_semaphore.o(i.rt_sem_send) refers to rt_task.o(.data) for os_tsk
    rt_semaphore.o(i.rt_sem_wait) refers to rt_list.o(i.rt_put_prio) for rt_put_prio
    rt_semaphore.o(i.rt_sem_wait) refers to rt_task.o(i.rt_block) for rt_block
    rt_semaphore.o(i.rt_sem_wait) refers to rt_task.o(.data) for os_tsk
    rt_timer.o(i.rt_tmr_create) refers to rt_membox.o(i.rt_alloc_box) for rt_alloc_box
    rt_timer.o(i.rt_tmr_create) refers to rtx_conf_cm.o(.data) for m_tmr
    rt_timer.o(i.rt_tmr_create) refers to rt_timer.o(.data) for .data
    rt_timer.o(i.rt_tmr_kill) refers to rt_membox.o(i.rt_free_box) for rt_free_box
    rt_timer.o(i.rt_tmr_kill) refers to rt_timer.o(.data) for .data
    rt_timer.o(i.rt_tmr_kill) refers to rtx_conf_cm.o(.data) for m_tmr
    rt_timer.o(i.rt_tmr_tick) refers to rtx_conf_cm.o(.text) for os_tmr_call
    rt_timer.o(i.rt_tmr_tick) refers to rt_membox.o(i.rt_free_box) for rt_free_box
    rt_timer.o(i.rt_tmr_tick) refers to rt_timer.o(.data) for .data
    rt_timer.o(i.rt_tmr_tick) refers to rtx_conf_cm.o(.data) for m_tmr
    entry.o(.ARM.Collect$$$$00000000) refers (Special) to entry7.o(.ARM.Collect$$$$00000007) for _main_init
    entry.o(.ARM.Collect$$$$00000000) refers (Special) to entry5.o(.ARM.Collect$$$$00000004) for _main_scatterload
    entry.o(.ARM.Collect$$$$00000000) refers (Special) to entry2.o(.ARM.Collect$$$$00000001) for _main_stk
    uldiv.o(.text) refers to llushr.o(.text) for __aeabi_llsr
    uldiv.o(.text) refers to llshl.o(.text) for __aeabi_llsl
    entry2.o(.ARM.Collect$$$$00000001) refers to entry2.o(.ARM.Collect$$$$00002712) for __lit__00000000
    entry2.o(.ARM.Collect$$$$00002712) refers to startup_lpc17xx.o(STACK) for __initial_sp
    entry2.o(__vectab_stack_and_reset_area) refers to startup_lpc17xx.o(STACK) for __initial_sp
    entry2.o(__vectab_stack_and_reset_area) refers to entry.o(.ARM.Collect$$$$00000000) for __main
    entry5.o(.ARM.Collect$$$$00000004) refers to init.o(.text) for __scatterload
    entry7.o(.ARM.Collect$$$$00000007) refers to rtx-pwm.o(.text) for main
    init.o(.text) refers to entry5.o(.ARM.Collect$$$$00000004) for __main_after_scatterload


==============================================================================

Removing Unused input sections from the image.

    Removing rtx-pwm.o(.emb_text), (8 bytes).
    Removing rtx-pwm.o(.data), (4 bytes).
    Removing rtx-pwm.o(.data), (4 bytes).
    Removing rtx-pwm.o(.data), (1 bytes).
    Removing rtx_conf_cm.o(.constdata), (4 bytes).
    Removing startup_lpc17xx.o(HEAP), (0 bytes).
    Removing system_lpc17xx.o(.emb_text), (8 bytes).
    Removing rt_task.o(i.rt_tsk_pass), (48 bytes).
    Removing rt_task.o(i.rt_tsk_prio), (128 bytes).
    Removing rt_task.o(i.rt_tsk_self), (16 bytes).
    Removing rt_event.o(i.rt_evt_clr), (28 bytes).
    Removing rt_event.o(i.rt_evt_get), (12 bytes).
    Removing rt_event.o(i.rt_evt_set), (96 bytes).
    Removing rt_time.o(i.rt_dly_wait), (6 bytes).
    Removing rt_system.o(.emb_text), (0 bytes).
    Removing rt_system.o(i.rt_tsk_lock), (20 bytes).
    Removing rt_system.o(i.rt_tsk_unlock), (36 bytes).
    Removing rt_list.o(i.rt_get_same_rdy_prio), (36 bytes).
    Removing rt_list.o(i.rt_resort_prio), (52 bytes).
    Removing rt_membox.o(i._calloc_box), (30 bytes).
    Removing rt_mailbox.o(i.isr_mbx_receive), (84 bytes).
    Removing rt_mailbox.o(i.isr_mbx_send), (14 bytes).
    Removing rt_mailbox.o(i.rt_mbx_check), (8 bytes).
    Removing rt_mailbox.o(i.rt_mbx_init), (24 bytes).
    Removing rt_mailbox.o(i.rt_mbx_send), (164 bytes).
    Removing rt_mailbox.o(i.rt_mbx_wait), (180 bytes).
    Removing rt_semaphore.o(i.isr_sem_send), (16 bytes).
    Removing rt_semaphore.o(i.rt_sem_init), (12 bytes).
    Removing rt_semaphore.o(i.rt_sem_send), (56 bytes).
    Removing rt_semaphore.o(i.rt_sem_wait), (60 bytes).
    Removing rt_timer.o(i.rt_tmr_create), (80 bytes).
    Removing rt_timer.o(i.rt_tmr_kill), (52 bytes).

32 unused section(s) (total 1287 bytes) removed from the image.

==============================================================================

Image Symbol Table

    Local Symbols

    Symbol Name                              Value     Ov Type        Size  Object(Section)

    RESET                                    0x00000000   Section      204  startup_lpc17xx.o(RESET)
    ../../microlib/division.c                0x00000000   Number         0  uldiv.o ABSOLUTE
    ../../microlib/init/entry.s              0x00000000   Number         0  entry7.o ABSOLUTE
    ../../microlib/init/entry.s              0x00000000   Number         0  entry.o ABSOLUTE
    ../../microlib/init/entry.s              0x00000000   Number         0  entry2.o ABSOLUTE
    ../../microlib/init/entry.s              0x00000000   Number         0  entry5.o ABSOLUTE
    ../../microlib/longlong.c                0x00000000   Number         0  llushr.o ABSOLUTE
    ../../microlib/longlong.c                0x00000000   Number         0  llshl.o ABSOLUTE
    RTX-PWM.c                                0x00000000   Number         0  rtx-pwm.o ABSOLUTE
    RTX-PWM.c                                0x00000000   Number         0  rtx-pwm.o ABSOLUTE
    RTX_Conf_CM.c                            0x00000000   Number         0  rtx_conf_cm.o ABSOLUTE
    SRC\CM\HAL_CM3.c                         0x00000000   Number         0  hal_cm3.o ABSOLUTE
    SRC\CM\SVC_Table.s                       0x00000000   Number         0  SVC_Table.o ABSOLUTE
    SRC\CM\rt_Event.c                        0x00000000   Number         0  rt_event.o ABSOLUTE
    SRC\CM\rt_List.c                         0x00000000   Number         0  rt_list.o ABSOLUTE
    SRC\CM\rt_Mailbox.c                      0x00000000   Number         0  rt_mailbox.o ABSOLUTE
    SRC\CM\rt_MemBox.c                       0x00000000   Number         0  rt_membox.o ABSOLUTE
    SRC\CM\rt_Semaphore.c                    0x00000000   Number         0  rt_semaphore.o ABSOLUTE
    SRC\CM\rt_System.c                       0x00000000   Number         0  rt_system.o ABSOLUTE
    SRC\CM\rt_Task.c                         0x00000000   Number         0  rt_task.o ABSOLUTE
    SRC\CM\rt_Time.c                         0x00000000   Number         0  rt_time.o ABSOLUTE
    SRC\CM\rt_Timer.c                        0x00000000   Number         0  rt_timer.o ABSOLUTE
    SRC\\CM\\HAL_CM3.c                       0x00000000   Number         0  hal_cm3.o ABSOLUTE
    SRC\\CM\\rt_System.c                     0x00000000   Number         0  rt_system.o ABSOLUTE
    dc.s                                     0x00000000   Number         0  dc.o ABSOLUTE
    handlers.s                               0x00000000   Number         0  handlers.o ABSOLUTE
    init.s                                   0x00000000   Number         0  init.o ABSOLUTE
    startup_LPC17xx.s                        0x00000000   Number         0  startup_lpc17xx.o ABSOLUTE
    system_LPC17xx.c                         0x00000000   Number         0  system_lpc17xx.o ABSOLUTE
    system_LPC17xx.c                         0x00000000   Number         0  system_lpc17xx.o ABSOLUTE
    .ARM.Collect$$$$00000000                 0x000000cc   Section        0  entry.o(.ARM.Collect$$$$00000000)
    .ARM.Collect$$$$00000001                 0x000000cc   Section        4  entry2.o(.ARM.Collect$$$$00000001)
    .ARM.Collect$$$$00000004                 0x000000d0   Section        4  entry5.o(.ARM.Collect$$$$00000004)
    .ARM.Collect$$$$00000007                 0x000000d4   Section        8  entry7.o(.ARM.Collect$$$$00000007)
    .ARM.Collect$$$$00002712                 0x000000dc   Section        4  entry2.o(.ARM.Collect$$$$00002712)
    __lit__00000000                          0x000000dc   Data           4  entry2.o(.ARM.Collect$$$$00002712)
    .emb_text                                0x000000e0   Section      332  hal_cm3.o(.emb_text)
    .text                                    0x0000022c   Section        0  rtx_conf_cm.o(.text)
    .text                                    0x00000238   Section       36  startup_lpc17xx.o(.text)
    .text                                    0x0000025c   Section        0  uldiv.o(.text)
    .text                                    0x000002be   Section        0  llshl.o(.text)
    .text                                    0x000002dc   Section        0  llushr.o(.text)
    .ARM.__at_0x02FC                         0x000002fc   Section        4  startup_lpc17xx.o(.ARM.__at_0x02FC)
    .text                                    0x00000300   Section        0  rtx-pwm.o(.text)
    .text                                    0x00000454   Section        0  system_lpc17xx.o(.text)
    .text                                    0x000005f4   Section       36  init.o(.text)
    SVC_TABLE                                0x00000618   Section        4  SVC_Table.o(SVC_TABLE)
    i.__scatterload_copy                     0x0000061c   Section       14  handlers.o(i.__scatterload_copy)
    i.__scatterload_null                     0x0000062a   Section        2  handlers.o(i.__scatterload_null)
    i.__scatterload_zeroinit                 0x0000062c   Section       14  handlers.o(i.__scatterload_zeroinit)
    i._init_box                              0x0000063a   Section        0  rt_membox.o(i._init_box)
    i.dbg_init                               0x00000680   Section        0  hal_cm3.o(i.dbg_init)
    i.dbg_task_notify                        0x000006ac   Section        0  hal_cm3.o(i.dbg_task_notify)
    i.dbg_task_switch                        0x000006cc   Section        0  hal_cm3.o(i.dbg_task_switch)
    i.isr_evt_set                            0x000006dc   Section        0  rt_event.o(i.isr_evt_set)
    i.rt_alloc_box                           0x00000704   Section        0  rt_membox.o(i.rt_alloc_box)
    i.rt_block                               0x00000720   Section        0  rt_task.o(i.rt_block)
    i.rt_dec_dly                             0x00000758   Section        0  rt_list.o(i.rt_dec_dly)
    i.rt_dispatch                            0x000007cc   Section        0  rt_task.o(i.rt_dispatch)
    i.rt_evt_psh                             0x00000810   Section        0  rt_event.o(i.rt_evt_psh)
    i.rt_evt_wait                            0x0000085c   Section        0  rt_event.o(i.rt_evt_wait)
    i.rt_free_box                            0x0000089c   Section        0  rt_membox.o(i.rt_free_box)
    i.rt_get_first                           0x000008bc   Section        0  rt_list.o(i.rt_get_first)
    i.rt_init_context                        0x000008e4   Section        0  rt_task.o(i.rt_init_context)
    rt_init_context                          0x000008e5   Thumb Code    64  rt_task.o(i.rt_init_context)
    i.rt_init_stack                          0x00000928   Section        0  hal_cm3.o(i.rt_init_stack)
    i.rt_itv_set                             0x00000978   Section        0  rt_time.o(i.rt_itv_set)
    i.rt_itv_wait                            0x00000990   Section        0  rt_time.o(i.rt_itv_wait)
    i.rt_mbx_psh                             0x000009bc   Section        0  rt_mailbox.o(i.rt_mbx_psh)
    i.rt_pop_req                             0x00000a7c   Section        0  rt_system.o(i.rt_pop_req)
    i.rt_psh_req                             0x00000b00   Section        0  rt_system.o(i.rt_psh_req)
    i.rt_psq_enq                             0x00000b20   Section        0  rt_list.o(i.rt_psq_enq)
    i.rt_put_dly                             0x00000b78   Section        0  rt_list.o(i.rt_put_dly)
    i.rt_put_prio                            0x00000bc0   Section        0  rt_list.o(i.rt_put_prio)
    i.rt_put_rdy_first                       0x00000bf8   Section        0  rt_list.o(i.rt_put_rdy_first)
    i.rt_rmv_dly                             0x00000c0c   Section        0  rt_list.o(i.rt_rmv_dly)
    i.rt_rmv_list                            0x00000c34   Section        0  rt_list.o(i.rt_rmv_list)
    i.rt_sem_psh                             0x00000c64   Section        0  rt_semaphore.o(i.rt_sem_psh)
    i.rt_stk_check                           0x00000c98   Section        0  rt_system.o(i.rt_stk_check)
    i.rt_switch_req                          0x00000cbc   Section        0  rt_task.o(i.rt_switch_req)
    i.rt_sys_init                            0x00000ce4   Section        0  rt_task.o(i.rt_sys_init)
    i.rt_systick                             0x00000e20   Section        0  rt_system.o(i.rt_systick)
    i.rt_tmr_tick                            0x00000e5c   Section        0  rt_timer.o(i.rt_tmr_tick)
    i.rt_tsk_create                          0x00000e9c   Section        0  rt_task.o(i.rt_tsk_create)
    i.rt_tsk_delete                          0x00000f2c   Section        0  rt_task.o(i.rt_tsk_delete)
    .constdata                               0x00000fd8   Section        2  rtx_conf_cm.o(.constdata)
    .constdata                               0x00000fdc   Section        4  rtx_conf_cm.o(.constdata)
    .constdata                               0x00000fe0   Section        4  rtx_conf_cm.o(.constdata)
    .constdata                               0x00000fe4   Section        1  rtx_conf_cm.o(.constdata)
    .constdata                               0x00000fe8   Section        8  rtx_conf_cm.o(.constdata)
    __tagsym$$used                           0x00000fe8   Number         0  rtx_conf_cm.o(.constdata)
    __tagsym$$used                           0x00000fec   Number         0  rtx_conf_cm.o(.constdata)
    .constdata                               0x00000ff0   Section        2  rtx_conf_cm.o(.constdata)
    .constdata                               0x00000ff4   Section        4  rtx_conf_cm.o(.constdata)
    .constdata                               0x00000ff8   Section        1  rtx_conf_cm.o(.constdata)
    .constdata                               0x00000ffa   Section        2  rtx_conf_cm.o(.constdata)
    .data                                    0x10000000   Section        8  rtx-pwm.o(.data)
    .data                                    0x10000008   Section        4  rtx_conf_cm.o(.data)
    .data                                    0x1000000c   Section        4  system_lpc17xx.o(.data)
    .data                                    0x10000010   Section        8  rt_task.o(.data)
    .data                                    0x10000018   Section        2  rt_time.o(.data)
    .data                                    0x1000001a   Section        1  hal_cm3.o(.data)
    .data                                    0x1000001b   Section        2  rt_system.o(.data)
    os_lock                                  0x1000001b   Data           1  rt_system.o(.data)
    os_psh_flag                              0x1000001c   Data           1  rt_system.o(.data)
    .data                                    0x10000020   Section        8  rt_timer.o(.data)
    .bss                                     0x10000028   Section      348  rtx_conf_cm.o(.bss)
    .bss                                     0x10000188   Section     1616  rtx_conf_cm.o(.bss)
    .bss                                     0x100007d8   Section      132  rtx_conf_cm.o(.bss)
    .bss                                     0x1000085c   Section       28  rtx_conf_cm.o(.bss)
    .bss                                     0x10000878   Section       48  rt_task.o(.bss)
    .bss                                     0x100008a8   Section       48  rt_list.o(.bss)
    STACK                                    0x100008d8   Section      512  startup_lpc17xx.o(STACK)

    Global Symbols

    Symbol Name                              Value     Ov Type        Size  Object(Section)

    BuildAttributes$$THM_ISAv4$P$D$K$B$S$PE$A:L22UL41UL21$X:L11$S22US41US21$IEEE1$IW$USESV6$~STKCKD$USESV7$~SHL$OSPACE$EBA8$MICROLIB$REQ8$PRES8$EABIv2 0x00000000   Number         0  anon$$obj.o ABSOLUTE
    __ARM_use_no_argv                        0x00000000   Number         0  rtx-pwm.o ABSOLUTE
    __Vectors                                0x00000000   Data           4  startup_lpc17xx.o(RESET)
    __decompress                              - Undefined Weak Reference
    __main                                   0x000000cd   Thumb Code     0  entry.o(.ARM.Collect$$$$00000000)
    _main_stk                                0x000000cd   Thumb Code     0  entry2.o(.ARM.Collect$$$$00000001)
    _main_scatterload                        0x000000d1   Thumb Code     0  entry5.o(.ARM.Collect$$$$00000004)
    __main_after_scatterload                 0x000000d5   Thumb Code     0  entry5.o(.ARM.Collect$$$$00000004)
    _main_init                               0x000000d5   Thumb Code     0  entry7.o(.ARM.Collect$$$$00000007)
    rt_set_PSP                               0x000000e1   Thumb Code     6  hal_cm3.o(.emb_text)
    os_set_env                               0x000000e7   Thumb Code    26  hal_cm3.o(.emb_text)
    _alloc_box                               0x00000105   Thumb Code    28  hal_cm3.o(.emb_text)
    _free_box                                0x00000125   Thumb Code    28  hal_cm3.o(.emb_text)
    SVC_Handler                              0x00000145   Thumb Code   132  hal_cm3.o(.emb_text)
    PendSV_Handler                           0x000001d5   Thumb Code     0  hal_cm3.o(.emb_text)
    Sys_Handler                              0x000001d5   Thumb Code    84  hal_cm3.o(.emb_text)
    SysTick_Handler                          0x00000221   Thumb Code     0  hal_cm3.o(.emb_text)
    os_idle_demon                            0x0000022d   Thumb Code     2  rtx_conf_cm.o(.text)
    os_tmr_call                              0x0000022f   Thumb Code     2  rtx_conf_cm.o(.text)
    os_error                                 0x00000231   Thumb Code     2  rtx_conf_cm.o(.text)
    rt_init_robin                            0x00000233   Thumb Code     2  rtx_conf_cm.o(.text)
    rt_chk_robin                             0x00000235   Thumb Code     2  rtx_conf_cm.o(.text)
    Reset_Handler                            0x00000239   Thumb Code     8  startup_lpc17xx.o(.text)
    NMI_Handler                              0x00000241   Thumb Code     2  startup_lpc17xx.o(.text)
    HardFault_Handler                        0x00000243   Thumb Code     2  startup_lpc17xx.o(.text)
    MemManage_Handler                        0x00000245   Thumb Code     2  startup_lpc17xx.o(.text)
    BusFault_Handler                         0x00000247   Thumb Code     2  startup_lpc17xx.o(.text)
    UsageFault_Handler                       0x00000249   Thumb Code     2  startup_lpc17xx.o(.text)
    DebugMon_Handler                         0x0000024d   Thumb Code     2  startup_lpc17xx.o(.text)
    ADC_IRQHandler                           0x00000253   Thumb Code     0  startup_lpc17xx.o(.text)
    BOD_IRQHandler                           0x00000253   Thumb Code     0  startup_lpc17xx.o(.text)
    CANActivity_IRQHandler                   0x00000253   Thumb Code     0  startup_lpc17xx.o(.text)
    CAN_IRQHandler                           0x00000253   Thumb Code     0  startup_lpc17xx.o(.text)
    DMA_IRQHandler                           0x00000253   Thumb Code     0  startup_lpc17xx.o(.text)
    EINT0_IRQHandler                         0x00000253   Thumb Code     0  startup_lpc17xx.o(.text)
    EINT1_IRQHandler                         0x00000253   Thumb Code     0  startup_lpc17xx.o(.text)
    EINT2_IRQHandler                         0x00000253   Thumb Code     0  startup_lpc17xx.o(.text)
    EINT3_IRQHandler                         0x00000253   Thumb Code     0  startup_lpc17xx.o(.text)
    ENET_IRQHandler                          0x00000253   Thumb Code     0  startup_lpc17xx.o(.text)
    I2C0_IRQHandler                          0x00000253   Thumb Code     0  startup_lpc17xx.o(.text)
    I2C1_IRQHandler                          0x00000253   Thumb Code     0  startup_lpc17xx.o(.text)
    I2C2_IRQHandler                          0x00000253   Thumb Code     0  startup_lpc17xx.o(.text)
    I2S_IRQHandler                           0x00000253   Thumb Code     0  startup_lpc17xx.o(.text)
    MCPWM_IRQHandler                         0x00000253   Thumb Code     0  startup_lpc17xx.o(.text)
    PLL0_IRQHandler                          0x00000253   Thumb Code     0  startup_lpc17xx.o(.text)
    PLL1_IRQHandler                          0x00000253   Thumb Code     0  startup_lpc17xx.o(.text)
    QEI_IRQHandler                           0x00000253   Thumb Code     0  startup_lpc17xx.o(.text)
    RIT_IRQHandler                           0x00000253   Thumb Code     0  startup_lpc17xx.o(.text)
    RTC_IRQHandler                           0x00000253   Thumb Code     0  startup_lpc17xx.o(.text)
    SPI_IRQHandler                           0x00000253   Thumb Code     0  startup_lpc17xx.o(.text)
    SSP0_IRQHandler                          0x00000253   Thumb Code     0  startup_lpc17xx.o(.text)
    SSP1_IRQHandler                          0x00000253   Thumb Code     0  startup_lpc17xx.o(.text)
    TIMER0_IRQHandler                        0x00000253   Thumb Code     0  startup_lpc17xx.o(.text)
    TIMER1_IRQHandler                        0x00000253   Thumb Code     0  startup_lpc17xx.o(.text)
    TIMER2_IRQHandler                        0x00000253   Thumb Code     0  startup_lpc17xx.o(.text)
    TIMER3_IRQHandler                        0x00000253   Thumb Code     0  startup_lpc17xx.o(.text)
    UART0_IRQHandler                         0x00000253   Thumb Code     0  startup_lpc17xx.o(.text)
    UART1_IRQHandler                         0x00000253   Thumb Code     0  startup_lpc17xx.o(.text)
    UART2_IRQHandler                         0x00000253   Thumb Code     0  startup_lpc17xx.o(.text)
    UART3_IRQHandler                         0x00000253   Thumb Code     0  startup_lpc17xx.o(.text)
    USBActivity_IRQHandler                   0x00000253   Thumb Code     0  startup_lpc17xx.o(.text)
    USB_IRQHandler                           0x00000253   Thumb Code     0  startup_lpc17xx.o(.text)
    WDT_IRQHandler                           0x00000253   Thumb Code     0  startup_lpc17xx.o(.text)
    __aeabi_uldivmod                         0x0000025d   Thumb Code    98  uldiv.o(.text)
    __aeabi_llsl                             0x000002bf   Thumb Code    30  llshl.o(.text)
    _ll_shift_l                              0x000002bf   Thumb Code     0  llshl.o(.text)
    __aeabi_llsr                             0x000002dd   Thumb Code    32  llushr.o(.text)
    _ll_ushift_r                             0x000002dd   Thumb Code     0  llushr.o(.text)
    task1                                    0x00000301   Thumb Code   116  rtx-pwm.o(.text)
    init_task                                0x00000375   Thumb Code    28  rtx-pwm.o(.text)
    pwm_init                                 0x00000391   Thumb Code    82  rtx-pwm.o(.text)
    PWM1_IRQHandler                          0x000003e3   Thumb Code    22  rtx-pwm.o(.text)
    main                                     0x000003f9   Thumb Code    44  rtx-pwm.o(.text)
    __RL_RTX_VER                             0x00000420   Number         0  rt_system.o ABSOLUTE
    SystemCoreClockUpdate                    0x00000455   Thumb Code   194  system_lpc17xx.o(.text)
    SystemInit                               0x00000517   Thumb Code   188  system_lpc17xx.o(.text)
    __scatterload                            0x000005f5   Thumb Code    28  init.o(.text)
    __scatterload_rt2                        0x000005f5   Thumb Code     0  init.o(.text)
    SVC_Count                                0x00000618   Data           4  SVC_Table.o(SVC_TABLE)
    SVC_Table                                0x0000061c   Data           0  SVC_Table.o(SVC_TABLE)
    __scatterload_copy                       0x0000061d   Thumb Code    14  handlers.o(i.__scatterload_copy)
    __scatterload_null                       0x0000062b   Thumb Code     2  handlers.o(i.__scatterload_null)
    __scatterload_zeroinit                   0x0000062d   Thumb Code    14  handlers.o(i.__scatterload_zeroinit)
    _init_box                                0x0000063b   Thumb Code    70  rt_membox.o(i._init_box)
    dbg_init                                 0x00000681   Thumb Code    36  hal_cm3.o(i.dbg_init)
    dbg_task_notify                          0x000006ad   Thumb Code    32  hal_cm3.o(i.dbg_task_notify)
    dbg_task_switch                          0x000006cd   Thumb Code    16  hal_cm3.o(i.dbg_task_switch)
    isr_evt_set                              0x000006dd   Thumb Code    34  rt_event.o(i.isr_evt_set)
    rt_alloc_box                             0x00000705   Thumb Code    28  rt_membox.o(i.rt_alloc_box)
    rt_block                                 0x00000721   Thumb Code    48  rt_task.o(i.rt_block)
    rt_dec_dly                               0x00000759   Thumb Code   106  rt_list.o(i.rt_dec_dly)
    rt_dispatch                              0x000007cd   Thumb Code    60  rt_task.o(i.rt_dispatch)
    rt_evt_psh                               0x00000811   Thumb Code    72  rt_event.o(i.rt_evt_psh)
    rt_evt_wait                              0x0000085d   Thumb Code    58  rt_event.o(i.rt_evt_wait)
    rt_free_box                              0x0000089d   Thumb Code    32  rt_membox.o(i.rt_free_box)
    rt_get_first                             0x000008bd   Thumb Code    40  rt_list.o(i.rt_get_first)
    rt_init_stack                            0x00000929   Thumb Code    70  hal_cm3.o(i.rt_init_stack)
    rt_itv_set                               0x00000979   Thumb Code    16  rt_time.o(i.rt_itv_set)
    rt_itv_wait                              0x00000991   Thumb Code    34  rt_time.o(i.rt_itv_wait)
    rt_mbx_psh                               0x000009bd   Thumb Code   188  rt_mailbox.o(i.rt_mbx_psh)
    rt_pop_req                               0x00000a7d   Thumb Code   114  rt_system.o(i.rt_pop_req)
    rt_psh_req                               0x00000b01   Thumb Code    22  rt_system.o(i.rt_psh_req)
    rt_psq_enq                               0x00000b21   Thumb Code    82  rt_list.o(i.rt_psq_enq)
    rt_put_dly                               0x00000b79   Thumb Code    68  rt_list.o(i.rt_put_dly)
    rt_put_prio                              0x00000bc1   Thumb Code    54  rt_list.o(i.rt_put_prio)
    rt_put_rdy_first                         0x00000bf9   Thumb Code    14  rt_list.o(i.rt_put_rdy_first)
    rt_rmv_dly                               0x00000c0d   Thumb Code    40  rt_list.o(i.rt_rmv_dly)
    rt_rmv_list                              0x00000c35   Thumb Code    44  rt_list.o(i.rt_rmv_list)
    rt_sem_psh                               0x00000c65   Thumb Code    46  rt_semaphore.o(i.rt_sem_psh)
    rt_stk_check                             0x00000c99   Thumb Code    28  rt_system.o(i.rt_stk_check)
    rt_switch_req                            0x00000cbd   Thumb Code    30  rt_task.o(i.rt_switch_req)
    rt_sys_init                              0x00000ce5   Thumb Code   244  rt_task.o(i.rt_sys_init)
    rt_systick                               0x00000e21   Thumb Code    48  rt_system.o(i.rt_systick)
    rt_tmr_tick                              0x00000e5d   Thumb Code    56  rt_timer.o(i.rt_tmr_tick)
    rt_tsk_create                            0x00000e9d   Thumb Code   122  rt_task.o(i.rt_tsk_create)
    rt_tsk_delete                            0x00000f2d   Thumb Code   146  rt_task.o(i.rt_tsk_delete)
    os_maxtaskrun                            0x00000fd8   Data           2  rtx_conf_cm.o(.constdata)
    os_stackinfo                             0x00000fdc   Data           4  rtx_conf_cm.o(.constdata)
    os_trv                                   0x00000fe0   Data           4  rtx_conf_cm.o(.constdata)
    os_flags                                 0x00000fe4   Data           1  rtx_conf_cm.o(.constdata)
    os_clockrate                             0x00000fe8   Data           4  rtx_conf_cm.o(.constdata)
    os_timernum                              0x00000fec   Data           4  rtx_conf_cm.o(.constdata)
    mp_tcb_size                              0x00000ff0   Data           2  rtx_conf_cm.o(.constdata)
    mp_stk_size                              0x00000ff4   Data           4  rtx_conf_cm.o(.constdata)
    os_fifo_size                             0x00000ff8   Data           1  rtx_conf_cm.o(.constdata)
    mp_tmr_size                              0x00000ffa   Data           2  rtx_conf_cm.o(.constdata)
    Region$$Table$$Base                      0x00000ffc   Number         0  anon$$obj.o(Region$$Table)
    Region$$Table$$Limit                     0x0000101c   Number         0  anon$$obj.o(Region$$Table)
    flag                                     0x10000000   Data           1  rtx-pwm.o(.data)
    tsk1                                     0x10000004   Data           4  rtx-pwm.o(.data)
    m_tmr                                    0x10000008   Data           4  rtx_conf_cm.o(.data)
    SystemCoreClock                          0x1000000c   Data           4  system_lpc17xx.o(.data)
    os_tsk                                   0x10000010   Data           8  rt_task.o(.data)
    os_time                                  0x10000018   Data           2  rt_time.o(.data)
    dbg_msg                                  0x1000001a   Data           1  hal_cm3.o(.data)
    os_tmr                                   0x10000020   Data           8  rt_timer.o(.data)
    mp_tcb                                   0x10000028   Data         348  rtx_conf_cm.o(.bss)
    mp_stk                                   0x10000188   Data        1616  rtx_conf_cm.o(.bss)
    os_fifo                                  0x100007d8   Data         132  rtx_conf_cm.o(.bss)
    os_active_TCB                            0x1000085c   Data          28  rtx_conf_cm.o(.bss)
    os_idle_TCB                              0x10000878   Data          48  rt_task.o(.bss)
    os_rdy                                   0x100008a8   Data          24  rt_list.o(.bss)
    os_dly                                   0x100008c0   Data          24  rt_list.o(.bss)
    __initial_sp                             0x10000ad8   Data           0  startup_lpc17xx.o(STACK)



==============================================================================

Memory Map of the image

  Image Entry point : 0x000000cd

  Load Region LR_IROM1 (Base: 0x00000000, Size: 0x00001044, Max: 0x00080000, ABSOLUTE)

    Execution Region ER_IROM1 (Base: 0x00000000, Size: 0x0000101c, Max: 0x00080000, ABSOLUTE)

    Base Addr    Size         Type   Attr      Idx    E Section Name        Object

    0x00000000   0x000000cc   Data   RO           86    RESET               startup_lpc17xx.o
    0x000000cc   0x00000000   Code   RO          614  * .ARM.Collect$$$$00000000  mc_w.l(entry.o)
    0x000000cc   0x00000004   Code   RO          619    .ARM.Collect$$$$00000001  mc_w.l(entry2.o)
    0x000000d0   0x00000004   Code   RO          622    .ARM.Collect$$$$00000004  mc_w.l(entry5.o)
    0x000000d4   0x00000008   Code   RO          623    .ARM.Collect$$$$00000007  mc_w.l(entry7.o)
    0x000000dc   0x00000004   Code   RO          620    .ARM.Collect$$$$00002712  mc_w.l(entry2.o)
    0x000000e0   0x0000014c   Code   RO          294    .emb_text           RTX_CM3.LIB(hal_cm3.o)
    0x0000022c   0x0000000a   Code   RO           49    .text               rtx_conf_cm.o
    0x00000236   0x00000002   PAD
    0x00000238   0x00000024   Code   RO           88    .text               startup_lpc17xx.o
    0x0000025c   0x00000062   Code   RO          617    .text               mc_w.l(uldiv.o)
    0x000002be   0x0000001e   Code   RO          624    .text               mc_w.l(llshl.o)
    0x000002dc   0x00000020   Code   RO          626    .text               mc_w.l(llushr.o)
    0x000002fc   0x00000004   Code   RO           87    .ARM.__at_0x02FC    startup_lpc17xx.o
    0x00000300   0x00000154   Code   RO            2    .text               rtx-pwm.o
    0x00000454   0x000001a0   Code   RO           95    .text               system_lpc17xx.o
    0x000005f4   0x00000024   Code   RO          628    .text               mc_w.l(init.o)
    0x00000618   0x00000004   Code   RO          500    SVC_TABLE           RTX_CM3.LIB(SVC_Table.o)
    0x0000061c   0x0000000e   Code   RO          632    i.__scatterload_copy  mc_w.l(handlers.o)
    0x0000062a   0x00000002   Code   RO          633    i.__scatterload_null  mc_w.l(handlers.o)
    0x0000062c   0x0000000e   Code   RO          634    i.__scatterload_zeroinit  mc_w.l(handlers.o)
    0x0000063a   0x00000046   Code   RO          471    i._init_box         RTX_CM3.LIB(rt_membox.o)
    0x00000680   0x0000002c   Code   RO          295    i.dbg_init          RTX_CM3.LIB(hal_cm3.o)
    0x000006ac   0x00000020   Code   RO          296    i.dbg_task_notify   RTX_CM3.LIB(hal_cm3.o)
    0x000006cc   0x00000010   Code   RO          297    i.dbg_task_switch   RTX_CM3.LIB(hal_cm3.o)
    0x000006dc   0x00000028   Code   RO          221    i.isr_evt_set       RTX_CM3.LIB(rt_event.o)
    0x00000704   0x0000001c   Code   RO          472    i.rt_alloc_box      RTX_CM3.LIB(rt_membox.o)
    0x00000720   0x00000038   Code   RO          123    i.rt_block          RTX_CM3.LIB(rt_task.o)
    0x00000758   0x00000074   Code   RO          391    i.rt_dec_dly        RTX_CM3.LIB(rt_list.o)
    0x000007cc   0x00000044   Code   RO          124    i.rt_dispatch       RTX_CM3.LIB(rt_task.o)
    0x00000810   0x0000004c   Code   RO          224    i.rt_evt_psh        RTX_CM3.LIB(rt_event.o)
    0x0000085c   0x00000040   Code   RO          226    i.rt_evt_wait       RTX_CM3.LIB(rt_event.o)
    0x0000089c   0x00000020   Code   RO          473    i.rt_free_box       RTX_CM3.LIB(rt_membox.o)
    0x000008bc   0x00000028   Code   RO          392    i.rt_get_first      RTX_CM3.LIB(rt_list.o)
    0x000008e4   0x00000044   Code   RO          125    i.rt_init_context   RTX_CM3.LIB(rt_task.o)
    0x00000928   0x00000050   Code   RO          298    i.rt_init_stack     RTX_CM3.LIB(hal_cm3.o)
    0x00000978   0x00000018   Code   RO          268    i.rt_itv_set        RTX_CM3.LIB(rt_time.o)
    0x00000990   0x0000002c   Code   RO          269    i.rt_itv_wait       RTX_CM3.LIB(rt_time.o)
    0x000009bc   0x000000c0   Code   RO          507    i.rt_mbx_psh        RTX_CM3.LIB(rt_mailbox.o)
    0x00000a7c   0x00000084   Code   RO          336    i.rt_pop_req        RTX_CM3.LIB(rt_system.o)
    0x00000b00   0x00000020   Code   RO          337    i.rt_psh_req        RTX_CM3.LIB(rt_system.o)
    0x00000b20   0x00000058   Code   RO          394    i.rt_psq_enq        RTX_CM3.LIB(rt_list.o)
    0x00000b78   0x00000048   Code   RO          395    i.rt_put_dly        RTX_CM3.LIB(rt_list.o)
    0x00000bc0   0x00000036   Code   RO          396    i.rt_put_prio       RTX_CM3.LIB(rt_list.o)
    0x00000bf6   0x00000002   PAD
    0x00000bf8   0x00000014   Code   RO          397    i.rt_put_rdy_first  RTX_CM3.LIB(rt_list.o)
    0x00000c0c   0x00000028   Code   RO          399    i.rt_rmv_dly        RTX_CM3.LIB(rt_list.o)
    0x00000c34   0x00000030   Code   RO          400    i.rt_rmv_list       RTX_CM3.LIB(rt_list.o)
    0x00000c64   0x00000034   Code   RO          553    i.rt_sem_psh        RTX_CM3.LIB(rt_semaphore.o)
    0x00000c98   0x00000024   Code   RO          338    i.rt_stk_check      RTX_CM3.LIB(rt_system.o)
    0x00000cbc   0x00000028   Code   RO          126    i.rt_switch_req     RTX_CM3.LIB(rt_task.o)
    0x00000ce4   0x0000013c   Code   RO          127    i.rt_sys_init       RTX_CM3.LIB(rt_task.o)
    0x00000e20   0x0000003c   Code   RO          339    i.rt_systick        RTX_CM3.LIB(rt_system.o)
    0x00000e5c   0x00000040   Code   RO          589    i.rt_tmr_tick       RTX_CM3.LIB(rt_timer.o)
    0x00000e9c   0x00000090   Code   RO          128    i.rt_tsk_create     RTX_CM3.LIB(rt_task.o)
    0x00000f2c   0x000000ac   Code   RO          129    i.rt_tsk_delete     RTX_CM3.LIB(rt_task.o)
    0x00000fd8   0x00000002   Data   RO           54    .constdata          rtx_conf_cm.o
    0x00000fda   0x00000002   PAD
    0x00000fdc   0x00000004   Data   RO           55    .constdata          rtx_conf_cm.o
    0x00000fe0   0x00000004   Data   RO           57    .constdata          rtx_conf_cm.o
    0x00000fe4   0x00000001   Data   RO           58    .constdata          rtx_conf_cm.o
    0x00000fe5   0x00000003   PAD
    0x00000fe8   0x00000008   Data   RO           59    .constdata          rtx_conf_cm.o
    0x00000ff0   0x00000002   Data   RO           60    .constdata          rtx_conf_cm.o
    0x00000ff2   0x00000002   PAD
    0x00000ff4   0x00000004   Data   RO           61    .constdata          rtx_conf_cm.o
    0x00000ff8   0x00000001   Data   RO           62    .constdata          rtx_conf_cm.o
    0x00000ff9   0x00000001   PAD
    0x00000ffa   0x00000002   Data   RO           63    .constdata          rtx_conf_cm.o
    0x00000ffc   0x00000020   Data   RO          630    Region$$Table       anon$$obj.o


    Execution Region RW_IRAM1 (Base: 0x10000000, Size: 0x00000ad8, Max: 0x00008000, ABSOLUTE)

    Base Addr    Size         Type   Attr      Idx    E Section Name        Object

    0x10000000   0x00000008   Data   RW            4    .data               rtx-pwm.o
    0x10000008   0x00000004   Data   RW           64    .data               rtx_conf_cm.o
    0x1000000c   0x00000004   Data   RW           96    .data               system_lpc17xx.o
    0x10000010   0x00000008   Data   RW          134    .data               RTX_CM3.LIB(rt_task.o)
    0x10000018   0x00000002   Data   RW          270    .data               RTX_CM3.LIB(rt_time.o)
    0x1000001a   0x00000001   Data   RW          299    .data               RTX_CM3.LIB(hal_cm3.o)
    0x1000001b   0x00000002   Data   RW          342    .data               RTX_CM3.LIB(rt_system.o)
    0x1000001d   0x00000003   PAD
    0x10000020   0x00000008   Data   RW          590    .data               RTX_CM3.LIB(rt_timer.o)
    0x10000028   0x0000015c   Zero   RW           50    .bss                rtx_conf_cm.o
    0x10000184   0x00000004   PAD
    0x10000188   0x00000650   Zero   RW           51    .bss                rtx_conf_cm.o
    0x100007d8   0x00000084   Zero   RW           52    .bss                rtx_conf_cm.o
    0x1000085c   0x0000001c   Zero   RW           53    .bss                rtx_conf_cm.o
    0x10000878   0x00000030   Zero   RW          133    .bss                RTX_CM3.LIB(rt_task.o)
    0x100008a8   0x00000030   Zero   RW          401    .bss                RTX_CM3.LIB(rt_list.o)
    0x100008d8   0x00000200   Zero   RW           84    STACK               startup_lpc17xx.o


==============================================================================

Image component sizes


      Code (inc. data)   RO Data    RW Data    ZI Data      Debug   Object Name

       340         48          0          8          0      44432   rtx-pwm.o
        10          0         28          4       2124       8079   rtx_conf_cm.o
        40         12        204          0        512        952   startup_lpc17xx.o
       416         34          0          4          0       1061   system_lpc17xx.o

    ----------------------------------------------------------------------
       808         94        272         16       2640      54524   Object Totals
         0          0         32          0          0          0   (incl. Generated)
         2          0          8          0          4          0   (incl. Padding)

    ----------------------------------------------------------------------

      Code (inc. data)   RO Data    RW Data    ZI Data      Debug   Library Member Name

         4          4          0          0          0        136   SVC_Table.o
       504         52          0          1          0       2541   hal_cm3.o
       180         16          0          0          0       1817   rt_event.o
       478         30          0          0         48       6304   rt_list.o
       192          4          0          0          0        737   rt_mailbox.o
       130          0          0          0          0       1705   rt_membox.o
        52          6          0          0          0        513   rt_semaphore.o
       260         48          0          2          0       1870   rt_system.o
       864        150          0          8         48       6794   rt_task.o
        68         18          0          2          0        929   rt_time.o
        64          8          0          8          0        603   rt_timer.o
         0          0          0          0          0          0   entry.o
         8          4          0          0          0          0   entry2.o
         4          0          0          0          0          0   entry5.o
         8          4          0          0          0          0   entry7.o
        30          0          0          0          0          0   handlers.o
        36          8          0          0          0         68   init.o
        30          0          0          0          0         68   llshl.o
        32          0          0          0          0         68   llushr.o
        98          0          0          0          0         92   uldiv.o

    ----------------------------------------------------------------------
      3044        352          0         24         96      24245   Library Totals
         2          0          0          3          0          0   (incl. Padding)

    ----------------------------------------------------------------------

      Code (inc. data)   RO Data    RW Data    ZI Data      Debug   Library Name

      2796        336          0         21         96      23949   RTX_CM3.LIB
       246         16          0          0          0        296   mc_w.l

    ----------------------------------------------------------------------
      3044        352          0         24         96      24245   Library Totals

    ----------------------------------------------------------------------

==============================================================================


      Code (inc. data)   RO Data    RW Data    ZI Data      Debug   

      3852        446        272         40       2736      76741   Grand Totals
      3852        446        272         40       2736      76741   ELF Image Totals
      3852        446        272         40          0          0   ROM Totals

==============================================================================

    Total RO  Size (Code + RO Data)                 4124 (   4.03kB)
    Total RW  Size (RW Data + ZI Data)              2776 (   2.71kB)
    Total ROM Size (Code + RO Data + RW Data)       4164 (   4.07kB)

==============================================================================

