<html>
<body>
<pre>
<h1>µVision Build Log</h1>
<h2>Project:</h2>
D:\BASAVARAJ\WORKING_FOLDER\RTOS-PROJECTS\RTOS-ALS-SDA-ARMCTXM3-REV02\EXAMPLES\20.RTX-4x4KEY-MATRIX\RTX-4x4KEY-MATRIX.uvproj
Project File Date:  05/14/2015

<h2>Output:</h2>
Build target 'Target 1'
compiling RTX-4x4KEY-MATRIX.c...
compiling system_LPC17xx.c...
compiling RTX_Conf_CM.c...
assembling startup_LPC17xx.s...
linking...
Program Size: Code=5944 RO-data=272 RW-data=108 ZI-data=2796  
FromELF: creating hex file...
"RTX-4x4KEY-MATRIX.axf" - 0 Error(s), 0 Warning(s).
