ARM Linker, 4.1 [Build 713] [Evaluation]

==============================================================================

Section Cross References

    rtx-barrier-semaphore.o(.text) refers to memcpya.o(.text) for __aeabi_memcpy4
    rtx-barrier-semaphore.o(.text) refers to hal_cm3.o(.emb_text) for os_set_env
    rtx-barrier-semaphore.o(.text) refers to rtx-barrier-semaphore.o(.data) for .data
    rtx-barrier-semaphore.o(.text) refers to rt_semaphore.o(i.rt_sem_wait) for rt_sem_wait
    rtx-barrier-semaphore.o(.text) refers to rt_semaphore.o(i.rt_sem_send) for rt_sem_send
    rtx-barrier-semaphore.o(.text) refers to rt_time.o(i.rt_dly_wait) for rt_dly_wait
    rtx-barrier-semaphore.o(.text) refers to rt_semaphore.o(i.rt_sem_init) for rt_sem_init
    rtx-barrier-semaphore.o(.text) refers to rt_task.o(i.rt_tsk_create) for rt_tsk_create
    rtx-barrier-semaphore.o(.text) refers to rt_task.o(i.rt_tsk_delete) for rt_tsk_delete
    rtx-barrier-semaphore.o(.text) refers to rt_task.o(i.rt_sys_init) for rt_sys_init
    startup_lpc17xx.o(RESET) refers to startup_lpc17xx.o(STACK) for __initial_sp
    startup_lpc17xx.o(RESET) refers to startup_lpc17xx.o(.text) for Reset_Handler
    startup_lpc17xx.o(RESET) refers to hal_cm3.o(.emb_text) for SVC_Handler
    startup_lpc17xx.o(.text) refers to system_lpc17xx.o(.text) for SystemInit
    startup_lpc17xx.o(.text) refers to entry.o(.ARM.Collect$$$$00000000) for __main
    system_lpc17xx.o(.text) refers to uldiv.o(.text) for __aeabi_uldivmod
    system_lpc17xx.o(.text) refers to system_lpc17xx.o(.data) for .data
    rt_task.o(i.rt_block) refers to rt_list.o(i.rt_put_dly) for rt_put_dly
    rt_task.o(i.rt_block) refers to rt_list.o(i.rt_get_first) for rt_get_first
    rt_task.o(i.rt_block) refers to rt_task.o(i.rt_switch_req) for rt_switch_req
    rt_task.o(i.rt_block) refers to rt_task.o(.data) for .data
    rt_task.o(i.rt_block) refers to rt_list.o(.bss) for os_rdy
    rt_task.o(i.rt_dispatch) refers to rt_list.o(i.rt_put_rdy_first) for rt_put_rdy_first
    rt_task.o(i.rt_dispatch) refers to rt_task.o(i.rt_switch_req) for rt_switch_req
    rt_task.o(i.rt_dispatch) refers to rt_list.o(i.rt_get_first) for rt_get_first
    rt_task.o(i.rt_dispatch) refers to rt_list.o(i.rt_put_prio) for rt_put_prio
    rt_task.o(i.rt_dispatch) refers to rt_task.o(.data) for .data
    rt_task.o(i.rt_dispatch) refers to rt_list.o(.bss) for os_rdy
    rt_task.o(i.rt_init_context) refers to rt_membox.o(i.rt_alloc_box) for rt_alloc_box
    rt_task.o(i.rt_init_context) refers to hal_cm3.o(i.rt_init_stack) for rt_init_stack
    rt_task.o(i.rt_init_context) refers to rtx_conf_cm.o(.bss) for mp_stk
    rt_task.o(i.rt_switch_req) refers to hal_cm3.o(i.dbg_task_switch) for dbg_task_switch
    rt_task.o(i.rt_switch_req) refers to rt_task.o(.data) for .data
    rt_task.o(i.rt_switch_req) refers to hal_cm3.o(.data) for dbg_msg
    rt_task.o(i.rt_sys_init) refers to hal_cm3.o(i.dbg_init) for dbg_init
    rt_task.o(i.rt_sys_init) refers to rt_membox.o(i._init_box) for _init_box
    rt_task.o(i.rt_sys_init) refers to rt_task.o(i.rt_init_context) for rt_init_context
    rt_task.o(i.rt_sys_init) refers to hal_cm3.o(.emb_text) for rt_set_PSP
    rt_task.o(i.rt_sys_init) refers to rtx_conf_cm.o(.text) for rt_init_robin
    rt_task.o(i.rt_sys_init) refers to rt_task.o(i.rt_tsk_create) for rt_tsk_create
    rt_task.o(i.rt_sys_init) refers to rtx_conf_cm.o(.bss) for os_active_TCB
    rt_task.o(i.rt_sys_init) refers to rtx_conf_cm.o(.constdata) for os_maxtaskrun
    rt_task.o(i.rt_sys_init) refers to rtx_conf_cm.o(.constdata) for mp_tcb_size
    rt_task.o(i.rt_sys_init) refers to rtx_conf_cm.o(.bss) for mp_tcb
    rt_task.o(i.rt_sys_init) refers to rtx_conf_cm.o(.constdata) for os_stackinfo
    rt_task.o(i.rt_sys_init) refers to rtx_conf_cm.o(.constdata) for mp_stk_size
    rt_task.o(i.rt_sys_init) refers to rtx_conf_cm.o(.bss) for mp_stk
    rt_task.o(i.rt_sys_init) refers to rtx_conf_cm.o(.constdata) for mp_tmr_size
    rt_task.o(i.rt_sys_init) refers to rtx_conf_cm.o(.data) for m_tmr
    rt_task.o(i.rt_sys_init) refers to rt_task.o(.bss) for .bss
    rt_task.o(i.rt_sys_init) refers to rt_list.o(.bss) for os_rdy
    rt_task.o(i.rt_sys_init) refers to rt_task.o(.data) for .data
    rt_task.o(i.rt_sys_init) refers to rtx_conf_cm.o(.bss) for os_fifo
    rt_task.o(i.rt_sys_init) refers to rtx_conf_cm.o(.constdata) for os_fifo_size
    rt_task.o(i.rt_sys_init) refers to rtx_conf_cm.o(.constdata) for os_trv
    rt_task.o(i.rt_tsk_create) refers to rt_membox.o(i.rt_alloc_box) for rt_alloc_box
    rt_task.o(i.rt_tsk_create) refers to rt_task.o(i.rt_init_context) for rt_init_context
    rt_task.o(i.rt_tsk_create) refers to hal_cm3.o(i.dbg_task_notify) for dbg_task_notify
    rt_task.o(i.rt_tsk_create) refers to rt_task.o(i.rt_dispatch) for rt_dispatch
    rt_task.o(i.rt_tsk_create) refers to rtx_conf_cm.o(.bss) for mp_tcb
    rt_task.o(i.rt_tsk_create) refers to rtx_conf_cm.o(.bss) for os_active_TCB
    rt_task.o(i.rt_tsk_create) refers to rtx_conf_cm.o(.constdata) for os_maxtaskrun
    rt_task.o(i.rt_tsk_create) refers to hal_cm3.o(.data) for dbg_msg
    rt_task.o(i.rt_tsk_create) refers to rt_task.o(.data) for .data
    rt_task.o(i.rt_tsk_delete) refers to rt_membox.o(i.rt_free_box) for rt_free_box
    rt_task.o(i.rt_tsk_delete) refers to hal_cm3.o(i.dbg_task_notify) for dbg_task_notify
    rt_task.o(i.rt_tsk_delete) refers to rt_task.o(i.rt_dispatch) for rt_dispatch
    rt_task.o(i.rt_tsk_delete) refers to rt_list.o(i.rt_rmv_list) for rt_rmv_list
    rt_task.o(i.rt_tsk_delete) refers to rt_list.o(i.rt_rmv_dly) for rt_rmv_dly
    rt_task.o(i.rt_tsk_delete) refers to hal_cm3.o(.data) for dbg_msg
    rt_task.o(i.rt_tsk_delete) refers to rt_task.o(.data) for .data
    rt_task.o(i.rt_tsk_delete) refers to rtx_conf_cm.o(.bss) for os_active_TCB
    rt_task.o(i.rt_tsk_delete) refers to rtx_conf_cm.o(.bss) for mp_stk
    rt_task.o(i.rt_tsk_delete) refers to rtx_conf_cm.o(.bss) for mp_tcb
    rt_task.o(i.rt_tsk_delete) refers to rtx_conf_cm.o(.constdata) for os_maxtaskrun
    rt_task.o(i.rt_tsk_pass) refers to rt_list.o(i.rt_get_same_rdy_prio) for rt_get_same_rdy_prio
    rt_task.o(i.rt_tsk_pass) refers to rt_list.o(i.rt_put_prio) for rt_put_prio
    rt_task.o(i.rt_tsk_pass) refers to rt_task.o(i.rt_switch_req) for rt_switch_req
    rt_task.o(i.rt_tsk_pass) refers to rt_task.o(.data) for .data
    rt_task.o(i.rt_tsk_pass) refers to rt_list.o(.bss) for os_rdy
    rt_task.o(i.rt_tsk_prio) refers to rt_list.o(i.rt_put_prio) for rt_put_prio
    rt_task.o(i.rt_tsk_prio) refers to rt_list.o(i.rt_resort_prio) for rt_resort_prio
    rt_task.o(i.rt_tsk_prio) refers to rt_list.o(i.rt_get_first) for rt_get_first
    rt_task.o(i.rt_tsk_prio) refers to rt_task.o(i.rt_dispatch) for rt_dispatch
    rt_task.o(i.rt_tsk_prio) refers to rt_task.o(.data) for .data
    rt_task.o(i.rt_tsk_prio) refers to rtx_conf_cm.o(.constdata) for os_maxtaskrun
    rt_task.o(i.rt_tsk_prio) refers to rtx_conf_cm.o(.bss) for os_active_TCB
    rt_task.o(i.rt_tsk_prio) refers to rt_list.o(.bss) for os_rdy
    rt_task.o(i.rt_tsk_self) refers to rt_task.o(.data) for .data
    rt_semaphore.o(i.isr_sem_send) refers to rt_list.o(i.rt_psq_enq) for rt_psq_enq
    rt_semaphore.o(i.isr_sem_send) refers to rt_system.o(i.rt_psh_req) for rt_psh_req
    rt_semaphore.o(i.rt_sem_psh) refers to rt_list.o(i.rt_get_first) for rt_get_first
    rt_semaphore.o(i.rt_sem_psh) refers to rt_list.o(i.rt_rmv_dly) for rt_rmv_dly
    rt_semaphore.o(i.rt_sem_psh) refers to rt_list.o(i.rt_put_prio) for rt_put_prio
    rt_semaphore.o(i.rt_sem_psh) refers to rt_list.o(.bss) for os_rdy
    rt_semaphore.o(i.rt_sem_send) refers to rt_list.o(i.rt_get_first) for rt_get_first
    rt_semaphore.o(i.rt_sem_send) refers to rt_list.o(i.rt_rmv_dly) for rt_rmv_dly
    rt_semaphore.o(i.rt_sem_send) refers to rt_task.o(i.rt_dispatch) for rt_dispatch
    rt_semaphore.o(i.rt_sem_send) refers to rt_task.o(.data) for os_tsk
    rt_semaphore.o(i.rt_sem_wait) refers to rt_list.o(i.rt_put_prio) for rt_put_prio
    rt_semaphore.o(i.rt_sem_wait) refers to rt_task.o(i.rt_block) for rt_block
    rt_semaphore.o(i.rt_sem_wait) refers to rt_task.o(.data) for os_tsk
    rt_time.o(i.rt_dly_wait) refers to rt_task.o(i.rt_block) for rt_block
    rt_time.o(i.rt_itv_set) refers to rt_task.o(.data) for os_tsk
    rt_time.o(i.rt_itv_set) refers to rt_time.o(.data) for .data
    rt_time.o(i.rt_itv_wait) refers to rt_task.o(i.rt_block) for rt_block
    rt_time.o(i.rt_itv_wait) refers to rt_task.o(.data) for os_tsk
    rt_time.o(i.rt_itv_wait) refers to rt_time.o(.data) for .data
    hal_cm3.o(.emb_text) refers to rtx_conf_cm.o(.constdata) for os_flags
    hal_cm3.o(.emb_text) refers to rt_membox.o(i.rt_alloc_box) for rt_alloc_box
    hal_cm3.o(.emb_text) refers to rt_membox.o(i.rt_free_box) for rt_free_box
    hal_cm3.o(.emb_text) refers to rt_system.o(i.rt_stk_check) for rt_stk_check
    hal_cm3.o(.emb_text) refers to rt_task.o(.data) for os_tsk
    hal_cm3.o(.emb_text) refers to SVC_Table.o(SVC_TABLE) for SVC_Count
    hal_cm3.o(.emb_text) refers to rt_system.o(i.rt_pop_req) for rt_pop_req
    hal_cm3.o(.emb_text) refers to rt_system.o(i.rt_systick) for rt_systick
    hal_cm3.o(i.dbg_init) refers to hal_cm3.o(.data) for .data
    hal_cm3.o(i.rt_init_stack) refers to rtx_conf_cm.o(.constdata) for os_stackinfo
    rt_system.o(i.rt_pop_req) refers to rt_list.o(i.rt_put_rdy_first) for rt_put_rdy_first
    rt_system.o(i.rt_pop_req) refers to rt_semaphore.o(i.rt_sem_psh) for rt_sem_psh
    rt_system.o(i.rt_pop_req) refers to rt_list.o(i.rt_get_first) for rt_get_first
    rt_system.o(i.rt_pop_req) refers to rt_task.o(i.rt_switch_req) for rt_switch_req
    rt_system.o(i.rt_pop_req) refers to rt_event.o(i.rt_evt_psh) for rt_evt_psh
    rt_system.o(i.rt_pop_req) refers to rt_mailbox.o(i.rt_mbx_psh) for rt_mbx_psh
    rt_system.o(i.rt_pop_req) refers to rt_task.o(.data) for os_tsk
    rt_system.o(i.rt_pop_req) refers to rt_system.o(.data) for .data
    rt_system.o(i.rt_pop_req) refers to rtx_conf_cm.o(.bss) for os_fifo
    rt_system.o(i.rt_pop_req) refers to rt_list.o(.bss) for os_rdy
    rt_system.o(i.rt_psh_req) refers to rt_system.o(.data) for .data
    rt_system.o(i.rt_stk_check) refers to rtx_conf_cm.o(.text) for os_error
    rt_system.o(i.rt_stk_check) refers to rt_task.o(.data) for os_tsk
    rt_system.o(i.rt_systick) refers to rt_list.o(i.rt_put_rdy_first) for rt_put_rdy_first
    rt_system.o(i.rt_systick) refers to rtx_conf_cm.o(.text) for rt_chk_robin
    rt_system.o(i.rt_systick) refers to rt_list.o(i.rt_dec_dly) for rt_dec_dly
    rt_system.o(i.rt_systick) refers to rt_timer.o(i.rt_tmr_tick) for rt_tmr_tick
    rt_system.o(i.rt_systick) refers to rt_list.o(i.rt_get_first) for rt_get_first
    rt_system.o(i.rt_systick) refers to rt_task.o(i.rt_switch_req) for rt_switch_req
    rt_system.o(i.rt_systick) refers to rt_task.o(.data) for os_tsk
    rt_system.o(i.rt_systick) refers to rt_time.o(.data) for os_time
    rt_system.o(i.rt_systick) refers to rt_list.o(.bss) for os_rdy
    rt_system.o(i.rt_tsk_lock) refers to rt_system.o(.data) for .data
    rt_system.o(i.rt_tsk_unlock) refers to rt_system.o(.data) for .data
    rt_list.o(i.rt_dec_dly) refers to rt_list.o(i.rt_put_prio) for rt_put_prio
    rt_list.o(i.rt_dec_dly) refers to rt_list.o(.bss) for .bss
    rt_list.o(i.rt_dec_dly) refers to rt_time.o(.data) for os_time
    rt_list.o(i.rt_get_same_rdy_prio) refers to rt_list.o(.bss) for .bss
    rt_list.o(i.rt_get_same_rdy_prio) refers to rt_task.o(.data) for os_tsk
    rt_list.o(i.rt_psq_enq) refers to rtx_conf_cm.o(.text) for os_error
    rt_list.o(i.rt_psq_enq) refers to rtx_conf_cm.o(.bss) for os_fifo
    rt_list.o(i.rt_put_dly) refers to rt_list.o(.bss) for .bss
    rt_list.o(i.rt_put_rdy_first) refers to rt_list.o(.bss) for .bss
    rt_list.o(i.rt_resort_prio) refers to rt_list.o(i.rt_rmv_list) for rt_rmv_list
    rt_list.o(i.rt_resort_prio) refers to rt_list.o(i.rt_put_prio) for rt_put_prio
    rt_list.o(i.rt_resort_prio) refers to rt_list.o(.bss) for .bss
    rt_list.o(i.rt_rmv_list) refers to rt_list.o(.bss) for .bss
    rt_membox.o(i._calloc_box) refers to hal_cm3.o(.emb_text) for _alloc_box
    rt_event.o(i.isr_evt_set) refers to rt_list.o(i.rt_psq_enq) for rt_psq_enq
    rt_event.o(i.isr_evt_set) refers to rt_system.o(i.rt_psh_req) for rt_psh_req
    rt_event.o(i.isr_evt_set) refers to rtx_conf_cm.o(.bss) for os_active_TCB
    rt_event.o(i.rt_evt_clr) refers to rtx_conf_cm.o(.bss) for os_active_TCB
    rt_event.o(i.rt_evt_get) refers to rt_task.o(.data) for os_tsk
    rt_event.o(i.rt_evt_psh) refers to rt_list.o(i.rt_rmv_dly) for rt_rmv_dly
    rt_event.o(i.rt_evt_psh) refers to rt_list.o(i.rt_put_prio) for rt_put_prio
    rt_event.o(i.rt_evt_psh) refers to rt_list.o(.bss) for os_rdy
    rt_event.o(i.rt_evt_set) refers to rt_list.o(i.rt_rmv_dly) for rt_rmv_dly
    rt_event.o(i.rt_evt_set) refers to rt_task.o(i.rt_dispatch) for rt_dispatch
    rt_event.o(i.rt_evt_set) refers to rtx_conf_cm.o(.bss) for os_active_TCB
    rt_event.o(i.rt_evt_wait) refers to rt_task.o(i.rt_block) for rt_block
    rt_event.o(i.rt_evt_wait) refers to rt_task.o(.data) for os_tsk
    rt_mailbox.o(i.isr_mbx_receive) refers to rt_list.o(i.rt_psq_enq) for rt_psq_enq
    rt_mailbox.o(i.isr_mbx_receive) refers to rt_system.o(i.rt_psh_req) for rt_psh_req
    rt_mailbox.o(i.isr_mbx_send) refers to rt_list.o(i.rt_psq_enq) for rt_psq_enq
    rt_mailbox.o(i.isr_mbx_send) refers to rt_system.o(i.rt_psh_req) for rt_psh_req
    rt_mailbox.o(i.rt_mbx_psh) refers to rt_list.o(i.rt_get_first) for rt_get_first
    rt_mailbox.o(i.rt_mbx_psh) refers to rt_list.o(i.rt_rmv_dly) for rt_rmv_dly
    rt_mailbox.o(i.rt_mbx_psh) refers to rt_list.o(i.rt_put_prio) for rt_put_prio
    rt_mailbox.o(i.rt_mbx_psh) refers to rtx_conf_cm.o(.text) for os_error
    rt_mailbox.o(i.rt_mbx_psh) refers to rt_list.o(.bss) for os_rdy
    rt_mailbox.o(i.rt_mbx_send) refers to rt_list.o(i.rt_put_prio) for rt_put_prio
    rt_mailbox.o(i.rt_mbx_send) refers to rt_list.o(i.rt_get_first) for rt_get_first
    rt_mailbox.o(i.rt_mbx_send) refers to rt_list.o(i.rt_rmv_dly) for rt_rmv_dly
    rt_mailbox.o(i.rt_mbx_send) refers to rt_task.o(i.rt_dispatch) for rt_dispatch
    rt_mailbox.o(i.rt_mbx_send) refers to rt_task.o(i.rt_block) for rt_block
    rt_mailbox.o(i.rt_mbx_send) refers to rt_task.o(.data) for os_tsk
    rt_mailbox.o(i.rt_mbx_wait) refers to rt_list.o(i.rt_get_first) for rt_get_first
    rt_mailbox.o(i.rt_mbx_wait) refers to rt_list.o(i.rt_rmv_dly) for rt_rmv_dly
    rt_mailbox.o(i.rt_mbx_wait) refers to rt_task.o(i.rt_dispatch) for rt_dispatch
    rt_mailbox.o(i.rt_mbx_wait) refers to rt_list.o(i.rt_put_prio) for rt_put_prio
    rt_mailbox.o(i.rt_mbx_wait) refers to rt_task.o(i.rt_block) for rt_block
    rt_mailbox.o(i.rt_mbx_wait) refers to rt_task.o(.data) for os_tsk
    rt_timer.o(i.rt_tmr_create) refers to rt_membox.o(i.rt_alloc_box) for rt_alloc_box
    rt_timer.o(i.rt_tmr_create) refers to rtx_conf_cm.o(.data) for m_tmr
    rt_timer.o(i.rt_tmr_create) refers to rt_timer.o(.data) for .data
    rt_timer.o(i.rt_tmr_kill) refers to rt_membox.o(i.rt_free_box) for rt_free_box
    rt_timer.o(i.rt_tmr_kill) refers to rt_timer.o(.data) for .data
    rt_timer.o(i.rt_tmr_kill) refers to rtx_conf_cm.o(.data) for m_tmr
    rt_timer.o(i.rt_tmr_tick) refers to rtx_conf_cm.o(.text) for os_tmr_call
    rt_timer.o(i.rt_tmr_tick) refers to rt_membox.o(i.rt_free_box) for rt_free_box
    rt_timer.o(i.rt_tmr_tick) refers to rt_timer.o(.data) for .data
    rt_timer.o(i.rt_tmr_tick) refers to rtx_conf_cm.o(.data) for m_tmr
    entry.o(.ARM.Collect$$$$00000000) refers (Special) to entry7.o(.ARM.Collect$$$$00000007) for _main_init
    entry.o(.ARM.Collect$$$$00000000) refers (Special) to entry5.o(.ARM.Collect$$$$00000004) for _main_scatterload
    entry.o(.ARM.Collect$$$$00000000) refers (Special) to entry2.o(.ARM.Collect$$$$00000001) for _main_stk
    uldiv.o(.text) refers to llushr.o(.text) for __aeabi_llsr
    uldiv.o(.text) refers to llshl.o(.text) for __aeabi_llsl
    entry2.o(.ARM.Collect$$$$00000001) refers to entry2.o(.ARM.Collect$$$$00002712) for __lit__00000000
    entry2.o(.ARM.Collect$$$$00002712) refers to startup_lpc17xx.o(STACK) for __initial_sp
    entry2.o(__vectab_stack_and_reset_area) refers to startup_lpc17xx.o(STACK) for __initial_sp
    entry2.o(__vectab_stack_and_reset_area) refers to entry.o(.ARM.Collect$$$$00000000) for __main
    entry5.o(.ARM.Collect$$$$00000004) refers to init.o(.text) for __scatterload
    entry7.o(.ARM.Collect$$$$00000007) refers to rtx-barrier-semaphore.o(.text) for main
    init.o(.text) refers to entry5.o(.ARM.Collect$$$$00000004) for __main_after_scatterload


==============================================================================

Removing Unused input sections from the image.

    Removing rtx-barrier-semaphore.o(.emb_text), (8 bytes).
    Removing rtx-barrier-semaphore.o(.data), (4 bytes).
    Removing startup_lpc17xx.o(HEAP), (0 bytes).
    Removing system_lpc17xx.o(.emb_text), (8 bytes).
    Removing rtx_conf_cm.o(.constdata), (4 bytes).
    Removing rt_task.o(i.rt_tsk_pass), (48 bytes).
    Removing rt_task.o(i.rt_tsk_prio), (128 bytes).
    Removing rt_task.o(i.rt_tsk_self), (16 bytes).
    Removing rt_semaphore.o(i.isr_sem_send), (16 bytes).
    Removing rt_time.o(i.rt_itv_set), (24 bytes).
    Removing rt_time.o(i.rt_itv_wait), (44 bytes).
    Removing rt_system.o(.emb_text), (0 bytes).
    Removing rt_system.o(i.rt_psh_req), (32 bytes).
    Removing rt_system.o(i.rt_tsk_lock), (20 bytes).
    Removing rt_system.o(i.rt_tsk_unlock), (36 bytes).
    Removing rt_list.o(i.rt_get_same_rdy_prio), (36 bytes).
    Removing rt_list.o(i.rt_psq_enq), (88 bytes).
    Removing rt_list.o(i.rt_resort_prio), (52 bytes).
    Removing rt_membox.o(i._calloc_box), (30 bytes).
    Removing rt_event.o(i.isr_evt_set), (40 bytes).
    Removing rt_event.o(i.rt_evt_clr), (28 bytes).
    Removing rt_event.o(i.rt_evt_get), (12 bytes).
    Removing rt_event.o(i.rt_evt_set), (96 bytes).
    Removing rt_event.o(i.rt_evt_wait), (64 bytes).
    Removing rt_mailbox.o(i.isr_mbx_receive), (84 bytes).
    Removing rt_mailbox.o(i.isr_mbx_send), (14 bytes).
    Removing rt_mailbox.o(i.rt_mbx_check), (8 bytes).
    Removing rt_mailbox.o(i.rt_mbx_init), (24 bytes).
    Removing rt_mailbox.o(i.rt_mbx_send), (164 bytes).
    Removing rt_mailbox.o(i.rt_mbx_wait), (180 bytes).
    Removing rt_timer.o(i.rt_tmr_create), (80 bytes).
    Removing rt_timer.o(i.rt_tmr_kill), (52 bytes).

32 unused section(s) (total 1440 bytes) removed from the image.

==============================================================================

Image Symbol Table

    Local Symbols

    Symbol Name                              Value     Ov Type        Size  Object(Section)

    RESET                                    0x00000000   Section      204  startup_lpc17xx.o(RESET)
    ../../microlib/division.c                0x00000000   Number         0  uldiv.o ABSOLUTE
    ../../microlib/init/entry.s              0x00000000   Number         0  entry7.o ABSOLUTE
    ../../microlib/init/entry.s              0x00000000   Number         0  entry.o ABSOLUTE
    ../../microlib/init/entry.s              0x00000000   Number         0  entry2.o ABSOLUTE
    ../../microlib/init/entry.s              0x00000000   Number         0  entry5.o ABSOLUTE
    ../../microlib/longlong.c                0x00000000   Number         0  llshl.o ABSOLUTE
    ../../microlib/longlong.c                0x00000000   Number         0  llushr.o ABSOLUTE
    ../../microlib/string/memcpy.c           0x00000000   Number         0  memcpya.o ABSOLUTE
    ../../microlib/string/memcpy.c           0x00000000   Number         0  memcpyb.o ABSOLUTE
    RTX-BARRIER-SEMAPHORE.c                  0x00000000   Number         0  rtx-barrier-semaphore.o ABSOLUTE
    RTX-BARRIER-SEMAPHORE.c                  0x00000000   Number         0  rtx-barrier-semaphore.o ABSOLUTE
    RTX_Conf_CM.c                            0x00000000   Number         0  rtx_conf_cm.o ABSOLUTE
    SRC\CM\HAL_CM3.c                         0x00000000   Number         0  hal_cm3.o ABSOLUTE
    SRC\CM\SVC_Table.s                       0x00000000   Number         0  SVC_Table.o ABSOLUTE
    SRC\CM\rt_Event.c                        0x00000000   Number         0  rt_event.o ABSOLUTE
    SRC\CM\rt_List.c                         0x00000000   Number         0  rt_list.o ABSOLUTE
    SRC\CM\rt_Mailbox.c                      0x00000000   Number         0  rt_mailbox.o ABSOLUTE
    SRC\CM\rt_MemBox.c                       0x00000000   Number         0  rt_membox.o ABSOLUTE
    SRC\CM\rt_Semaphore.c                    0x00000000   Number         0  rt_semaphore.o ABSOLUTE
    SRC\CM\rt_System.c                       0x00000000   Number         0  rt_system.o ABSOLUTE
    SRC\CM\rt_Task.c                         0x00000000   Number         0  rt_task.o ABSOLUTE
    SRC\CM\rt_Time.c                         0x00000000   Number         0  rt_time.o ABSOLUTE
    SRC\CM\rt_Timer.c                        0x00000000   Number         0  rt_timer.o ABSOLUTE
    SRC\\CM\\HAL_CM3.c                       0x00000000   Number         0  hal_cm3.o ABSOLUTE
    SRC\\CM\\rt_System.c                     0x00000000   Number         0  rt_system.o ABSOLUTE
    dc.s                                     0x00000000   Number         0  dc.o ABSOLUTE
    handlers.s                               0x00000000   Number         0  handlers.o ABSOLUTE
    init.s                                   0x00000000   Number         0  init.o ABSOLUTE
    startup_LPC17xx.s                        0x00000000   Number         0  startup_lpc17xx.o ABSOLUTE
    system_LPC17xx.c                         0x00000000   Number         0  system_lpc17xx.o ABSOLUTE
    system_LPC17xx.c                         0x00000000   Number         0  system_lpc17xx.o ABSOLUTE
    .ARM.Collect$$$$00000000                 0x000000cc   Section        0  entry.o(.ARM.Collect$$$$00000000)
    .ARM.Collect$$$$00000001                 0x000000cc   Section        4  entry2.o(.ARM.Collect$$$$00000001)
    .ARM.Collect$$$$00000004                 0x000000d0   Section        4  entry5.o(.ARM.Collect$$$$00000004)
    .ARM.Collect$$$$00000007                 0x000000d4   Section        8  entry7.o(.ARM.Collect$$$$00000007)
    .ARM.Collect$$$$00002712                 0x000000dc   Section        4  entry2.o(.ARM.Collect$$$$00002712)
    __lit__00000000                          0x000000dc   Data           4  entry2.o(.ARM.Collect$$$$00002712)
    .emb_text                                0x000000e0   Section      332  hal_cm3.o(.emb_text)
    .text                                    0x0000022c   Section       36  startup_lpc17xx.o(.text)
    .text                                    0x00000250   Section        0  rtx_conf_cm.o(.text)
    .text                                    0x0000025a   Section        0  uldiv.o(.text)
    .text                                    0x000002bc   Section        0  memcpya.o(.text)
    SVC_TABLE                                0x000002e0   Section        4  SVC_Table.o(SVC_TABLE)
    i.__scatterload_copy                     0x000002e4   Section       14  handlers.o(i.__scatterload_copy)
    i.__scatterload_null                     0x000002f2   Section        2  handlers.o(i.__scatterload_null)
    i.rt_dly_wait                            0x000002f4   Section        0  rt_time.o(i.rt_dly_wait)
    .constdata                               0x000002fa   Section        2  rtx_conf_cm.o(.constdata)
    .ARM.__at_0x02FC                         0x000002fc   Section        4  startup_lpc17xx.o(.ARM.__at_0x02FC)
    .text                                    0x00000300   Section        0  rtx-barrier-semaphore.o(.text)
    .text                                    0x00000690   Section        0  system_lpc17xx.o(.text)
    .text                                    0x00000830   Section        0  llshl.o(.text)
    .text                                    0x0000084e   Section        0  llushr.o(.text)
    .text                                    0x00000870   Section       36  init.o(.text)
    i.__scatterload_zeroinit                 0x00000894   Section       14  handlers.o(i.__scatterload_zeroinit)
    i._init_box                              0x000008a2   Section        0  rt_membox.o(i._init_box)
    i.dbg_init                               0x000008e8   Section        0  hal_cm3.o(i.dbg_init)
    i.dbg_task_notify                        0x00000914   Section        0  hal_cm3.o(i.dbg_task_notify)
    i.dbg_task_switch                        0x00000934   Section        0  hal_cm3.o(i.dbg_task_switch)
    i.rt_alloc_box                           0x00000944   Section        0  rt_membox.o(i.rt_alloc_box)
    i.rt_block                               0x00000960   Section        0  rt_task.o(i.rt_block)
    i.rt_dec_dly                             0x00000998   Section        0  rt_list.o(i.rt_dec_dly)
    i.rt_dispatch                            0x00000a0c   Section        0  rt_task.o(i.rt_dispatch)
    i.rt_evt_psh                             0x00000a50   Section        0  rt_event.o(i.rt_evt_psh)
    i.rt_free_box                            0x00000a9c   Section        0  rt_membox.o(i.rt_free_box)
    i.rt_get_first                           0x00000abc   Section        0  rt_list.o(i.rt_get_first)
    i.rt_init_context                        0x00000ae4   Section        0  rt_task.o(i.rt_init_context)
    rt_init_context                          0x00000ae5   Thumb Code    64  rt_task.o(i.rt_init_context)
    i.rt_init_stack                          0x00000b28   Section        0  hal_cm3.o(i.rt_init_stack)
    i.rt_mbx_psh                             0x00000b78   Section        0  rt_mailbox.o(i.rt_mbx_psh)
    i.rt_pop_req                             0x00000c38   Section        0  rt_system.o(i.rt_pop_req)
    i.rt_put_dly                             0x00000cbc   Section        0  rt_list.o(i.rt_put_dly)
    i.rt_put_prio                            0x00000d04   Section        0  rt_list.o(i.rt_put_prio)
    i.rt_put_rdy_first                       0x00000d3c   Section        0  rt_list.o(i.rt_put_rdy_first)
    i.rt_rmv_dly                             0x00000d50   Section        0  rt_list.o(i.rt_rmv_dly)
    i.rt_rmv_list                            0x00000d78   Section        0  rt_list.o(i.rt_rmv_list)
    i.rt_sem_init                            0x00000da8   Section        0  rt_semaphore.o(i.rt_sem_init)
    i.rt_sem_psh                             0x00000db4   Section        0  rt_semaphore.o(i.rt_sem_psh)
    i.rt_sem_send                            0x00000de8   Section        0  rt_semaphore.o(i.rt_sem_send)
    i.rt_sem_wait                            0x00000e20   Section        0  rt_semaphore.o(i.rt_sem_wait)
    i.rt_stk_check                           0x00000e5c   Section        0  rt_system.o(i.rt_stk_check)
    i.rt_switch_req                          0x00000e80   Section        0  rt_task.o(i.rt_switch_req)
    i.rt_sys_init                            0x00000ea8   Section        0  rt_task.o(i.rt_sys_init)
    i.rt_systick                             0x00000fe4   Section        0  rt_system.o(i.rt_systick)
    i.rt_tmr_tick                            0x00001020   Section        0  rt_timer.o(i.rt_tmr_tick)
    i.rt_tsk_create                          0x00001060   Section        0  rt_task.o(i.rt_tsk_create)
    i.rt_tsk_delete                          0x000010f0   Section        0  rt_task.o(i.rt_tsk_delete)
    .constdata                               0x0000119c   Section        4  rtx_conf_cm.o(.constdata)
    .constdata                               0x000011a0   Section        4  rtx_conf_cm.o(.constdata)
    .constdata                               0x000011a4   Section        1  rtx_conf_cm.o(.constdata)
    .constdata                               0x000011a8   Section        8  rtx_conf_cm.o(.constdata)
    __tagsym$$used                           0x000011a8   Number         0  rtx_conf_cm.o(.constdata)
    __tagsym$$used                           0x000011ac   Number         0  rtx_conf_cm.o(.constdata)
    .constdata                               0x000011b0   Section        2  rtx_conf_cm.o(.constdata)
    .constdata                               0x000011b4   Section        4  rtx_conf_cm.o(.constdata)
    .constdata                               0x000011b8   Section        1  rtx_conf_cm.o(.constdata)
    .constdata                               0x000011ba   Section        2  rtx_conf_cm.o(.constdata)
    .data                                    0x10000000   Section       36  rtx-barrier-semaphore.o(.data)
    .data                                    0x10000024   Section        4  system_lpc17xx.o(.data)
    .data                                    0x10000028   Section        4  rtx_conf_cm.o(.data)
    .data                                    0x1000002c   Section        8  rt_task.o(.data)
    .data                                    0x10000034   Section        2  rt_time.o(.data)
    .data                                    0x10000036   Section        1  hal_cm3.o(.data)
    .data                                    0x10000037   Section        2  rt_system.o(.data)
    os_lock                                  0x10000037   Data           1  rt_system.o(.data)
    os_psh_flag                              0x10000038   Data           1  rt_system.o(.data)
    .data                                    0x1000003c   Section        8  rt_timer.o(.data)
    .bss                                     0x10000044   Section      348  rtx_conf_cm.o(.bss)
    .bss                                     0x100001a0   Section     4112  rtx_conf_cm.o(.bss)
    .bss                                     0x100011b0   Section      132  rtx_conf_cm.o(.bss)
    .bss                                     0x10001234   Section       28  rtx_conf_cm.o(.bss)
    .bss                                     0x10001250   Section       48  rt_task.o(.bss)
    .bss                                     0x10001280   Section       48  rt_list.o(.bss)
    STACK                                    0x100012b0   Section      512  startup_lpc17xx.o(STACK)

    Global Symbols

    Symbol Name                              Value     Ov Type        Size  Object(Section)

    BuildAttributes$$THM_ISAv4$P$D$K$B$S$PE$A:L22UL41UL21$X:L11$S22US41US21$IEEE1$IW$USESV6$~STKCKD$USESV7$~SHL$OSPACE$EBA8$MICROLIB$REQ8$PRES8$EABIv2 0x00000000   Number         0  anon$$obj.o ABSOLUTE
    __ARM_use_no_argv                        0x00000000   Number         0  rtx-barrier-semaphore.o ABSOLUTE
    __Vectors                                0x00000000   Data           4  startup_lpc17xx.o(RESET)
    __decompress                              - Undefined Weak Reference
    __main                                   0x000000cd   Thumb Code     0  entry.o(.ARM.Collect$$$$00000000)
    _main_stk                                0x000000cd   Thumb Code     0  entry2.o(.ARM.Collect$$$$00000001)
    _main_scatterload                        0x000000d1   Thumb Code     0  entry5.o(.ARM.Collect$$$$00000004)
    __main_after_scatterload                 0x000000d5   Thumb Code     0  entry5.o(.ARM.Collect$$$$00000004)
    _main_init                               0x000000d5   Thumb Code     0  entry7.o(.ARM.Collect$$$$00000007)
    rt_set_PSP                               0x000000e1   Thumb Code     6  hal_cm3.o(.emb_text)
    os_set_env                               0x000000e7   Thumb Code    26  hal_cm3.o(.emb_text)
    _alloc_box                               0x00000105   Thumb Code    28  hal_cm3.o(.emb_text)
    _free_box                                0x00000125   Thumb Code    28  hal_cm3.o(.emb_text)
    SVC_Handler                              0x00000145   Thumb Code   132  hal_cm3.o(.emb_text)
    PendSV_Handler                           0x000001d5   Thumb Code     0  hal_cm3.o(.emb_text)
    Sys_Handler                              0x000001d5   Thumb Code    84  hal_cm3.o(.emb_text)
    SysTick_Handler                          0x00000221   Thumb Code     0  hal_cm3.o(.emb_text)
    Reset_Handler                            0x0000022d   Thumb Code     8  startup_lpc17xx.o(.text)
    NMI_Handler                              0x00000235   Thumb Code     2  startup_lpc17xx.o(.text)
    HardFault_Handler                        0x00000237   Thumb Code     2  startup_lpc17xx.o(.text)
    MemManage_Handler                        0x00000239   Thumb Code     2  startup_lpc17xx.o(.text)
    BusFault_Handler                         0x0000023b   Thumb Code     2  startup_lpc17xx.o(.text)
    UsageFault_Handler                       0x0000023d   Thumb Code     2  startup_lpc17xx.o(.text)
    DebugMon_Handler                         0x00000241   Thumb Code     2  startup_lpc17xx.o(.text)
    ADC_IRQHandler                           0x00000247   Thumb Code     0  startup_lpc17xx.o(.text)
    BOD_IRQHandler                           0x00000247   Thumb Code     0  startup_lpc17xx.o(.text)
    CANActivity_IRQHandler                   0x00000247   Thumb Code     0  startup_lpc17xx.o(.text)
    CAN_IRQHandler                           0x00000247   Thumb Code     0  startup_lpc17xx.o(.text)
    DMA_IRQHandler                           0x00000247   Thumb Code     0  startup_lpc17xx.o(.text)
    EINT0_IRQHandler                         0x00000247   Thumb Code     0  startup_lpc17xx.o(.text)
    EINT1_IRQHandler                         0x00000247   Thumb Code     0  startup_lpc17xx.o(.text)
    EINT2_IRQHandler                         0x00000247   Thumb Code     0  startup_lpc17xx.o(.text)
    EINT3_IRQHandler                         0x00000247   Thumb Code     0  startup_lpc17xx.o(.text)
    ENET_IRQHandler                          0x00000247   Thumb Code     0  startup_lpc17xx.o(.text)
    I2C0_IRQHandler                          0x00000247   Thumb Code     0  startup_lpc17xx.o(.text)
    I2C1_IRQHandler                          0x00000247   Thumb Code     0  startup_lpc17xx.o(.text)
    I2C2_IRQHandler                          0x00000247   Thumb Code     0  startup_lpc17xx.o(.text)
    I2S_IRQHandler                           0x00000247   Thumb Code     0  startup_lpc17xx.o(.text)
    MCPWM_IRQHandler                         0x00000247   Thumb Code     0  startup_lpc17xx.o(.text)
    PLL0_IRQHandler                          0x00000247   Thumb Code     0  startup_lpc17xx.o(.text)
    PLL1_IRQHandler                          0x00000247   Thumb Code     0  startup_lpc17xx.o(.text)
    PWM1_IRQHandler                          0x00000247   Thumb Code     0  startup_lpc17xx.o(.text)
    QEI_IRQHandler                           0x00000247   Thumb Code     0  startup_lpc17xx.o(.text)
    RIT_IRQHandler                           0x00000247   Thumb Code     0  startup_lpc17xx.o(.text)
    RTC_IRQHandler                           0x00000247   Thumb Code     0  startup_lpc17xx.o(.text)
    SPI_IRQHandler                           0x00000247   Thumb Code     0  startup_lpc17xx.o(.text)
    SSP0_IRQHandler                          0x00000247   Thumb Code     0  startup_lpc17xx.o(.text)
    SSP1_IRQHandler                          0x00000247   Thumb Code     0  startup_lpc17xx.o(.text)
    TIMER0_IRQHandler                        0x00000247   Thumb Code     0  startup_lpc17xx.o(.text)
    TIMER1_IRQHandler                        0x00000247   Thumb Code     0  startup_lpc17xx.o(.text)
    TIMER2_IRQHandler                        0x00000247   Thumb Code     0  startup_lpc17xx.o(.text)
    TIMER3_IRQHandler                        0x00000247   Thumb Code     0  startup_lpc17xx.o(.text)
    UART0_IRQHandler                         0x00000247   Thumb Code     0  startup_lpc17xx.o(.text)
    UART1_IRQHandler                         0x00000247   Thumb Code     0  startup_lpc17xx.o(.text)
    UART2_IRQHandler                         0x00000247   Thumb Code     0  startup_lpc17xx.o(.text)
    UART3_IRQHandler                         0x00000247   Thumb Code     0  startup_lpc17xx.o(.text)
    USBActivity_IRQHandler                   0x00000247   Thumb Code     0  startup_lpc17xx.o(.text)
    USB_IRQHandler                           0x00000247   Thumb Code     0  startup_lpc17xx.o(.text)
    WDT_IRQHandler                           0x00000247   Thumb Code     0  startup_lpc17xx.o(.text)
    os_idle_demon                            0x00000251   Thumb Code     2  rtx_conf_cm.o(.text)
    os_tmr_call                              0x00000253   Thumb Code     2  rtx_conf_cm.o(.text)
    os_error                                 0x00000255   Thumb Code     2  rtx_conf_cm.o(.text)
    rt_init_robin                            0x00000257   Thumb Code     2  rtx_conf_cm.o(.text)
    rt_chk_robin                             0x00000259   Thumb Code     2  rtx_conf_cm.o(.text)
    __aeabi_uldivmod                         0x0000025b   Thumb Code    98  uldiv.o(.text)
    __aeabi_memcpy                           0x000002bd   Thumb Code    36  memcpya.o(.text)
    __aeabi_memcpy4                          0x000002bd   Thumb Code     0  memcpya.o(.text)
    __aeabi_memcpy8                          0x000002bd   Thumb Code     0  memcpya.o(.text)
    SVC_Count                                0x000002e0   Data           4  SVC_Table.o(SVC_TABLE)
    SVC_Table                                0x000002e4   Data           0  SVC_Table.o(SVC_TABLE)
    __scatterload_copy                       0x000002e5   Thumb Code    14  handlers.o(i.__scatterload_copy)
    __scatterload_null                       0x000002f3   Thumb Code     2  handlers.o(i.__scatterload_null)
    rt_dly_wait                              0x000002f5   Thumb Code     6  rt_time.o(i.rt_dly_wait)
    os_maxtaskrun                            0x000002fa   Data           2  rtx_conf_cm.o(.constdata)
    serial_data                              0x00000301   Thumb Code    26  rtx-barrier-semaphore.o(.text)
    task4                                    0x0000031b   Thumb Code   124  rtx-barrier-semaphore.o(.text)
    task3                                    0x00000397   Thumb Code   114  rtx-barrier-semaphore.o(.text)
    task2                                    0x00000409   Thumb Code   114  rtx-barrier-semaphore.o(.text)
    __RL_RTX_VER                             0x00000420   Number         0  rt_system.o ABSOLUTE
    task1                                    0x0000047b   Thumb Code   114  rtx-barrier-semaphore.o(.text)
    init_task                                0x000004ed   Thumb Code   106  rtx-barrier-semaphore.o(.text)
    UART0_Init                               0x00000557   Thumb Code    64  rtx-barrier-semaphore.o(.text)
    main                                     0x00000597   Thumb Code    28  rtx-barrier-semaphore.o(.text)
    SystemCoreClockUpdate                    0x00000691   Thumb Code   194  system_lpc17xx.o(.text)
    SystemInit                               0x00000753   Thumb Code   188  system_lpc17xx.o(.text)
    __aeabi_llsl                             0x00000831   Thumb Code    30  llshl.o(.text)
    _ll_shift_l                              0x00000831   Thumb Code     0  llshl.o(.text)
    __aeabi_llsr                             0x0000084f   Thumb Code    32  llushr.o(.text)
    _ll_ushift_r                             0x0000084f   Thumb Code     0  llushr.o(.text)
    __scatterload                            0x00000871   Thumb Code    28  init.o(.text)
    __scatterload_rt2                        0x00000871   Thumb Code     0  init.o(.text)
    __scatterload_zeroinit                   0x00000895   Thumb Code    14  handlers.o(i.__scatterload_zeroinit)
    _init_box                                0x000008a3   Thumb Code    70  rt_membox.o(i._init_box)
    dbg_init                                 0x000008e9   Thumb Code    36  hal_cm3.o(i.dbg_init)
    dbg_task_notify                          0x00000915   Thumb Code    32  hal_cm3.o(i.dbg_task_notify)
    dbg_task_switch                          0x00000935   Thumb Code    16  hal_cm3.o(i.dbg_task_switch)
    rt_alloc_box                             0x00000945   Thumb Code    28  rt_membox.o(i.rt_alloc_box)
    rt_block                                 0x00000961   Thumb Code    48  rt_task.o(i.rt_block)
    rt_dec_dly                               0x00000999   Thumb Code   106  rt_list.o(i.rt_dec_dly)
    rt_dispatch                              0x00000a0d   Thumb Code    60  rt_task.o(i.rt_dispatch)
    rt_evt_psh                               0x00000a51   Thumb Code    72  rt_event.o(i.rt_evt_psh)
    rt_free_box                              0x00000a9d   Thumb Code    32  rt_membox.o(i.rt_free_box)
    rt_get_first                             0x00000abd   Thumb Code    40  rt_list.o(i.rt_get_first)
    rt_init_stack                            0x00000b29   Thumb Code    70  hal_cm3.o(i.rt_init_stack)
    rt_mbx_psh                               0x00000b79   Thumb Code   188  rt_mailbox.o(i.rt_mbx_psh)
    rt_pop_req                               0x00000c39   Thumb Code   114  rt_system.o(i.rt_pop_req)
    rt_put_dly                               0x00000cbd   Thumb Code    68  rt_list.o(i.rt_put_dly)
    rt_put_prio                              0x00000d05   Thumb Code    54  rt_list.o(i.rt_put_prio)
    rt_put_rdy_first                         0x00000d3d   Thumb Code    14  rt_list.o(i.rt_put_rdy_first)
    rt_rmv_dly                               0x00000d51   Thumb Code    40  rt_list.o(i.rt_rmv_dly)
    rt_rmv_list                              0x00000d79   Thumb Code    44  rt_list.o(i.rt_rmv_list)
    rt_sem_init                              0x00000da9   Thumb Code    12  rt_semaphore.o(i.rt_sem_init)
    rt_sem_psh                               0x00000db5   Thumb Code    46  rt_semaphore.o(i.rt_sem_psh)
    rt_sem_send                              0x00000de9   Thumb Code    52  rt_semaphore.o(i.rt_sem_send)
    rt_sem_wait                              0x00000e21   Thumb Code    56  rt_semaphore.o(i.rt_sem_wait)
    rt_stk_check                             0x00000e5d   Thumb Code    28  rt_system.o(i.rt_stk_check)
    rt_switch_req                            0x00000e81   Thumb Code    30  rt_task.o(i.rt_switch_req)
    rt_sys_init                              0x00000ea9   Thumb Code   244  rt_task.o(i.rt_sys_init)
    rt_systick                               0x00000fe5   Thumb Code    48  rt_system.o(i.rt_systick)
    rt_tmr_tick                              0x00001021   Thumb Code    56  rt_timer.o(i.rt_tmr_tick)
    rt_tsk_create                            0x00001061   Thumb Code   122  rt_task.o(i.rt_tsk_create)
    rt_tsk_delete                            0x000010f1   Thumb Code   146  rt_task.o(i.rt_tsk_delete)
    os_stackinfo                             0x0000119c   Data           4  rtx_conf_cm.o(.constdata)
    os_trv                                   0x000011a0   Data           4  rtx_conf_cm.o(.constdata)
    os_flags                                 0x000011a4   Data           1  rtx_conf_cm.o(.constdata)
    os_clockrate                             0x000011a8   Data           4  rtx_conf_cm.o(.constdata)
    os_timernum                              0x000011ac   Data           4  rtx_conf_cm.o(.constdata)
    mp_tcb_size                              0x000011b0   Data           2  rtx_conf_cm.o(.constdata)
    mp_stk_size                              0x000011b4   Data           4  rtx_conf_cm.o(.constdata)
    os_fifo_size                             0x000011b8   Data           1  rtx_conf_cm.o(.constdata)
    mp_tmr_size                              0x000011ba   Data           2  rtx_conf_cm.o(.constdata)
    Region$$Table$$Base                      0x000011bc   Number         0  anon$$obj.o(Region$$Table)
    Region$$Table$$Limit                     0x000011dc   Number         0  anon$$obj.o(Region$$Table)
    count                                    0x10000000   Data           4  rtx-barrier-semaphore.o(.data)
    tsk1                                     0x10000004   Data           4  rtx-barrier-semaphore.o(.data)
    tsk2                                     0x10000008   Data           4  rtx-barrier-semaphore.o(.data)
    tsk3                                     0x1000000c   Data           4  rtx-barrier-semaphore.o(.data)
    tsk4                                     0x10000010   Data           4  rtx-barrier-semaphore.o(.data)
    Mutex                                    0x10000014   Data           8  rtx-barrier-semaphore.o(.data)
    Barrier                                  0x1000001c   Data           8  rtx-barrier-semaphore.o(.data)
    SystemCoreClock                          0x10000024   Data           4  system_lpc17xx.o(.data)
    m_tmr                                    0x10000028   Data           4  rtx_conf_cm.o(.data)
    os_tsk                                   0x1000002c   Data           8  rt_task.o(.data)
    os_time                                  0x10000034   Data           2  rt_time.o(.data)
    dbg_msg                                  0x10000036   Data           1  hal_cm3.o(.data)
    os_tmr                                   0x1000003c   Data           8  rt_timer.o(.data)
    mp_tcb                                   0x10000044   Data         348  rtx_conf_cm.o(.bss)
    mp_stk                                   0x100001a0   Data        4112  rtx_conf_cm.o(.bss)
    os_fifo                                  0x100011b0   Data         132  rtx_conf_cm.o(.bss)
    os_active_TCB                            0x10001234   Data          28  rtx_conf_cm.o(.bss)
    os_idle_TCB                              0x10001250   Data          48  rt_task.o(.bss)
    os_rdy                                   0x10001280   Data          24  rt_list.o(.bss)
    os_dly                                   0x10001298   Data          24  rt_list.o(.bss)
    __initial_sp                             0x100014b0   Data           0  startup_lpc17xx.o(STACK)



==============================================================================

Memory Map of the image

  Image Entry point : 0x000000cd

  Load Region LR_IROM1 (Base: 0x00000000, Size: 0x00001220, Max: 0x00080000, ABSOLUTE)

    Execution Region ER_IROM1 (Base: 0x00000000, Size: 0x000011dc, Max: 0x00080000, ABSOLUTE)

    Base Addr    Size         Type   Attr      Idx    E Section Name        Object

    0x00000000   0x000000cc   Data   RO           54    RESET               startup_lpc17xx.o
    0x000000cc   0x00000000   Code   RO          607  * .ARM.Collect$$$$00000000  mc_w.l(entry.o)
    0x000000cc   0x00000004   Code   RO          616    .ARM.Collect$$$$00000001  mc_w.l(entry2.o)
    0x000000d0   0x00000004   Code   RO          619    .ARM.Collect$$$$00000004  mc_w.l(entry5.o)
    0x000000d4   0x00000008   Code   RO          620    .ARM.Collect$$$$00000007  mc_w.l(entry7.o)
    0x000000dc   0x00000004   Code   RO          617    .ARM.Collect$$$$00002712  mc_w.l(entry2.o)
    0x000000e0   0x0000014c   Code   RO          281    .emb_text           RTX_CM3.LIB(hal_cm3.o)
    0x0000022c   0x00000024   Code   RO           56    .text               startup_lpc17xx.o
    0x00000250   0x0000000a   Code   RO           84    .text               rtx_conf_cm.o
    0x0000025a   0x00000062   Code   RO          610    .text               mc_w.l(uldiv.o)
    0x000002bc   0x00000024   Code   RO          612    .text               mc_w.l(memcpya.o)
    0x000002e0   0x00000004   Code   RO          487    SVC_TABLE           RTX_CM3.LIB(SVC_Table.o)
    0x000002e4   0x0000000e   Code   RO          629    i.__scatterload_copy  mc_w.l(handlers.o)
    0x000002f2   0x00000002   Code   RO          630    i.__scatterload_null  mc_w.l(handlers.o)
    0x000002f4   0x00000006   Code   RO          254    i.rt_dly_wait       RTX_CM3.LIB(rt_time.o)
    0x000002fa   0x00000002   Data   RO           89    .constdata          rtx_conf_cm.o
    0x000002fc   0x00000004   Code   RO           55    .ARM.__at_0x02FC    startup_lpc17xx.o
    0x00000300   0x00000390   Code   RO            2    .text               rtx-barrier-semaphore.o
    0x00000690   0x000001a0   Code   RO           63    .text               system_lpc17xx.o
    0x00000830   0x0000001e   Code   RO          621    .text               mc_w.l(llshl.o)
    0x0000084e   0x00000020   Code   RO          623    .text               mc_w.l(llushr.o)
    0x0000086e   0x00000002   PAD
    0x00000870   0x00000024   Code   RO          625    .text               mc_w.l(init.o)
    0x00000894   0x0000000e   Code   RO          631    i.__scatterload_zeroinit  mc_w.l(handlers.o)
    0x000008a2   0x00000046   Code   RO          458    i._init_box         RTX_CM3.LIB(rt_membox.o)
    0x000008e8   0x0000002c   Code   RO          282    i.dbg_init          RTX_CM3.LIB(hal_cm3.o)
    0x00000914   0x00000020   Code   RO          283    i.dbg_task_notify   RTX_CM3.LIB(hal_cm3.o)
    0x00000934   0x00000010   Code   RO          284    i.dbg_task_switch   RTX_CM3.LIB(hal_cm3.o)
    0x00000944   0x0000001c   Code   RO          459    i.rt_alloc_box      RTX_CM3.LIB(rt_membox.o)
    0x00000960   0x00000038   Code   RO          116    i.rt_block          RTX_CM3.LIB(rt_task.o)
    0x00000998   0x00000074   Code   RO          378    i.rt_dec_dly        RTX_CM3.LIB(rt_list.o)
    0x00000a0c   0x00000044   Code   RO          117    i.rt_dispatch       RTX_CM3.LIB(rt_task.o)
    0x00000a50   0x0000004c   Code   RO          493    i.rt_evt_psh        RTX_CM3.LIB(rt_event.o)
    0x00000a9c   0x00000020   Code   RO          460    i.rt_free_box       RTX_CM3.LIB(rt_membox.o)
    0x00000abc   0x00000028   Code   RO          379    i.rt_get_first      RTX_CM3.LIB(rt_list.o)
    0x00000ae4   0x00000044   Code   RO          118    i.rt_init_context   RTX_CM3.LIB(rt_task.o)
    0x00000b28   0x00000050   Code   RO          285    i.rt_init_stack     RTX_CM3.LIB(hal_cm3.o)
    0x00000b78   0x000000c0   Code   RO          536    i.rt_mbx_psh        RTX_CM3.LIB(rt_mailbox.o)
    0x00000c38   0x00000084   Code   RO          323    i.rt_pop_req        RTX_CM3.LIB(rt_system.o)
    0x00000cbc   0x00000048   Code   RO          382    i.rt_put_dly        RTX_CM3.LIB(rt_list.o)
    0x00000d04   0x00000036   Code   RO          383    i.rt_put_prio       RTX_CM3.LIB(rt_list.o)
    0x00000d3a   0x00000002   PAD
    0x00000d3c   0x00000014   Code   RO          384    i.rt_put_rdy_first  RTX_CM3.LIB(rt_list.o)
    0x00000d50   0x00000028   Code   RO          386    i.rt_rmv_dly        RTX_CM3.LIB(rt_list.o)
    0x00000d78   0x00000030   Code   RO          387    i.rt_rmv_list       RTX_CM3.LIB(rt_list.o)
    0x00000da8   0x0000000c   Code   RO          215    i.rt_sem_init       RTX_CM3.LIB(rt_semaphore.o)
    0x00000db4   0x00000034   Code   RO          216    i.rt_sem_psh        RTX_CM3.LIB(rt_semaphore.o)
    0x00000de8   0x00000038   Code   RO          217    i.rt_sem_send       RTX_CM3.LIB(rt_semaphore.o)
    0x00000e20   0x0000003c   Code   RO          218    i.rt_sem_wait       RTX_CM3.LIB(rt_semaphore.o)
    0x00000e5c   0x00000024   Code   RO          325    i.rt_stk_check      RTX_CM3.LIB(rt_system.o)
    0x00000e80   0x00000028   Code   RO          119    i.rt_switch_req     RTX_CM3.LIB(rt_task.o)
    0x00000ea8   0x0000013c   Code   RO          120    i.rt_sys_init       RTX_CM3.LIB(rt_task.o)
    0x00000fe4   0x0000003c   Code   RO          326    i.rt_systick        RTX_CM3.LIB(rt_system.o)
    0x00001020   0x00000040   Code   RO          582    i.rt_tmr_tick       RTX_CM3.LIB(rt_timer.o)
    0x00001060   0x00000090   Code   RO          121    i.rt_tsk_create     RTX_CM3.LIB(rt_task.o)
    0x000010f0   0x000000ac   Code   RO          122    i.rt_tsk_delete     RTX_CM3.LIB(rt_task.o)
    0x0000119c   0x00000004   Data   RO           90    .constdata          rtx_conf_cm.o
    0x000011a0   0x00000004   Data   RO           92    .constdata          rtx_conf_cm.o
    0x000011a4   0x00000001   Data   RO           93    .constdata          rtx_conf_cm.o
    0x000011a5   0x00000003   PAD
    0x000011a8   0x00000008   Data   RO           94    .constdata          rtx_conf_cm.o
    0x000011b0   0x00000002   Data   RO           95    .constdata          rtx_conf_cm.o
    0x000011b2   0x00000002   PAD
    0x000011b4   0x00000004   Data   RO           96    .constdata          rtx_conf_cm.o
    0x000011b8   0x00000001   Data   RO           97    .constdata          rtx_conf_cm.o
    0x000011b9   0x00000001   PAD
    0x000011ba   0x00000002   Data   RO           98    .constdata          rtx_conf_cm.o
    0x000011bc   0x00000020   Data   RO          627    Region$$Table       anon$$obj.o


    Execution Region RW_IRAM1 (Base: 0x10000000, Size: 0x000014b0, Max: 0x00008000, ABSOLUTE)

    Base Addr    Size         Type   Attr      Idx    E Section Name        Object

    0x10000000   0x00000024   Data   RW            3    .data               rtx-barrier-semaphore.o
    0x10000024   0x00000004   Data   RW           64    .data               system_lpc17xx.o
    0x10000028   0x00000004   Data   RW           99    .data               rtx_conf_cm.o
    0x1000002c   0x00000008   Data   RW          127    .data               RTX_CM3.LIB(rt_task.o)
    0x10000034   0x00000002   Data   RW          257    .data               RTX_CM3.LIB(rt_time.o)
    0x10000036   0x00000001   Data   RW          286    .data               RTX_CM3.LIB(hal_cm3.o)
    0x10000037   0x00000002   Data   RW          329    .data               RTX_CM3.LIB(rt_system.o)
    0x10000039   0x00000003   PAD
    0x1000003c   0x00000008   Data   RW          583    .data               RTX_CM3.LIB(rt_timer.o)
    0x10000044   0x0000015c   Zero   RW           85    .bss                rtx_conf_cm.o
    0x100001a0   0x00001010   Zero   RW           86    .bss                rtx_conf_cm.o
    0x100011b0   0x00000084   Zero   RW           87    .bss                rtx_conf_cm.o
    0x10001234   0x0000001c   Zero   RW           88    .bss                rtx_conf_cm.o
    0x10001250   0x00000030   Zero   RW          126    .bss                RTX_CM3.LIB(rt_task.o)
    0x10001280   0x00000030   Zero   RW          388    .bss                RTX_CM3.LIB(rt_list.o)
    0x100012b0   0x00000200   Zero   RW           52    STACK               startup_lpc17xx.o


==============================================================================

Image component sizes


      Code (inc. data)   RO Data    RW Data    ZI Data      Debug   Object Name

       912        222          0         36          0      12978   rtx-barrier-semaphore.o
        10          0         28          4       4620       2071   rtx_conf_cm.o
        40         12        204          0        512        976   startup_lpc17xx.o
       416         34          0          4          0       1089   system_lpc17xx.o

    ----------------------------------------------------------------------
      1378        268        270         44       5132      17114   Object Totals
         0          0         32          0          0          0   (incl. Generated)
         0          0          6          0          0          0   (incl. Padding)

    ----------------------------------------------------------------------

      Code (inc. data)   RO Data    RW Data    ZI Data      Debug   Library Member Name

         4          4          0          0          0        136   SVC_Table.o
       504         52          0          1          0       2541   hal_cm3.o
        76          4          0          0          0        593   rt_event.o
       390         24          0          0         48       3789   rt_list.o
       192          4          0          0          0        737   rt_mailbox.o
       130          0          0          0          0       1705   rt_membox.o
       180         14          0          0          0       2131   rt_semaphore.o
       228         38          0          2          0       1505   rt_system.o
       864        150          0          8         48       6794   rt_task.o
         6          0          0          2          0        528   rt_time.o
        64          8          0          8          0        603   rt_timer.o
         0          0          0          0          0          0   entry.o
         8          4          0          0          0          0   entry2.o
         4          0          0          0          0          0   entry5.o
         8          4          0          0          0          0   entry7.o
        30          0          0          0          0          0   handlers.o
        36          8          0          0          0         68   init.o
        30          0          0          0          0         68   llshl.o
        32          0          0          0          0         68   llushr.o
        36          0          0          0          0         68   memcpya.o
        98          0          0          0          0         92   uldiv.o

    ----------------------------------------------------------------------
      2924        314          0         24         96      21426   Library Totals
         4          0          0          3          0          0   (incl. Padding)

    ----------------------------------------------------------------------

      Code (inc. data)   RO Data    RW Data    ZI Data      Debug   Library Name

      2638        298          0         21         96      21062   RTX_CM3.LIB
       282         16          0          0          0        364   mc_w.l

    ----------------------------------------------------------------------
      2924        314          0         24         96      21426   Library Totals

    ----------------------------------------------------------------------

==============================================================================


      Code (inc. data)   RO Data    RW Data    ZI Data      Debug   

      4302        582        270         68       5228      36512   Grand Totals
      4302        582        270         68       5228      36512   ELF Image Totals
      4302        582        270         68          0          0   ROM Totals

==============================================================================

    Total RO  Size (Code + RO Data)                 4572 (   4.46kB)
    Total RW  Size (RW Data + ZI Data)              5296 (   5.17kB)
    Total ROM Size (Code + RO Data + RW Data)       4640 (   4.53kB)

==============================================================================

