<html>
<body>
<pre>
<h1>µVision Build Log</h1>
<h2>Project:</h2>
D:\BASAVARAJ\WORKING_FOLDER\RTOS-PROJECTS\RTOS-ALS-SDA-ARMCTXM3-REV02\EXAMPLES\34.RTX-BARRIER-SEMAPHORE\RTX-BARRIER-SEMAPHORE.uvproj
Project File Date:  11/08/2015

<h2>Output:</h2>
Build target 'Target 1'
compiling RTX-BARRIER-SEMAPHORE.c...
assembling startup_LPC17xx.s...
compiling system_LPC17xx.c...
compiling RTX_Conf_CM.c...
linking...
Program Size: Code=4302 RO-data=270 RW-data=68 ZI-data=5228  
FromELF: creating hex file...
"RTX-BARRIER-SEMAPHORE.axf" - 0 Error(s), 0 Warning(s).
