<html>
<body>
<pre>
<h1>µVision Build Log</h1>
<h2>Project:</h2>
D:\BASAVARAJ\WORKING_FOLDER\RTOS-PROJECTS\RTOS-ALS-SDA-ARMCTXM3-REV02\EXAMPLES\23.RTX_CHATTING\RTX-CHATTING.uvproj
Project File Date:  07/15/2015

<h2>Output:</h2>
Build target 'Target 1'
compiling RTX-CHATTING.c...
compiling RTX_Conf_CM.c...
compiling system_LPC17xx.c...
assembling startup_LPC17xx.s...
linking...
Program Size: Code=4520 RO-data=268 RW-data=56 ZI-data=9496  
FromELF: creating hex file...
"RTX-CHATTING.axf" - 0 Error(s), 0 Warning(s).
