<html>
<body>
<pre>
<h1>µVision Build Log</h1>
<h2>Project:</h2>
D:\BASAVARAJ\WORKING_FOLDER\RTOS-PROJECTS\RTOS-ALS-SDA-ARMCTXM3-REV02\EXAMPLES\10.RTX-CHANGING-PRIORITY\RTX-CHANGING-PRIORITY.uvproj
Project File Date:  08/25/2015

<h2>Output:</h2>
Build target 'Target 1'
compiling RTX-CHANGING-PRIORITY.c...
compiling RTX_Conf_CM.c...
assembling startup_LPC17xx.s...
compiling system_LPC17xx.c...
linking...
Program Size: Code=3588 RO-data=272 RW-data=200 ZI-data=2736  
FromELF: creating hex file...
"RTX-CHANGING-PRIORITY.axf" - 0 Error(s), 0 Warning(s).
