<html>
<body>
<pre>
<h1>µVision Build Log</h1>
<h2>Project:</h2>
E:\MAHADEVA_R\PROJECTS\ALS-SDA-ARM7-08\SOFTWARE\TEST_PRGMS\Exp12_INT_ADC\adc_in_intr_mode\adc_in_intr_mode.uvproj
Project File Date:  01/14/2015

<h2>Output:</h2>
Build target 'Target 1'
assembling Startup.s...
compiling INT_ADC.C...
linking...
Program Size: Code=6016 RO-data=32 RW-data=60 ZI-data=1196  
FromELF: creating hex file...
"adc_in_intr_mode.axf" - 0 Error(s), 0 Warning(s).
Build target 'Target 1'
assembling Startup.s...
compiling INT_ADC.C...
linking...
Program Size: Code=6016 RO-data=32 RW-data=60 ZI-data=1196  
FromELF: creating hex file...
"adc_in_intr_mode.axf" - 0 Error(s), 0 Warning(s).
Build target 'Target 1'
assembling Startup.s...
compiling INT_ADC.C...
linking...
Program Size: Code=6016 RO-data=32 RW-data=60 ZI-data=1196  
FromELF: creating hex file...
"adc_in_intr_mode.axf" - 0 Error(s), 0 Warning(s).
