<html>
<body>
<pre>
<h1>µVision Build Log</h1>
<h2>Project:</h2>
E:\MAHADEVA_R\PROJECTS\ALS-SDA-ARM7-08\SOFTWARE\TEST_PRGMS\Exp08_DAC\square\square.uvproj
Project File Date:  12/23/2011

<h2>Output:</h2>
Build target 'Target 1'
assembling Startup.s...
compiling square.c...
linking...
Program Size: Code=456 RO-data=16 RW-data=0 ZI-data=1160  
FromELF: creating hex file...
"square.axf" - 0 Error(s), 0 Warning(s).
Build target 'Target 1'
assembling Startup.s...
compiling square.c...
linking...
Program Size: Code=456 RO-data=16 RW-data=0 ZI-data=1160  
FromELF: creating hex file...
"square.axf" - 0 Error(s), 0 Warning(s).
Build target 'Target 1'
assembling Startup.s...
compiling square.c...
linking...
Program Size: Code=524 RO-data=16 RW-data=0 ZI-data=1160  
FromELF: creating hex file...
"square.axf" - 0 Error(s), 0 Warning(s).
Build target 'Target 1'
assembling Startup.s...
compiling square.c...
linking...
Program Size: Code=508 RO-data=16 RW-data=0 ZI-data=1160  
FromELF: creating hex file...
"square.axf" - 0 Error(s), 0 Warning(s).
Build target 'Target 1'
assembling Startup.s...
compiling square.c...
linking...
Program Size: Code=456 RO-data=16 RW-data=0 ZI-data=1160  
FromELF: creating hex file...
"square.axf" - 0 Error(s), 0 Warning(s).
Build target 'Target 1'
assembling Startup.s...
compiling square.c...
linking...
Program Size: Code=508 RO-data=16 RW-data=0 ZI-data=1160  
FromELF: creating hex file...
"square.axf" - 0 Error(s), 0 Warning(s).
Build target 'Target 1'
assembling Startup.s...
compiling square.c...
linking...
Program Size: Code=456 RO-data=16 RW-data=0 ZI-data=1160  
FromELF: creating hex file...
"square.axf" - 0 Error(s), 0 Warning(s).
Build target 'Target 1'
assembling Startup.s...
compiling square.c...
linking...
Program Size: Code=440 RO-data=16 RW-data=0 ZI-data=1160  
FromELF: creating hex file...
"square.axf" - 0 Error(s), 0 Warning(s).
Build target 'Target 1'
assembling Startup.s...
compiling square.c...
linking...
Program Size: Code=508 RO-data=16 RW-data=0 ZI-data=1160  
FromELF: creating hex file...
"square.axf" - 0 Error(s), 0 Warning(s).
Build target 'Target 1'
assembling Startup.s...
compiling square.c...
linking...
Program Size: Code=508 RO-data=16 RW-data=0 ZI-data=1160  
FromELF: creating hex file...
"square.axf" - 0 Error(s), 0 Warning(s).
