<html>
<body>
<pre>
<h1>µVision Build Log</h1>
<h2>Project:</h2>
D:\BASAVARAJ\WORKING_FOLDER\RTOS-PROJECTS\RTOS-ALS-SDA-ARMCTXM3-REV02\EXAMPLES\32.RTX-RENDEZVOUS-SEMAPHORE\RTX-RENDEZVOUS-SEMAPHORE.uvproj
Project File Date:  11/08/2015

<h2>Output:</h2>
Build target 'Target 1'
compiling RTX-RENDEZVOUS-SEMAPHORE.c...
compiling RTX_Conf_CM.c...
compiling system_LPC17xx.c...
assembling startup_LPC17xx.s...
linking...
Program Size: Code=3964 RO-data=272 RW-data=56 ZI-data=5232  
FromELF: creating hex file...
"RTX-RENDEZVOUS-SEMAPHORE.axf" - 0 Error(s), 0 Warning(s).
