<html>
<body>
<pre>
<h1>µVision Build Log</h1>
<h2>Project:</h2>
D:\BASAVARAJ\WORKING_FOLDER\RTOS-PROJECTS\RTOS-ALS-SDA-ARMCTXM3-REV02\EXAMPLES\21.DEMO_RTX_LED\DEMO_RTX_LED.uvproj
Project File Date:  10/29/2015

<h2>Output:</h2>
Build target 'Target 1'
compiling DEMO_RTX_LED.c...
compiling RTX_Conf_CM.c...
compiling system_LPC17xx.c...
assembling startup_LPC17xx.s...
linking...
Program Size: Code=3796 RO-data=272 RW-data=108 ZI-data=2732  
FromELF: creating hex file...
"DEMO_RTX_LED.axf" - 0 Error(s), 0 Warning(s).
