<html>
<body>
<pre>
<h1>µVision Build Log</h1>
<h2>Project:</h2>
D:\BASAVARAJ\WORKING_FOLDER\RTOS-PROJECTS\RTOS-ALS-SDA-ARMCTXM3-REV02\EXAMPLES\22.RTX-SEVEN-SEGMENT-COUNTER\RTX-SEVEN-SEGMENT-COUNTER.uvproj
Project File Date:  11/11/2015

<h2>Output:</h2>
Build target 'Target 1'
compiling RTX-SEVEN-SEGMENT-COUNTER.c...
compiling RTX_Conf_CM.c...
assembling startup_LPC17xx.s...
compiling system_LPC17xx.c...
linking...
Program Size: Code=4404 RO-data=272 RW-data=76 ZI-data=2732  
FromELF: creating hex file...
"RTX-SEVEN-SEGMENT-COUNTER.axf" - 0 Error(s), 0 Warning(s).
