ARM Linker, 5.03 [Build 76] [MDK-ARM Lite]

==============================================================================

Section Cross References

    semaphore.o(.text) refers to hal_cm3.o(.emb_text) for os_set_env
    semaphore.o(.text) refers to semaphore.o(.data) for .data
    semaphore.o(.text) refers to rt_semaphore.o(i.rt_sem_wait) for rt_sem_wait
    semaphore.o(.text) refers to rt_semaphore.o(i.rt_sem_send) for rt_sem_send
    semaphore.o(.text) refers to rt_time.o(i.rt_dly_wait) for rt_dly_wait
    semaphore.o(.text) refers to rt_semaphore.o(i.rt_sem_init) for rt_sem_init
    semaphore.o(.text) refers to rt_task.o(i.rt_tsk_create) for rt_tsk_create
    semaphore.o(.text) refers to rt_task.o(i.rt_tsk_delete) for rt_tsk_delete
    semaphore.o(.text) refers to rt_task.o(i.rt_sys_init) for rt_sys_init
    system_lpc17xx.o(.text) refers to uldiv.o(.text) for __aeabi_uldivmod
    system_lpc17xx.o(.text) refers to system_lpc17xx.o(.data) for .data
    startup_lpc17xx.o(RESET) refers to startup_lpc17xx.o(STACK) for __initial_sp
    startup_lpc17xx.o(RESET) refers to startup_lpc17xx.o(.text) for Reset_Handler
    startup_lpc17xx.o(RESET) refers to hal_cm3.o(.emb_text) for SVC_Handler
    startup_lpc17xx.o(.text) refers to system_lpc17xx.o(.text) for SystemInit
    startup_lpc17xx.o(.text) refers to entry.o(.ARM.Collect$$$$00000000) for __main
    rt_task.o(i.rt_block) refers to rt_list.o(i.rt_put_dly) for rt_put_dly
    rt_task.o(i.rt_block) refers to rt_list.o(i.rt_get_first) for rt_get_first
    rt_task.o(i.rt_block) refers to rt_task.o(i.rt_switch_req) for rt_switch_req
    rt_task.o(i.rt_block) refers to rt_task.o(.data) for .data
    rt_task.o(i.rt_block) refers to rt_list.o(.bss) for os_rdy
    rt_task.o(i.rt_dispatch) refers to rt_list.o(i.rt_put_rdy_first) for rt_put_rdy_first
    rt_task.o(i.rt_dispatch) refers to rt_task.o(i.rt_switch_req) for rt_switch_req
    rt_task.o(i.rt_dispatch) refers to rt_list.o(i.rt_get_first) for rt_get_first
    rt_task.o(i.rt_dispatch) refers to rt_list.o(i.rt_put_prio) for rt_put_prio
    rt_task.o(i.rt_dispatch) refers to rt_task.o(.data) for .data
    rt_task.o(i.rt_dispatch) refers to rt_list.o(.bss) for os_rdy
    rt_task.o(i.rt_init_context) refers to rt_membox.o(i.rt_alloc_box) for rt_alloc_box
    rt_task.o(i.rt_init_context) refers to hal_cm3.o(i.rt_init_stack) for rt_init_stack
    rt_task.o(i.rt_init_context) refers to rtx_conf_cm.o(.bss) for mp_stk
    rt_task.o(i.rt_switch_req) refers to hal_cm3.o(i.dbg_task_switch) for dbg_task_switch
    rt_task.o(i.rt_switch_req) refers to rt_task.o(.data) for .data
    rt_task.o(i.rt_switch_req) refers to hal_cm3.o(.data) for dbg_msg
    rt_task.o(i.rt_sys_init) refers to hal_cm3.o(i.dbg_init) for dbg_init
    rt_task.o(i.rt_sys_init) refers to rt_membox.o(i._init_box) for _init_box
    rt_task.o(i.rt_sys_init) refers to rt_task.o(i.rt_init_context) for rt_init_context
    rt_task.o(i.rt_sys_init) refers to hal_cm3.o(.emb_text) for rt_set_PSP
    rt_task.o(i.rt_sys_init) refers to rtx_conf_cm.o(.text) for rt_init_robin
    rt_task.o(i.rt_sys_init) refers to rt_system.o(i.os_tick_init) for os_tick_init
    rt_task.o(i.rt_sys_init) refers to rt_task.o(i.rt_tsk_create) for rt_tsk_create
    rt_task.o(i.rt_sys_init) refers to rtx_conf_cm.o(.bss) for os_active_TCB
    rt_task.o(i.rt_sys_init) refers to rtx_conf_cm.o(.constdata) for os_maxtaskrun
    rt_task.o(i.rt_sys_init) refers to rtx_conf_cm.o(.constdata) for mp_tcb_size
    rt_task.o(i.rt_sys_init) refers to rtx_conf_cm.o(.bss) for mp_tcb
    rt_task.o(i.rt_sys_init) refers to rtx_conf_cm.o(.constdata) for os_stackinfo
    rt_task.o(i.rt_sys_init) refers to rtx_conf_cm.o(.constdata) for mp_stk_size
    rt_task.o(i.rt_sys_init) refers to rtx_conf_cm.o(.bss) for mp_stk
    rt_task.o(i.rt_sys_init) refers to rtx_conf_cm.o(.constdata) for mp_tmr_size
    rt_task.o(i.rt_sys_init) refers to rtx_conf_cm.o(.data) for m_tmr
    rt_task.o(i.rt_sys_init) refers to rt_task.o(.bss) for .bss
    rt_task.o(i.rt_sys_init) refers to rt_list.o(.bss) for os_rdy
    rt_task.o(i.rt_sys_init) refers to rt_task.o(.data) for .data
    rt_task.o(i.rt_sys_init) refers to rtx_conf_cm.o(.bss) for os_fifo
    rt_task.o(i.rt_sys_init) refers to rtx_conf_cm.o(.constdata) for os_fifo_size
    rt_task.o(i.rt_sys_init) refers to rt_system.o(.data) for os_tick_irqn
    rt_task.o(i.rt_tsk_create) refers to rt_membox.o(i.rt_alloc_box) for rt_alloc_box
    rt_task.o(i.rt_tsk_create) refers to rt_task.o(i.rt_init_context) for rt_init_context
    rt_task.o(i.rt_tsk_create) refers to hal_cm3.o(i.dbg_task_notify) for dbg_task_notify
    rt_task.o(i.rt_tsk_create) refers to rt_task.o(i.rt_dispatch) for rt_dispatch
    rt_task.o(i.rt_tsk_create) refers to rtx_conf_cm.o(.bss) for mp_tcb
    rt_task.o(i.rt_tsk_create) refers to rtx_conf_cm.o(.bss) for os_active_TCB
    rt_task.o(i.rt_tsk_create) refers to rtx_conf_cm.o(.constdata) for os_maxtaskrun
    rt_task.o(i.rt_tsk_create) refers to hal_cm3.o(.data) for dbg_msg
    rt_task.o(i.rt_tsk_create) refers to rt_task.o(.data) for .data
    rt_task.o(i.rt_tsk_delete) refers to hal_cm3.o(.emb_text) for rt_get_PSP
    rt_task.o(i.rt_tsk_delete) refers to rt_system.o(i.rt_stk_check) for rt_stk_check
    rt_task.o(i.rt_tsk_delete) refers to rt_list.o(i.rt_get_first) for rt_get_first
    rt_task.o(i.rt_tsk_delete) refers to rt_list.o(i.rt_rmv_dly) for rt_rmv_dly
    rt_task.o(i.rt_tsk_delete) refers to rt_list.o(i.rt_put_prio) for rt_put_prio
    rt_task.o(i.rt_tsk_delete) refers to rt_membox.o(i.rt_free_box) for rt_free_box
    rt_task.o(i.rt_tsk_delete) refers to hal_cm3.o(i.dbg_task_notify) for dbg_task_notify
    rt_task.o(i.rt_tsk_delete) refers to rt_list.o(i.rt_rmv_list) for rt_rmv_list
    rt_task.o(i.rt_tsk_delete) refers to rt_task.o(i.rt_dispatch) for rt_dispatch
    rt_task.o(i.rt_tsk_delete) refers to hal_cm3.o(.data) for dbg_msg
    rt_task.o(i.rt_tsk_delete) refers to rtx_conf_cm.o(.bss) for os_active_TCB
    rt_task.o(i.rt_tsk_delete) refers to rt_task.o(.data) for .data
    rt_task.o(i.rt_tsk_delete) refers to rt_list.o(.bss) for os_rdy
    rt_task.o(i.rt_tsk_delete) refers to rtx_conf_cm.o(.bss) for mp_stk
    rt_task.o(i.rt_tsk_delete) refers to rtx_conf_cm.o(.bss) for mp_tcb
    rt_task.o(i.rt_tsk_delete) refers to rtx_conf_cm.o(.constdata) for os_maxtaskrun
    rt_task.o(i.rt_tsk_pass) refers to rt_list.o(i.rt_get_same_rdy_prio) for rt_get_same_rdy_prio
    rt_task.o(i.rt_tsk_pass) refers to rt_list.o(i.rt_put_prio) for rt_put_prio
    rt_task.o(i.rt_tsk_pass) refers to rt_task.o(i.rt_switch_req) for rt_switch_req
    rt_task.o(i.rt_tsk_pass) refers to rt_task.o(.data) for .data
    rt_task.o(i.rt_tsk_pass) refers to rt_list.o(.bss) for os_rdy
    rt_task.o(i.rt_tsk_prio) refers to rt_list.o(i.rt_put_prio) for rt_put_prio
    rt_task.o(i.rt_tsk_prio) refers to rt_list.o(i.rt_resort_prio) for rt_resort_prio
    rt_task.o(i.rt_tsk_prio) refers to rt_list.o(i.rt_get_first) for rt_get_first
    rt_task.o(i.rt_tsk_prio) refers to rt_task.o(i.rt_dispatch) for rt_dispatch
    rt_task.o(i.rt_tsk_prio) refers to rt_task.o(.data) for .data
    rt_task.o(i.rt_tsk_prio) refers to rtx_conf_cm.o(.constdata) for os_maxtaskrun
    rt_task.o(i.rt_tsk_prio) refers to rtx_conf_cm.o(.bss) for os_active_TCB
    rt_task.o(i.rt_tsk_prio) refers to rt_list.o(.bss) for os_rdy
    rt_task.o(i.rt_tsk_self) refers to rt_task.o(.data) for .data
    rt_semaphore.o(i.isr_sem_send) refers to rt_list.o(i.rt_psq_enq) for rt_psq_enq
    rt_semaphore.o(i.isr_sem_send) refers to rt_system.o(i.rt_psh_req) for rt_psh_req
    rt_semaphore.o(i.rt_sem_psh) refers to rt_list.o(i.rt_get_first) for rt_get_first
    rt_semaphore.o(i.rt_sem_psh) refers to rt_list.o(i.rt_rmv_dly) for rt_rmv_dly
    rt_semaphore.o(i.rt_sem_psh) refers to rt_list.o(i.rt_put_prio) for rt_put_prio
    rt_semaphore.o(i.rt_sem_psh) refers to rt_list.o(.bss) for os_rdy
    rt_semaphore.o(i.rt_sem_send) refers to rt_list.o(i.rt_get_first) for rt_get_first
    rt_semaphore.o(i.rt_sem_send) refers to rt_list.o(i.rt_rmv_dly) for rt_rmv_dly
    rt_semaphore.o(i.rt_sem_send) refers to rt_task.o(i.rt_dispatch) for rt_dispatch
    rt_semaphore.o(i.rt_sem_send) refers to rt_task.o(.data) for os_tsk
    rt_semaphore.o(i.rt_sem_wait) refers to rt_list.o(i.rt_put_prio) for rt_put_prio
    rt_semaphore.o(i.rt_sem_wait) refers to rt_task.o(i.rt_block) for rt_block
    rt_semaphore.o(i.rt_sem_wait) refers to rt_task.o(.data) for os_tsk
    rt_time.o(i.rt_dly_wait) refers to rt_task.o(i.rt_block) for rt_block
    rt_time.o(i.rt_itv_set) refers to rt_task.o(.data) for os_tsk
    rt_time.o(i.rt_itv_set) refers to rt_time.o(.data) for .data
    rt_time.o(i.rt_itv_wait) refers to rt_task.o(i.rt_block) for rt_block
    rt_time.o(i.rt_itv_wait) refers to rt_task.o(.data) for os_tsk
    rt_time.o(i.rt_itv_wait) refers to rt_time.o(.data) for .data
    rt_time.o(i.rt_time_get) refers to rt_time.o(.data) for .data
    hal_cm3.o(.emb_text) refers to rtx_conf_cm.o(.constdata) for os_flags
    hal_cm3.o(.emb_text) refers to rt_membox.o(i.rt_alloc_box) for rt_alloc_box
    hal_cm3.o(.emb_text) refers to rt_membox.o(i.rt_free_box) for rt_free_box
    hal_cm3.o(.emb_text) refers to rt_system.o(i.rt_stk_check) for rt_stk_check
    hal_cm3.o(.emb_text) refers to rt_task.o(.data) for os_tsk
    hal_cm3.o(.emb_text) refers to SVC_Table.o(SVC_TABLE) for SVC_Count
    hal_cm3.o(.emb_text) refers to rt_system.o(i.rt_pop_req) for rt_pop_req
    hal_cm3.o(.emb_text) refers to rt_system.o(i.rt_systick) for rt_systick
    hal_cm3.o(.emb_text) refers to rt_system.o(i.os_tick_irqack) for os_tick_irqack
    hal_cm3.o(i.dbg_init) refers to hal_cm3.o(.data) for .data
    hal_cm3.o(i.rt_init_stack) refers to rtx_conf_cm.o(.constdata) for os_stackinfo
    rt_system.o(i.os_tick_init) refers to rtx_conf_cm.o(.constdata) for os_trv
    rt_system.o(i.rt_pop_req) refers to rt_list.o(i.rt_put_rdy_first) for rt_put_rdy_first
    rt_system.o(i.rt_pop_req) refers to rt_semaphore.o(i.rt_sem_psh) for rt_sem_psh
    rt_system.o(i.rt_pop_req) refers to rt_list.o(i.rt_get_first) for rt_get_first
    rt_system.o(i.rt_pop_req) refers to rt_task.o(i.rt_switch_req) for rt_switch_req
    rt_system.o(i.rt_pop_req) refers to rt_event.o(i.rt_evt_psh) for rt_evt_psh
    rt_system.o(i.rt_pop_req) refers to rt_mailbox.o(i.rt_mbx_psh) for rt_mbx_psh
    rt_system.o(i.rt_pop_req) refers to rt_task.o(.data) for os_tsk
    rt_system.o(i.rt_pop_req) refers to rtx_conf_cm.o(.bss) for os_fifo
    rt_system.o(i.rt_pop_req) refers to rt_list.o(.bss) for os_rdy
    rt_system.o(i.rt_psh_req) refers to rt_system.o(.data) for .data
    rt_system.o(i.rt_resume) refers to rt_list.o(i.rt_put_rdy_first) for rt_put_rdy_first
    rt_system.o(i.rt_resume) refers to rt_list.o(i.rt_dec_dly) for rt_dec_dly
    rt_system.o(i.rt_resume) refers to rt_timer.o(i.rt_tmr_tick) for rt_tmr_tick
    rt_system.o(i.rt_resume) refers to rt_list.o(i.rt_get_first) for rt_get_first
    rt_system.o(i.rt_resume) refers to rt_task.o(i.rt_switch_req) for rt_switch_req
    rt_system.o(i.rt_resume) refers to rt_system.o(i.rt_tsk_unlock) for rt_tsk_unlock
    rt_system.o(i.rt_resume) refers to rt_task.o(.data) for os_tsk
    rt_system.o(i.rt_resume) refers to rt_robin.o(.data) for os_robin
    rt_system.o(i.rt_resume) refers to rt_list.o(.bss) for os_dly
    rt_system.o(i.rt_resume) refers to rt_time.o(.data) for os_time
    rt_system.o(i.rt_resume) refers to rt_timer.o(.data) for os_tmr
    rt_system.o(i.rt_stk_check) refers to rtx_conf_cm.o(.text) for os_error
    rt_system.o(i.rt_stk_check) refers to rt_task.o(.data) for os_tsk
    rt_system.o(i.rt_suspend) refers to rt_system.o(i.rt_tsk_lock) for rt_tsk_lock
    rt_system.o(i.rt_suspend) refers to rt_list.o(.bss) for os_dly
    rt_system.o(i.rt_suspend) refers to rt_timer.o(.data) for os_tmr
    rt_system.o(i.rt_systick) refers to rt_list.o(i.rt_put_rdy_first) for rt_put_rdy_first
    rt_system.o(i.rt_systick) refers to rtx_conf_cm.o(.text) for rt_chk_robin
    rt_system.o(i.rt_systick) refers to rt_list.o(i.rt_dec_dly) for rt_dec_dly
    rt_system.o(i.rt_systick) refers to rt_timer.o(i.rt_tmr_tick) for rt_tmr_tick
    rt_system.o(i.rt_systick) refers to rt_list.o(i.rt_get_first) for rt_get_first
    rt_system.o(i.rt_systick) refers to rt_task.o(i.rt_switch_req) for rt_switch_req
    rt_system.o(i.rt_systick) refers to rt_task.o(.data) for os_tsk
    rt_system.o(i.rt_systick) refers to rt_time.o(.data) for os_time
    rt_system.o(i.rt_systick) refers to rt_list.o(.bss) for os_rdy
    rt_system.o(i.rt_tsk_lock) refers to rt_system.o(.data) for .data
    rt_system.o(i.rt_tsk_unlock) refers to rt_system.o(.data) for .data
    rt_list.o(i.rt_dec_dly) refers to rt_list.o(i.rt_put_prio) for rt_put_prio
    rt_list.o(i.rt_dec_dly) refers to rt_list.o(.bss) for .bss
    rt_list.o(i.rt_dec_dly) refers to rt_time.o(.data) for os_time
    rt_list.o(i.rt_get_same_rdy_prio) refers to rt_list.o(.bss) for .bss
    rt_list.o(i.rt_get_same_rdy_prio) refers to rt_task.o(.data) for os_tsk
    rt_list.o(i.rt_psq_enq) refers to rtx_conf_cm.o(.text) for os_error
    rt_list.o(i.rt_psq_enq) refers to rtx_conf_cm.o(.bss) for os_fifo
    rt_list.o(i.rt_put_dly) refers to rt_list.o(.bss) for .bss
    rt_list.o(i.rt_put_rdy_first) refers to rt_list.o(.bss) for .bss
    rt_list.o(i.rt_resort_prio) refers to rt_list.o(i.rt_rmv_list) for rt_rmv_list
    rt_list.o(i.rt_resort_prio) refers to rt_list.o(i.rt_put_prio) for rt_put_prio
    rt_list.o(i.rt_resort_prio) refers to rt_list.o(.bss) for .bss
    rt_list.o(i.rt_rmv_list) refers to rt_list.o(.bss) for .bss
    rt_membox.o(i._calloc_box) refers to hal_cm3.o(.emb_text) for _alloc_box
    rt_event.o(i.isr_evt_set) refers to rt_list.o(i.rt_psq_enq) for rt_psq_enq
    rt_event.o(i.isr_evt_set) refers to rt_system.o(i.rt_psh_req) for rt_psh_req
    rt_event.o(i.isr_evt_set) refers to rtx_conf_cm.o(.bss) for os_active_TCB
    rt_event.o(i.rt_evt_clr) refers to rtx_conf_cm.o(.bss) for os_active_TCB
    rt_event.o(i.rt_evt_get) refers to rt_task.o(.data) for os_tsk
    rt_event.o(i.rt_evt_psh) refers to rt_list.o(i.rt_rmv_dly) for rt_rmv_dly
    rt_event.o(i.rt_evt_psh) refers to rt_list.o(i.rt_put_prio) for rt_put_prio
    rt_event.o(i.rt_evt_psh) refers to rt_list.o(.bss) for os_rdy
    rt_event.o(i.rt_evt_set) refers to rt_list.o(i.rt_rmv_dly) for rt_rmv_dly
    rt_event.o(i.rt_evt_set) refers to rt_task.o(i.rt_dispatch) for rt_dispatch
    rt_event.o(i.rt_evt_set) refers to rtx_conf_cm.o(.bss) for os_active_TCB
    rt_event.o(i.rt_evt_wait) refers to rt_task.o(i.rt_block) for rt_block
    rt_event.o(i.rt_evt_wait) refers to rt_task.o(.data) for os_tsk
    rt_mailbox.o(i.isr_mbx_receive) refers to rt_list.o(i.rt_psq_enq) for rt_psq_enq
    rt_mailbox.o(i.isr_mbx_receive) refers to rt_system.o(i.rt_psh_req) for rt_psh_req
    rt_mailbox.o(i.isr_mbx_send) refers to rt_list.o(i.rt_psq_enq) for rt_psq_enq
    rt_mailbox.o(i.isr_mbx_send) refers to rt_system.o(i.rt_psh_req) for rt_psh_req
    rt_mailbox.o(i.rt_mbx_psh) refers to rt_list.o(i.rt_get_first) for rt_get_first
    rt_mailbox.o(i.rt_mbx_psh) refers to rt_list.o(i.rt_rmv_dly) for rt_rmv_dly
    rt_mailbox.o(i.rt_mbx_psh) refers to rt_list.o(i.rt_put_prio) for rt_put_prio
    rt_mailbox.o(i.rt_mbx_psh) refers to rtx_conf_cm.o(.text) for os_error
    rt_mailbox.o(i.rt_mbx_psh) refers to rt_list.o(.bss) for os_rdy
    rt_mailbox.o(i.rt_mbx_send) refers to rt_list.o(i.rt_put_prio) for rt_put_prio
    rt_mailbox.o(i.rt_mbx_send) refers to rt_list.o(i.rt_get_first) for rt_get_first
    rt_mailbox.o(i.rt_mbx_send) refers to rt_list.o(i.rt_rmv_dly) for rt_rmv_dly
    rt_mailbox.o(i.rt_mbx_send) refers to rt_task.o(i.rt_dispatch) for rt_dispatch
    rt_mailbox.o(i.rt_mbx_send) refers to rt_task.o(i.rt_block) for rt_block
    rt_mailbox.o(i.rt_mbx_send) refers to rt_task.o(.data) for os_tsk
    rt_mailbox.o(i.rt_mbx_wait) refers to rt_list.o(i.rt_get_first) for rt_get_first
    rt_mailbox.o(i.rt_mbx_wait) refers to rt_list.o(i.rt_rmv_dly) for rt_rmv_dly
    rt_mailbox.o(i.rt_mbx_wait) refers to rt_task.o(i.rt_dispatch) for rt_dispatch
    rt_mailbox.o(i.rt_mbx_wait) refers to rt_list.o(i.rt_put_prio) for rt_put_prio
    rt_mailbox.o(i.rt_mbx_wait) refers to rt_task.o(i.rt_block) for rt_block
    rt_mailbox.o(i.rt_mbx_wait) refers to rt_task.o(.data) for os_tsk
    rt_timer.o(i.rt_tmr_create) refers to rt_membox.o(i.rt_alloc_box) for rt_alloc_box
    rt_timer.o(i.rt_tmr_create) refers to rtx_conf_cm.o(.data) for m_tmr
    rt_timer.o(i.rt_tmr_create) refers to rt_timer.o(.data) for .data
    rt_timer.o(i.rt_tmr_kill) refers to rt_membox.o(i.rt_free_box) for rt_free_box
    rt_timer.o(i.rt_tmr_kill) refers to rt_timer.o(.data) for .data
    rt_timer.o(i.rt_tmr_kill) refers to rtx_conf_cm.o(.data) for m_tmr
    rt_timer.o(i.rt_tmr_tick) refers to rtx_conf_cm.o(.text) for os_tmr_call
    rt_timer.o(i.rt_tmr_tick) refers to rt_membox.o(i.rt_free_box) for rt_free_box
    rt_timer.o(i.rt_tmr_tick) refers to rt_timer.o(.data) for .data
    rt_timer.o(i.rt_tmr_tick) refers to rtx_conf_cm.o(.data) for m_tmr
    rt_robin.o(i.rt_chk_robin) refers to rt_list.o(i.rt_get_first) for rt_get_first
    rt_robin.o(i.rt_chk_robin) refers to rt_list.o(i.rt_put_prio) for rt_put_prio
    rt_robin.o(i.rt_chk_robin) refers to rt_robin.o(.data) for .data
    rt_robin.o(i.rt_chk_robin) refers to rt_list.o(.bss) for os_rdy
    rt_robin.o(i.rt_chk_robin) refers to rt_time.o(.data) for os_time
    rt_robin.o(i.rt_init_robin) refers to rt_robin.o(.data) for .data
    rt_robin.o(i.rt_init_robin) refers to rtx_conf_cm.o(.constdata) for os_rrobin
    entry.o(.ARM.Collect$$$$00000000) refers (Special) to entry10a.o(.ARM.Collect$$$$0000000D) for __rt_final_cpp
    entry.o(.ARM.Collect$$$$00000000) refers (Special) to entry11a.o(.ARM.Collect$$$$0000000F) for __rt_final_exit
    entry.o(.ARM.Collect$$$$00000000) refers (Special) to entry7b.o(.ARM.Collect$$$$00000008) for _main_clock
    entry.o(.ARM.Collect$$$$00000000) refers (Special) to entry8b.o(.ARM.Collect$$$$0000000A) for _main_cpp_init
    entry.o(.ARM.Collect$$$$00000000) refers (Special) to entry9a.o(.ARM.Collect$$$$0000000B) for _main_init
    entry.o(.ARM.Collect$$$$00000000) refers (Special) to entry5.o(.ARM.Collect$$$$00000004) for _main_scatterload
    entry.o(.ARM.Collect$$$$00000000) refers (Special) to entry2.o(.ARM.Collect$$$$00000001) for _main_stk
    uldiv.o(.text) refers to llushr.o(.text) for __aeabi_llsr
    uldiv.o(.text) refers to llshl.o(.text) for __aeabi_llsl
    entry2.o(.ARM.Collect$$$$00000001) refers to entry2.o(.ARM.Collect$$$$00002712) for __lit__00000000
    entry2.o(.ARM.Collect$$$$00002712) refers to startup_lpc17xx.o(STACK) for __initial_sp
    entry2.o(__vectab_stack_and_reset_area) refers to startup_lpc17xx.o(STACK) for __initial_sp
    entry2.o(__vectab_stack_and_reset_area) refers to entry.o(.ARM.Collect$$$$00000000) for __main
    entry5.o(.ARM.Collect$$$$00000004) refers to init.o(.text) for __scatterload
    entry9a.o(.ARM.Collect$$$$0000000B) refers to semaphore.o(.text) for main
    entry9b.o(.ARM.Collect$$$$0000000C) refers to semaphore.o(.text) for main
    init.o(.text) refers to entry5.o(.ARM.Collect$$$$00000004) for __main_after_scatterload


==============================================================================

Removing Unused input sections from the image.

    Removing semaphore.o(.rev16_text), (4 bytes).
    Removing semaphore.o(.revsh_text), (4 bytes).
    Removing system_lpc17xx.o(.rev16_text), (4 bytes).
    Removing system_lpc17xx.o(.revsh_text), (4 bytes).
    Removing rtx_conf_cm.o(.constdata), (4 bytes).
    Removing startup_lpc17xx.o(HEAP), (0 bytes).
    Removing rt_task.o(i.rt_tsk_pass), (48 bytes).
    Removing rt_task.o(i.rt_tsk_prio), (140 bytes).
    Removing rt_task.o(i.rt_tsk_self), (16 bytes).
    Removing rt_semaphore.o(i.isr_sem_send), (16 bytes).
    Removing rt_time.o(i.rt_itv_set), (24 bytes).
    Removing rt_time.o(i.rt_itv_wait), (44 bytes).
    Removing rt_time.o(i.rt_time_get), (12 bytes).
    Removing rt_system.o(.emb_text), (0 bytes).
    Removing rt_system.o(i.rt_psh_req), (32 bytes).
    Removing rt_system.o(i.rt_resume), (176 bytes).
    Removing rt_system.o(i.rt_suspend), (44 bytes).
    Removing rt_system.o(i.rt_tsk_lock), (80 bytes).
    Removing rt_system.o(i.rt_tsk_unlock), (80 bytes).
    Removing rt_list.o(i.rt_get_same_rdy_prio), (36 bytes).
    Removing rt_list.o(i.rt_psq_enq), (88 bytes).
    Removing rt_list.o(i.rt_resort_prio), (52 bytes).
    Removing rt_membox.o(i._calloc_box), (30 bytes).
    Removing rt_event.o(i.isr_evt_set), (40 bytes).
    Removing rt_event.o(i.rt_evt_clr), (28 bytes).
    Removing rt_event.o(i.rt_evt_get), (12 bytes).
    Removing rt_event.o(i.rt_evt_set), (96 bytes).
    Removing rt_event.o(i.rt_evt_wait), (60 bytes).
    Removing rt_mailbox.o(i.isr_mbx_receive), (84 bytes).
    Removing rt_mailbox.o(i.isr_mbx_send), (14 bytes).
    Removing rt_mailbox.o(i.rt_mbx_check), (8 bytes).
    Removing rt_mailbox.o(i.rt_mbx_init), (26 bytes).
    Removing rt_mailbox.o(i.rt_mbx_send), (164 bytes).
    Removing rt_mailbox.o(i.rt_mbx_wait), (184 bytes).
    Removing rt_timer.o(i.rt_tmr_create), (80 bytes).
    Removing rt_timer.o(i.rt_tmr_kill), (52 bytes).
    Removing rt_robin.o(i.rt_chk_robin), (72 bytes).
    Removing rt_robin.o(i.rt_init_robin), (24 bytes).
    Removing rt_robin.o(.data), (8 bytes).

39 unused section(s) (total 1890 bytes) removed from the image.

==============================================================================

Image Symbol Table

    Local Symbols

    Symbol Name                              Value     Ov Type        Size  Object(Section)

    RESET                                    0x00000000   Section      204  startup_lpc17xx.o(RESET)
    ../clib/microlib/division.c              0x00000000   Number         0  uldiv.o ABSOLUTE
    ../clib/microlib/init/entry.s            0x00000000   Number         0  entry10a.o ABSOLUTE
    ../clib/microlib/init/entry.s            0x00000000   Number         0  entry5.o ABSOLUTE
    ../clib/microlib/init/entry.s            0x00000000   Number         0  entry2.o ABSOLUTE
    ../clib/microlib/init/entry.s            0x00000000   Number         0  entry11b.o ABSOLUTE
    ../clib/microlib/init/entry.s            0x00000000   Number         0  entry11a.o ABSOLUTE
    ../clib/microlib/init/entry.s            0x00000000   Number         0  entry10b.o ABSOLUTE
    ../clib/microlib/init/entry.s            0x00000000   Number         0  entry9b.o ABSOLUTE
    ../clib/microlib/init/entry.s            0x00000000   Number         0  entry9a.o ABSOLUTE
    ../clib/microlib/init/entry.s            0x00000000   Number         0  entry8b.o ABSOLUTE
    ../clib/microlib/init/entry.s            0x00000000   Number         0  entry8a.o ABSOLUTE
    ../clib/microlib/init/entry.s            0x00000000   Number         0  entry7b.o ABSOLUTE
    ../clib/microlib/init/entry.s            0x00000000   Number         0  entry7a.o ABSOLUTE
    ../clib/microlib/init/entry.s            0x00000000   Number         0  entry.o ABSOLUTE
    ../clib/microlib/longlong.c              0x00000000   Number         0  llushr.o ABSOLUTE
    ../clib/microlib/longlong.c              0x00000000   Number         0  llshl.o ABSOLUTE
    RTX_Conf_CM.c                            0x00000000   Number         0  rtx_conf_cm.o ABSOLUTE
    SRC\CM\HAL_CM3.c                         0x00000000   Number         0  hal_cm3.o ABSOLUTE
    SRC\CM\SVC_Table.s                       0x00000000   Number         0  SVC_Table.o ABSOLUTE
    SRC\CM\rt_Event.c                        0x00000000   Number         0  rt_event.o ABSOLUTE
    SRC\CM\rt_List.c                         0x00000000   Number         0  rt_list.o ABSOLUTE
    SRC\CM\rt_Mailbox.c                      0x00000000   Number         0  rt_mailbox.o ABSOLUTE
    SRC\CM\rt_MemBox.c                       0x00000000   Number         0  rt_membox.o ABSOLUTE
    SRC\CM\rt_Robin.c                        0x00000000   Number         0  rt_robin.o ABSOLUTE
    SRC\CM\rt_Semaphore.c                    0x00000000   Number         0  rt_semaphore.o ABSOLUTE
    SRC\CM\rt_System.c                       0x00000000   Number         0  rt_system.o ABSOLUTE
    SRC\CM\rt_Task.c                         0x00000000   Number         0  rt_task.o ABSOLUTE
    SRC\CM\rt_Time.c                         0x00000000   Number         0  rt_time.o ABSOLUTE
    SRC\CM\rt_Timer.c                        0x00000000   Number         0  rt_timer.o ABSOLUTE
    SRC\\CM\\HAL_CM3.c                       0x00000000   Number         0  hal_cm3.o ABSOLUTE
    SRC\\CM\\rt_System.c                     0x00000000   Number         0  rt_system.o ABSOLUTE
    Semaphore.c                              0x00000000   Number         0  semaphore.o ABSOLUTE
    Semaphore.c                              0x00000000   Number         0  semaphore.o ABSOLUTE
    dc.s                                     0x00000000   Number         0  dc.o ABSOLUTE
    handlers.s                               0x00000000   Number         0  handlers.o ABSOLUTE
    init.s                                   0x00000000   Number         0  init.o ABSOLUTE
    startup_LPC17xx.s                        0x00000000   Number         0  startup_lpc17xx.o ABSOLUTE
    system_LPC17xx.c                         0x00000000   Number         0  system_lpc17xx.o ABSOLUTE
    system_LPC17xx.c                         0x00000000   Number         0  system_lpc17xx.o ABSOLUTE
    .ARM.Collect$$$$00000000                 0x000000cc   Section        0  entry.o(.ARM.Collect$$$$00000000)
    .ARM.Collect$$$$00000001                 0x000000cc   Section        4  entry2.o(.ARM.Collect$$$$00000001)
    .ARM.Collect$$$$00000004                 0x000000d0   Section        4  entry5.o(.ARM.Collect$$$$00000004)
    .ARM.Collect$$$$00000008                 0x000000d4   Section        0  entry7b.o(.ARM.Collect$$$$00000008)
    .ARM.Collect$$$$0000000A                 0x000000d4   Section        0  entry8b.o(.ARM.Collect$$$$0000000A)
    .ARM.Collect$$$$0000000B                 0x000000d4   Section        8  entry9a.o(.ARM.Collect$$$$0000000B)
    .ARM.Collect$$$$0000000D                 0x000000dc   Section        0  entry10a.o(.ARM.Collect$$$$0000000D)
    .ARM.Collect$$$$0000000F                 0x000000dc   Section        0  entry11a.o(.ARM.Collect$$$$0000000F)
    .ARM.Collect$$$$00002712                 0x000000dc   Section        4  entry2.o(.ARM.Collect$$$$00002712)
    __lit__00000000                          0x000000dc   Data           4  entry2.o(.ARM.Collect$$$$00002712)
    .emb_text                                0x000000e0   Section      340  hal_cm3.o(.emb_text)
    .text                                    0x00000234   Section        0  rtx_conf_cm.o(.text)
    .text                                    0x00000240   Section       36  startup_lpc17xx.o(.text)
    .text                                    0x00000264   Section        0  uldiv.o(.text)
    .text                                    0x000002c6   Section        0  llshl.o(.text)
    SVC_TABLE                                0x000002e4   Section        4  SVC_Table.o(SVC_TABLE)
    i.__scatterload_copy                     0x000002e8   Section       14  handlers.o(i.__scatterload_copy)
    i.__scatterload_null                     0x000002f6   Section        2  handlers.o(i.__scatterload_null)
    i.os_tick_irqack                         0x000002f8   Section        0  rt_system.o(i.os_tick_irqack)
    .constdata                               0x000002fa   Section        2  rtx_conf_cm.o(.constdata)
    .ARM.__at_0x02FC                         0x000002fc   Section        4  startup_lpc17xx.o(.ARM.__at_0x02FC)
    .text                                    0x00000300   Section        0  semaphore.o(.text)
    .text                                    0x00000440   Section        0  system_lpc17xx.o(.text)
    .text                                    0x000005e0   Section        0  llushr.o(.text)
    .text                                    0x00000600   Section       36  init.o(.text)
    i.__scatterload_zeroinit                 0x00000624   Section       14  handlers.o(i.__scatterload_zeroinit)
    i._init_box                              0x00000632   Section        0  rt_membox.o(i._init_box)
    i.dbg_init                               0x00000678   Section        0  hal_cm3.o(i.dbg_init)
    i.dbg_task_notify                        0x000006a8   Section        0  hal_cm3.o(i.dbg_task_notify)
    i.dbg_task_switch                        0x000006c8   Section        0  hal_cm3.o(i.dbg_task_switch)
    i.os_tick_init                           0x000006d8   Section        0  rt_system.o(i.os_tick_init)
    i.rt_alloc_box                           0x00000700   Section        0  rt_membox.o(i.rt_alloc_box)
    i.rt_block                               0x0000071c   Section        0  rt_task.o(i.rt_block)
    i.rt_dec_dly                             0x00000754   Section        0  rt_list.o(i.rt_dec_dly)
    i.rt_dispatch                            0x000007c8   Section        0  rt_task.o(i.rt_dispatch)
    i.rt_dly_wait                            0x0000080c   Section        0  rt_time.o(i.rt_dly_wait)
    i.rt_evt_psh                             0x00000814   Section        0  rt_event.o(i.rt_evt_psh)
    i.rt_free_box                            0x00000860   Section        0  rt_membox.o(i.rt_free_box)
    i.rt_get_first                           0x00000880   Section        0  rt_list.o(i.rt_get_first)
    i.rt_init_context                        0x000008a8   Section        0  rt_task.o(i.rt_init_context)
    rt_init_context                          0x000008a9   Thumb Code    70  rt_task.o(i.rt_init_context)
    i.rt_init_stack                          0x000008f4   Section        0  hal_cm3.o(i.rt_init_stack)
    i.rt_mbx_psh                             0x00000944   Section        0  rt_mailbox.o(i.rt_mbx_psh)
    i.rt_pop_req                             0x00000a04   Section        0  rt_system.o(i.rt_pop_req)
    i.rt_put_dly                             0x00000a80   Section        0  rt_list.o(i.rt_put_dly)
    i.rt_put_prio                            0x00000ac8   Section        0  rt_list.o(i.rt_put_prio)
    i.rt_put_rdy_first                       0x00000b00   Section        0  rt_list.o(i.rt_put_rdy_first)
    i.rt_rmv_dly                             0x00000b14   Section        0  rt_list.o(i.rt_rmv_dly)
    i.rt_rmv_list                            0x00000b3c   Section        0  rt_list.o(i.rt_rmv_list)
    i.rt_sem_init                            0x00000b6c   Section        0  rt_semaphore.o(i.rt_sem_init)
    i.rt_sem_psh                             0x00000b78   Section        0  rt_semaphore.o(i.rt_sem_psh)
    i.rt_sem_send                            0x00000bac   Section        0  rt_semaphore.o(i.rt_sem_send)
    i.rt_sem_wait                            0x00000be4   Section        0  rt_semaphore.o(i.rt_sem_wait)
    i.rt_stk_check                           0x00000c24   Section        0  rt_system.o(i.rt_stk_check)
    i.rt_switch_req                          0x00000c48   Section        0  rt_task.o(i.rt_switch_req)
    i.rt_sys_init                            0x00000c70   Section        0  rt_task.o(i.rt_sys_init)
    i.rt_systick                             0x00000dc8   Section        0  rt_system.o(i.rt_systick)
    i.rt_tmr_tick                            0x00000e08   Section        0  rt_timer.o(i.rt_tmr_tick)
    i.rt_tsk_create                          0x00000e48   Section        0  rt_task.o(i.rt_tsk_create)
    i.rt_tsk_delete                          0x00000edc   Section        0  rt_task.o(i.rt_tsk_delete)
    .constdata                               0x00001048   Section        4  rtx_conf_cm.o(.constdata)
    .constdata                               0x0000104c   Section        4  rtx_conf_cm.o(.constdata)
    .constdata                               0x00001050   Section        1  rtx_conf_cm.o(.constdata)
    .constdata                               0x00001054   Section        8  rtx_conf_cm.o(.constdata)
    __tagsym$$used                           0x00001054   Number         0  rtx_conf_cm.o(.constdata)
    __tagsym$$used                           0x00001058   Number         0  rtx_conf_cm.o(.constdata)
    .constdata                               0x0000105c   Section        2  rtx_conf_cm.o(.constdata)
    .constdata                               0x00001060   Section        4  rtx_conf_cm.o(.constdata)
    .constdata                               0x00001064   Section        1  rtx_conf_cm.o(.constdata)
    .constdata                               0x00001066   Section        2  rtx_conf_cm.o(.constdata)
    .constdata                               0x00001068   Section        4  rt_system.o(.constdata)
    __tagsym$$used                           0x00001068   Number         0  rt_system.o(.constdata)
    .data                                    0x10000000   Section       36  semaphore.o(.data)
    .data                                    0x10000024   Section        4  system_lpc17xx.o(.data)
    .data                                    0x10000028   Section        4  rtx_conf_cm.o(.data)
    .data                                    0x1000002c   Section        8  rt_task.o(.data)
    .data                                    0x10000034   Section        4  rt_time.o(.data)
    .data                                    0x10000038   Section        1  hal_cm3.o(.data)
    .data                                    0x1000003c   Section        8  rt_system.o(.data)
    os_lock                                  0x1000003c   Data           1  rt_system.o(.data)
    os_psh_flag                              0x1000003d   Data           1  rt_system.o(.data)
    pend_flags                               0x1000003e   Data           1  rt_system.o(.data)
    .data                                    0x10000044   Section        8  rt_timer.o(.data)
    .bss                                     0x1000004c   Section      404  rtx_conf_cm.o(.bss)
    .bss                                     0x100001e0   Section     4112  rtx_conf_cm.o(.bss)
    .bss                                     0x100011f0   Section      132  rtx_conf_cm.o(.bss)
    .bss                                     0x10001274   Section       28  rtx_conf_cm.o(.bss)
    .bss                                     0x10001290   Section       56  rt_task.o(.bss)
    .bss                                     0x100012c8   Section       48  rt_list.o(.bss)
    STACK                                    0x100012f8   Section      512  startup_lpc17xx.o(STACK)

    Global Symbols

    Symbol Name                              Value     Ov Type        Size  Object(Section)

    BuildAttributes$$THM_ISAv4$P$D$K$B$S$PE$A:L22UL41UL21$X:L11$S22US41US21$IEEE1$IW$USESV6$~STKCKD$USESV7$~SHL$OSPACE$EBA8$MICROLIB$REQ8$PRES8$EABIv2 0x00000000   Number         0  anon$$obj.o ABSOLUTE
    __ARM_use_no_argv                        0x00000000   Number         0  semaphore.o ABSOLUTE
    __Vectors                                0x00000000   Data           4  startup_lpc17xx.o(RESET)
    __cpp_initialize__aeabi_                  - Undefined Weak Reference
    __cxa_finalize                            - Undefined Weak Reference
    __decompress                              - Undefined Weak Reference
    _clock_init                               - Undefined Weak Reference
    _microlib_exit                            - Undefined Weak Reference
    __main                                   0x000000cd   Thumb Code     0  entry.o(.ARM.Collect$$$$00000000)
    _main_stk                                0x000000cd   Thumb Code     0  entry2.o(.ARM.Collect$$$$00000001)
    _main_scatterload                        0x000000d1   Thumb Code     0  entry5.o(.ARM.Collect$$$$00000004)
    __main_after_scatterload                 0x000000d5   Thumb Code     0  entry5.o(.ARM.Collect$$$$00000004)
    _main_clock                              0x000000d5   Thumb Code     0  entry7b.o(.ARM.Collect$$$$00000008)
    _main_cpp_init                           0x000000d5   Thumb Code     0  entry8b.o(.ARM.Collect$$$$0000000A)
    _main_init                               0x000000d5   Thumb Code     0  entry9a.o(.ARM.Collect$$$$0000000B)
    __rt_final_cpp                           0x000000dd   Thumb Code     0  entry10a.o(.ARM.Collect$$$$0000000D)
    __rt_final_exit                          0x000000dd   Thumb Code     0  entry11a.o(.ARM.Collect$$$$0000000F)
    rt_set_PSP                               0x000000e1   Thumb Code     6  hal_cm3.o(.emb_text)
    rt_get_PSP                               0x000000e7   Thumb Code     6  hal_cm3.o(.emb_text)
    os_set_env                               0x000000ed   Thumb Code    24  hal_cm3.o(.emb_text)
    _alloc_box                               0x00000109   Thumb Code    28  hal_cm3.o(.emb_text)
    _free_box                                0x00000129   Thumb Code    28  hal_cm3.o(.emb_text)
    SVC_Handler                              0x00000149   Thumb Code   124  hal_cm3.o(.emb_text)
    PendSV_Handler                           0x000001d1   Thumb Code    76  hal_cm3.o(.emb_text)
    SysTick_Handler                          0x00000221   Thumb Code     8  hal_cm3.o(.emb_text)
    OS_Tick_Handler                          0x00000229   Thumb Code    12  hal_cm3.o(.emb_text)
    os_idle_demon                            0x00000235   Thumb Code     2  rtx_conf_cm.o(.text)
    os_tmr_call                              0x00000237   Thumb Code     2  rtx_conf_cm.o(.text)
    os_error                                 0x00000239   Thumb Code     2  rtx_conf_cm.o(.text)
    rt_init_robin                            0x0000023b   Thumb Code     2  rtx_conf_cm.o(.text)
    rt_chk_robin                             0x0000023d   Thumb Code     2  rtx_conf_cm.o(.text)
    Reset_Handler                            0x00000241   Thumb Code     8  startup_lpc17xx.o(.text)
    NMI_Handler                              0x00000249   Thumb Code     2  startup_lpc17xx.o(.text)
    HardFault_Handler                        0x0000024b   Thumb Code     2  startup_lpc17xx.o(.text)
    MemManage_Handler                        0x0000024d   Thumb Code     2  startup_lpc17xx.o(.text)
    BusFault_Handler                         0x0000024f   Thumb Code     2  startup_lpc17xx.o(.text)
    UsageFault_Handler                       0x00000251   Thumb Code     2  startup_lpc17xx.o(.text)
    DebugMon_Handler                         0x00000255   Thumb Code     2  startup_lpc17xx.o(.text)
    ADC_IRQHandler                           0x0000025b   Thumb Code     0  startup_lpc17xx.o(.text)
    BOD_IRQHandler                           0x0000025b   Thumb Code     0  startup_lpc17xx.o(.text)
    CANActivity_IRQHandler                   0x0000025b   Thumb Code     0  startup_lpc17xx.o(.text)
    CAN_IRQHandler                           0x0000025b   Thumb Code     0  startup_lpc17xx.o(.text)
    DMA_IRQHandler                           0x0000025b   Thumb Code     0  startup_lpc17xx.o(.text)
    EINT0_IRQHandler                         0x0000025b   Thumb Code     0  startup_lpc17xx.o(.text)
    EINT1_IRQHandler                         0x0000025b   Thumb Code     0  startup_lpc17xx.o(.text)
    EINT2_IRQHandler                         0x0000025b   Thumb Code     0  startup_lpc17xx.o(.text)
    EINT3_IRQHandler                         0x0000025b   Thumb Code     0  startup_lpc17xx.o(.text)
    ENET_IRQHandler                          0x0000025b   Thumb Code     0  startup_lpc17xx.o(.text)
    I2C0_IRQHandler                          0x0000025b   Thumb Code     0  startup_lpc17xx.o(.text)
    I2C1_IRQHandler                          0x0000025b   Thumb Code     0  startup_lpc17xx.o(.text)
    I2C2_IRQHandler                          0x0000025b   Thumb Code     0  startup_lpc17xx.o(.text)
    I2S_IRQHandler                           0x0000025b   Thumb Code     0  startup_lpc17xx.o(.text)
    MCPWM_IRQHandler                         0x0000025b   Thumb Code     0  startup_lpc17xx.o(.text)
    PLL0_IRQHandler                          0x0000025b   Thumb Code     0  startup_lpc17xx.o(.text)
    PLL1_IRQHandler                          0x0000025b   Thumb Code     0  startup_lpc17xx.o(.text)
    PWM1_IRQHandler                          0x0000025b   Thumb Code     0  startup_lpc17xx.o(.text)
    QEI_IRQHandler                           0x0000025b   Thumb Code     0  startup_lpc17xx.o(.text)
    RIT_IRQHandler                           0x0000025b   Thumb Code     0  startup_lpc17xx.o(.text)
    RTC_IRQHandler                           0x0000025b   Thumb Code     0  startup_lpc17xx.o(.text)
    SPI_IRQHandler                           0x0000025b   Thumb Code     0  startup_lpc17xx.o(.text)
    SSP0_IRQHandler                          0x0000025b   Thumb Code     0  startup_lpc17xx.o(.text)
    SSP1_IRQHandler                          0x0000025b   Thumb Code     0  startup_lpc17xx.o(.text)
    TIMER0_IRQHandler                        0x0000025b   Thumb Code     0  startup_lpc17xx.o(.text)
    TIMER1_IRQHandler                        0x0000025b   Thumb Code     0  startup_lpc17xx.o(.text)
    TIMER2_IRQHandler                        0x0000025b   Thumb Code     0  startup_lpc17xx.o(.text)
    TIMER3_IRQHandler                        0x0000025b   Thumb Code     0  startup_lpc17xx.o(.text)
    UART0_IRQHandler                         0x0000025b   Thumb Code     0  startup_lpc17xx.o(.text)
    UART1_IRQHandler                         0x0000025b   Thumb Code     0  startup_lpc17xx.o(.text)
    UART2_IRQHandler                         0x0000025b   Thumb Code     0  startup_lpc17xx.o(.text)
    UART3_IRQHandler                         0x0000025b   Thumb Code     0  startup_lpc17xx.o(.text)
    USBActivity_IRQHandler                   0x0000025b   Thumb Code     0  startup_lpc17xx.o(.text)
    USB_IRQHandler                           0x0000025b   Thumb Code     0  startup_lpc17xx.o(.text)
    WDT_IRQHandler                           0x0000025b   Thumb Code     0  startup_lpc17xx.o(.text)
    __aeabi_uldivmod                         0x00000265   Thumb Code    98  uldiv.o(.text)
    __aeabi_llsl                             0x000002c7   Thumb Code    30  llshl.o(.text)
    _ll_shift_l                              0x000002c7   Thumb Code     0  llshl.o(.text)
    SVC_Count                                0x000002e4   Data           4  SVC_Table.o(SVC_TABLE)
    SVC_Table                                0x000002e8   Data           0  SVC_Table.o(SVC_TABLE)
    __scatterload_copy                       0x000002e9   Thumb Code    14  handlers.o(i.__scatterload_copy)
    __scatterload_null                       0x000002f7   Thumb Code     2  handlers.o(i.__scatterload_null)
    os_tick_irqack                           0x000002f9   Thumb Code     2  rt_system.o(i.os_tick_irqack)
    os_maxtaskrun                            0x000002fa   Data           2  rtx_conf_cm.o(.constdata)
    task2                                    0x00000301   Thumb Code    62  semaphore.o(.text)
    task1                                    0x0000033f   Thumb Code    72  semaphore.o(.text)
    init_task                                0x00000387   Thumb Code    60  semaphore.o(.text)
    UART0_Init                               0x000003c3   Thumb Code    54  semaphore.o(.text)
    main                                     0x000003f9   Thumb Code    28  semaphore.o(.text)
    SystemCoreClockUpdate                    0x00000441   Thumb Code   194  system_lpc17xx.o(.text)
    __RL_RTX_VER                             0x00000473   Number         0  rt_system.o ABSOLUTE
    SystemInit                               0x00000503   Thumb Code   188  system_lpc17xx.o(.text)
    __aeabi_llsr                             0x000005e1   Thumb Code    32  llushr.o(.text)
    _ll_ushift_r                             0x000005e1   Thumb Code     0  llushr.o(.text)
    __scatterload                            0x00000601   Thumb Code    28  init.o(.text)
    __scatterload_rt2                        0x00000601   Thumb Code     0  init.o(.text)
    __scatterload_zeroinit                   0x00000625   Thumb Code    14  handlers.o(i.__scatterload_zeroinit)
    _init_box                                0x00000633   Thumb Code    70  rt_membox.o(i._init_box)
    dbg_init                                 0x00000679   Thumb Code    34  hal_cm3.o(i.dbg_init)
    dbg_task_notify                          0x000006a9   Thumb Code    32  hal_cm3.o(i.dbg_task_notify)
    dbg_task_switch                          0x000006c9   Thumb Code    16  hal_cm3.o(i.dbg_task_switch)
    os_tick_init                             0x000006d9   Thumb Code    32  rt_system.o(i.os_tick_init)
    rt_alloc_box                             0x00000701   Thumb Code    26  rt_membox.o(i.rt_alloc_box)
    rt_block                                 0x0000071d   Thumb Code    48  rt_task.o(i.rt_block)
    rt_dec_dly                               0x00000755   Thumb Code   106  rt_list.o(i.rt_dec_dly)
    rt_dispatch                              0x000007c9   Thumb Code    60  rt_task.o(i.rt_dispatch)
    rt_dly_wait                              0x0000080d   Thumb Code     6  rt_time.o(i.rt_dly_wait)
    rt_evt_psh                               0x00000815   Thumb Code    72  rt_event.o(i.rt_evt_psh)
    rt_free_box                              0x00000861   Thumb Code    32  rt_membox.o(i.rt_free_box)
    rt_get_first                             0x00000881   Thumb Code    40  rt_list.o(i.rt_get_first)
    rt_init_stack                            0x000008f5   Thumb Code    70  hal_cm3.o(i.rt_init_stack)
    rt_mbx_psh                               0x00000945   Thumb Code   188  rt_mailbox.o(i.rt_mbx_psh)
    rt_pop_req                               0x00000a05   Thumb Code   110  rt_system.o(i.rt_pop_req)
    rt_put_dly                               0x00000a81   Thumb Code    68  rt_list.o(i.rt_put_dly)
    rt_put_prio                              0x00000ac9   Thumb Code    54  rt_list.o(i.rt_put_prio)
    rt_put_rdy_first                         0x00000b01   Thumb Code    14  rt_list.o(i.rt_put_rdy_first)
    rt_rmv_dly                               0x00000b15   Thumb Code    40  rt_list.o(i.rt_rmv_dly)
    rt_rmv_list                              0x00000b3d   Thumb Code    44  rt_list.o(i.rt_rmv_list)
    rt_sem_init                              0x00000b6d   Thumb Code    12  rt_semaphore.o(i.rt_sem_init)
    rt_sem_psh                               0x00000b79   Thumb Code    46  rt_semaphore.o(i.rt_sem_psh)
    rt_sem_send                              0x00000bad   Thumb Code    52  rt_semaphore.o(i.rt_sem_send)
    rt_sem_wait                              0x00000be5   Thumb Code    58  rt_semaphore.o(i.rt_sem_wait)
    rt_stk_check                             0x00000c25   Thumb Code    28  rt_system.o(i.rt_stk_check)
    rt_switch_req                            0x00000c49   Thumb Code    30  rt_task.o(i.rt_switch_req)
    rt_sys_init                              0x00000c71   Thumb Code   266  rt_task.o(i.rt_sys_init)
    rt_systick                               0x00000dc9   Thumb Code    50  rt_system.o(i.rt_systick)
    rt_tmr_tick                              0x00000e09   Thumb Code    56  rt_timer.o(i.rt_tmr_tick)
    rt_tsk_create                            0x00000e49   Thumb Code   126  rt_task.o(i.rt_tsk_create)
    rt_tsk_delete                            0x00000edd   Thumb Code   336  rt_task.o(i.rt_tsk_delete)
    os_stackinfo                             0x00001048   Data           4  rtx_conf_cm.o(.constdata)
    os_trv                                   0x0000104c   Data           4  rtx_conf_cm.o(.constdata)
    os_flags                                 0x00001050   Data           1  rtx_conf_cm.o(.constdata)
    os_clockrate                             0x00001054   Data           4  rtx_conf_cm.o(.constdata)
    os_timernum                              0x00001058   Data           4  rtx_conf_cm.o(.constdata)
    mp_tcb_size                              0x0000105c   Data           2  rtx_conf_cm.o(.constdata)
    mp_stk_size                              0x00001060   Data           4  rtx_conf_cm.o(.constdata)
    os_fifo_size                             0x00001064   Data           1  rtx_conf_cm.o(.constdata)
    mp_tmr_size                              0x00001066   Data           2  rtx_conf_cm.o(.constdata)
    RL_RTX_Version                           0x00001068   Data           4  rt_system.o(.constdata)
    Region$$Table$$Base                      0x0000106c   Number         0  anon$$obj.o(Region$$Table)
    Region$$Table$$Limit                     0x0000108c   Number         0  anon$$obj.o(Region$$Table)
    i                                        0x10000000   Data           4  semaphore.o(.data)
    tsk1                                     0x10000004   Data           4  semaphore.o(.data)
    tsk2                                     0x10000008   Data           4  semaphore.o(.data)
    msg1                                     0x1000000c   Data           7  semaphore.o(.data)
    msg2                                     0x10000013   Data           7  semaphore.o(.data)
    semaphore1                               0x1000001c   Data           8  semaphore.o(.data)
    SystemCoreClock                          0x10000024   Data           4  system_lpc17xx.o(.data)
    m_tmr                                    0x10000028   Data           4  rtx_conf_cm.o(.data)
    os_tsk                                   0x1000002c   Data           8  rt_task.o(.data)
    os_time                                  0x10000034   Data           4  rt_time.o(.data)
    dbg_msg                                  0x10000038   Data           1  hal_cm3.o(.data)
    os_tick_irqn                             0x10000040   Data           4  rt_system.o(.data)
    os_tmr                                   0x10000044   Data           8  rt_timer.o(.data)
    mp_tcb                                   0x1000004c   Data         404  rtx_conf_cm.o(.bss)
    mp_stk                                   0x100001e0   Data        4112  rtx_conf_cm.o(.bss)
    os_fifo                                  0x100011f0   Data         132  rtx_conf_cm.o(.bss)
    os_active_TCB                            0x10001274   Data          28  rtx_conf_cm.o(.bss)
    os_idle_TCB                              0x10001290   Data          56  rt_task.o(.bss)
    os_rdy                                   0x100012c8   Data          24  rt_list.o(.bss)
    os_dly                                   0x100012e0   Data          24  rt_list.o(.bss)
    __initial_sp                             0x100014f8   Data           0  startup_lpc17xx.o(STACK)



==============================================================================

Memory Map of the image

  Image Entry point : 0x000000cd

  Load Region LR_IROM1 (Base: 0x00000000, Size: 0x000010d8, Max: 0x00080000, ABSOLUTE)

    Execution Region ER_IROM1 (Base: 0x00000000, Size: 0x0000108c, Max: 0x00080000, ABSOLUTE)

    Base Addr    Size         Type   Attr      Idx    E Section Name        Object

    0x00000000   0x000000cc   Data   RO          114    RESET               startup_lpc17xx.o
    0x000000cc   0x00000000   Code   RO          674  * .ARM.Collect$$$$00000000  mc_w.l(entry.o)
    0x000000cc   0x00000004   Code   RO          679    .ARM.Collect$$$$00000001  mc_w.l(entry2.o)
    0x000000d0   0x00000004   Code   RO          682    .ARM.Collect$$$$00000004  mc_w.l(entry5.o)
    0x000000d4   0x00000000   Code   RO          684    .ARM.Collect$$$$00000008  mc_w.l(entry7b.o)
    0x000000d4   0x00000000   Code   RO          686    .ARM.Collect$$$$0000000A  mc_w.l(entry8b.o)
    0x000000d4   0x00000008   Code   RO          687    .ARM.Collect$$$$0000000B  mc_w.l(entry9a.o)
    0x000000dc   0x00000000   Code   RO          689    .ARM.Collect$$$$0000000D  mc_w.l(entry10a.o)
    0x000000dc   0x00000000   Code   RO          691    .ARM.Collect$$$$0000000F  mc_w.l(entry11a.o)
    0x000000dc   0x00000004   Code   RO          680    .ARM.Collect$$$$00002712  mc_w.l(entry2.o)
    0x000000e0   0x00000154   Code   RO          294    .emb_text           RTX_CM3.LIB(hal_cm3.o)
    0x00000234   0x0000000a   Code   RO           80    .text               rtx_conf_cm.o
    0x0000023e   0x00000002   PAD
    0x00000240   0x00000024   Code   RO          116    .text               startup_lpc17xx.o
    0x00000264   0x00000062   Code   RO          677    .text               mc_w.l(uldiv.o)
    0x000002c6   0x0000001e   Code   RO          693    .text               mc_w.l(llshl.o)
    0x000002e4   0x00000004   Code   RO          533    SVC_TABLE           RTX_CM3.LIB(SVC_Table.o)
    0x000002e8   0x0000000e   Code   RO          701    i.__scatterload_copy  mc_w.l(handlers.o)
    0x000002f6   0x00000002   Code   RO          702    i.__scatterload_null  mc_w.l(handlers.o)
    0x000002f8   0x00000002   Code   RO          337    i.os_tick_irqack    RTX_CM3.LIB(rt_system.o)
    0x000002fa   0x00000002   Data   RO           85    .constdata          rtx_conf_cm.o
    0x000002fc   0x00000004   Code   RO          115    .ARM.__at_0x02FC    startup_lpc17xx.o
    0x00000300   0x00000140   Code   RO            3    .text               semaphore.o
    0x00000440   0x000001a0   Code   RO           56    .text               system_lpc17xx.o
    0x000005e0   0x00000020   Code   RO          695    .text               mc_w.l(llushr.o)
    0x00000600   0x00000024   Code   RO          697    .text               mc_w.l(init.o)
    0x00000624   0x0000000e   Code   RO          703    i.__scatterload_zeroinit  mc_w.l(handlers.o)
    0x00000632   0x00000046   Code   RO          500    i._init_box         RTX_CM3.LIB(rt_membox.o)
    0x00000678   0x00000030   Code   RO          295    i.dbg_init          RTX_CM3.LIB(hal_cm3.o)
    0x000006a8   0x00000020   Code   RO          296    i.dbg_task_notify   RTX_CM3.LIB(hal_cm3.o)
    0x000006c8   0x00000010   Code   RO          297    i.dbg_task_switch   RTX_CM3.LIB(hal_cm3.o)
    0x000006d8   0x00000028   Code   RO          336    i.os_tick_init      RTX_CM3.LIB(rt_system.o)
    0x00000700   0x0000001a   Code   RO          501    i.rt_alloc_box      RTX_CM3.LIB(rt_membox.o)
    0x0000071a   0x00000002   PAD
    0x0000071c   0x00000038   Code   RO          122    i.rt_block          RTX_CM3.LIB(rt_task.o)
    0x00000754   0x00000074   Code   RO          420    i.rt_dec_dly        RTX_CM3.LIB(rt_list.o)
    0x000007c8   0x00000044   Code   RO          123    i.rt_dispatch       RTX_CM3.LIB(rt_task.o)
    0x0000080c   0x00000006   Code   RO          261    i.rt_dly_wait       RTX_CM3.LIB(rt_time.o)
    0x00000812   0x00000002   PAD
    0x00000814   0x0000004c   Code   RO          539    i.rt_evt_psh        RTX_CM3.LIB(rt_event.o)
    0x00000860   0x00000020   Code   RO          502    i.rt_free_box       RTX_CM3.LIB(rt_membox.o)
    0x00000880   0x00000028   Code   RO          421    i.rt_get_first      RTX_CM3.LIB(rt_list.o)
    0x000008a8   0x0000004c   Code   RO          124    i.rt_init_context   RTX_CM3.LIB(rt_task.o)
    0x000008f4   0x00000050   Code   RO          298    i.rt_init_stack     RTX_CM3.LIB(hal_cm3.o)
    0x00000944   0x000000c0   Code   RO          582    i.rt_mbx_psh        RTX_CM3.LIB(rt_mailbox.o)
    0x00000a04   0x0000007c   Code   RO          338    i.rt_pop_req        RTX_CM3.LIB(rt_system.o)
    0x00000a80   0x00000048   Code   RO          424    i.rt_put_dly        RTX_CM3.LIB(rt_list.o)
    0x00000ac8   0x00000036   Code   RO          425    i.rt_put_prio       RTX_CM3.LIB(rt_list.o)
    0x00000afe   0x00000002   PAD
    0x00000b00   0x00000014   Code   RO          426    i.rt_put_rdy_first  RTX_CM3.LIB(rt_list.o)
    0x00000b14   0x00000028   Code   RO          428    i.rt_rmv_dly        RTX_CM3.LIB(rt_list.o)
    0x00000b3c   0x00000030   Code   RO          429    i.rt_rmv_list       RTX_CM3.LIB(rt_list.o)
    0x00000b6c   0x0000000c   Code   RO          222    i.rt_sem_init       RTX_CM3.LIB(rt_semaphore.o)
    0x00000b78   0x00000034   Code   RO          223    i.rt_sem_psh        RTX_CM3.LIB(rt_semaphore.o)
    0x00000bac   0x00000038   Code   RO          224    i.rt_sem_send       RTX_CM3.LIB(rt_semaphore.o)
    0x00000be4   0x00000040   Code   RO          225    i.rt_sem_wait       RTX_CM3.LIB(rt_semaphore.o)
    0x00000c24   0x00000024   Code   RO          341    i.rt_stk_check      RTX_CM3.LIB(rt_system.o)
    0x00000c48   0x00000028   Code   RO          125    i.rt_switch_req     RTX_CM3.LIB(rt_task.o)
    0x00000c70   0x00000158   Code   RO          126    i.rt_sys_init       RTX_CM3.LIB(rt_task.o)
    0x00000dc8   0x00000040   Code   RO          343    i.rt_systick        RTX_CM3.LIB(rt_system.o)
    0x00000e08   0x00000040   Code   RO          628    i.rt_tmr_tick       RTX_CM3.LIB(rt_timer.o)
    0x00000e48   0x00000094   Code   RO          127    i.rt_tsk_create     RTX_CM3.LIB(rt_task.o)
    0x00000edc   0x0000016c   Code   RO          128    i.rt_tsk_delete     RTX_CM3.LIB(rt_task.o)
    0x00001048   0x00000004   Data   RO           86    .constdata          rtx_conf_cm.o
    0x0000104c   0x00000004   Data   RO           88    .constdata          rtx_conf_cm.o
    0x00001050   0x00000001   Data   RO           89    .constdata          rtx_conf_cm.o
    0x00001051   0x00000003   PAD
    0x00001054   0x00000008   Data   RO           90    .constdata          rtx_conf_cm.o
    0x0000105c   0x00000002   Data   RO           91    .constdata          rtx_conf_cm.o
    0x0000105e   0x00000002   PAD
    0x00001060   0x00000004   Data   RO           92    .constdata          rtx_conf_cm.o
    0x00001064   0x00000001   Data   RO           93    .constdata          rtx_conf_cm.o
    0x00001065   0x00000001   PAD
    0x00001066   0x00000002   Data   RO           94    .constdata          rtx_conf_cm.o
    0x00001068   0x00000004   Data   RO          346    .constdata          RTX_CM3.LIB(rt_system.o)
    0x0000106c   0x00000020   Data   RO          699    Region$$Table       anon$$obj.o


    Execution Region RW_IRAM1 (Base: 0x10000000, Size: 0x000014f8, Max: 0x00008000, ABSOLUTE)

    Base Addr    Size         Type   Attr      Idx    E Section Name        Object

    0x10000000   0x00000024   Data   RW            4    .data               semaphore.o
    0x10000024   0x00000004   Data   RW           57    .data               system_lpc17xx.o
    0x10000028   0x00000004   Data   RW           95    .data               rtx_conf_cm.o
    0x1000002c   0x00000008   Data   RW          133    .data               RTX_CM3.LIB(rt_task.o)
    0x10000034   0x00000004   Data   RW          265    .data               RTX_CM3.LIB(rt_time.o)
    0x10000038   0x00000001   Data   RW          299    .data               RTX_CM3.LIB(hal_cm3.o)
    0x10000039   0x00000003   PAD
    0x1000003c   0x00000008   Data   RW          347    .data               RTX_CM3.LIB(rt_system.o)
    0x10000044   0x00000008   Data   RW          629    .data               RTX_CM3.LIB(rt_timer.o)
    0x1000004c   0x00000194   Zero   RW           81    .bss                rtx_conf_cm.o
    0x100001e0   0x00001010   Zero   RW           82    .bss                rtx_conf_cm.o
    0x100011f0   0x00000084   Zero   RW           83    .bss                rtx_conf_cm.o
    0x10001274   0x0000001c   Zero   RW           84    .bss                rtx_conf_cm.o
    0x10001290   0x00000038   Zero   RW          132    .bss                RTX_CM3.LIB(rt_task.o)
    0x100012c8   0x00000030   Zero   RW          430    .bss                RTX_CM3.LIB(rt_list.o)
    0x100012f8   0x00000200   Zero   RW          112    STACK               startup_lpc17xx.o


==============================================================================

Image component sizes


      Code (inc. data)   RO Data    RW Data    ZI Data      Debug   Object Name

        10          0         28          4       4676       2023   rtx_conf_cm.o
       320         44          0         36          0      13183   semaphore.o
        40         12        204          0        512        928   startup_lpc17xx.o
       416         34          0          4          0       1049   system_lpc17xx.o

    ----------------------------------------------------------------------
       788         90        270         44       5188      17183   Object Totals
         0          0         32          0          0          0   (incl. Generated)
         2          0          6          0          0          0   (incl. Padding)

    ----------------------------------------------------------------------

      Code (inc. data)   RO Data    RW Data    ZI Data      Debug   Library Member Name

         4          4          0          0          0        140   SVC_Table.o
       516         56          0          1          0       2481   hal_cm3.o
        76          4          0          0          0        509   rt_event.o
       390         24          0          0         48       3349   rt_list.o
       192          4          0          0          0        609   rt_mailbox.o
       128          0          0          0          0       1497   rt_membox.o
       184         16          0          0          0       1863   rt_semaphore.o
       266         44          4          8          0       3025   rt_system.o
      1096        160          0          8         56       6550   rt_task.o
         6          0          0          4          0        504   rt_time.o
        64          8          0          8          0        583   rt_timer.o
         0          0          0          0          0          0   entry.o
         0          0          0          0          0          0   entry10a.o
         0          0          0          0          0          0   entry11a.o
         8          4          0          0          0          0   entry2.o
         4          0          0          0          0          0   entry5.o
         0          0          0          0          0          0   entry7b.o
         0          0          0          0          0          0   entry8b.o
         8          4          0          0          0          0   entry9a.o
        30          0          0          0          0          0   handlers.o
        36          8          0          0          0         68   init.o
        30          0          0          0          0         68   llshl.o
        32          0          0          0          0         68   llushr.o
        98          0          0          0          0         92   uldiv.o

    ----------------------------------------------------------------------
      3174        336          4         32        104      21406   Library Totals
         6          0          0          3          0          0   (incl. Padding)

    ----------------------------------------------------------------------

      Code (inc. data)   RO Data    RW Data    ZI Data      Debug   Library Name

      2922        320          4         29        104      21110   RTX_CM3.LIB
       246         16          0          0          0        296   mc_w.l

    ----------------------------------------------------------------------
      3174        336          4         32        104      21406   Library Totals

    ----------------------------------------------------------------------

==============================================================================


      Code (inc. data)   RO Data    RW Data    ZI Data      Debug   

      3962        426        274         76       5292      36561   Grand Totals
      3962        426        274         76       5292      36561   ELF Image Totals
      3962        426        274         76          0          0   ROM Totals

==============================================================================

    Total RO  Size (Code + RO Data)                 4236 (   4.14kB)
    Total RW  Size (RW Data + ZI Data)              5368 (   5.24kB)
    Total ROM Size (Code + RO Data + RW Data)       4312 (   4.21kB)

==============================================================================

