<html>
<body>
<pre>
<h1>µVision Build Log</h1>
<h2>Project:</h2>
D:\BASAVARAJ\WORKING_FOLDER\RTOS-PROJECTS\RTOS-ALS-SDA-ARMCTXM3-REV02\EXAMPLES\11.Semaphore\Semaphore.uvproj
Project File Date:  05/12/2015

<h2>Output:</h2>
Build target 'Target 1'
compiling Semaphore.c...
compiling system_LPC17xx.c...
compiling RTX_Conf_CM.c...
assembling startup_LPC17xx.s...
linking...
Program Size: Code=3688 RO-data=272 RW-data=68 ZI-data=5228  
FromELF: creating hex file...
"Semaphore.axf" - 0 Error(s), 0 Warning(s).
