<html>
<body>
<pre>
<h1>µVision Build Log</h1>
<h2>Project:</h2>
D:\COLLEGE WORK\rtos-2019\worked examples\factorial-mixed\fact-mixed.uvproj
Project File Date:  01/12/2018

<h2>Output:</h2>
Rebuild target 'Target 1'
assembling Startup.s...
compiling f1.c...
assembling f2.s...
f2.s(16): warning: A1608W: MOV pc,<rn> instruction used, but BX <rn> is preferred
linking...
Program Size: Code=532 RO-data=32 RW-data=4 ZI-data=1260  
".\fact-mixed.axf" - 0 Error(s), 1 Warning(s).
</pre>
</body>
</html>
