<html>
<body>
<pre>
<h1>µVision Build Log</h1>
<h2>Project:</h2>
D:\BASAVARAJ\WORKING_FOLDER\RTOS-PROJECTS\RTOS-ALS-SDA-ARMCTXM3-REV02\EXAMPLES\39.RTX-EXCLUSIVE-QUEUE-SEMAPHORE\RTX-EXCLUSIVE-QUEUE-SEMAPHORE.uvproj
Project File Date:  11/08/2015

<h2>Output:</h2>
Build target 'Target 1'
compiling RTX-EXCLUSIVE-QUEUE-SEMAPHORE.c...
compiling RTX_Conf_CM.c...
assembling startup_LPC17xx.s...
compiling system_LPC17xx.c...
linking...
Program Size: Code=4504 RO-data=336 RW-data=76 ZI-data=5252  
FromELF: creating hex file...
"RTX-EXCLUSIVE-QUEUE-SEMAPHORE.axf" - 0 Error(s), 0 Warning(s).
