<html>
<body>
<pre>
<h1>µVision Build Log</h1>
<h2>Project:</h2>
D:\BASAVARAJ\WORKING_FOLDER\RTOS-PROJECTS\RTOS-ALS-SDA-ARMCTXM3-REV02\EXAMPLES\2.RTX-GETTING-STARTED\RTX-GETTING-STARTED.uvproj
Project File Date:  05/15/2015

<h2>Output:</h2>
Build target 'Target 1'
compiling RTX-GETTING-STARTED.c...
compiling system_LPC17xx.c...
compiling RTX_Conf_CM.c...
assembling startup_LPC17xx.s...
linking...
Program Size: Code=3728 RO-data=272 RW-data=84 ZI-data=2732  
FromELF: creating hex file...
"RTX-GETTING-STARTED.axf" - 0 Error(s), 0 Warning(s).
