<html>
<body>
<pre>
<h1>µVision Build Log</h1>
<h2>Project:</h2>
D:\BASAVARAJ\WORKING_FOLDER\RTOS-PROJECTS\RTOS-ALS-SDA-ARMCTXM3-REV02\EXAMPLES\28.RTX-EINT1\RTX-EINT1.uvproj
Project File Date:  11/02/2015

<h2>Output:</h2>
Build target 'Target 1'
compiling RTX-EINT1.c...
compiling RTX_Conf_CM.c...
assembling startup_LPC17xx.s...
compiling system_LPC17xx.c...
linking...
Program Size: Code=3760 RO-data=276 RW-data=48 ZI-data=5232  
FromELF: creating hex file...
"RTX-EINT1.axf" - 0 Error(s), 0 Warning(s).
