<html>
<body>
<pre>
<h1>µVision Build Log</h1>
<h2>Project:</h2>
C:\Users\supriyak\Desktop\rtos_2017_odd_sem_workshop\rtos basic programs\semaphore_basic\sema.uvproj
Project File Date:  10/05/2016

<h2>Output:</h2>
Build target 'Target 1'
compiling RTX_Config.c...
assembling Startup.s...
compiling sema.c...
linking...
Program Size: Code=3872 RO-data=64 RW-data=72 ZI-data=4336  
"sema.axf" - 0 Error(s), 0 Warning(s).
Build target 'Target 1'
compiling RTX_Config.c...
assembling Startup.s...
compiling sema.c...
linking...
Program Size: Code=3872 RO-data=64 RW-data=72 ZI-data=4336  
"sema.axf" - 0 Error(s), 0 Warning(s).
