<html>
<body>
<pre>
<h1>µVision Build Log</h1>
<h2>Project:</h2>
D:\BASAVARAJ\WORKING_FOLDER\RTOS-PROJECTS\RTOS-ALS-SDA-ARMCTXM3-REV02\EXAMPLES\5.RTX-BUZZER\RTX-BUZZER.uvproj
Project File Date:  05/13/2015

<h2>Output:</h2>
Build target 'Target 1'
compiling RTX-BUZZER.c...
compiling system_LPC17xx.c...
compiling RTX_Conf_CM.c...
assembling startup_LPC17xx.s...
linking...
Program Size: Code=3478 RO-data=270 RW-data=48 ZI-data=2736  
FromELF: creating hex file...
"RTX-BUZZER.axf" - 0 Error(s), 0 Warning(s).
