<html>
<body>
<pre>
<h1>µVision Build Log</h1>
<h2>Project:</h2>
E:\MAHADEVA_R\PROJECTS\ALS-SDA-ARM7-08\SOFTWARE\EXP20_DIP_SWITCH\KEY_TEST.uvproj
Project File Date:  01/20/2012

<h2>Output:</h2>
Build target 'Target 1'
assembling Startup.s...
compiling KEY_TEST.C...
KEY_TEST.C(55): error:  #127: expected a statement
KEY_TEST.C(71): warning:  #12-D: parsing restarts here after previous syntax error
KEY_TEST.C(72): warning:  #940-D: missing return statement at end of non-void function "KBD_rdkbd"
Target not created
Build target 'Target 1'
assembling Startup.s...
compiling KEY_TEST.C...
linking...
Program Size: Code=2816 RO-data=32 RW-data=20 ZI-data=1180  
FromELF: creating hex file...
"KEY_TEST.axf" - 0 Error(s), 0 Warning(s).
Build target 'Target 1'
assembling Startup.s...
compiling KEY_TEST.C...
linking...
Program Size: Code=2816 RO-data=32 RW-data=20 ZI-data=1180  
FromELF: creating hex file...
"KEY_TEST.axf" - 0 Error(s), 0 Warning(s).
Build target 'Target 1'
assembling Startup.s...
compiling KEY_TEST.C...
linking...
Program Size: Code=2816 RO-data=32 RW-data=20 ZI-data=1180  
FromELF: creating hex file...
"KEY_TEST.axf" - 0 Error(s), 0 Warning(s).
Build target 'Target 1'
assembling Startup.s...
compiling KEY_TEST.C...
linking...
Program Size: Code=2816 RO-data=32 RW-data=20 ZI-data=1180  
FromELF: creating hex file...
"KEY_TEST.axf" - 0 Error(s), 0 Warning(s).
Build target 'Target 1'
assembling Startup.s...
compiling KEY_TEST.C...
linking...
Program Size: Code=2816 RO-data=32 RW-data=20 ZI-data=1180  
FromELF: creating hex file...
"KEY_TEST.axf" - 0 Error(s), 0 Warning(s).
Build target 'Target 1'
assembling Startup.s...
compiling KEY_TEST.C...
linking...
Program Size: Code=2816 RO-data=32 RW-data=20 ZI-data=1180  
FromELF: creating hex file...
"KEY_TEST.axf" - 0 Error(s), 0 Warning(s).
Build target 'Target 1'
assembling Startup.s...
compiling KEY_TEST.C...
linking...
Program Size: Code=2816 RO-data=32 RW-data=20 ZI-data=1180  
FromELF: creating hex file...
"KEY_TEST.axf" - 0 Error(s), 0 Warning(s).
Build target 'Target 1'
assembling Startup.s...
compiling KEY_TEST.C...
linking...
Program Size: Code=2816 RO-data=32 RW-data=20 ZI-data=1180  
FromELF: creating hex file...
"KEY_TEST.axf" - 0 Error(s), 0 Warning(s).
Build target 'Target 1'
assembling Startup.s...
compiling KEY_TEST.C...
linking...
Program Size: Code=2816 RO-data=32 RW-data=20 ZI-data=1180  
FromELF: creating hex file...
"KEY_TEST.axf" - 0 Error(s), 0 Warning(s).
Build target 'Target 1'
assembling Startup.s...
compiling KEY_TEST.C...
linking...
Program Size: Code=2816 RO-data=32 RW-data=20 ZI-data=1180  
FromELF: creating hex file...
"KEY_TEST.axf" - 0 Error(s), 0 Warning(s).
Build target 'Target 1'
assembling Startup.s...
compiling KEY_TEST.C...
linking...
Program Size: Code=2816 RO-data=32 RW-data=20 ZI-data=1180  
FromELF: creating hex file...
"KEY_TEST.axf" - 0 Error(s), 0 Warning(s).
