<html>
<body>
<pre>
<h1>µVision Build Log</h1>
<h2>Project:</h2>
C:\Documents and Settings\user\Desktop\rtos_2017_odd_sem_workshop\rtos basic programs\priority_basic\prio_basic.uvproj
Project File Date:  10/17/2016

<h2>Output:</h2>
Build target 'Target 1'
compiling prio_basic.c...
compiling RTX_Config.c...
linking...
Program Size: Code=3312 RO-data=64 RW-data=60 ZI-data=2156  
FromELF: creating hex file...
"prio_basic.axf" - 0 Error(s), 0 Warning(s).
Build target 'Target 1'
compiling prio_basic.c...
prio_basic.c(18): error:  #20: identifier "job2" is undefined
Target not created
Build target 'Target 1'
compiling prio_basic.c...
linking...
Program Size: Code=3312 RO-data=64 RW-data=60 ZI-data=2156  
FromELF: creating hex file...
"prio_basic.axf" - 0 Error(s), 0 Warning(s).
Build target 'Target 1'
compiling prio_basic.c...
prio_basic.c(28): warning:  #111-D: statement is unreachable
linking...
Program Size: Code=3292 RO-data=64 RW-data=60 ZI-data=2156  
FromELF: creating hex file...
"prio_basic.axf" - 0 Error(s), 1 Warning(s).
Build target 'Target 1'
compiling prio_basic.c...
prio_basic.c(25): error:  #169: expected a declaration
Target not created
Build target 'Target 1'
compiling prio_basic.c...
linking...
Program Size: Code=3244 RO-data=64 RW-data=60 ZI-data=2156  
FromELF: creating hex file...
"prio_basic.axf" - 0 Error(s), 0 Warning(s).
Build target 'Target 1'
compiling prio_basic.c...
linking...
Program Size: Code=3244 RO-data=64 RW-data=60 ZI-data=2156  
FromELF: creating hex file...
"prio_basic.axf" - 0 Error(s), 0 Warning(s).
Build target 'Target 1'
compiling prio_basic.c...
linking...
Program Size: Code=3312 RO-data=64 RW-data=60 ZI-data=2156  
FromELF: creating hex file...
"prio_basic.axf" - 0 Error(s), 0 Warning(s).
Build target 'Target 1'
compiling prio_basic.c...
compiling RTX_Config.c...
linking...
Program Size: Code=3312 RO-data=64 RW-data=60 ZI-data=2156  
FromELF: creating hex file...
"prio_basic.axf" - 0 Error(s), 0 Warning(s).
Build target 'Target 1'
compiling prio_basic.c...
linking...
Program Size: Code=3312 RO-data=64 RW-data=60 ZI-data=2156  
FromELF: creating hex file...
"prio_basic.axf" - 0 Error(s), 0 Warning(s).
Build target 'Target 1'
compiling prio_basic.c...
linking...
Program Size: Code=3052 RO-data=64 RW-data=60 ZI-data=2156  
FromELF: creating hex file...
"prio_basic.axf" - 0 Error(s), 0 Warning(s).
Build target 'Target 1'
assembling Startup.s...
compiling prio_basic.c...
compiling RTX_Config.c...
linking...
Program Size: Code=2968 RO-data=64 RW-data=52 ZI-data=2156  
FromELF: creating hex file...
"prio_basic.axf" - 0 Error(s), 0 Warning(s).
Build target 'Target 1'
compiling prio_basic.c...
linking...
Program Size: Code=3228 RO-data=64 RW-data=52 ZI-data=2156  
FromELF: creating hex file...
"prio_basic.axf" - 0 Error(s), 0 Warning(s).
