ARM Linker, 4.1 [Build 713] [Evaluation]

==============================================================================

Section Cross References

    startup.o(RESET) refers to startup.o(STACK) for Stack_Top
    startup.o(RESET) refers to entry.o(.ARM.Collect$$$$00000000) for __main
    lcd.o(.text) refers to temp_sen.o(.data) for tmp2
    temp_sen.o(.text) refers to lcd.o(.text) for lcd_init
    temp_sen.o(.text) refers to dfltui.o(.text) for __aeabi_ui2d
    temp_sen.o(.text) refers to dmul.o(.text) for __aeabi_dmul
    temp_sen.o(.text) refers to d2f.o(.text) for __aeabi_d2f
    temp_sen.o(.text) refers to fadd.o(.text) for __aeabi_fadd
    temp_sen.o(.text) refers to f2d.o(.text) for __aeabi_f2d
    temp_sen.o(.text) refers to ddiv.o(.text) for __aeabi_ddiv
    temp_sen.o(.text) refers to dadd.o(.text) for __aeabi_dsub
    temp_sen.o(.text) refers to fmul.o(.text) for __aeabi_fmul
    temp_sen.o(.text) refers to printfa.o(i.__0sprintf) for __2sprintf
    temp_sen.o(.text) refers to temp_sen.o(.data) for tmp1
    temp_sen.o(.text) refers to temp_sen.o(.bss) for ana_val
    entry.o(.ARM.Collect$$$$00000000) refers (Special) to entry7.o(.ARM.Collect$$$$00000007) for _main_init
    entry.o(.ARM.Collect$$$$00000000) refers (Special) to entry5.o(.ARM.Collect$$$$00000004) for _main_scatterload
    entry.o(.ARM.Collect$$$$00000000) refers (Special) to entry2.o(.ARM.Collect$$$$00000001) for _main_stk
    printfb.o(i.__0fprintf$bare) refers to printfb.o(i._printf_core) for _printf_core
    printfb.o(i.__0fprintf$bare) refers to fputc.o(i.fputc) for fputc
    printfb.o(i.__0printf$bare) refers to printfb.o(i._printf_core) for _printf_core
    printfb.o(i.__0printf$bare) refers to fputc.o(i.fputc) for fputc
    printfb.o(i.__0printf$bare) refers to stdout.o(.data) for __stdout
    printfb.o(i.__0snprintf$bare) refers to printfb.o(i._printf_core) for _printf_core
    printfb.o(i.__0snprintf$bare) refers to printfb.o(i._snputc) for _snputc
    printfb.o(i.__0sprintf$bare) refers to printfb.o(i._printf_core) for _printf_core
    printfb.o(i.__0sprintf$bare) refers to printfb.o(i._sputc) for _sputc
    printfb.o(i.__0vfprintf$bare) refers to printfb.o(i._printf_core) for _printf_core
    printfb.o(i.__0vfprintf$bare) refers to fputc.o(i.fputc) for fputc
    printfb.o(i.__0vprintf$bare) refers to printfb.o(i._printf_core) for _printf_core
    printfb.o(i.__0vprintf$bare) refers to fputc.o(i.fputc) for fputc
    printfb.o(i.__0vprintf$bare) refers to stdout.o(.data) for __stdout
    printfb.o(i.__0vsnprintf$bare) refers to printfb.o(i._printf_core) for _printf_core
    printfb.o(i.__0vsnprintf$bare) refers to printfb.o(i._snputc) for _snputc
    printfb.o(i.__0vsprintf$bare) refers to printfb.o(i._printf_core) for _printf_core
    printfb.o(i.__0vsprintf$bare) refers to printfb.o(i._sputc) for _sputc
    printfb.o(i._printf_core) refers to printfb.o(i.__ARM_common_call_via_r6) for __ARM_common_call_via_r6
    printf0.o(i.__0fprintf$0) refers to printf0.o(i._printf_core) for _printf_core
    printf0.o(i.__0fprintf$0) refers to fputc.o(i.fputc) for fputc
    printf0.o(i.__0printf$0) refers to printf0.o(i._printf_core) for _printf_core
    printf0.o(i.__0printf$0) refers to fputc.o(i.fputc) for fputc
    printf0.o(i.__0printf$0) refers to stdout.o(.data) for __stdout
    printf0.o(i.__0snprintf$0) refers to printf0.o(i._printf_core) for _printf_core
    printf0.o(i.__0snprintf$0) refers to printf0.o(i._snputc) for _snputc
    printf0.o(i.__0sprintf$0) refers to printf0.o(i._printf_core) for _printf_core
    printf0.o(i.__0sprintf$0) refers to printf0.o(i._sputc) for _sputc
    printf0.o(i.__0vfprintf$0) refers to printf0.o(i._printf_core) for _printf_core
    printf0.o(i.__0vfprintf$0) refers to fputc.o(i.fputc) for fputc
    printf0.o(i.__0vprintf$0) refers to printf0.o(i._printf_core) for _printf_core
    printf0.o(i.__0vprintf$0) refers to fputc.o(i.fputc) for fputc
    printf0.o(i.__0vprintf$0) refers to stdout.o(.data) for __stdout
    printf0.o(i.__0vsnprintf$0) refers to printf0.o(i._printf_core) for _printf_core
    printf0.o(i.__0vsnprintf$0) refers to printf0.o(i._snputc) for _snputc
    printf0.o(i.__0vsprintf$0) refers to printf0.o(i._printf_core) for _printf_core
    printf0.o(i.__0vsprintf$0) refers to printf0.o(i._sputc) for _sputc
    printf0.o(i._printf_core) refers to printfb.o(i.__ARM_common_call_via_r6) for __ARM_common_call_via_r6
    printf1.o(i.__0fprintf$1) refers to printf1.o(i._printf_core) for _printf_core
    printf1.o(i.__0fprintf$1) refers to fputc.o(i.fputc) for fputc
    printf1.o(i.__0printf$1) refers to printf1.o(i._printf_core) for _printf_core
    printf1.o(i.__0printf$1) refers to fputc.o(i.fputc) for fputc
    printf1.o(i.__0printf$1) refers to stdout.o(.data) for __stdout
    printf1.o(i.__0snprintf$1) refers to printf1.o(i._printf_core) for _printf_core
    printf1.o(i.__0snprintf$1) refers to printf1.o(i._snputc) for _snputc
    printf1.o(i.__0sprintf$1) refers to printf1.o(i._printf_core) for _printf_core
    printf1.o(i.__0sprintf$1) refers to printf1.o(i._sputc) for _sputc
    printf1.o(i.__0vfprintf$1) refers to printf1.o(i._printf_core) for _printf_core
    printf1.o(i.__0vfprintf$1) refers to fputc.o(i.fputc) for fputc
    printf1.o(i.__0vprintf$1) refers to printf1.o(i._printf_core) for _printf_core
    printf1.o(i.__0vprintf$1) refers to fputc.o(i.fputc) for fputc
    printf1.o(i.__0vprintf$1) refers to stdout.o(.data) for __stdout
    printf1.o(i.__0vsnprintf$1) refers to printf1.o(i._printf_core) for _printf_core
    printf1.o(i.__0vsnprintf$1) refers to printf1.o(i._snputc) for _snputc
    printf1.o(i.__0vsprintf$1) refers to printf1.o(i._printf_core) for _printf_core
    printf1.o(i.__0vsprintf$1) refers to printf1.o(i._sputc) for _sputc
    printf1.o(i._printf_core) refers to printf1.o(i.__ARM_common_call_via_r2) for __ARM_common_call_via_r2
    printf1.o(i._printf_core) refers to uidiv.o(.text) for __aeabi_uidivmod
    printf2.o(i.__0fprintf$2) refers to printf2.o(i._printf_core) for _printf_core
    printf2.o(i.__0fprintf$2) refers to fputc.o(i.fputc) for fputc
    printf2.o(i.__0printf$2) refers to printf2.o(i._printf_core) for _printf_core
    printf2.o(i.__0printf$2) refers to fputc.o(i.fputc) for fputc
    printf2.o(i.__0printf$2) refers to stdout.o(.data) for __stdout
    printf2.o(i.__0snprintf$2) refers to printf2.o(i._printf_core) for _printf_core
    printf2.o(i.__0snprintf$2) refers to printf2.o(i._snputc) for _snputc
    printf2.o(i.__0sprintf$2) refers to printf2.o(i._printf_core) for _printf_core
    printf2.o(i.__0sprintf$2) refers to printf2.o(i._sputc) for _sputc
    printf2.o(i.__0vfprintf$2) refers to printf2.o(i._printf_core) for _printf_core
    printf2.o(i.__0vfprintf$2) refers to fputc.o(i.fputc) for fputc
    printf2.o(i.__0vprintf$2) refers to printf2.o(i._printf_core) for _printf_core
    printf2.o(i.__0vprintf$2) refers to fputc.o(i.fputc) for fputc
    printf2.o(i.__0vprintf$2) refers to stdout.o(.data) for __stdout
    printf2.o(i.__0vsnprintf$2) refers to printf2.o(i._printf_core) for _printf_core
    printf2.o(i.__0vsnprintf$2) refers to printf2.o(i._snputc) for _snputc
    printf2.o(i.__0vsprintf$2) refers to printf2.o(i._printf_core) for _printf_core
    printf2.o(i.__0vsprintf$2) refers to printf2.o(i._sputc) for _sputc
    printf2.o(i._printf_core) refers to printf1.o(i.__ARM_common_call_via_r2) for __ARM_common_call_via_r2
    printf3.o(i.__0fprintf$3) refers to printf3.o(i._printf_core) for _printf_core
    printf3.o(i.__0fprintf$3) refers to fputc.o(i.fputc) for fputc
    printf3.o(i.__0printf$3) refers to printf3.o(i._printf_core) for _printf_core
    printf3.o(i.__0printf$3) refers to fputc.o(i.fputc) for fputc
    printf3.o(i.__0printf$3) refers to stdout.o(.data) for __stdout
    printf3.o(i.__0snprintf$3) refers to printf3.o(i._printf_core) for _printf_core
    printf3.o(i.__0snprintf$3) refers to printf3.o(i._snputc) for _snputc
    printf3.o(i.__0sprintf$3) refers to printf3.o(i._printf_core) for _printf_core
    printf3.o(i.__0sprintf$3) refers to printf3.o(i._sputc) for _sputc
    printf3.o(i.__0vfprintf$3) refers to printf3.o(i._printf_core) for _printf_core
    printf3.o(i.__0vfprintf$3) refers to fputc.o(i.fputc) for fputc
    printf3.o(i.__0vprintf$3) refers to printf3.o(i._printf_core) for _printf_core
    printf3.o(i.__0vprintf$3) refers to fputc.o(i.fputc) for fputc
    printf3.o(i.__0vprintf$3) refers to stdout.o(.data) for __stdout
    printf3.o(i.__0vsnprintf$3) refers to printf3.o(i._printf_core) for _printf_core
    printf3.o(i.__0vsnprintf$3) refers to printf3.o(i._snputc) for _snputc
    printf3.o(i.__0vsprintf$3) refers to printf3.o(i._printf_core) for _printf_core
    printf3.o(i.__0vsprintf$3) refers to printf3.o(i._sputc) for _sputc
    printf3.o(i._printf_core) refers to printf1.o(i.__ARM_common_call_via_r2) for __ARM_common_call_via_r2
    printf3.o(i._printf_core) refers to uidiv.o(.text) for __aeabi_uidivmod
    printf4.o(i.__0fprintf$4) refers to printf4.o(i._printf_core) for _printf_core
    printf4.o(i.__0fprintf$4) refers to fputc.o(i.fputc) for fputc
    printf4.o(i.__0printf$4) refers to printf4.o(i._printf_core) for _printf_core
    printf4.o(i.__0printf$4) refers to fputc.o(i.fputc) for fputc
    printf4.o(i.__0printf$4) refers to stdout.o(.data) for __stdout
    printf4.o(i.__0snprintf$4) refers to printf4.o(i._printf_core) for _printf_core
    printf4.o(i.__0snprintf$4) refers to printf4.o(i._snputc) for _snputc
    printf4.o(i.__0sprintf$4) refers to printf4.o(i._printf_core) for _printf_core
    printf4.o(i.__0sprintf$4) refers to printf4.o(i._sputc) for _sputc
    printf4.o(i.__0vfprintf$4) refers to printf4.o(i._printf_core) for _printf_core
    printf4.o(i.__0vfprintf$4) refers to fputc.o(i.fputc) for fputc
    printf4.o(i.__0vprintf$4) refers to printf4.o(i._printf_core) for _printf_core
    printf4.o(i.__0vprintf$4) refers to fputc.o(i.fputc) for fputc
    printf4.o(i.__0vprintf$4) refers to stdout.o(.data) for __stdout
    printf4.o(i.__0vsnprintf$4) refers to printf4.o(i._printf_core) for _printf_core
    printf4.o(i.__0vsnprintf$4) refers to printf4.o(i._snputc) for _snputc
    printf4.o(i.__0vsprintf$4) refers to printf4.o(i._printf_core) for _printf_core
    printf4.o(i.__0vsprintf$4) refers to printf4.o(i._sputc) for _sputc
    printf4.o(i._printf_core) refers to printf1.o(i.__ARM_common_call_via_r2) for __ARM_common_call_via_r2
    printf4.o(i._printf_core) refers to uldiv.o(.text) for __aeabi_uldivmod
    printf5.o(i.__0fprintf$5) refers to printf5.o(i._printf_core) for _printf_core
    printf5.o(i.__0fprintf$5) refers to fputc.o(i.fputc) for fputc
    printf5.o(i.__0printf$5) refers to printf5.o(i._printf_core) for _printf_core
    printf5.o(i.__0printf$5) refers to fputc.o(i.fputc) for fputc
    printf5.o(i.__0printf$5) refers to stdout.o(.data) for __stdout
    printf5.o(i.__0snprintf$5) refers to printf5.o(i._printf_core) for _printf_core
    printf5.o(i.__0snprintf$5) refers to printf5.o(i._snputc) for _snputc
    printf5.o(i.__0sprintf$5) refers to printf5.o(i._printf_core) for _printf_core
    printf5.o(i.__0sprintf$5) refers to printf5.o(i._sputc) for _sputc
    printf5.o(i.__0vfprintf$5) refers to printf5.o(i._printf_core) for _printf_core
    printf5.o(i.__0vfprintf$5) refers to fputc.o(i.fputc) for fputc
    printf5.o(i.__0vprintf$5) refers to printf5.o(i._printf_core) for _printf_core
    printf5.o(i.__0vprintf$5) refers to fputc.o(i.fputc) for fputc
    printf5.o(i.__0vprintf$5) refers to stdout.o(.data) for __stdout
    printf5.o(i.__0vsnprintf$5) refers to printf5.o(i._printf_core) for _printf_core
    printf5.o(i.__0vsnprintf$5) refers to printf5.o(i._snputc) for _snputc
    printf5.o(i.__0vsprintf$5) refers to printf5.o(i._printf_core) for _printf_core
    printf5.o(i.__0vsprintf$5) refers to printf5.o(i._sputc) for _sputc
    printf5.o(i._printf_core) refers to printf1.o(i.__ARM_common_call_via_r2) for __ARM_common_call_via_r2
    printf5.o(i._printf_core) refers to uldiv.o(.text) for __aeabi_uldivmod
    printf6.o(i.__0fprintf$6) refers to printf6.o(i._printf_core) for _printf_core
    printf6.o(i.__0fprintf$6) refers to fputc.o(i.fputc) for fputc
    printf6.o(i.__0printf$6) refers to printf6.o(i._printf_core) for _printf_core
    printf6.o(i.__0printf$6) refers to fputc.o(i.fputc) for fputc
    printf6.o(i.__0printf$6) refers to stdout.o(.data) for __stdout
    printf6.o(i.__0snprintf$6) refers to printf6.o(i._printf_core) for _printf_core
    printf6.o(i.__0snprintf$6) refers to printf6.o(i._snputc) for _snputc
    printf6.o(i.__0sprintf$6) refers to printf6.o(i._printf_core) for _printf_core
    printf6.o(i.__0sprintf$6) refers to printf6.o(i._sputc) for _sputc
    printf6.o(i.__0vfprintf$6) refers to printf6.o(i._printf_core) for _printf_core
    printf6.o(i.__0vfprintf$6) refers to fputc.o(i.fputc) for fputc
    printf6.o(i.__0vprintf$6) refers to printf6.o(i._printf_core) for _printf_core
    printf6.o(i.__0vprintf$6) refers to fputc.o(i.fputc) for fputc
    printf6.o(i.__0vprintf$6) refers to stdout.o(.data) for __stdout
    printf6.o(i.__0vsnprintf$6) refers to printf6.o(i._printf_core) for _printf_core
    printf6.o(i.__0vsnprintf$6) refers to printf6.o(i._snputc) for _snputc
    printf6.o(i.__0vsprintf$6) refers to printf6.o(i._printf_core) for _printf_core
    printf6.o(i.__0vsprintf$6) refers to printf6.o(i._sputc) for _sputc
    printf6.o(i._printf_core) refers to printf1.o(i.__ARM_common_call_via_r2) for __ARM_common_call_via_r2
    printf6.o(i._printf_core) refers to printf6.o(i._printf_pre_padding) for _printf_pre_padding
    printf6.o(i._printf_core) refers to printf6.o(i._printf_post_padding) for _printf_post_padding
    printf6.o(i._printf_core) refers to uidiv.o(.text) for __aeabi_uidivmod
    printf6.o(i._printf_post_padding) refers to printfb.o(i.__ARM_common_call_via_r6) for __ARM_common_call_via_r6
    printf6.o(i._printf_pre_padding) refers to printfb.o(i.__ARM_common_call_via_r6) for __ARM_common_call_via_r6
    printf7.o(i.__0fprintf$7) refers to printf7.o(i._printf_core) for _printf_core
    printf7.o(i.__0fprintf$7) refers to fputc.o(i.fputc) for fputc
    printf7.o(i.__0printf$7) refers to printf7.o(i._printf_core) for _printf_core
    printf7.o(i.__0printf$7) refers to fputc.o(i.fputc) for fputc
    printf7.o(i.__0printf$7) refers to stdout.o(.data) for __stdout
    printf7.o(i.__0snprintf$7) refers to printf7.o(i._printf_core) for _printf_core
    printf7.o(i.__0snprintf$7) refers to printf7.o(i._snputc) for _snputc
    printf7.o(i.__0sprintf$7) refers to printf7.o(i._printf_core) for _printf_core
    printf7.o(i.__0sprintf$7) refers to printf7.o(i._sputc) for _sputc
    printf7.o(i.__0vfprintf$7) refers to printf7.o(i._printf_core) for _printf_core
    printf7.o(i.__0vfprintf$7) refers to fputc.o(i.fputc) for fputc
    printf7.o(i.__0vprintf$7) refers to printf7.o(i._printf_core) for _printf_core
    printf7.o(i.__0vprintf$7) refers to fputc.o(i.fputc) for fputc
    printf7.o(i.__0vprintf$7) refers to stdout.o(.data) for __stdout
    printf7.o(i.__0vsnprintf$7) refers to printf7.o(i._printf_core) for _printf_core
    printf7.o(i.__0vsnprintf$7) refers to printf7.o(i._snputc) for _snputc
    printf7.o(i.__0vsprintf$7) refers to printf7.o(i._printf_core) for _printf_core
    printf7.o(i.__0vsprintf$7) refers to printf7.o(i._sputc) for _sputc
    printf7.o(i._printf_core) refers to printf1.o(i.__ARM_common_call_via_r2) for __ARM_common_call_via_r2
    printf7.o(i._printf_core) refers to printf7.o(i._printf_pre_padding) for _printf_pre_padding
    printf7.o(i._printf_core) refers to printf7.o(i._printf_post_padding) for _printf_post_padding
    printf7.o(i._printf_core) refers to uldiv.o(.text) for __aeabi_uldivmod
    printf7.o(i._printf_post_padding) refers to printfb.o(i.__ARM_common_call_via_r6) for __ARM_common_call_via_r6
    printf7.o(i._printf_pre_padding) refers to printfb.o(i.__ARM_common_call_via_r6) for __ARM_common_call_via_r6
    printf8.o(i.__0fprintf$8) refers to printf8.o(i._printf_core) for _printf_core
    printf8.o(i.__0fprintf$8) refers to fputc.o(i.fputc) for fputc
    printf8.o(i.__0printf$8) refers to printf8.o(i._printf_core) for _printf_core
    printf8.o(i.__0printf$8) refers to fputc.o(i.fputc) for fputc
    printf8.o(i.__0printf$8) refers to stdout.o(.data) for __stdout
    printf8.o(i.__0snprintf$8) refers to printf8.o(i._printf_core) for _printf_core
    printf8.o(i.__0snprintf$8) refers to printf8.o(i._snputc) for _snputc
    printf8.o(i.__0sprintf$8) refers to printf8.o(i._printf_core) for _printf_core
    printf8.o(i.__0sprintf$8) refers to printf8.o(i._sputc) for _sputc
    printf8.o(i.__0vfprintf$8) refers to printf8.o(i._printf_core) for _printf_core
    printf8.o(i.__0vfprintf$8) refers to fputc.o(i.fputc) for fputc
    printf8.o(i.__0vprintf$8) refers to printf8.o(i._printf_core) for _printf_core
    printf8.o(i.__0vprintf$8) refers to fputc.o(i.fputc) for fputc
    printf8.o(i.__0vprintf$8) refers to stdout.o(.data) for __stdout
    printf8.o(i.__0vsnprintf$8) refers to printf8.o(i._printf_core) for _printf_core
    printf8.o(i.__0vsnprintf$8) refers to printf8.o(i._snputc) for _snputc
    printf8.o(i.__0vsprintf$8) refers to printf8.o(i._printf_core) for _printf_core
    printf8.o(i.__0vsprintf$8) refers to printf8.o(i._sputc) for _sputc
    printf8.o(i._printf_core) refers to printf1.o(i.__ARM_common_call_via_r2) for __ARM_common_call_via_r2
    printf8.o(i._printf_core) refers to printf8.o(i._printf_pre_padding) for _printf_pre_padding
    printf8.o(i._printf_core) refers to printf8.o(i._printf_post_padding) for _printf_post_padding
    printf8.o(i._printf_core) refers to uldiv.o(.text) for __aeabi_uldivmod
    printf8.o(i._printf_post_padding) refers to printfb.o(i.__ARM_common_call_via_r6) for __ARM_common_call_via_r6
    printf8.o(i._printf_pre_padding) refers to printfb.o(i.__ARM_common_call_via_r6) for __ARM_common_call_via_r6
    printfa.o(i.__0fprintf) refers (Special) to iusefp.o(.text) for __I$use$fp
    printfa.o(i.__0fprintf) refers to printfa.o(i._printf_core) for _printf_core
    printfa.o(i.__0fprintf) refers to fputc.o(i.fputc) for fputc
    printfa.o(i.__0printf) refers (Special) to iusefp.o(.text) for __I$use$fp
    printfa.o(i.__0printf) refers to printfa.o(i._printf_core) for _printf_core
    printfa.o(i.__0printf) refers to fputc.o(i.fputc) for fputc
    printfa.o(i.__0printf) refers to stdout.o(.data) for __stdout
    printfa.o(i.__0snprintf) refers (Special) to iusefp.o(.text) for __I$use$fp
    printfa.o(i.__0snprintf) refers to printfa.o(i._printf_core) for _printf_core
    printfa.o(i.__0snprintf) refers to printfa.o(i._snputc) for _snputc
    printfa.o(i.__0sprintf) refers (Special) to iusefp.o(.text) for __I$use$fp
    printfa.o(i.__0sprintf) refers to printfa.o(i._printf_core) for _printf_core
    printfa.o(i.__0sprintf) refers to printfa.o(i._sputc) for _sputc
    printfa.o(i.__0vfprintf) refers (Special) to iusefp.o(.text) for __I$use$fp
    printfa.o(i.__0vfprintf) refers to printfa.o(i._printf_core) for _printf_core
    printfa.o(i.__0vfprintf) refers to fputc.o(i.fputc) for fputc
    printfa.o(i.__0vprintf) refers (Special) to iusefp.o(.text) for __I$use$fp
    printfa.o(i.__0vprintf) refers to printfa.o(i._printf_core) for _printf_core
    printfa.o(i.__0vprintf) refers to fputc.o(i.fputc) for fputc
    printfa.o(i.__0vprintf) refers to stdout.o(.data) for __stdout
    printfa.o(i.__0vsnprintf) refers (Special) to iusefp.o(.text) for __I$use$fp
    printfa.o(i.__0vsnprintf) refers to printfa.o(i._printf_core) for _printf_core
    printfa.o(i.__0vsnprintf) refers to printfa.o(i._snputc) for _snputc
    printfa.o(i.__0vsprintf) refers (Special) to iusefp.o(.text) for __I$use$fp
    printfa.o(i.__0vsprintf) refers to printfa.o(i._printf_core) for _printf_core
    printfa.o(i.__0vsprintf) refers to printfa.o(i._sputc) for _sputc
    printfa.o(i._fp_digits) refers (Special) to iusefp.o(.text) for __I$use$fp
    printfa.o(i._fp_digits) refers to dmul.o(.text) for __aeabi_dmul
    printfa.o(i._fp_digits) refers to ddiv.o(.text) for __aeabi_ddiv
    printfa.o(i._fp_digits) refers to cdrcmple.o(.text) for __aeabi_cdrcmple
    printfa.o(i._fp_digits) refers to dadd.o(.text) for __aeabi_dadd
    printfa.o(i._fp_digits) refers to dfixul.o(.text) for __aeabi_d2ulz
    printfa.o(i._fp_digits) refers to uldiv.o(.text) for __aeabi_uldivmod
    printfa.o(i._printf_core) refers (Special) to iusefp.o(.text) for __I$use$fp
    printfa.o(i._printf_core) refers to printf1.o(i.__ARM_common_call_via_r2) for __ARM_common_call_via_r2
    printfa.o(i._printf_core) refers to printfa.o(i._printf_pre_padding) for _printf_pre_padding
    printfa.o(i._printf_core) refers to uldiv.o(.text) for __aeabi_uldivmod
    printfa.o(i._printf_core) refers to printfa.o(i._printf_post_padding) for _printf_post_padding
    printfa.o(i._printf_core) refers to printfa.o(i._fp_digits) for _fp_digits
    printfa.o(i._printf_core) refers to uidiv.o(.text) for __aeabi_uidivmod
    printfa.o(i._printf_post_padding) refers (Special) to iusefp.o(.text) for __I$use$fp
    printfa.o(i._printf_post_padding) refers to printfb.o(i.__ARM_common_call_via_r6) for __ARM_common_call_via_r6
    printfa.o(i._printf_pre_padding) refers (Special) to iusefp.o(.text) for __I$use$fp
    printfa.o(i._printf_pre_padding) refers to printfb.o(i.__ARM_common_call_via_r6) for __ARM_common_call_via_r6
    printfa.o(i._snputc) refers (Special) to iusefp.o(.text) for __I$use$fp
    printfa.o(i._sputc) refers (Special) to iusefp.o(.text) for __I$use$fp
    fadd.o(.text) refers (Special) to iusefp.o(.text) for __I$use$fp
    fadd.o(.text) refers to fepilogue.o(.text) for _float_epilogue
    fmul.o(.text) refers (Special) to iusefp.o(.text) for __I$use$fp
    dadd.o(.text) refers (Special) to iusefp.o(.text) for __I$use$fp
    dadd.o(.text) refers to llshl.o(.text) for __aeabi_llsl
    dadd.o(.text) refers to llsshr.o(.text) for __aeabi_lasr
    dadd.o(.text) refers to depilogue.o(.text) for _double_epilogue
    dmul.o(.text) refers (Special) to iusefp.o(.text) for __I$use$fp
    dmul.o(.text) refers to depilogue.o(.text) for _double_epilogue
    ddiv.o(.text) refers (Special) to iusefp.o(.text) for __I$use$fp
    ddiv.o(.text) refers to depilogue.o(.text) for _double_round
    dfltui.o(.text) refers (Special) to iusefp.o(.text) for __I$use$fp
    dfltui.o(.text) refers to depilogue.o(.text) for _double_epilogue
    f2d.o(.text) refers (Special) to iusefp.o(.text) for __I$use$fp
    d2f.o(.text) refers (Special) to iusefp.o(.text) for __I$use$fp
    d2f.o(.text) refers to fepilogue.o(.text) for _float_round
    entry2.o(.ARM.Collect$$$$00000001) refers to entry2.o(.ARM.Collect$$$$00002712) for __lit__00000000
    entry2.o(.ARM.Collect$$$$00002712) refers to startup.o(STACK) for __initial_sp
    entry5.o(.ARM.Collect$$$$00000004) refers to init.o(.text) for __scatterload
    entry7.o(.ARM.Collect$$$$00000007) refers to temp_sen.o(.text) for main
    fputc.o(i.fputc) refers (Special) to iusesemip.o(.text) for __I$use$semihosting$fputc
    fputc.o(i.fputc) refers (Special) to semi.o(.text) for __semihosting_library_function
    uldiv.o(.text) refers to llushr.o(.text) for __aeabi_llsr
    uldiv.o(.text) refers to llshl.o(.text) for __aeabi_llsl
    depilogue.o(.text) refers to depilogue.o(i.__ARM_clz) for __ARM_clz
    depilogue.o(.text) refers to llshl.o(.text) for __aeabi_llsl
    depilogue.o(.text) refers to llushr.o(.text) for __aeabi_llsr
    dfixul.o(.text) refers to llushr.o(.text) for __aeabi_llsr
    dfixul.o(.text) refers to llshl.o(.text) for __aeabi_llsl
    init.o(.text) refers to init.o(i.__ARM_common_call_via_r3) for __ARM_common_call_via_r3
    init.o(.text) refers to entry5.o(.ARM.Collect$$$$00000004) for __main_after_scatterload


==============================================================================

Removing Unused input sections from the image.

    Removing startup.o(HEAP), (0 bytes).

1 unused section(s) (total 0 bytes) removed from the image.

==============================================================================

Adding Veneers to the image

    Adding AT veneer (8 bytes, Inline) for call to '__aeabi_fadd' from temp_sen.o(.text).
    Adding AT veneer (8 bytes, Inline) for call to '__aeabi_fmul' from temp_sen.o(.text).
    Adding AT veneer (8 bytes, Inline) for call to '__aeabi_dmul' from temp_sen.o(.text).
    Adding AT veneer (8 bytes, Inline) for call to '__aeabi_ddiv' from temp_sen.o(.text).
    Adding AT veneer (8 bytes, Inline) for call to '__aeabi_ui2d' from temp_sen.o(.text).
    Adding AT veneer (8 bytes, Inline) for call to '__aeabi_f2d' from temp_sen.o(.text).
    Adding AT veneer (8 bytes, Inline) for call to '__aeabi_d2f' from temp_sen.o(.text).
    Adding AT veneer (8 bytes, Inline) for call to '__scatterload' from entry5.o(.ARM.Collect$$$$00000004).
    Adding AT veneer (12 bytes, Long) for call to '__aeabi_dsub' from temp_sen.o(.text).
    Adding TA veneer (8 bytes, Short) for call to '__main_after_scatterload' from init.o(.text).
    Adding AT veneer (8 bytes, Inline) for call to '__2sprintf' from temp_sen.o(.text).

11 Veneer(s) (total 92 bytes) added to the image.

==============================================================================

Image Symbol Table

    Local Symbols

    Symbol Name                              Value     Ov Type        Size  Object(Section)

    RESET                                    0x00000000   Section      212  startup.o(RESET)
    ../../microlib/d2f.c                     0x00000000   Number         0  d2f.o ABSOLUTE
    ../../microlib/division.c                0x00000000   Number         0  uldiv.o ABSOLUTE
    ../../microlib/division.c                0x00000000   Number         0  uidiv.o ABSOLUTE
    ../../microlib/f2d.c                     0x00000000   Number         0  f2d.o ABSOLUTE
    ../../microlib/fpadd.c                   0x00000000   Number         0  dadd.o ABSOLUTE
    ../../microlib/fpadd.c                   0x00000000   Number         0  fadd.o ABSOLUTE
    ../../microlib/fpdiv.c                   0x00000000   Number         0  ddiv.o ABSOLUTE
    ../../microlib/fpepilogue.c              0x00000000   Number         0  depilogue.o ABSOLUTE
    ../../microlib/fpepilogue.c              0x00000000   Number         0  fepilogue.o ABSOLUTE
    ../../microlib/fpfix.c                   0x00000000   Number         0  dfixul.o ABSOLUTE
    ../../microlib/fpflt.c                   0x00000000   Number         0  dfltui.o ABSOLUTE
    ../../microlib/fpmul.c                   0x00000000   Number         0  fmul.o ABSOLUTE
    ../../microlib/fpmul.c                   0x00000000   Number         0  dmul.o ABSOLUTE
    ../../microlib/init/entry.s              0x00000000   Number         0  entry2.o ABSOLUTE
    ../../microlib/init/entry.s              0x00000000   Number         0  entry5.o ABSOLUTE
    ../../microlib/init/entry.s              0x00000000   Number         0  entry.o ABSOLUTE
    ../../microlib/init/entry.s              0x00000000   Number         0  entry7.o ABSOLUTE
    ../../microlib/longlong.c                0x00000000   Number         0  llushr.o ABSOLUTE
    ../../microlib/longlong.c                0x00000000   Number         0  llsshr.o ABSOLUTE
    ../../microlib/longlong.c                0x00000000   Number         0  llshl.o ABSOLUTE
    ../../microlib/printf/printf.c           0x00000000   Number         0  printf2.o ABSOLUTE
    ../../microlib/printf/printf.c           0x00000000   Number         0  printfb.o ABSOLUTE
    ../../microlib/printf/printf.c           0x00000000   Number         0  printf0.o ABSOLUTE
    ../../microlib/printf/printf.c           0x00000000   Number         0  printf1.o ABSOLUTE
    ../../microlib/printf/printf.c           0x00000000   Number         0  printf3.o ABSOLUTE
    ../../microlib/printf/printf.c           0x00000000   Number         0  printf4.o ABSOLUTE
    ../../microlib/printf/printf.c           0x00000000   Number         0  printf5.o ABSOLUTE
    ../../microlib/printf/printf.c           0x00000000   Number         0  printf6.o ABSOLUTE
    ../../microlib/printf/printf.c           0x00000000   Number         0  printf7.o ABSOLUTE
    ../../microlib/printf/printf.c           0x00000000   Number         0  printf8.o ABSOLUTE
    ../../microlib/printf/printf.c           0x00000000   Number         0  printfa.o ABSOLUTE
    ../../microlib/printf/stubs.s            0x00000000   Number         0  stubs.o ABSOLUTE
    ../../microlib/stdio/fputc.c             0x00000000   Number         0  fputc.o ABSOLUTE
    ../../microlib/stdio/semi.s              0x00000000   Number         0  semi.o ABSOLUTE
    ../../microlib/stdio/streams.c           0x00000000   Number         0  stdout.o ABSOLUTE
    ../../microlib/stubs.s                   0x00000000   Number         0  iusefp.o ABSOLUTE
    ../../microlib/stubs.s                   0x00000000   Number         0  iusesemip.o ABSOLUTE
    Startup.s                                0x00000000   Number         0  startup.o ABSOLUTE
    cdrcmple.s                               0x00000000   Number         0  cdrcmple.o ABSOLUTE
    dc.s                                     0x00000000   Number         0  dc.o ABSOLUTE
    handlers.s                               0x00000000   Number         0  handlers.o ABSOLUTE
    init.s                                   0x00000000   Number         0  init.o ABSOLUTE
    lcd.c                                    0x00000000   Number         0  lcd.o ABSOLUTE
    temp_sen.c                               0x00000000   Number         0  temp_sen.o ABSOLUTE
    Undef_Handler                            0x00000040   ARM Code       4  startup.o(RESET)
    SWI_Handler                              0x00000044   ARM Code       4  startup.o(RESET)
    PAbt_Handler                             0x00000048   ARM Code       4  startup.o(RESET)
    DAbt_Handler                             0x0000004c   ARM Code       4  startup.o(RESET)
    IRQ_Handler                              0x00000050   ARM Code       4  startup.o(RESET)
    FIQ_Handler                              0x00000054   ARM Code       4  startup.o(RESET)
    .ARM.Collect$$$$00000000                 0x000000d4   Section        0  entry.o(.ARM.Collect$$$$00000000)
    .ARM.Collect$$$$00000001                 0x000000d4   Section        4  entry2.o(.ARM.Collect$$$$00000001)
    .ARM.Collect$$$$00000004                 0x000000d8   Section        4  entry5.o(.ARM.Collect$$$$00000004)
    .ARM.Collect$$$$00000007                 0x000000dc   Section       12  entry7.o(.ARM.Collect$$$$00000007)
    .ARM.Collect$$$$00002712                 0x000000e8   Section        4  entry2.o(.ARM.Collect$$$$00002712)
    __lit__00000000                          0x000000e8   Data           4  entry2.o(.ARM.Collect$$$$00002712)
    .text                                    0x000000ec   Section        0  lcd.o(.text)
    .text                                    0x000003b0   Section        0  temp_sen.o(.text)
    .text                                    0x00000830   Section        0  fadd.o(.text)
    .text                                    0x000008f4   Section        0  fmul.o(.text)
    .text                                    0x00000974   Section        0  dadd.o(.text)
    .text                                    0x00000ae4   Section        0  dmul.o(.text)
    .text                                    0x00000bbc   Section        0  ddiv.o(.text)
    .text                                    0x00000cb8   Section        0  dfltui.o(.text)
    .text                                    0x00000ce0   Section        0  f2d.o(.text)
    .text                                    0x00000d18   Section        0  d2f.o(.text)
    .text                                    0x00000d54   Section        0  uidiv.o(.text)
    .text                                    0x00000d82   Section        0  uldiv.o(.text)
    .text                                    0x00000de4   Section        0  llshl.o(.text)
    .text                                    0x00000e06   Section        0  llsshr.o(.text)
    .text                                    0x00000e30   Section        0  fepilogue.o(.text)
    .text                                    0x00000e30   Section        0  iusefp.o(.text)
    .text                                    0x00000eb4   Section        0  depilogue.o(.text)
    .text                                    0x00000f80   Section        0  dfixul.o(.text)
    .text                                    0x00000fc4   Section       40  cdrcmple.o(.text)
    .text                                    0x00000ff4   Section       32  init.o(.text)
    .text                                    0x00001014   Section        0  llushr.o(.text)
    i.__0sprintf                             0x00001054   Section        0  printfa.o(i.__0sprintf)
    i.__ARM_clz                              0x0000107c   Section        0  depilogue.o(i.__ARM_clz)
    i.__ARM_common_call_via_r2               0x000010aa   Section        0  printf1.o(i.__ARM_common_call_via_r2)
    i.__ARM_common_call_via_r3               0x000010ac   Section        2  init.o(i.__ARM_common_call_via_r3)
    i.__ARM_common_call_via_r6               0x000010ae   Section        0  printfb.o(i.__ARM_common_call_via_r6)
    i.__scatterload_copy                     0x000010b0   Section       28  handlers.o(i.__scatterload_copy)
    i.__scatterload_null                     0x000010cc   Section        4  handlers.o(i.__scatterload_null)
    i.__scatterload_zeroinit                 0x000010d0   Section       24  handlers.o(i.__scatterload_zeroinit)
    i._fp_digits                             0x000010e8   Section        0  printfa.o(i._fp_digits)
    _fp_digits                               0x000010e9   Thumb Code   316  printfa.o(i._fp_digits)
    i._printf_core                           0x00001240   Section        0  printfa.o(i._printf_core)
    _printf_core                             0x00001241   Thumb Code  1790  printfa.o(i._printf_core)
    i._printf_post_padding                   0x00001950   Section        0  printfa.o(i._printf_post_padding)
    _printf_post_padding                     0x00001951   Thumb Code    38  printfa.o(i._printf_post_padding)
    i._printf_pre_padding                    0x00001976   Section        0  printfa.o(i._printf_pre_padding)
    _printf_pre_padding                      0x00001977   Thumb Code    48  printfa.o(i._printf_pre_padding)
    i._sputc                                 0x000019a6   Section        0  printfa.o(i._sputc)
    _sputc                                   0x000019a7   Thumb Code    10  printfa.o(i._sputc)
    .data                                    0x40000000   Section      105  temp_sen.o(.data)
    .bss                                     0x4000006c   Section       40  temp_sen.o(.bss)
    STACK                                    0x40000098   Section     1160  startup.o(STACK)
    Stack_Top                                0x40000520   Data           0  startup.o(STACK)

    Global Symbols

    Symbol Name                              Value     Ov Type        Size  Object(Section)

    BuildAttributes$$THM_ISAv1$ARM_ISAv4$S$PE$A:L22$X:L11$S22$IEEE1$IW$USESV6$~STKCKD$USESV7$~SHL$OTIME$ROPI$EBA8$MICROLIB$REQ8$PRES8$EABIv2 0x00000000   Number         0  anon$$obj.o ABSOLUTE
    __ARM_use_no_argv                        0x00000000   Number         0  temp_sen.o ABSOLUTE
    _printf_a                                0x00000000   Number         0  stubs.o ABSOLUTE
    _printf_c                                0x00000000   Number         0  stubs.o ABSOLUTE
    _printf_charcount                        0x00000000   Number         0  stubs.o ABSOLUTE
    _printf_d                                0x00000000   Number         0  stubs.o ABSOLUTE
    _printf_e                                0x00000000   Number         0  stubs.o ABSOLUTE
    _printf_f                                0x00000000   Number         0  stubs.o ABSOLUTE
    _printf_flags                            0x00000000   Number         0  stubs.o ABSOLUTE
    _printf_fp_dec                           0x00000000   Number         0  stubs.o ABSOLUTE
    _printf_fp_hex                           0x00000000   Number         0  stubs.o ABSOLUTE
    _printf_g                                0x00000000   Number         0  stubs.o ABSOLUTE
    _printf_i                                0x00000000   Number         0  stubs.o ABSOLUTE
    _printf_int_dec                          0x00000000   Number         0  stubs.o ABSOLUTE
    _printf_l                                0x00000000   Number         0  stubs.o ABSOLUTE
    _printf_lc                               0x00000000   Number         0  stubs.o ABSOLUTE
    _printf_ll                               0x00000000   Number         0  stubs.o ABSOLUTE
    _printf_lld                              0x00000000   Number         0  stubs.o ABSOLUTE
    _printf_lli                              0x00000000   Number         0  stubs.o ABSOLUTE
    _printf_llo                              0x00000000   Number         0  stubs.o ABSOLUTE
    _printf_llu                              0x00000000   Number         0  stubs.o ABSOLUTE
    _printf_llx                              0x00000000   Number         0  stubs.o ABSOLUTE
    _printf_longlong_dec                     0x00000000   Number         0  stubs.o ABSOLUTE
    _printf_longlong_hex                     0x00000000   Number         0  stubs.o ABSOLUTE
    _printf_longlong_oct                     0x00000000   Number         0  stubs.o ABSOLUTE
    _printf_ls                               0x00000000   Number         0  stubs.o ABSOLUTE
    _printf_mbtowc                           0x00000000   Number         0  stubs.o ABSOLUTE
    _printf_n                                0x00000000   Number         0  stubs.o ABSOLUTE
    _printf_o                                0x00000000   Number         0  stubs.o ABSOLUTE
    _printf_p                                0x00000000   Number         0  stubs.o ABSOLUTE
    _printf_percent                          0x00000000   Number         0  stubs.o ABSOLUTE
    _printf_pre_padding                      0x00000000   Number         0  stubs.o ABSOLUTE
    _printf_return_value                     0x00000000   Number         0  stubs.o ABSOLUTE
    _printf_s                                0x00000000   Number         0  stubs.o ABSOLUTE
    _printf_sizespec                         0x00000000   Number         0  stubs.o ABSOLUTE
    _printf_str                              0x00000000   Number         0  stubs.o ABSOLUTE
    _printf_truncate_signed                  0x00000000   Number         0  stubs.o ABSOLUTE
    _printf_truncate_unsigned                0x00000000   Number         0  stubs.o ABSOLUTE
    _printf_u                                0x00000000   Number         0  stubs.o ABSOLUTE
    _printf_wc                               0x00000000   Number         0  stubs.o ABSOLUTE
    _printf_wctomb                           0x00000000   Number         0  stubs.o ABSOLUTE
    _printf_widthprec                        0x00000000   Number         0  stubs.o ABSOLUTE
    _printf_x                                0x00000000   Number         0  stubs.o ABSOLUTE
    __decompress                              - Undefined Weak Reference
    Reset_Handler                            0x00000058   ARM Code       0  startup.o(RESET)
    __main                                   0x000000d4   ARM Code       0  entry.o(.ARM.Collect$$$$00000000)
    _main_stk                                0x000000d4   ARM Code       0  entry2.o(.ARM.Collect$$$$00000001)
    _main_scatterload                        0x000000d8   ARM Code       0  entry5.o(.ARM.Collect$$$$00000004)
    __main_after_scatterload                 0x000000dc   ARM Code       0  entry5.o(.ARM.Collect$$$$00000004)
    _main_init                               0x000000dc   ARM Code       0  entry7.o(.ARM.Collect$$$$00000007)
    delay_lcd                                0x000000ec   ARM Code      24  lcd.o(.text)
    wr_cn                                    0x00000104   ARM Code      72  lcd.o(.text)
    lcd_com                                  0x0000014c   ARM Code      84  lcd.o(.text)
    lcd_init                                 0x000001a0   ARM Code     256  lcd.o(.text)
    wr_dn                                    0x000002a0   ARM Code      72  lcd.o(.text)
    lcd_data                                 0x000002e8   ARM Code      84  lcd.o(.text)
    clr_disp                                 0x0000033c   ARM Code      36  lcd.o(.text)
    lcd_puts                                 0x00000360   ARM Code      60  lcd.o(.text)
    delay                                    0x000003b0   ARM Code      24  temp_sen.o(.text)
    main                                     0x000003c8   ARM Code    1008  temp_sen.o(.text)
    Inline ARM to Thumb Veneer to __aeabi_fadd 0x00000828   ARM Code       8  fadd.o(.text)
    __aeabi_fadd                             0x00000831   Thumb Code   170  fadd.o(.text)
    __aeabi_fsub                             0x000008db   Thumb Code     8  fadd.o(.text)
    __aeabi_frsub                            0x000008e3   Thumb Code     8  fadd.o(.text)
    Inline ARM to Thumb Veneer to __aeabi_fmul 0x000008ec   ARM Code       8  fmul.o(.text)
    __aeabi_fmul                             0x000008f5   Thumb Code   126  fmul.o(.text)
    __aeabi_dadd                             0x00000975   Thumb Code   330  dadd.o(.text)
    __aeabi_dsub                             0x00000abf   Thumb Code    12  dadd.o(.text)
    __aeabi_drsub                            0x00000acb   Thumb Code    12  dadd.o(.text)
    Inline ARM to Thumb Veneer to __aeabi_dmul 0x00000adc   ARM Code       8  dmul.o(.text)
    __aeabi_dmul                             0x00000ae5   Thumb Code   202  dmul.o(.text)
    Inline ARM to Thumb Veneer to __aeabi_ddiv 0x00000bb4   ARM Code       8  ddiv.o(.text)
    __aeabi_ddiv                             0x00000bbd   Thumb Code   238  ddiv.o(.text)
    Inline ARM to Thumb Veneer to __aeabi_ui2d 0x00000cb0   ARM Code       8  dfltui.o(.text)
    __aeabi_ui2d                             0x00000cb9   Thumb Code    26  dfltui.o(.text)
    Inline ARM to Thumb Veneer to __aeabi_f2d 0x00000cd8   ARM Code       8  f2d.o(.text)
    __aeabi_f2d                              0x00000ce1   Thumb Code    46  f2d.o(.text)
    Inline ARM to Thumb Veneer to __aeabi_d2f 0x00000d10   ARM Code       8  d2f.o(.text)
    __aeabi_d2f                              0x00000d19   Thumb Code    60  d2f.o(.text)
    __aeabi_uidiv                            0x00000d55   Thumb Code     0  uidiv.o(.text)
    __aeabi_uidivmod                         0x00000d55   Thumb Code    46  uidiv.o(.text)
    __aeabi_uldivmod                         0x00000d83   Thumb Code    98  uldiv.o(.text)
    __aeabi_llsl                             0x00000de5   Thumb Code    34  llshl.o(.text)
    _ll_shift_l                              0x00000de5   Thumb Code     0  llshl.o(.text)
    __aeabi_lasr                             0x00000e07   Thumb Code    40  llsshr.o(.text)
    _ll_sshift_r                             0x00000e07   Thumb Code     0  llsshr.o(.text)
    __I$use$fp                               0x00000e30   ARM Code       0  iusefp.o(.text)
    _float_round                             0x00000e31   Thumb Code    16  fepilogue.o(.text)
    _float_epilogue                          0x00000e41   Thumb Code   116  fepilogue.o(.text)
    _double_round                            0x00000eb5   Thumb Code    28  depilogue.o(.text)
    _double_epilogue                         0x00000ed1   Thumb Code   176  depilogue.o(.text)
    __aeabi_d2ulz                            0x00000f81   Thumb Code    58  dfixul.o(.text)
    __aeabi_cdrcmple                         0x00000fc5   Thumb Code    40  cdrcmple.o(.text)
    Inline ARM to Thumb Veneer to __scatterload 0x00000fec   ARM Code       8  init.o(.text)
    __scatterload                            0x00000ff5   Thumb Code    24  init.o(.text)
    __scatterload_rt2                        0x00000ff5   Thumb Code     0  init.o(.text)
    __aeabi_llsr                             0x00001015   Thumb Code    36  llushr.o(.text)
    _ll_ushift_r                             0x00001015   Thumb Code     0  llushr.o(.text)
    Long ARM to Thumb Veneer to __aeabi_dsub 0x00001038   ARM Code      12  anon$$obj.o(Veneer$$Code)
    Short Thumb to ARM Veneer to __main_after_scatterload 0x00001045   Thumb Code     8  anon$$obj.o(Veneer$$Code)
    Inline ARM to Thumb Veneer to __2sprintf 0x0000104c   ARM Code       8  printfa.o(i.__0sprintf)
    __0sprintf                               0x00001055   Thumb Code    36  printfa.o(i.__0sprintf)
    __1sprintf                               0x00001055   Thumb Code     0  printfa.o(i.__0sprintf)
    __2sprintf                               0x00001055   Thumb Code     0  printfa.o(i.__0sprintf)
    __c89sprintf                             0x00001055   Thumb Code     0  printfa.o(i.__0sprintf)
    sprintf                                  0x00001055   Thumb Code     0  printfa.o(i.__0sprintf)
    __ARM_clz                                0x0000107d   Thumb Code    46  depilogue.o(i.__ARM_clz)
    __ARM_common_call_via_r2                 0x000010ab   Thumb Code     2  printf1.o(i.__ARM_common_call_via_r2)
    __ARM_common_call_via_r3                 0x000010ad   Thumb Code     2  init.o(i.__ARM_common_call_via_r3)
    __ARM_common_call_via_r6                 0x000010af   Thumb Code     2  printfb.o(i.__ARM_common_call_via_r6)
    __scatterload_copy                       0x000010b0   ARM Code      28  handlers.o(i.__scatterload_copy)
    __scatterload_null                       0x000010cc   ARM Code       4  handlers.o(i.__scatterload_null)
    __scatterload_zeroinit                   0x000010d0   ARM Code      24  handlers.o(i.__scatterload_zeroinit)
    Region$$Table$$Base                      0x000019b0   Number         0  anon$$obj.o(Region$$Table)
    Region$$Table$$Limit                     0x000019d0   Number         0  anon$$obj.o(Region$$Table)
    lcd_msg1                                 0x40000000   Data          15  temp_sen.o(.data)
    lcd_msg2                                 0x4000000f   Data          10  temp_sen.o(.data)
    lcd_msg3                                 0x40000019   Data          12  temp_sen.o(.data)
    lcd_msg6                                 0x40000025   Data          12  temp_sen.o(.data)
    lcd_msg4                                 0x40000031   Data           9  temp_sen.o(.data)
    avg_out                                  0x4000003c   Data           4  temp_sen.o(.data)
    temp1                                    0x40000040   Data           4  temp_sen.o(.data)
    ana_temp                                 0x40000044   Data           4  temp_sen.o(.data)
    first_flg                                0x40000048   Data           1  temp_sen.o(.data)
    ana_output                               0x4000004c   Data           4  temp_sen.o(.data)
    adc_out                                  0x40000050   Data           4  temp_sen.o(.data)
    temp_out                                 0x40000054   Data           4  temp_sen.o(.data)
    tmp1                                     0x40000058   Data           4  temp_sen.o(.data)
    tmp2                                     0x4000005c   Data           4  temp_sen.o(.data)
    data_temp                                0x40000060   Data           4  temp_sen.o(.data)
    ana_op                                   0x40000064   Data           5  temp_sen.o(.data)
    ana_val                                  0x4000006c   Data          40  temp_sen.o(.bss)
    __initial_sp                             0x40000498   Data         136  startup.o(STACK)



==============================================================================

Memory Map of the image

  Image Entry point : 0x000000d4

  Load Region LR_IROM1 (Base: 0x00000000, Size: 0x00001a3c, Max: 0x00080000, ABSOLUTE)

    Execution Region ER_IROM1 (Base: 0x00000000, Size: 0x000019d0, Max: 0x00080000, ABSOLUTE)

    Base Addr    Size         Type   Attr      Idx    E Section Name        Object

    0x00000000   0x000000d4   Code   RO            3    RESET               startup.o
    0x000000d4   0x00000000   Code   RO           51  * .ARM.Collect$$$$00000000  mc_t.l(entry.o)
    0x000000d4   0x00000004   Code   RO          335    .ARM.Collect$$$$00000001  mc_t.l(entry2.o)
    0x000000d8   0x00000004   Code   RO          337    .ARM.Collect$$$$00000004  mc_t.l(entry5.o)
    0x000000dc   0x0000000c   Code   RO          338    .ARM.Collect$$$$00000007  mc_t.l(entry7.o)
    0x000000e8   0x00000004   Code   RO          336    .ARM.Collect$$$$00002712  mc_t.l(entry2.o)
    0x000000ec   0x000002c4   Code   RO            8    .text               lcd.o
    0x000003b0   0x00000478   Code   RO           28    .text               temp_sen.o
    0x00000828   0x00000008   Ven    RO          319    .text               mf_t.l(fadd.o)
    0x00000830   0x000000ba   Code   RO          319    .text               mf_t.l(fadd.o)
    0x000008ea   0x00000002   PAD
    0x000008ec   0x00000008   Ven    RO          321    .text               mf_t.l(fmul.o)
    0x000008f4   0x0000007e   Code   RO          321    .text               mf_t.l(fmul.o)
    0x00000972   0x00000002   PAD
    0x00000974   0x00000168   Code   RO          323    .text               mf_t.l(dadd.o)
    0x00000adc   0x00000008   Ven    RO          325    .text               mf_t.l(dmul.o)
    0x00000ae4   0x000000d0   Code   RO          325    .text               mf_t.l(dmul.o)
    0x00000bb4   0x00000008   Ven    RO          327    .text               mf_t.l(ddiv.o)
    0x00000bbc   0x000000f4   Code   RO          327    .text               mf_t.l(ddiv.o)
    0x00000cb0   0x00000008   Ven    RO          329    .text               mf_t.l(dfltui.o)
    0x00000cb8   0x00000020   Code   RO          329    .text               mf_t.l(dfltui.o)
    0x00000cd8   0x00000008   Ven    RO          331    .text               mf_t.l(f2d.o)
    0x00000ce0   0x0000002e   Code   RO          331    .text               mf_t.l(f2d.o)
    0x00000d0e   0x00000002   PAD
    0x00000d10   0x00000008   Ven    RO          333    .text               mf_t.l(d2f.o)
    0x00000d18   0x0000003c   Code   RO          333    .text               mf_t.l(d2f.o)
    0x00000d54   0x0000002e   Code   RO          342    .text               mc_t.l(uidiv.o)
    0x00000d82   0x00000062   Code   RO          344    .text               mc_t.l(uldiv.o)
    0x00000de4   0x00000022   Code   RO          346    .text               mc_t.l(llshl.o)
    0x00000e06   0x00000028   Code   RO          348    .text               mc_t.l(llsshr.o)
    0x00000e2e   0x00000002   PAD
    0x00000e30   0x00000000   Code   RO          350    .text               mc_t.l(iusefp.o)
    0x00000e30   0x00000084   Code   RO          351    .text               mf_t.l(fepilogue.o)
    0x00000eb4   0x000000cc   Code   RO          353    .text               mf_t.l(depilogue.o)
    0x00000f80   0x00000044   Code   RO          357    .text               mf_t.l(dfixul.o)
    0x00000fc4   0x00000028   Code   RO          359    .text               mf_t.l(cdrcmple.o)
    0x00000fec   0x00000008   Ven    RO          361    .text               mc_t.l(init.o)
    0x00000ff4   0x00000020   Code   RO          361    .text               mc_t.l(init.o)
    0x00001014   0x00000024   Code   RO          366    .text               mc_t.l(llushr.o)
    0x00001038   0x0000000c   Ven    RO          386    Veneer$$Code        anon$$obj.o
    0x00001044   0x00000008   Ven    RO          387    Veneer$$Code        anon$$obj.o
    0x0000104c   0x00000008   Ven    RO          293    i.__0sprintf        mc_t.l(printfa.o)
    0x00001054   0x00000028   Code   RO          293    i.__0sprintf        mc_t.l(printfa.o)
    0x0000107c   0x0000002e   Code   RO          355    i.__ARM_clz         mf_t.l(depilogue.o)
    0x000010aa   0x00000002   Code   RO          122    i.__ARM_common_call_via_r2  mc_t.l(printf1.o)
    0x000010ac   0x00000002   Code   RO          363    i.__ARM_common_call_via_r3  mc_t.l(init.o)
    0x000010ae   0x00000002   Code   RO           76    i.__ARM_common_call_via_r6  mc_t.l(printfb.o)
    0x000010b0   0x0000001c   Code   RO          371    i.__scatterload_copy  mc_t.l(handlers.o)
    0x000010cc   0x00000004   Code   RO          372    i.__scatterload_null  mc_t.l(handlers.o)
    0x000010d0   0x00000018   Code   RO          373    i.__scatterload_zeroinit  mc_t.l(handlers.o)
    0x000010e8   0x00000158   Code   RO          298    i._fp_digits        mc_t.l(printfa.o)
    0x00001240   0x00000710   Code   RO          299    i._printf_core      mc_t.l(printfa.o)
    0x00001950   0x00000026   Code   RO          300    i._printf_post_padding  mc_t.l(printfa.o)
    0x00001976   0x00000030   Code   RO          301    i._printf_pre_padding  mc_t.l(printfa.o)
    0x000019a6   0x0000000a   Code   RO          303    i._sputc            mc_t.l(printfa.o)
    0x000019b0   0x00000020   Data   RO          369    Region$$Table       anon$$obj.o


    Execution Region RW_IRAM1 (Base: 0x40000000, Size: 0x00000520, Max: 0x00008000, ABSOLUTE)

    Base Addr    Size         Type   Attr      Idx    E Section Name        Object

    0x40000000   0x00000069   Data   RW           30    .data               temp_sen.o
    0x40000069   0x00000003   PAD
    0x4000006c   0x00000028   Zero   RW           29    .bss                temp_sen.o
    0x40000094   0x00000004   PAD
    0x40000098   0x00000488   Zero   RW            1    STACK               startup.o


==============================================================================

Image component sizes


      Code (inc. data)   RO Data    RW Data    ZI Data      Debug   Object Name

       708         20          0          0          0       3064   lcd.o
       212         48          0          0       1160        304   startup.o
      1144        112          0        105         40       2208   temp_sen.o

    ----------------------------------------------------------------------
      2084        184         32        108       1204       5576   Object Totals
        20          4         32          0          0          0   (incl. Generated)
         0          0          0          3          4          0   (incl. Padding)

    ----------------------------------------------------------------------

      Code (inc. data)   RO Data    RW Data    ZI Data      Debug   Library Member Name

         0          0          0          0          0          0   entry.o
         8          4          0          0          0          0   entry2.o
         4          0          0          0          0          0   entry5.o
        12          4          0          0          0          0   entry7.o
        56          0          0          0          0          0   handlers.o
        42          8          0          0          0        136   init.o
         0          0          0          0          0          0   iusefp.o
        34          0          0          0          0         72   llshl.o
        40          0          0          0          0         72   llsshr.o
        36          0          0          0          0         72   llushr.o
         2          0          0          0          0         60   printf1.o
      2296         94          0          0          0        528   printfa.o
         2          0          0          0          0         60   printfb.o
        46          0          0          0          0         72   uidiv.o
        98          0          0          0          0         96   uldiv.o
        40          0          0          0          0         68   cdrcmple.o
        68          0          0          0          0         80   d2f.o
       360          6          0          0          0        156   dadd.o
       252          6          0          0          0        100   ddiv.o
       250          0          0          0          0        236   depilogue.o
        68         10          0          0          0         80   dfixul.o
        40          6          0          0          0         76   dfltui.o
       216          6          0          0          0        104   dmul.o
        54          0          0          0          0         60   f2d.o
       194          0          0          0          0        124   fadd.o
       132          0          0          0          0        144   fepilogue.o
       134          0          0          0          0         80   fmul.o

    ----------------------------------------------------------------------
      4492        144          0          0          0       2476   Library Totals
         8          0          0          0          0          0   (incl. Padding)

    ----------------------------------------------------------------------

      Code (inc. data)   RO Data    RW Data    ZI Data      Debug   Library Name

      2676        110          0          0          0       1168   mc_t.l
      1808         34          0          0          0       1308   mf_t.l

    ----------------------------------------------------------------------
      4492        144          0          0          0       2476   Library Totals

    ----------------------------------------------------------------------

==============================================================================


      Code (inc. data)   RO Data    RW Data    ZI Data      Debug   

      6576        328         32        108       1204       6840   Grand Totals
      6576        328         32        108       1204       6840   ELF Image Totals
      6576        328         32        108          0          0   ROM Totals

==============================================================================

    Total RO  Size (Code + RO Data)                 6608 (   6.45kB)
    Total RW  Size (RW Data + ZI Data)              1312 (   1.28kB)
    Total ROM Size (Code + RO Data + RW Data)       6716 (   6.56kB)

==============================================================================

