<html>
<body>
<pre>
<h1>µVision Build Log</h1>
<h2>Project:</h2>
D:\KEERTHI_S_D\BACK_UP\ALS-SDA-ARM7-08\SOFTWARE\Exp01_ADC_0809\ADC0809_Temp_sen\temp_sensor.uvproj
Project File Date:  10/13/2015

<h2>Output:</h2>
Build target 'Target 1'
assembling Startup.s...
compiling lcd.c...
compiling temp_sen.c...
temp_sen.c(147): warning:  #167-D: argument of type "unsigned char *" is incompatible with parameter of type "char *restrict"
linking...
Program Size: Code=6576 RO-data=32 RW-data=108 ZI-data=1204  
FromELF: creating hex file...
"temp_sensor.axf" - 0 Error(s), 1 Warning(s).
Build target 'Target 1'
assembling Startup.s...
compiling lcd.c...
compiling temp_sen.c...
temp_sen.c(156): warning:  #167-D: argument of type "unsigned char *" is incompatible with parameter of type "char *restrict"
temp_sen.c(45): warning:  #550-D: variable "jeee" was set but never used
linking...
Program Size: Code=6580 RO-data=32 RW-data=108 ZI-data=1204  
FromELF: creating hex file...
"temp_sensor.axf" - 0 Error(s), 2 Warning(s).
Build target 'Target 1'
linking...
Program Size: Code=6580 RO-data=32 RW-data=108 ZI-data=1204  
FromELF: creating hex file...
"temp_sensor.axf" - 0 Error(s), 0 Warning(s).
Build target 'Target 1'
assembling Startup.s...
compiling lcd.c...
compiling temp_sen.c...
temp_sen.c(156): warning:  #167-D: argument of type "unsigned char *" is incompatible with parameter of type "char *restrict"
temp_sen.c(45): warning:  #550-D: variable "jeee" was set but never used
linking...
Program Size: Code=6580 RO-data=32 RW-data=108 ZI-data=1204  
FromELF: creating hex file...
"temp_sensor.axf" - 0 Error(s), 2 Warning(s).
Build target 'Target 1'
assembling Startup.s...
compiling lcd.c...
compiling temp_sen.c...
temp_sen.c(156): warning:  #167-D: argument of type "unsigned char *" is incompatible with parameter of type "char *restrict"
temp_sen.c(45): warning:  #177-D: variable "jeee" was declared but never referenced
linking...
Program Size: Code=6580 RO-data=32 RW-data=108 ZI-data=1204  
FromELF: creating hex file...
"temp_sensor.axf" - 0 Error(s), 2 Warning(s).
Build target 'Target 1'
assembling Startup.s...
compiling lcd.c...
compiling temp_sen.c...
temp_sen.c(156): warning:  #167-D: argument of type "unsigned char *" is incompatible with parameter of type "char *restrict"
temp_sen.c(45): warning:  #550-D: variable "tempee" was set but never used
linking...
Program Size: Code=6584 RO-data=32 RW-data=108 ZI-data=1204  
FromELF: creating hex file...
"temp_sensor.axf" - 0 Error(s), 2 Warning(s).
Build target 'Target 1'
assembling Startup.s...
compiling lcd.c...
compiling temp_sen.c...
temp_sen.c(156): warning:  #167-D: argument of type "unsigned char *" is incompatible with parameter of type "char *restrict"
temp_sen.c(45): warning:  #550-D: variable "tempee" was set but never used
linking...
Program Size: Code=6584 RO-data=32 RW-data=108 ZI-data=1204  
FromELF: creating hex file...
"temp_sensor.axf" - 0 Error(s), 2 Warning(s).
Build target 'Target 1'
assembling Startup.s...
compiling lcd.c...
compiling temp_sen.c...
temp_sen.c(156): warning:  #167-D: argument of type "unsigned char *" is incompatible with parameter of type "char *restrict"
temp_sen.c(45): warning:  #550-D: variable "tempee" was set but never used
linking...
Program Size: Code=6584 RO-data=32 RW-data=108 ZI-data=1204  
FromELF: creating hex file...
"temp_sensor.axf" - 0 Error(s), 2 Warning(s).
Build target 'Target 1'
assembling Startup.s...
compiling lcd.c...
compiling temp_sen.c...
temp_sen.c(156): warning:  #167-D: argument of type "unsigned char *" is incompatible with parameter of type "char *restrict"
temp_sen.c(45): warning:  #550-D: variable "tempee" was set but never used
linking...
Program Size: Code=6584 RO-data=32 RW-data=108 ZI-data=1204  
FromELF: creating hex file...
"temp_sensor.axf" - 0 Error(s), 2 Warning(s).
Build target 'Target 1'
assembling Startup.s...
compiling lcd.c...
compiling temp_sen.c...
temp_sen.c(155): warning:  #167-D: argument of type "unsigned char *" is incompatible with parameter of type "char *restrict"
linking...
Program Size: Code=6576 RO-data=32 RW-data=112 ZI-data=1200  
FromELF: creating hex file...
"temp_sensor.axf" - 0 Error(s), 1 Warning(s).
Build target 'Target 1'
assembling Startup.s...
compiling lcd.c...
compiling temp_sen.c...
temp_sen.c(155): warning:  #167-D: argument of type "unsigned char *" is incompatible with parameter of type "char *restrict"
linking...
Program Size: Code=6576 RO-data=32 RW-data=112 ZI-data=1200  
FromELF: creating hex file...
"temp_sensor.axf" - 0 Error(s), 1 Warning(s).
Build target 'Target 1'
assembling Startup.s...
compiling lcd.c...
compiling temp_sen.c...
temp_sen.c(155): warning:  #167-D: argument of type "unsigned char *" is incompatible with parameter of type "char *restrict"
linking...
Program Size: Code=6576 RO-data=32 RW-data=112 ZI-data=1200  
FromELF: creating hex file...
"temp_sensor.axf" - 0 Error(s), 1 Warning(s).
Build target 'Target 1'
assembling Startup.s...
compiling lcd.c...
compiling temp_sen.c...
temp_sen.c(47): error:  #171: invalid type conversion
temp_sen.c(155): warning:  #167-D: argument of type "unsigned char *" is incompatible with parameter of type "char *restrict"
Target not created
Build target 'Target 1'
assembling Startup.s...
compiling lcd.c...
compiling temp_sen.c...
temp_sen.c(47): error:  #513: a value of type "unsigned char" cannot be assigned to an entity of type "unsigned char *"
temp_sen.c(155): warning:  #167-D: argument of type "unsigned char *" is incompatible with parameter of type "char *restrict"
Target not created
Build target 'Target 1'
assembling Startup.s...
compiling lcd.c...
compiling temp_sen.c...
temp_sen.c(155): warning:  #167-D: argument of type "unsigned char *" is incompatible with parameter of type "char *restrict"
linking...
Program Size: Code=6596 RO-data=32 RW-data=116 ZI-data=1204  
FromELF: creating hex file...
"temp_sensor.axf" - 0 Error(s), 1 Warning(s).
Build target 'Target 1'
assembling Startup.s...
compiling lcd.c...
compiling temp_sen.c...
temp_sen.c(155): warning:  #167-D: argument of type "unsigned char *" is incompatible with parameter of type "char *restrict"
linking...
Program Size: Code=6596 RO-data=32 RW-data=116 ZI-data=1204  
FromELF: creating hex file...
"temp_sensor.axf" - 0 Error(s), 1 Warning(s).
Build target 'Target 1'
assembling Startup.s...
compiling lcd.c...
compiling temp_sen.c...
temp_sen.c(155): warning:  #167-D: argument of type "unsigned char *" is incompatible with parameter of type "char *restrict"
linking...
Program Size: Code=6596 RO-data=32 RW-data=116 ZI-data=1204  
FromELF: creating hex file...
"temp_sensor.axf" - 0 Error(s), 1 Warning(s).
Build target 'Target 1'
assembling Startup.s...
compiling lcd.c...
compiling temp_sen.c...
temp_sen.c(155): warning:  #167-D: argument of type "unsigned char *" is incompatible with parameter of type "char *restrict"
linking...
Program Size: Code=6596 RO-data=32 RW-data=116 ZI-data=1204  
FromELF: creating hex file...
"temp_sensor.axf" - 0 Error(s), 1 Warning(s).
Build target 'Target 1'
assembling Startup.s...
compiling lcd.c...
compiling temp_sen.c...
temp_sen.c(147): warning:  #167-D: argument of type "unsigned char *" is incompatible with parameter of type "char *restrict"
linking...
Program Size: Code=6576 RO-data=32 RW-data=108 ZI-data=1204  
FromELF: creating hex file...
"temp_sensor.axf" - 0 Error(s), 1 Warning(s).
