<html>
<body>
<pre>
<h1>µVision Build Log</h1>
<h2>Project:</h2>
D:\BASAVARAJ\WORKING_FOLDER\RTOS-PROJECTS\RTOS-ALS-SDA-ARMCTXM3-REV02\EXAMPLES\8.RTX_Co-op-tasks\RTX_Co-op-task.uvproj
Project File Date:  05/13/2015

<h2>Output:</h2>
Build target 'Target 1'
compiling RTX_Co-op-task.c...
compiling system_LPC17xx.c...
compiling RTX_Conf_CM.c...
assembling startup_LPC17xx.s...
linking...
Program Size: Code=4072 RO-data=276 RW-data=56 ZI-data=2752  
FromELF: creating hex file...
"RTX_Co-op-task.axf" - 0 Error(s), 0 Warning(s).
