<html>
<body>
<pre>
<h1>µVision Build Log</h1>
<h2>Project:</h2>
E:\MAHADEVA_R\PROJECTS\ALS-SDA-ARM7-08\SOFTWARE\Exp10_EXT_INT0\EXT_INT0.uvproj
Project File Date:  02/03/2016

<h2>Output:</h2>
Build target 'Target 1'
assembling Startup.s...
compiling EXT_INT0.c...
linking...
Program Size: Code=636 RO-data=32 RW-data=4 ZI-data=1164  
FromELF: creating hex file...
"EXT_INT0.axf" - 0 Error(s), 0 Warning(s).
Build target 'Target 1'
assembling Startup.s...
compiling EXT_INT0.c...
linking...
Program Size: Code=636 RO-data=32 RW-data=4 ZI-data=1164  
FromELF: creating hex file...
"EXT_INT0.axf" - 0 Error(s), 0 Warning(s).
Build target 'Target 1'
assembling Startup.s...
compiling EXT_INT0.c...
linking...
Program Size: Code=636 RO-data=32 RW-data=4 ZI-data=1164  
FromELF: creating hex file...
"EXT_INT0.axf" - 0 Error(s), 0 Warning(s).
Build target 'Target 1'
assembling Startup.s...
compiling EXT_INT0.c...
linking...
Program Size: Code=636 RO-data=32 RW-data=4 ZI-data=1164  
FromELF: creating hex file...
"EXT_INT0.axf" - 0 Error(s), 0 Warning(s).
Build target 'Target 1'
assembling Startup.s...
compiling EXT_INT0.c...
linking...
Program Size: Code=636 RO-data=32 RW-data=4 ZI-data=1164  
FromELF: creating hex file...
"EXT_INT0.axf" - 0 Error(s), 0 Warning(s).
