<html>
<body>
<pre>
<h1>µVision Build Log</h1>
<h2>Project:</h2>
E:\MAHADEVA_R\PROJECTS\ALS-SDA-ARM7-08\SOFTWARE\Exp09_LCD\LCD.uvproj
Project File Date:  02/11/2016

<h2>Output:</h2>
Build target 'Target 1'
assembling Startup.s...
compiling LCD.c...
linking...
Program Size: Code=1652 RO-data=32 RW-data=44 ZI-data=1260  
FromELF: creating hex file...
"LCD.axf" - 0 Error(s), 0 Warning(s).
Build target 'Target 1'
assembling Startup.s...
compiling LCD.c...
linking...
Program Size: Code=1652 RO-data=32 RW-data=44 ZI-data=1260  
FromELF: creating hex file...
"LCD.axf" - 0 Error(s), 0 Warning(s).
