<html>
<body>
<pre>
<h1>µVision Build Log</h1>
<h2>Project:</h2>
D:\ARM AND RTOS LAB ALL DATA\RTOS WORKSHOP oct 2016\RTOS_PROGRAMS\rtos_programs_peripherals\roundrobin_new\round.uvproj
Project File Date:  09/29/2016

<h2>Output:</h2>
Build target 'Target 1'
compiling RTX_Config.c...
compiling ssss.c...
ssss.c(212): warning:  #951-D: return type of function "main" must be "int"
assembling Startup.s...
linking...
Program Size: Code=4564 RO-data=92 RW-data=112 ZI-data=2168  
FromELF: creating hex file...
"round.axf" - 0 Error(s), 1 Warning(s).
Build target 'Target 1'
compiling RTX_Config.c...
compiling ssss.c...
ssss.c(212): warning:  #951-D: return type of function "main" must be "int"
assembling Startup.s...
linking...
Program Size: Code=4564 RO-data=92 RW-data=112 ZI-data=2168  
FromELF: creating hex file...
"round.axf" - 0 Error(s), 1 Warning(s).
Build target 'Target 1'
compiling RTX_Config.c...
compiling ssss.c...
ssss.c(212): warning:  #951-D: return type of function "main" must be "int"
assembling Startup.s...
linking...
Program Size: Code=4512 RO-data=92 RW-data=112 ZI-data=2168  
FromELF: creating hex file...
"round.axf" - 0 Error(s), 1 Warning(s).
Build target 'Target 1'
compiling RTX_Config.c...
compiling ssss.c...
ssss.c(212): warning:  #951-D: return type of function "main" must be "int"
assembling Startup.s...
linking...
Program Size: Code=4564 RO-data=92 RW-data=112 ZI-data=2168  
FromELF: creating hex file...
"round.axf" - 0 Error(s), 1 Warning(s).
Build target 'Target 1'
compiling RTX_Config.c...
compiling ssss.c...
ssss.c(94): error:  #109: expression must have (pointer-to-) function type
ssss.c(212): warning:  #951-D: return type of function "main" must be "int"
assembling Startup.s...
Target not created
Build target 'Target 1'
compiling RTX_Config.c...
compiling ssss.c...
ssss.c(97): error:  #109: expression must have (pointer-to-) function type
ssss.c(215): warning:  #951-D: return type of function "main" must be "int"
assembling Startup.s...
Target not created
Build target 'Target 1'
compiling RTX_Config.c...
compiling ssss.c...
ssss.c(97): error:  #109: expression must have (pointer-to-) function type
ssss.c(215): error:  #84: invalid combination of type specifiers
ssss.c(215): error:  #951: return type of function "main" must be "int"
assembling Startup.s...
Target not created
Build target 'Target 1'
compiling RTX_Config.c...
compiling ssss.c...
ssss.c(97): error:  #109: expression must have (pointer-to-) function type
assembling Startup.s...
Target not created
Build target 'Target 1'
compiling RTX_Config.c...
compiling ssss.c...
assembling Startup.s...
linking...
Program Size: Code=4556 RO-data=92 RW-data=112 ZI-data=2168  
FromELF: creating hex file...
"round.axf" - 0 Error(s), 0 Warning(s).
Build target 'Target 1'
compiling RTX_Config.c...
compiling ssss.c...
assembling Startup.s...
linking...
Program Size: Code=4556 RO-data=92 RW-data=112 ZI-data=2168  
FromELF: creating hex file...
"round.axf" - 0 Error(s), 0 Warning(s).
Build target 'Target 1'
compiling RTX_Config.c...
compiling ssss.c...
assembling Startup.s...
linking...
Program Size: Code=4556 RO-data=92 RW-data=112 ZI-data=2168  
FromELF: creating hex file...
"round.axf" - 0 Error(s), 0 Warning(s).
