<html>
<body>
<pre>
<h1>µVision Build Log</h1>
<h2>Project:</h2>
D:\BASAVARAJ\WORKING_FOLDER\RTOS-PROJECTS\RTOS-ALS-SDA-ARMCTXM3-REV02\EXAMPLES\25.RTX-MAILBOX-SPI-TEMP\RTX-MAILBOX-SPI-TEMP.uvproj
Project File Date:  07/15/2015

<h2>Output:</h2>
Build target 'Target 1'
compiling RTX-MAILBOX-SPI-TEMP.c...
compiling RTX_Conf_CM.c...
compiling system_LPC17xx.c...
assembling startup_LPC17xx.s...
linking...
Program Size: Code=8418 RO-data=270 RW-data=80 ZI-data=5288  
FromELF: creating hex file...
"RTX-MAILBOX-SPI-TEMP.axf" - 0 Error(s), 0 Warning(s).
