<html>
<body>
<pre>
<h1>µVision Build Log</h1>
<h2>Project:</h2>
D:\BASAVARAJ\WORKING_FOLDER\RTOS-PROJECTS\RTOS-ALS-SDA-ARMCTXM3-REV02\EXAMPLES\27.RTX-EINT3\RTX-EINT3.uvproj
Project File Date:  07/10/2015

<h2>Output:</h2>
Build target 'Target 1'
compiling RTX-EINT3.c...
compiling RTX_Conf_CM.c...
assembling startup_LPC17xx.s...
compiling system_LPC17xx.c...
linking...
Program Size: Code=3752 RO-data=276 RW-data=48 ZI-data=5232  
FromELF: creating hex file...
"RTX-EINT3.axf" - 0 Error(s), 0 Warning(s).
