<html>
<body>
<pre>
<h1>µVision Build Log</h1>
<h2>Project:</h2>
D:\Embedded-OS\os 2017\rtos_2017_odd_sem_workshop\rtos basic programs\preemptive_basic\prio_basic.uvproj
Project File Date:  02/26/2019

<h2>Output:</h2>
Rebuild target 'Target 1'
assembling Startup.s...
compiling prio_basic.c...
compiling RTX_Config.c...
linking...
Program Size: Code=3384 RO-data=68 RW-data=64 ZI-data=2208  
FromELF: creating hex file...
".\prio_basic.axf" - 0 Error(s), 0 Warning(s).
</pre>
</body>
</html>
