<html>
<body>
<pre>
<h1>µVision Build Log</h1>
<h2>Project:</h2>
D:\S!ddaramu\ARM Cortex M3\ALS-PJTBRD-ARMCTXM3-01\Softwares\Keil4\On_Board\UART2_Test\UART2_Test.uvproj
Project File Date:  09/23/2014

<h2>Output:</h2>
Build target 'Target 1'
assembling startup_LPC17xx.s...
compiling UART2_Test.c...
UART2_Test.c(15): error:  #5: cannot open source input file "UART0.h": No such file or directory
compiling system_LPC17xx.c...
Target not created
Build target 'Target 1'
assembling startup_LPC17xx.s...
compiling UART2_Test.c...
UART2_Test.c(24): warning:  #223-D: function "UART2_Init" declared implicitly
UART2_Test.c(37): error:  #159: declaration is incompatible with previous "UART2_Init" (declared at line 24)
compiling system_LPC17xx.c...
Target not created
Build target 'Target 1'
compiling UART2_Test.c...
linking...
Program Size: Code=1436 RO-data=236 RW-data=8 ZI-data=608  
"UART2_Test.axf" - 0 Error(s), 0 Warning(s).
Build target 'Target 1'
assembling startup_LPC17xx.s...
compiling UART2_Test.c...
compiling system_LPC17xx.c...
linking...
Program Size: Code=1436 RO-data=236 RW-data=8 ZI-data=608  
"UART2_Test.axf" - 0 Error(s), 0 Warning(s).
Build target 'Target 1'
assembling startup_LPC17xx.s...
compiling UART2_Test.c...
compiling system_LPC17xx.c...
linking...
Program Size: Code=1436 RO-data=236 RW-data=8 ZI-data=608  
FromELF: creating hex file...
"UART2_Test.axf" - 0 Error(s), 0 Warning(s).
