<html>
<body>
<pre>
<h1>µVision Build Log</h1>
<h2>Project:</h2>
D:\BASAVARAJ\WORKING_FOLDER\ALS-SDA-ARM7-08\RTOS-MAILBOX-ARM7-08\EXAMPLES\6.RTX_4x4KEY_MAILBOX\RTX_4x4KEY_MAILBOX.uvproj
Project File Date:  02/06/2016

<h2>Output:</h2>
Build target 'Target 1'
compiling RTX_4x4KEY_MAILBOX.c...
compiling RTX_Config.c...
assembling Startup.s...
linking...
Program Size: Code=6468 RO-data=60 RW-data=160 ZI-data=4400  
FromELF: creating hex file...
"RTX_4x4KEY_MAILBOX.axf" - 0 Error(s), 0 Warning(s).
Build target 'Target 1'
compiling RTX_4x4KEY_MAILBOX.c...
compiling RTX_Config.c...
assembling Startup.s...
linking...
Program Size: Code=6468 RO-data=60 RW-data=160 ZI-data=4400  
FromELF: creating hex file...
"RTX_4x4KEY_MAILBOX.axf" - 0 Error(s), 0 Warning(s).
