<html>
<body>
<pre>
<h1>µVision Build Log</h1>
<h2>Project:</h2>
D:\ARM AND RTOS LAB ALL DATA\RTOS WORKSHOP oct 2016\RTOS_PROGRAMS\rtos_programs_peripherals\preemtive_led_buzz\preemtive_basic.uvproj
Project File Date:  10/17/2016

<h2>Output:</h2>
Build target 'Target 1'
assembling Startup.s...
compiling RTX_Config.c...
compiling preemtive_basic.c...
linking...
Program Size: Code=3512 RO-data=64 RW-data=60 ZI-data=2156  
FromELF: creating hex file...
"prio_basic.axf" - 0 Error(s), 0 Warning(s).
Build target 'Target 1'
assembling Startup.s...
compiling RTX_Config.c...
compiling preemtive_basic.c...
linking...
Program Size: Code=3460 RO-data=64 RW-data=60 ZI-data=2156  
FromELF: creating hex file...
"prio_basic.axf" - 0 Error(s), 0 Warning(s).
Build target 'Target 1'
assembling Startup.s...
compiling RTX_Config.c...
compiling preemtive_basic.c...
linking...
Program Size: Code=3464 RO-data=64 RW-data=60 ZI-data=2156  
FromELF: creating hex file...
"prio_basic.axf" - 0 Error(s), 0 Warning(s).
