<html>
<body>
<pre>
<h1>µVision Build Log</h1>
<h2>Project:</h2>
D:\BASAVARAJ\WORKING_FOLDER\RTOS-PROJECTS\RTOS-ALS-SDA-ARMCTXM3-REV02\EXAMPLES\14.RTX-STEPPER-MTR\RTX-STEPPER-MTR.uvproj
Project File Date:  05/13/2015

<h2>Output:</h2>
Build target 'Target 1'
compiling RTX-STEPPER-MTR.c...
compiling RTX_Conf_CM.c...
compiling system_LPC17xx.c...
assembling startup_LPC17xx.s...
linking...
Program Size: Code=4696 RO-data=276 RW-data=128 ZI-data=2736  
FromELF: creating hex file...
"RTX-STEPPER-MTR.axf" - 0 Error(s), 0 Warning(s).
