<html>
<body>
<pre>
<h1>µVision Build Log</h1>
<h2>Project:</h2>
D:\ARM AND RTOS LAB ALL DATA\RTOS WORKSHOP oct 2016\RTOS_PROGRAMS\rtos_programs_peripherals\mailext_final executed\mailext.uvproj
Project File Date:  10/29/2015

<h2>Output:</h2>
Build target 'Target 1'
compiling mailext.c...
assembling Startup.s...
compiling RTX_Config.c...
linking...
Program Size: Code=4288 RO-data=100 RW-data=48 ZI-data=4880  
FromELF: creating hex file...
"mailext.axf" - 0 Error(s), 0 Warning(s).
