<html>
<body>
<pre>
<h1>µVision Build Log</h1>
<h2>Project:</h2>
D:\BASAVARAJ\WORKING_FOLDER\RTOS-PROJECTS\RTOS-ALS-SDA-ARMCTXM3-REV02\EXAMPLES\3.RTX-MULTIPLE-INSTANCES\RTX-MULTIPLE-INSTANCES.uvproj
Project File Date:  05/15/2015

<h2>Output:</h2>
Build target 'Target 1'
compiling RTX-MULTIPLE-INSTANCES.c...
compiling RTX_Conf_CM.c...
assembling startup_LPC17xx.s...
compiling system_LPC17xx.c...
linking...
Program Size: Code=3968 RO-data=272 RW-data=68 ZI-data=9380  
FromELF: creating hex file...
"RTX-MULTIPLE-INSTANCES.axf" - 0 Error(s), 0 Warning(s).
