<html>
<body>
<pre>
<h1>µVision Build Log</h1>
<h2>Project:</h2>
D:\BASAVARAJ\WORKING_FOLDER\RTOS-PROJECTS\RTOS-ALS-SDA-ARMCTXM3-REV02\EXAMPLES\12.RTX-RLY-LED\RTX-RLY-LED.uvproj
Project File Date:  11/04/2015

<h2>Output:</h2>
Build target 'Target 1'
compiling RTX-RLY-LED.c...
compiling RTX_Conf_CM.c...
compiling system_LPC17xx.c...
assembling startup_LPC17xx.s...
linking...
Program Size: Code=3808 RO-data=272 RW-data=76 ZI-data=2732  
FromELF: creating hex file...
"RTX-RLY-LED.axf" - 0 Error(s), 0 Warning(s).
