<html>
<body>
<pre>
<h1>µVision Build Log</h1>
<h2>Project:</h2>
E:\MAHADEVA_R\PROJECTS\ALS-SDA-ARM7-08\SOFTWARE\EXP19_Flashing_LED\LED_Test.uvproj
Project File Date:  02/05/2016

<h2>Output:</h2>
Build target 'Target 1'
assembling Startup.s...
compiling LED_test.c...
linking...
Program Size: Code=644 RO-data=32 RW-data=12 ZI-data=1164  
FromELF: creating hex file...
"LED_Test.axf" - 0 Error(s), 0 Warning(s).
Build target 'Target 1'
assembling Startup.s...
compiling LED_test.c...
linking...
Program Size: Code=656 RO-data=32 RW-data=12 ZI-data=1164  
FromELF: creating hex file...
"LED_Test.axf" - 0 Error(s), 0 Warning(s).
Build target 'Target 1'
assembling Startup.s...
compiling LED_test.c...
linking...
Program Size: Code=940 RO-data=32 RW-data=12 ZI-data=1164  
FromELF: creating hex file...
"LED_Test.axf" - 0 Error(s), 0 Warning(s).
Build target 'Target 1'
assembling Startup.s...
compiling LED_test.c...
linking...
Program Size: Code=940 RO-data=32 RW-data=12 ZI-data=1164  
FromELF: creating hex file...
"LED_Test.axf" - 0 Error(s), 0 Warning(s).
Build target 'Target 1'
assembling Startup.s...
compiling LED_test.c...
linking...
Program Size: Code=940 RO-data=32 RW-data=12 ZI-data=1164  
FromELF: creating hex file...
"LED_Test.axf" - 0 Error(s), 0 Warning(s).
Build target 'Target 1'
assembling Startup.s...
compiling LED_test.c...
linking...
Program Size: Code=940 RO-data=32 RW-data=12 ZI-data=1164  
FromELF: creating hex file...
"LED_Test.axf" - 0 Error(s), 0 Warning(s).
