<html>
<body>
<pre>
<h1>µVision Build Log</h1>
<h2>Project:</h2>
D:\BASAVARAJ\WORKING_FOLDER\RTOS-PROJECTS\RTOS-ALS-SDA-ARMCTXM3-REV02\EXAMPLES\30.RTX-TIMER1\RTX-TIMER1.uvproj
Project File Date:  11/02/2015

<h2>Output:</h2>
Build target 'Target 1'
compiling RTX-TIMER1.c...
compiling RTX_Conf_CM.c...
assembling startup_LPC17xx.s...
compiling system_LPC17xx.c...
linking...
Program Size: Code=3668 RO-data=272 RW-data=40 ZI-data=2736  
FromELF: creating hex file...
"RTX-TIMER1.axf" - 0 Error(s), 0 Warning(s).
Build target 'Target 1'
compiling RTX-TIMER1.c...
compiling RTX_Conf_CM.c...
assembling startup_LPC17xx.s...
compiling system_LPC17xx.c...
linking...
Program Size: Code=3668 RO-data=272 RW-data=40 ZI-data=2736  
FromELF: creating hex file...
"RTX-TIMER1.axf" - 0 Error(s), 0 Warning(s).
