<html>
<body>
<pre>
<h1>µVision Build Log</h1>
<h2>Project:</h2>
D:\BASAVARAJ\WORKING_FOLDER\RTOS-PROJECTS\RTOS-ALS-SDA-ARMCTXM3-REV02\EXAMPLES\37.RTX-MUTEX\RTX-MUTEX.uvproj
Project File Date:  11/08/2015

<h2>Output:</h2>
Build target 'Target 1'
compiling RTX-MUTEX.c...
compiling RTX_Conf_CM.c...
assembling startup_LPC17xx.s...
compiling system_LPC17xx.c...
linking...
Program Size: Code=4600 RO-data=272 RW-data=48 ZI-data=5272  
FromELF: creating hex file...
"RTX-MUTEX.axf" - 0 Error(s), 0 Warning(s).
