<html>
<body>
<pre>
<h1>µVision Build Log</h1>
<h2>Project:</h2>
D:\Embedded-OS\os 2017\CortexM3 with RTX kernel-examples\EXAMPLES\37.RTX-MUTEX\RTX-MUTEX.uvproj
Project File Date:  05/27/2019

<h2>Output:</h2>
Rebuild target 'Target 1'
compiling RTX-MUTEX.c...
compiling RTX_Conf_CM.c...
assembling startup_LPC17xx.s...
compiling system_LPC17xx.c...
linking...
Program Size: Code=4940 RO-data=276 RW-data=56 ZI-data=5344  
FromELF: creating hex file...
".\RTX-MUTEX.axf" - 0 Error(s), 0 Warning(s).
</pre>
</body>
</html>
