<html>
<body>
<pre>
<h1>µVision Build Log</h1>
<h2>Project:</h2>
D:\S!ddaramu\ARM Cortex M3\ALS-PJTBRD-ARMCTXM3-01\Softwares\Keil4\On_Board\Int_ADC\Int_ADC.uvproj
Project File Date:  05/17/2014

<h2>Output:</h2>
Build target 'Target 1'
assembling startup_LPC17xx.s...
compiling Lcd.c...
compiling Int_ADC.c...
Int_ADC.c(62): warning:  #167-D: argument of type "unsigned char *" is incompatible with parameter of type "char *restrict"
Int_ADC.c(63): warning:  #167-D: argument of type "unsigned char *" is incompatible with parameter of type "char *restrict"
Int_ADC.c(27): warning:  #177-D: variable "Msg1" was declared but never referenced
Int_ADC.c(28): warning:  #177-D: variable "Msg2" was declared but never referenced
compiling system_LPC17xx.c...
linking...
Program Size: Code=7714 RO-data=454 RW-data=12 ZI-data=612  
FromELF: creating hex file...
"Int_ADC.axf" - 0 Error(s), 4 Warning(s).
