<html>
<body>
<pre>
<h1>µVision Build Log</h1>
<h2>Project:</h2>
D:\BASAVARAJ\WORKING_FOLDER\ALS-SDA-ARM7-08\RTOS-MAILBOX-ARM7-08\EXAMPLES\5.RTX_DIP_SWITCH\RTX_DIP_SWITCH.uvproj
Project File Date:  02/08/2016

<h2>Output:</h2>
Build target 'Target 1'
compiling RTX_DIP_SWITCH.c...
RTX_DIP_SWITCH.c(51): error:  #84: invalid combination of type specifiers
compiling RTX_Config.c...
assembling Startup.s...
Target not created
Build target 'Target 1'
compiling RTX_DIP_SWITCH.c...
RTX_DIP_SWITCH.c(51): error:  #84: invalid combination of type specifiers
compiling RTX_Config.c...
assembling Startup.s...
Target not created
Build target 'Target 1'
compiling RTX_DIP_SWITCH.c...
compiling RTX_Config.c...
assembling Startup.s...
linking...
Program Size: Code=6564 RO-data=64 RW-data=72 ZI-data=4400  
FromELF: creating hex file...
"RTX_DIP_SWITCH.axf" - 0 Error(s), 0 Warning(s).
