<html>
<body>
<pre>
<h1>µVision Build Log</h1>
<h2>Project:</h2>
D:\BASAVARAJ\WORKING_FOLDER\RTOS-PROJECTS\RTOS-ALS-SDA-ARMCTXM3-REV02\EXAMPLES\33.RTX-DEADLOCK-SEMAPHORE\RTX-DEADLOCK-SEM.uvproj
Project File Date:  11/08/2015

<h2>Output:</h2>
Build target 'Target 1'
compiling RTX-DEADLOCK-SEM.c...
compiling RTX_Conf_CM.c...
assembling startup_LPC17xx.s...
compiling system_LPC17xx.c...
linking...
Program Size: Code=4040 RO-data=268 RW-data=56 ZI-data=5232  
FromELF: creating hex file...
"RTX-DEADLOCK-SEM.axf" - 0 Error(s), 0 Warning(s).
