<html>
<body>
<pre>
<h1>µVision Build Log</h1>
<h2>Project:</h2>
D:\BASAVARAJ\WORKING_FOLDER\ALS-SDA-ARM7-08\RTOS-MAILBOX-ARM7-08\EXAMPLES\7b.RTX_ADC0809_TEMP\RTX_ADC0809_TEMP.uvproj
Project File Date:  01/06/2016

<h2>Output:</h2>
Build target 'Target 1'
compiling RTX_ADC0809_TEMP.c...
compiling RTX_Config.c...
assembling Startup.s...
linking...
Program Size: Code=9720 RO-data=64 RW-data=116 ZI-data=4412  
FromELF: creating hex file...
"RTX_ADC0809_TEMP.axf" - 0 Error(s), 0 Warning(s).
Build target 'Target 1'
compiling RTX_ADC0809_TEMP.c...
compiling RTX_Config.c...
assembling Startup.s...
linking...
Program Size: Code=9720 RO-data=64 RW-data=116 ZI-data=4412  
FromELF: creating hex file...
"RTX_ADC0809_TEMP.axf" - 0 Error(s), 0 Warning(s).
