<html>
<body>
<pre>
<h1>µVision Build Log</h1>
<h2>Project:</h2>
D:\BASAVARAJ\WORKING_FOLDER\ALS-SDA-ARM7-08\RTOS-MAILBOX-ARM7-08\EXAMPLES\1.RTX_MAILBOX\RTX_MAILBOX.uvproj
Project File Date:  01/04/2016

<h2>Output:</h2>
Build target 'Target 1'
compiling RTX_MAILBOX.c...
compiling RTX_Config.c...
assembling Startup.s...
linking...
Program Size: Code=8328 RO-data=64 RW-data=52 ZI-data=4452  
FromELF: creating hex file...
"RTX_MAILBOX.axf" - 0 Error(s), 0 Warning(s).
Build target 'Target 1'
compiling RTX_MAILBOX.c...
compiling RTX_Config.c...
assembling Startup.s...
linking...
Program Size: Code=8328 RO-data=64 RW-data=52 ZI-data=4452  
FromELF: creating hex file...
"RTX_MAILBOX.axf" - 0 Error(s), 0 Warning(s).
Build target 'Target 1'
compiling RTX_MAILBOX.c...
compiling RTX_Config.c...
assembling Startup.s...
linking...
Program Size: Code=8328 RO-data=64 RW-data=52 ZI-data=4452  
FromELF: creating hex file...
"RTX_MAILBOX.axf" - 0 Error(s), 0 Warning(s).
Build target 'Target 1'
compiling RTX_MAILBOX.c...
compiling RTX_Config.c...
assembling Startup.s...
linking...
Program Size: Code=8328 RO-data=64 RW-data=52 ZI-data=4452  
FromELF: creating hex file...
"RTX_MAILBOX.axf" - 0 Error(s), 0 Warning(s).
Build target 'Target 1'
compiling RTX_MAILBOX.c...
compiling RTX_Config.c...
assembling Startup.s...
linking...
Program Size: Code=8328 RO-data=64 RW-data=52 ZI-data=4452  
FromELF: creating hex file...
"RTX_MAILBOX.axf" - 0 Error(s), 0 Warning(s).
