<html>
<body>
<pre>
<h1>µVision Build Log</h1>
<h2>Project:</h2>
D:\ARM AND RTOS LAB ALL DATA\RTOS WORKSHOP oct 2016\RTOS_PROGRAMS\rtos basic programs\RTX_Swi_basic\RTX_Swi.uvproj
Project File Date:  10/08/2015

<h2>Output:</h2>
Build target 'Simulator'
compiling RTX_Swi.c...
compiling RTX_Config.c...
assembling Startup.s...
assembling SWI_Table.s...
linking...
Program Size: Code=2980 RO-data=64 RW-data=44 ZI-data=2148  
FromELF: creating hex file...
".\Obj\RTX_Swi.axf" - 0 Error(s), 0 Warning(s).
