<html>
<body>
<pre>
<h1>µVision Build Log</h1>
<h2>Project:</h2>
D:\supriya\RTX_Swi_basic-20221014T052131Z-001\RTX_Swi_basic\RTX_Swi.uvproj
Project File Date:  10/14/2022

<h2>Output:</h2>
Rebuild target 'Simulator'
compiling RTX_Swi.c...
compiling RTX_Config.c...
assembling Startup.s...
assembling SWI_Table.s...
linking...
Program Size: Code=3044 RO-data=68 RW-data=48 ZI-data=2208  
FromELF: creating hex file...
".\Obj\RTX_Swi.axf" - 0 Error(s), 0 Warning(s).
</pre>
</body>
</html>
