<html>
<body>
<pre>
<h1>µVision Build Log</h1>
<h2>Project:</h2>
E:\MAHADEVA_R\PROJECTS\ALS-SDA-ARM7-08\SOFTWARE\Exp11_EXT_INT1\EXT_INT1.uvproj
Project File Date:  02/03/2016

<h2>Output:</h2>
Build target 'Target 1'
assembling Startup.s...
compiling EXT_INT1.C...
linking...
Program Size: Code=672 RO-data=32 RW-data=4 ZI-data=1164  
FromELF: creating hex file...
"EXT_INT1.axf" - 0 Error(s), 0 Warning(s).
Build target 'Target 1'
assembling Startup.s...
compiling EXT_INT1.C...
linking...
Program Size: Code=688 RO-data=32 RW-data=4 ZI-data=1164  
FromELF: creating hex file...
"EXT_INT1.axf" - 0 Error(s), 0 Warning(s).
Build target 'Target 1'
assembling Startup.s...
compiling EXT_INT1.C...
linking...
Program Size: Code=688 RO-data=32 RW-data=4 ZI-data=1164  
FromELF: creating hex file...
"EXT_INT1.axf" - 0 Error(s), 0 Warning(s).
Build target 'Target 1'
assembling Startup.s...
compiling EXT_INT1.C...
linking...
Program Size: Code=688 RO-data=32 RW-data=4 ZI-data=1164  
FromELF: creating hex file...
"EXT_INT1.axf" - 0 Error(s), 0 Warning(s).
Build target 'Target 1'
assembling Startup.s...
compiling EXT_INT1.C...
linking...
Program Size: Code=688 RO-data=32 RW-data=4 ZI-data=1164  
FromELF: creating hex file...
"EXT_INT1.axf" - 0 Error(s), 0 Warning(s).
