<html>
<body>
<pre>
<h1>µVision Build Log</h1>
<h2>Project:</h2>
D:\BASAVARAJ\WORKING_FOLDER\ALS-SDA-ARM7-08\RTOS-MAILBOX-ARM7-08\EXAMPLES\2.RTX_LCD_MAILBOX\RTX_LCD_MAILBOX.uvproj
Project File Date:  01/05/2016

<h2>Output:</h2>
Build target 'Target 1'
compiling RTX_LCD_MAILBOX.c...
compiling RTX_Config.c...
assembling Startup.s...
linking...
Program Size: Code=4784 RO-data=64 RW-data=72 ZI-data=4400  
FromELF: creating hex file...
"RTX_LCD_MAILBOX.axf" - 0 Error(s), 0 Warning(s).
Build target 'Target 1'
compiling RTX_LCD_MAILBOX.c...
compiling RTX_Config.c...
assembling Startup.s...
linking...
Program Size: Code=4784 RO-data=64 RW-data=72 ZI-data=4400  
FromELF: creating hex file...
"RTX_LCD_MAILBOX.axf" - 0 Error(s), 0 Warning(s).
Build target 'Target 1'
compiling RTX_LCD_MAILBOX.c...
compiling RTX_Config.c...
assembling Startup.s...
linking...
Program Size: Code=4784 RO-data=64 RW-data=72 ZI-data=4400  
FromELF: creating hex file...
"RTX_LCD_MAILBOX.axf" - 0 Error(s), 0 Warning(s).
Build target 'Target 1'
compiling RTX_LCD_MAILBOX.c...
compiling RTX_Config.c...
assembling Startup.s...
linking...
Program Size: Code=4784 RO-data=64 RW-data=72 ZI-data=4400  
FromELF: creating hex file...
"RTX_LCD_MAILBOX.axf" - 0 Error(s), 0 Warning(s).
