<html>
<body>
<pre>
<h1>µVision Build Log</h1>
<h2>Project:</h2>
D:\BASAVARAJ\WORKING_FOLDER\ALS-SDA-ARM7-08\RTOS-MAILBOX-ARM7-08\3.RTX_MAILBOX_INT_ADC\RTX_MAILBOX_INT_ADC.uvproj
Project File Date:  02/22/2016

<h2>Output:</h2>
Build target 'Target 1'
compiling RTX_MAILBOX_INT_ADC.c...
compiling RTX_Config.c...
assembling Startup.s...
linking...
Program Size: Code=8828 RO-data=64 RW-data=64 ZI-data=4576  
FromELF: creating hex file...
"RTX_MAILBOX_INT_ADC.axf" - 0 Error(s), 0 Warning(s).
Build target 'Target 1'
compiling RTX_MAILBOX_INT_ADC.c...
compiling RTX_Config.c...
assembling Startup.s...
linking...
Program Size: Code=8844 RO-data=64 RW-data=64 ZI-data=4576  
FromELF: creating hex file...
"RTX_MAILBOX_INT_ADC.axf" - 0 Error(s), 0 Warning(s).
Build target 'Target 1'
compiling RTX_MAILBOX_INT_ADC.c...
compiling RTX_Config.c...
assembling Startup.s...
linking...
Program Size: Code=8828 RO-data=64 RW-data=64 ZI-data=4576  
FromELF: creating hex file...
"RTX_MAILBOX_INT_ADC.axf" - 0 Error(s), 0 Warning(s).
Build target 'Target 1'
compiling RTX_MAILBOX_INT_ADC.c...
compiling RTX_Config.c...
assembling Startup.s...
linking...
Program Size: Code=8828 RO-data=64 RW-data=64 ZI-data=4576  
FromELF: creating hex file...
"RTX_MAILBOX_INT_ADC.axf" - 0 Error(s), 0 Warning(s).
Build target 'Target 1'
compiling RTX_MAILBOX_INT_ADC.c...
compiling RTX_Config.c...
assembling Startup.s...
linking...
Program Size: Code=8816 RO-data=64 RW-data=64 ZI-data=4576  
FromELF: creating hex file...
"RTX_MAILBOX_INT_ADC.axf" - 0 Error(s), 0 Warning(s).
Build target 'Target 1'
compiling RTX_MAILBOX_INT_ADC.c...
compiling RTX_Config.c...
assembling Startup.s...
linking...
Program Size: Code=8828 RO-data=64 RW-data=64 ZI-data=4576  
FromELF: creating hex file...
"RTX_MAILBOX_INT_ADC.axf" - 0 Error(s), 0 Warning(s).
Build target 'Target 1'
compiling RTX_MAILBOX_INT_ADC.c...
compiling RTX_Config.c...
assembling Startup.s...
linking...
Program Size: Code=8828 RO-data=64 RW-data=64 ZI-data=4576  
FromELF: creating hex file...
"RTX_MAILBOX_INT_ADC.axf" - 0 Error(s), 0 Warning(s).
Build target 'Target 1'
compiling RTX_MAILBOX_INT_ADC.c...
compiling RTX_Config.c...
assembling Startup.s...
linking...
Program Size: Code=8828 RO-data=64 RW-data=64 ZI-data=4576  
FromELF: creating hex file...
"RTX_MAILBOX_INT_ADC.axf" - 0 Error(s), 0 Warning(s).
Build target 'Target 1'
compiling RTX_MAILBOX_INT_ADC.c...
compiling RTX_Config.c...
assembling Startup.s...
linking...
Program Size: Code=8828 RO-data=64 RW-data=64 ZI-data=4576  
FromELF: creating hex file...
"RTX_MAILBOX_INT_ADC.axf" - 0 Error(s), 0 Warning(s).
Build target 'Target 1'
compiling RTX_MAILBOX_INT_ADC.c...
compiling RTX_Config.c...
assembling Startup.s...
linking...
Program Size: Code=8828 RO-data=64 RW-data=64 ZI-data=4576  
FromELF: creating hex file...
"RTX_MAILBOX_INT_ADC.axf" - 0 Error(s), 0 Warning(s).
