<html>
<body>
<pre>
<h1>µVision Build Log</h1>
<h2>Project:</h2>
D:\BASAVARAJ\WORKING_FOLDER\ALS-SDA-ARM7-08\RTOS-MAILBOX-ARM7-08\EXAMPLES\8.RTX_CHATTING\RTX-CHATTING.uvproj
Project File Date:  10/15/2015

<h2>Output:</h2>
Build target 'Target 1'
compiling RTX-CHATTING.c...
compiling RTX_Config.c...
assembling Startup.s...
linking...
Program Size: Code=4796 RO-data=60 RW-data=56 ZI-data=4440  
FromELF: creating hex file...
"RTX-CHATTING.axf" - 0 Error(s), 0 Warning(s).
Build target 'Target 1'
compiling RTX-CHATTING.c...
compiling RTX_Config.c...
assembling Startup.s...
linking...
Program Size: Code=4780 RO-data=60 RW-data=56 ZI-data=4488  
FromELF: creating hex file...
"RTX-CHATTING.axf" - 0 Error(s), 0 Warning(s).
Build target 'Target 1'
compiling RTX-CHATTING.c...
compiling RTX_Config.c...
assembling Startup.s...
linking...
Program Size: Code=4796 RO-data=60 RW-data=56 ZI-data=4488  
FromELF: creating hex file...
"RTX-CHATTING.axf" - 0 Error(s), 0 Warning(s).
Build target 'Target 1'
compiling RTX-CHATTING.c...
compiling RTX_Config.c...
assembling Startup.s...
linking...
Program Size: Code=4796 RO-data=60 RW-data=56 ZI-data=4488  
FromELF: creating hex file...
"RTX-CHATTING.axf" - 0 Error(s), 0 Warning(s).
Build target 'Target 1'
compiling RTX-CHATTING.c...
compiling RTX_Config.c...
assembling Startup.s...
linking...
Program Size: Code=4796 RO-data=60 RW-data=56 ZI-data=4488  
FromELF: creating hex file...
"RTX-CHATTING.axf" - 0 Error(s), 0 Warning(s).
