ARM Linker, 4.1 [Build 713] [Evaluation]

==============================================================================

Section Cross References

    rtx-chatting.o(.text) refers to memcpya.o(.text) for __aeabi_memcpy4
    rtx-chatting.o(.text) refers to rt_mailbox.o(i.os_mbx_wait) for os_mbx_wait
    rtx-chatting.o(.text) refers to rt_mailbox.o(i.os_mbx_send) for os_mbx_send
    rtx-chatting.o(.text) refers to rt_time.o(i.os_dly_wait) for os_dly_wait
    rtx-chatting.o(.text) refers to rt_mailbox.o(i.os_mbx_init) for os_mbx_init
    rtx-chatting.o(.text) refers to rtx-chatting.o(.data) for .data
    rtx-chatting.o(.text) refers to rtx-chatting.o(.bss) for .bss
    rtx-chatting.o(.text) refers to rt_task.o(i.os_tsk_create0) for os_tsk_create0
    rtx-chatting.o(.text) refers to rt_task.o(i.os_tsk_delete) for os_tsk_delete
    rtx-chatting.o(.text) refers to rt_membox.o(i._init_box) for _init_box
    rtx-chatting.o(.text) refers to hal_arm.o(.emb_text) for os_sys_init0
    rtx_config.o(.text) refers to rtx_config.o(.text) for os_def_interrupt
    rtx_config.o(.text) refers to hal_arm.o(.emb_text) for os_clock_interrupt
    startup.o(RESET) refers to hal_arm.o(.emb_text) for SWI_Handler
    startup.o(RESET) refers to startup.o(STACK) for Stack_Top
    startup.o(RESET) refers to entry.o(.ARM.Collect$$$$00000000) for __main
    rt_task.o(i.os_block) refers to rt_list.o(i.os_put_dly) for os_put_dly
    rt_task.o(i.os_block) refers to rt_list.o(i.os_get_first) for os_get_first
    rt_task.o(i.os_block) refers to rt_task.o(.data) for .data
    rt_task.o(i.os_block) refers to rt_list.o(.bss) for os_rdy
    rt_task.o(i.os_dispatch) refers to rt_list.o(i.os_put_rdy_first) for os_put_rdy_first
    rt_task.o(i.os_dispatch) refers to rt_list.o(i.os_get_first) for os_get_first
    rt_task.o(i.os_dispatch) refers to rt_list.o(i.os_put_prio) for os_put_prio
    rt_task.o(i.os_dispatch) refers to rt_task.o(.data) for .data
    rt_task.o(i.os_dispatch) refers to rt_list.o(.bss) for os_rdy
    rt_task.o(i.os_init_context) refers to hal_arm.o(i.os_init_stack) for os_init_stack
    rt_task.o(i.os_init_context) refers to rtx_config.o(.bss) for mp_stk
    rt_task.o(i.os_sys_init1) refers to rt_membox.o(i._init_box) for _init_box
    rt_task.o(i.os_sys_init1) refers to rt_task.o(i.os_init_context) for os_init_context
    rt_task.o(i.os_sys_init1) refers to hal_arm.o(.emb_text) for os_set_env
    rt_task.o(i.os_sys_init1) refers to rtx_config.o(.text) for os_tmr_init
    rt_task.o(i.os_sys_init1) refers to rtx_config.o(.text) for os_idle_demon
    rt_task.o(i.os_sys_init1) refers to rtx_config.o(.bss) for os_active_TCB
    rt_task.o(i.os_sys_init1) refers to rtx_config.o(.constdata) for os_maxtaskrun
    rt_task.o(i.os_sys_init1) refers to rtx_config.o(.constdata) for mp_tcb_size
    rt_task.o(i.os_sys_init1) refers to rtx_config.o(.bss) for mp_tcb
    rt_task.o(i.os_sys_init1) refers to rtx_config.o(.constdata) for os_stackinfo
    rt_task.o(i.os_sys_init1) refers to rtx_config.o(.constdata) for mp_stk_size
    rt_task.o(i.os_sys_init1) refers to rtx_config.o(.bss) for mp_stk
    rt_task.o(i.os_sys_init1) refers to rtx_config.o(.constdata) for mp_tmr_size
    rt_task.o(i.os_sys_init1) refers to rtx_config.o(.data) for m_tmr
    rt_task.o(i.os_sys_init1) refers to rt_task.o(.bss) for .bss
    rt_task.o(i.os_sys_init1) refers to rt_list.o(.bss) for os_rdy
    rt_task.o(i.os_sys_init1) refers to rt_task.o(.data) for .data
    rt_task.o(i.os_sys_init1) refers to rtx_config.o(.bss) for os_fifo
    rt_task.o(i.os_sys_init1) refers to rtx_config.o(.constdata) for os_fifo_size
    rt_task.o(i.os_sys_init1) refers to rt_task.o(i.os_tsk_create0) for os_tsk_create0
    rt_task.o(i.os_tsk_create0) refers to rt_task.o(i.os_init_context) for os_init_context
    rt_task.o(i.os_tsk_create0) refers to rtx_config.o(.text) for tsk_unlock
    rt_task.o(i.os_tsk_create0) refers to rt_task.o(i.os_dispatch) for os_dispatch
    rt_task.o(i.os_tsk_create0) refers to rtx_config.o(.bss) for mp_tcb
    rt_task.o(i.os_tsk_create0) refers to rtx_config.o(.bss) for os_active_TCB
    rt_task.o(i.os_tsk_create0) refers to rtx_config.o(.constdata) for os_maxtaskrun
    rt_task.o(i.os_tsk_create_ex0) refers to rt_task.o(i.os_tsk_create0) for os_tsk_create0
    rt_task.o(i.os_tsk_delete) refers to rt_task.o(i.os_dispatch) for os_dispatch
    rt_task.o(i.os_tsk_delete) refers to rt_list.o(i.os_rmv_list) for os_rmv_list
    rt_task.o(i.os_tsk_delete) refers to rt_list.o(i.os_rmv_dly) for os_rmv_dly
    rt_task.o(i.os_tsk_delete) refers to rtx_config.o(.text) for tsk_unlock
    rt_task.o(i.os_tsk_delete) refers to rt_task.o(.data) for .data
    rt_task.o(i.os_tsk_delete) refers to rtx_config.o(.bss) for os_active_TCB
    rt_task.o(i.os_tsk_delete) refers to rtx_config.o(.bss) for mp_stk
    rt_task.o(i.os_tsk_delete) refers to rtx_config.o(.bss) for mp_tcb
    rt_task.o(i.os_tsk_delete) refers to rtx_config.o(.constdata) for os_maxtaskrun
    rt_task.o(i.os_tsk_pass) refers to rt_list.o(i.os_get_same_rdy_prio) for os_get_same_rdy_prio
    rt_task.o(i.os_tsk_pass) refers to rt_list.o(i.os_put_prio) for os_put_prio
    rt_task.o(i.os_tsk_pass) refers to rtx_config.o(.text) for tsk_unlock
    rt_task.o(i.os_tsk_pass) refers to rt_task.o(.data) for .data
    rt_task.o(i.os_tsk_pass) refers to rt_list.o(.bss) for os_rdy
    rt_task.o(i.os_tsk_prio) refers to rt_list.o(i.os_put_prio) for os_put_prio
    rt_task.o(i.os_tsk_prio) refers to rtx_config.o(.text) for tsk_unlock
    rt_task.o(i.os_tsk_prio) refers to rt_list.o(i.os_resort_prio) for os_resort_prio
    rt_task.o(i.os_tsk_prio) refers to rt_list.o(i.os_get_first) for os_get_first
    rt_task.o(i.os_tsk_prio) refers to rt_task.o(i.os_dispatch) for os_dispatch
    rt_task.o(i.os_tsk_prio) refers to rt_task.o(.data) for .data
    rt_task.o(i.os_tsk_prio) refers to rtx_config.o(.constdata) for os_maxtaskrun
    rt_task.o(i.os_tsk_prio) refers to rtx_config.o(.bss) for os_active_TCB
    rt_task.o(i.os_tsk_prio) refers to rt_list.o(.bss) for os_rdy
    rt_task.o(i.os_tsk_self) refers to rt_task.o(.data) for .data
    rt_time.o(i.os_dly_wait) refers to rt_task.o(i.os_block) for os_block
    rt_time.o(i.os_dly_wait) refers to rtx_config.o(.text) for tsk_unlock
    rt_time.o(i.os_itv_set) refers to rt_task.o(.data) for os_runtask
    rt_time.o(i.os_itv_set) refers to rt_time.o(.data) for .data
    rt_time.o(i.os_itv_wait) refers to rt_task.o(i.os_block) for os_block
    rt_time.o(i.os_itv_wait) refers to rtx_config.o(.text) for tsk_unlock
    rt_time.o(i.os_itv_wait) refers to rt_task.o(.data) for os_runtask
    rt_time.o(i.os_itv_wait) refers to rt_time.o(.data) for .data
    rt_mailbox.o(i.isr_mbx_receive) refers to rt_list.o(i.os_psq_enq) for os_psq_enq
    rt_mailbox.o(i.isr_mbx_receive) refers to rt_system.o(i.os_psh_req) for os_psh_req
    rt_mailbox.o(i.isr_mbx_send) refers to rt_list.o(i.os_psq_enq) for os_psq_enq
    rt_mailbox.o(i.isr_mbx_send) refers to rt_system.o(i.os_psh_req) for os_psh_req
    rt_mailbox.o(i.os_mbx_init) refers to rtx_config.o(.text) for tsk_unlock
    rt_mailbox.o(i.os_mbx_psh) refers to rt_list.o(i.os_get_first) for os_get_first
    rt_mailbox.o(i.os_mbx_psh) refers to rt_list.o(i.os_rmv_dly) for os_rmv_dly
    rt_mailbox.o(i.os_mbx_psh) refers to rt_list.o(i.os_put_prio) for os_put_prio
    rt_mailbox.o(i.os_mbx_psh) refers to rtx_config.o(.text) for os_error
    rt_mailbox.o(i.os_mbx_psh) refers to rt_list.o(.bss) for os_rdy
    rt_mailbox.o(i.os_mbx_send) refers to rt_list.o(i.os_put_prio) for os_put_prio
    rt_mailbox.o(i.os_mbx_send) refers to rt_list.o(i.os_get_first) for os_get_first
    rt_mailbox.o(i.os_mbx_send) refers to rt_list.o(i.os_rmv_dly) for os_rmv_dly
    rt_mailbox.o(i.os_mbx_send) refers to rt_task.o(i.os_dispatch) for os_dispatch
    rt_mailbox.o(i.os_mbx_send) refers to rt_task.o(i.os_block) for os_block
    rt_mailbox.o(i.os_mbx_send) refers to rtx_config.o(.text) for tsk_unlock
    rt_mailbox.o(i.os_mbx_send) refers to rt_task.o(.data) for os_runtask
    rt_mailbox.o(i.os_mbx_wait) refers to rt_list.o(i.os_get_first) for os_get_first
    rt_mailbox.o(i.os_mbx_wait) refers to rt_list.o(i.os_rmv_dly) for os_rmv_dly
    rt_mailbox.o(i.os_mbx_wait) refers to rt_task.o(i.os_dispatch) for os_dispatch
    rt_mailbox.o(i.os_mbx_wait) refers to rtx_config.o(.text) for tsk_unlock
    rt_mailbox.o(i.os_mbx_wait) refers to rt_list.o(i.os_put_prio) for os_put_prio
    rt_mailbox.o(i.os_mbx_wait) refers to rt_task.o(i.os_block) for os_block
    rt_mailbox.o(i.os_mbx_wait) refers to rt_task.o(.data) for os_runtask
    hal_arm.o(.emb_text) refers to hal_arm.o(.data) for sys_stktop
    hal_arm.o(.emb_text) refers to rt_task.o(i.os_sys_init1) for os_sys_init1
    hal_arm.o(.emb_text) refers to rtx_config.o(.text) for os_irq_ack_lock
    hal_arm.o(.emb_text) refers to rt_system.o(.data) for os_psh
    hal_arm.o(.emb_text) refers to rt_system.o(i.os_sys_manager) for os_sys_manager
    hal_arm.o(.emb_text) refers to SWI_Table.o(SWI_TABLE) for SWI_Table
    hal_arm.o(i.__SWI_0) refers to hal_arm.o(i.os_stk_check) for os_stk_check
    hal_arm.o(i.__SWI_0) refers to rtx_config.o(.text) for tsk_unlock
    hal_arm.o(i.__SWI_0) refers to hal_arm.o(.emb_text) for os_switch_tasks_ret
    hal_arm.o(i.__SWI_0) refers to rt_task.o(.data) for os_runtask
    hal_arm.o(i.os_init_stack) refers to rtx_config.o(.constdata) for os_stackinfo
    hal_arm.o(i.os_stk_check) refers to rtx_config.o(.text) for os_error
    hal_arm.o(i.os_stk_check) refers to rt_task.o(.data) for os_runtask
    rt_system.o(i.os_psh_req) refers to rtx_config.o(.text) for os_tmr_inspect_ovf
    rt_system.o(i.os_psh_req) refers to rt_system.o(.data) for .data
    rt_system.o(i.os_sys_manager) refers to rt_list.o(i.os_put_rdy_first) for os_put_rdy_first
    rt_system.o(i.os_sys_manager) refers to rtx_config.o(.text) for os_tmr_inspect_cnt
    rt_system.o(i.os_sys_manager) refers to rt_list.o(i.os_dec_dly) for os_dec_dly
    rt_system.o(i.os_sys_manager) refers to rt_semaphore.o(i.os_sem_psh) for os_sem_psh
    rt_system.o(i.os_sys_manager) refers to hal_arm.o(.emb_text) for _dec_qc
    rt_system.o(i.os_sys_manager) refers to rt_event.o(i.os_evt_psh) for os_evt_psh
    rt_system.o(i.os_sys_manager) refers to rt_mailbox.o(i.os_mbx_psh) for os_mbx_psh
    rt_system.o(i.os_sys_manager) refers to rt_timer.o(i.os_tmr_tick) for os_tmr_tick
    rt_system.o(i.os_sys_manager) refers to hal_arm.o(i.os_stk_check) for os_stk_check
    rt_system.o(i.os_sys_manager) refers to rt_list.o(i.os_get_first) for os_get_first
    rt_system.o(i.os_sys_manager) refers to rt_task.o(.data) for os_runtask
    rt_system.o(i.os_sys_manager) refers to rt_system.o(.data) for .data
    rt_system.o(i.os_sys_manager) refers to rt_time.o(.data) for os_time
    rt_system.o(i.os_sys_manager) refers to rtx_config.o(.bss) for os_fifo
    rt_system.o(i.os_sys_manager) refers to rt_list.o(.bss) for os_rdy
    rt_list.o(i.os_dec_dly) refers to rt_list.o(i.os_put_prio) for os_put_prio
    rt_list.o(i.os_dec_dly) refers to rt_list.o(.bss) for .bss
    rt_list.o(i.os_dec_dly) refers to rt_time.o(.data) for os_time
    rt_list.o(i.os_get_same_rdy_prio) refers to rt_list.o(.bss) for .bss
    rt_list.o(i.os_get_same_rdy_prio) refers to rt_task.o(.data) for os_runtask
    rt_list.o(i.os_psq_enq) refers to hal_arm.o(.emb_text) for _inc_qi
    rt_list.o(i.os_psq_enq) refers to rtx_config.o(.text) for os_error
    rt_list.o(i.os_psq_enq) refers to rtx_config.o(.bss) for os_fifo
    rt_list.o(i.os_put_dly) refers to rt_list.o(.bss) for .bss
    rt_list.o(i.os_put_rdy_first) refers to rt_list.o(.bss) for .bss
    rt_list.o(i.os_resort_prio) refers to rt_list.o(i.os_rmv_list) for os_rmv_list
    rt_list.o(i.os_resort_prio) refers to rt_list.o(i.os_put_prio) for os_put_prio
    rt_list.o(i.os_resort_prio) refers to rt_list.o(.bss) for .bss
    rt_list.o(i.os_rmv_list) refers to rt_list.o(.bss) for .bss
    SWI_Table.o(SWI_TABLE) refers to hal_arm.o(i.__SWI_0) for __SWI_0
    SWI_Table.o(SWI_TABLE) refers to rt_membox.o(i.__SWI_1) for __SWI_1
    SWI_Table.o(SWI_TABLE) refers to rt_membox.o(i.__SWI_2) for __SWI_2
    SWI_Table.o(SWI_TABLE) refers to hal_arm.o(i.__SWI_3) for __SWI_3
    SWI_Table.o(SWI_TABLE) refers to hal_arm.o(i.__SWI_4) for __SWI_4
    SWI_Table.o(SWI_TABLE) refers to rtx_config.o(.text) for __SWI_5
    SWI_Table.o(SWI_TABLE) refers to hal_arm.o(i.__SWI_6) for __SWI_6
    SWI_Table.o(SWI_TABLE) refers to hal_arm.o(i.__SWI_7) for __SWI_7
    rt_event.o(i.isr_evt_set) refers to rt_list.o(i.os_psq_enq) for os_psq_enq
    rt_event.o(i.isr_evt_set) refers to rt_system.o(i.os_psh_req) for os_psh_req
    rt_event.o(i.isr_evt_set) refers to rtx_config.o(.bss) for os_active_TCB
    rt_event.o(i.os_evt_clr) refers to rtx_config.o(.text) for tsk_unlock
    rt_event.o(i.os_evt_clr) refers to rtx_config.o(.bss) for os_active_TCB
    rt_event.o(i.os_evt_get) refers to rt_task.o(.data) for os_runtask
    rt_event.o(i.os_evt_psh) refers to rt_list.o(i.os_rmv_dly) for os_rmv_dly
    rt_event.o(i.os_evt_psh) refers to rt_list.o(i.os_put_prio) for os_put_prio
    rt_event.o(i.os_evt_psh) refers to rt_list.o(.bss) for os_rdy
    rt_event.o(i.os_evt_set) refers to rt_list.o(i.os_rmv_dly) for os_rmv_dly
    rt_event.o(i.os_evt_set) refers to rt_task.o(i.os_dispatch) for os_dispatch
    rt_event.o(i.os_evt_set) refers to rtx_config.o(.text) for tsk_unlock
    rt_event.o(i.os_evt_set) refers to rtx_config.o(.bss) for os_active_TCB
    rt_event.o(i.os_evt_wait) refers to rt_task.o(i.os_block) for os_block
    rt_event.o(i.os_evt_wait) refers to rtx_config.o(.text) for tsk_unlock
    rt_event.o(i.os_evt_wait) refers to rt_task.o(.data) for os_runtask
    rt_semaphore.o(i.isr_sem_send) refers to rt_list.o(i.os_psq_enq) for os_psq_enq
    rt_semaphore.o(i.isr_sem_send) refers to rt_system.o(i.os_psh_req) for os_psh_req
    rt_semaphore.o(i.os_sem_init) refers to rtx_config.o(.text) for tsk_unlock
    rt_semaphore.o(i.os_sem_psh) refers to rt_list.o(i.os_get_first) for os_get_first
    rt_semaphore.o(i.os_sem_psh) refers to rt_list.o(i.os_rmv_dly) for os_rmv_dly
    rt_semaphore.o(i.os_sem_psh) refers to rt_list.o(i.os_put_prio) for os_put_prio
    rt_semaphore.o(i.os_sem_psh) refers to rt_list.o(.bss) for os_rdy
    rt_semaphore.o(i.os_sem_send) refers to rt_list.o(i.os_get_first) for os_get_first
    rt_semaphore.o(i.os_sem_send) refers to rt_list.o(i.os_rmv_dly) for os_rmv_dly
    rt_semaphore.o(i.os_sem_send) refers to rt_task.o(i.os_dispatch) for os_dispatch
    rt_semaphore.o(i.os_sem_send) refers to rtx_config.o(.text) for tsk_unlock
    rt_semaphore.o(i.os_sem_wait) refers to rtx_config.o(.text) for tsk_unlock
    rt_semaphore.o(i.os_sem_wait) refers to rt_list.o(i.os_put_prio) for os_put_prio
    rt_semaphore.o(i.os_sem_wait) refers to rt_task.o(i.os_block) for os_block
    rt_semaphore.o(i.os_sem_wait) refers to rt_task.o(.data) for os_runtask
    rt_timer.o(i.os_tmr_create) refers to rtx_config.o(.text) for tsk_unlock
    rt_timer.o(i.os_tmr_create) refers to rtx_config.o(.data) for m_tmr
    rt_timer.o(i.os_tmr_create) refers to rt_timer.o(.data) for .data
    rt_timer.o(i.os_tmr_kill) refers to rtx_config.o(.text) for tsk_unlock
    rt_timer.o(i.os_tmr_kill) refers to rt_timer.o(.data) for .data
    rt_timer.o(i.os_tmr_kill) refers to rtx_config.o(.data) for m_tmr
    rt_timer.o(i.os_tmr_tick) refers to rtx_config.o(.text) for os_tmr_call
    rt_timer.o(i.os_tmr_tick) refers to rt_timer.o(.data) for .data
    rt_timer.o(i.os_tmr_tick) refers to rtx_config.o(.data) for m_tmr
    entry.o(.ARM.Collect$$$$00000000) refers (Special) to entry7.o(.ARM.Collect$$$$00000007) for _main_init
    entry.o(.ARM.Collect$$$$00000000) refers (Special) to entry5.o(.ARM.Collect$$$$00000004) for _main_scatterload
    entry.o(.ARM.Collect$$$$00000000) refers (Special) to entry2.o(.ARM.Collect$$$$00000001) for _main_stk
    entry2.o(.ARM.Collect$$$$00000001) refers to entry2.o(.ARM.Collect$$$$00002712) for __lit__00000000
    entry2.o(.ARM.Collect$$$$00002712) refers to startup.o(STACK) for __initial_sp
    entry5.o(.ARM.Collect$$$$00000004) refers to init.o(.text) for __scatterload
    entry7.o(.ARM.Collect$$$$00000007) refers to rtx-chatting.o(.text) for main
    init.o(.text) refers to init.o(i.__ARM_common_call_via_r3) for __ARM_common_call_via_r3
    init.o(.text) refers to entry5.o(.ARM.Collect$$$$00000004) for __main_after_scatterload


==============================================================================

Removing Unused input sections from the image.

    Removing rtx_config.o(.constdata), (4 bytes).
    Removing startup.o(HEAP), (0 bytes).
    Removing rt_task.o(i.os_tsk_create_ex0), (12 bytes).
    Removing rt_task.o(i.os_tsk_pass), (52 bytes).
    Removing rt_task.o(i.os_tsk_prio), (136 bytes).
    Removing rt_task.o(i.os_tsk_self), (16 bytes).
    Removing rt_time.o(i.os_itv_set), (24 bytes).
    Removing rt_time.o(i.os_itv_wait), (56 bytes).
    Removing rt_mailbox.o(i.isr_mbx_receive), (76 bytes).
    Removing rt_mailbox.o(i.isr_mbx_send), (16 bytes).
    Removing rt_mailbox.o(i.os_mbx_check), (8 bytes).
    Removing rt_membox.o(i._calloc_box), (32 bytes).
    Removing rt_system.o(.emb_text), (0 bytes).
    Removing rt_system.o(i.os_psh_req), (52 bytes).
    Removing rt_list.o(i.os_get_same_rdy_prio), (36 bytes).
    Removing rt_list.o(i.os_psq_enq), (52 bytes).
    Removing rt_list.o(i.os_resort_prio), (52 bytes).
    Removing rt_event.o(i.isr_evt_set), (40 bytes).
    Removing rt_event.o(i.os_evt_clr), (40 bytes).
    Removing rt_event.o(i.os_evt_get), (12 bytes).
    Removing rt_event.o(i.os_evt_set), (100 bytes).
    Removing rt_event.o(i.os_evt_wait), (88 bytes).
    Removing rt_semaphore.o(i.isr_sem_send), (18 bytes).
    Removing rt_semaphore.o(i.os_sem_init), (28 bytes).
    Removing rt_semaphore.o(i.os_sem_send), (58 bytes).
    Removing rt_semaphore.o(i.os_sem_wait), (96 bytes).
    Removing rt_timer.o(i.os_tmr_create), (92 bytes).
    Removing rt_timer.o(i.os_tmr_kill), (72 bytes).

28 unused section(s) (total 1268 bytes) removed from the image.

==============================================================================

Adding Veneers to the image

    Adding AT veneer (8 bytes, Inline) for call to 'os_sys_init0' from rtx-chatting.o(.text).
    Adding TA veneer (4 bytes, Inline) for call to 'os_idle_demon' from rt_task.o(i.os_sys_init1).
    Adding AT veneer (8 bytes, Inline) for call to '__aeabi_memcpy4' from rtx-chatting.o(.text).
    Adding AT veneer (8 bytes, Inline) for call to '__scatterload' from entry5.o(.ARM.Collect$$$$00000004).
    Adding TA veneer (8 bytes, Short) for call to '__main_after_scatterload' from init.o(.text).
    Adding TA veneer (8 bytes, Short) for call to 'os_error' from rt_mailbox.o(i.os_mbx_psh).
    Adding TA veneer (8 bytes, Short) for call to 'os_tmr_call' from rt_timer.o(i.os_tmr_tick).
    Adding AT veneer (8 bytes, Inline) for call to '_init_box' from rtx-chatting.o(.text).
    Adding AT veneer (8 bytes, Inline) for call to 'os_dly_wait' from rtx-chatting.o(.text).
    Adding AT veneer (8 bytes, Inline) for call to 'os_mbx_init' from rtx-chatting.o(.text).
    Adding AT veneer (8 bytes, Inline) for call to 'os_mbx_send' from rtx-chatting.o(.text).
    Adding AT veneer (8 bytes, Inline) for call to 'os_mbx_wait' from rtx-chatting.o(.text).
    Adding AT veneer (8 bytes, Inline) for call to 'os_tsk_create0' from rtx-chatting.o(.text).
    Adding AT veneer (8 bytes, Inline) for call to 'os_tsk_delete' from rtx-chatting.o(.text).

14 Veneer(s) (total 108 bytes) added to the image.

==============================================================================

Image Symbol Table

    Local Symbols

    Symbol Name                              Value     Ov Type        Size  Object(Section)

    RESET                                    0x00000000   Section      260  startup.o(RESET)
    ../../microlib/init/entry.s              0x00000000   Number         0  entry5.o ABSOLUTE
    ../../microlib/init/entry.s              0x00000000   Number         0  entry7.o ABSOLUTE
    ../../microlib/init/entry.s              0x00000000   Number         0  entry.o ABSOLUTE
    ../../microlib/init/entry.s              0x00000000   Number         0  entry2.o ABSOLUTE
    ../../microlib/string/memcpy.c           0x00000000   Number         0  memcpyb.o ABSOLUTE
    ../../microlib/string/memcpy.c           0x00000000   Number         0  memcpya.o ABSOLUTE
    RTX-CHATTING.c                           0x00000000   Number         0  rtx-chatting.o ABSOLUTE
    RTX_Config.c                             0x00000000   Number         0  rtx_config.o ABSOLUTE
    SRC\ARM\HAL_ARM.c                        0x00000000   Number         0  hal_arm.o ABSOLUTE
    SRC\ARM\SWI_Table.s                      0x00000000   Number         0  SWI_Table.o ABSOLUTE
    SRC\ARM\rt_Event.c                       0x00000000   Number         0  rt_event.o ABSOLUTE
    SRC\ARM\rt_List.c                        0x00000000   Number         0  rt_list.o ABSOLUTE
    SRC\ARM\rt_Mailbox.c                     0x00000000   Number         0  rt_mailbox.o ABSOLUTE
    SRC\ARM\rt_MemBox.c                      0x00000000   Number         0  rt_membox.o ABSOLUTE
    SRC\ARM\rt_Semaphore.c                   0x00000000   Number         0  rt_semaphore.o ABSOLUTE
    SRC\ARM\rt_System.c                      0x00000000   Number         0  rt_system.o ABSOLUTE
    SRC\ARM\rt_Task.c                        0x00000000   Number         0  rt_task.o ABSOLUTE
    SRC\ARM\rt_Time.c                        0x00000000   Number         0  rt_time.o ABSOLUTE
    SRC\ARM\rt_Timer.c                       0x00000000   Number         0  rt_timer.o ABSOLUTE
    SRC\\ARM\\HAL_ARM.c                      0x00000000   Number         0  hal_arm.o ABSOLUTE
    SRC\\ARM\\rt_System.c                    0x00000000   Number         0  rt_system.o ABSOLUTE
    Startup.s                                0x00000000   Number         0  startup.o ABSOLUTE
    dc.s                                     0x00000000   Number         0  dc.o ABSOLUTE
    handlers.s                               0x00000000   Number         0  handlers.o ABSOLUTE
    init.s                                   0x00000000   Number         0  init.o ABSOLUTE
    Undef_Handler                            0x00000040   ARM Code       4  startup.o(RESET)
    PAbt_Handler                             0x00000044   ARM Code       4  startup.o(RESET)
    DAbt_Handler                             0x00000048   ARM Code       4  startup.o(RESET)
    IRQ_Handler                              0x0000004c   ARM Code       4  startup.o(RESET)
    FIQ_Handler                              0x00000050   ARM Code       4  startup.o(RESET)
    .ARM.Collect$$$$00000000                 0x00000104   Section        0  entry.o(.ARM.Collect$$$$00000000)
    .ARM.Collect$$$$00000001                 0x00000104   Section        4  entry2.o(.ARM.Collect$$$$00000001)
    .ARM.Collect$$$$00000004                 0x00000108   Section        4  entry5.o(.ARM.Collect$$$$00000004)
    .ARM.Collect$$$$00000007                 0x0000010c   Section       12  entry7.o(.ARM.Collect$$$$00000007)
    .ARM.Collect$$$$00002712                 0x00000118   Section        4  entry2.o(.ARM.Collect$$$$00002712)
    __lit__00000000                          0x00000118   Data           4  entry2.o(.ARM.Collect$$$$00002712)
    .emb_text                                0x00000124   Section      488  hal_arm.o(.emb_text)
    Switch_task                              0x00000288   ARM Code       0  hal_arm.o(.emb_text)
    .text                                    0x0000030c   Section        0  rtx-chatting.o(.text)
    .text                                    0x0000077c   Section        0  rtx_config.o(.text)
    os_def_interrupt                         0x00000788   ARM Code      20  rtx_config.o(.text)
    .text                                    0x0000079c   Section        0  rtx_config.o(.text)
    .text                                    0x0000082c   Section        0  memcpya.o(.text)
    .text                                    0x00000858   Section       32  init.o(.text)
    SWI_TABLE                                0x00000878   Section       36  SWI_Table.o(SWI_TABLE)
    i.__ARM_common_call_via_r3               0x000008b4   Section        2  init.o(i.__ARM_common_call_via_r3)
    i.__SWI_0                                0x000008b8   Section        0  hal_arm.o(i.__SWI_0)
    i.__SWI_1                                0x000008e8   Section        0  rt_membox.o(i.__SWI_1)
    i.__SWI_2                                0x000008f6   Section        0  rt_membox.o(i.__SWI_2)
    i.__SWI_3                                0x0000090e   Section        0  hal_arm.o(i.__SWI_3)
    i.__SWI_4                                0x00000916   Section        0  hal_arm.o(i.__SWI_4)
    i.__SWI_6                                0x0000091e   Section        0  hal_arm.o(i.__SWI_6)
    i.__SWI_7                                0x00000920   Section        0  hal_arm.o(i.__SWI_7)
    i.__scatterload_copy                     0x00000924   Section       28  handlers.o(i.__scatterload_copy)
    i.__scatterload_null                     0x00000940   Section        4  handlers.o(i.__scatterload_null)
    i.__scatterload_zeroinit                 0x00000944   Section       24  handlers.o(i.__scatterload_zeroinit)
    i._init_box                              0x00000964   Section        0  rt_membox.o(i._init_box)
    i.os_block                               0x000009b0   Section        0  rt_task.o(i.os_block)
    i.os_dec_dly                             0x000009f8   Section        0  rt_list.o(i.os_dec_dly)
    i.os_dispatch                            0x00000a74   Section        0  rt_task.o(i.os_dispatch)
    i.os_dly_wait                            0x00000ac0   Section        0  rt_time.o(i.os_dly_wait)
    i.os_evt_psh                             0x00000ad8   Section        0  rt_event.o(i.os_evt_psh)
    i.os_get_first                           0x00000b28   Section        0  rt_list.o(i.os_get_first)
    i.os_init_context                        0x00000b54   Section        0  rt_task.o(i.os_init_context)
    os_init_context                          0x00000b55   Thumb Code    66  rt_task.o(i.os_init_context)
    i.os_init_stack                          0x00000b9c   Section        0  hal_arm.o(i.os_init_stack)
    i.os_mbx_init                            0x00000c08   Section        0  rt_mailbox.o(i.os_mbx_init)
    i.os_mbx_psh                             0x00000c38   Section        0  rt_mailbox.o(i.os_mbx_psh)
    i.os_mbx_send                            0x00000cc8   Section        0  rt_mailbox.o(i.os_mbx_send)
    i.os_mbx_wait                            0x00000d74   Section        0  rt_mailbox.o(i.os_mbx_wait)
    i.os_put_dly                             0x00000e14   Section        0  rt_list.o(i.os_put_dly)
    i.os_put_prio                            0x00000e64   Section        0  rt_list.o(i.os_put_prio)
    i.os_put_rdy_first                       0x00000ea4   Section        0  rt_list.o(i.os_put_rdy_first)
    i.os_rmv_dly                             0x00000eb8   Section        0  rt_list.o(i.os_rmv_dly)
    i.os_rmv_list                            0x00000ee4   Section        0  rt_list.o(i.os_rmv_list)
    i.os_sem_psh                             0x00000f18   Section        0  rt_semaphore.o(i.os_sem_psh)
    i.os_stk_check                           0x00000f50   Section        0  hal_arm.o(i.os_stk_check)
    i.os_sys_init1                           0x00000f7c   Section        0  rt_task.o(i.os_sys_init1)
    i.os_sys_manager                         0x00001064   Section        0  rt_system.o(i.os_sys_manager)
    i.os_tmr_tick                            0x00001130   Section        0  rt_timer.o(i.os_tmr_tick)
    i.os_tsk_create0                         0x0000117c   Section        0  rt_task.o(i.os_tsk_create0)
    i.os_tsk_delete                          0x00001214   Section        0  rt_task.o(i.os_tsk_delete)
    .constdata                               0x000012bc   Section        2  rtx_config.o(.constdata)
    .constdata                               0x000012c0   Section        4  rtx_config.o(.constdata)
    .constdata                               0x000012c4   Section        8  rtx_config.o(.constdata)
    __tagsym$$used                           0x000012c4   Number         0  rtx_config.o(.constdata)
    __tagsym$$used                           0x000012c8   Number         0  rtx_config.o(.constdata)
    .constdata                               0x000012cc   Section        2  rtx_config.o(.constdata)
    .constdata                               0x000012d0   Section        4  rtx_config.o(.constdata)
    .constdata                               0x000012d4   Section        1  rtx_config.o(.constdata)
    .constdata                               0x000012d6   Section        2  rtx_config.o(.constdata)
    .data                                    0x40000000   Section       24  rtx-chatting.o(.data)
    .data                                    0x40000018   Section        4  rtx_config.o(.data)
    .data                                    0x4000001c   Section        4  rt_task.o(.data)
    .data                                    0x40000020   Section        2  rt_time.o(.data)
    .data                                    0x40000024   Section        4  hal_arm.o(.data)
    .data                                    0x40000028   Section        8  rt_system.o(.data)
    .data                                    0x40000030   Section        8  rt_timer.o(.data)
    .bss                                     0x40000038   Section      152  rtx-chatting.o(.bss)
    .bss                                     0x400000d0   Section      300  rtx_config.o(.bss)
    .bss                                     0x40000200   Section     3600  rtx_config.o(.bss)
    .bss                                     0x40001010   Section      132  rtx_config.o(.bss)
    .bss                                     0x40001094   Section       24  rtx_config.o(.bss)
    .bss                                     0x400010ac   Section       48  rt_task.o(.bss)
    .bss                                     0x400010dc   Section       48  rt_list.o(.bss)
    STACK                                    0x40001110   Section      176  startup.o(STACK)
    Stack_Top                                0x400011c0   Data           0  startup.o(STACK)

    Global Symbols

    Symbol Name                              Value     Ov Type        Size  Object(Section)

    BuildAttributes$$THM_ISAv1$ARM_ISAv4$S$PE$A:L22$X:L11$S22$IEEE1$IW$USESV6$~STKCKD$USESV7$~SHL$OSPACE$EBA8$MICROLIB$REQ8$EABIv2 0x00000000   Number         0  anon$$obj.o ABSOLUTE
    __ARM_use_no_argv                        0x00000000   Number         0  rtx-chatting.o ABSOLUTE
    __decompress                              - Undefined Weak Reference
    os_tmr_reload                             - Undefined Weak Reference
    rt_init                                   - Undefined Weak Reference
    rt_notify                                 - Undefined Weak Reference
    rt_post_taskswitch                        - Undefined Weak Reference
    Reset_Handler                            0x00000054   ARM Code       0  startup.o(RESET)
    __main                                   0x00000104   ARM Code       0  entry.o(.ARM.Collect$$$$00000000)
    _main_stk                                0x00000104   ARM Code       0  entry2.o(.ARM.Collect$$$$00000001)
    _main_scatterload                        0x00000108   ARM Code       0  entry5.o(.ARM.Collect$$$$00000004)
    __main_after_scatterload                 0x0000010c   ARM Code       0  entry5.o(.ARM.Collect$$$$00000004)
    _main_init                               0x0000010c   ARM Code       0  entry7.o(.ARM.Collect$$$$00000007)
    Inline ARM to Thumb Veneer to os_sys_init0 0x0000011c   ARM Code       8  hal_arm.o(.emb_text)
    _inc_qi                                  0x00000125   Thumb Code    60  hal_arm.o(.emb_text)
    _dec_qc                                  0x00000161   Thumb Code    32  hal_arm.o(.emb_text)
    os_set_env                               0x00000181   Thumb Code     8  hal_arm.o(.emb_text)
    os_sys_init0                             0x00000189   Thumb Code    12  hal_arm.o(.emb_text)
    os_sys_run                               0x0000019d   Thumb Code    16  hal_arm.o(.emb_text)
    os_clock_interrupt                       0x000001b0   ARM Code     128  hal_arm.o(.emb_text)
    os_sys_manager_ret                       0x0000021d   Thumb Code     0  hal_arm.o(.emb_text)
    SWI_Handler                              0x00000244   ARM Code     192  hal_arm.o(.emb_text)
    os_switch_tasks_ret                      0x00000281   Thumb Code     0  hal_arm.o(.emb_text)
    rec_task                                 0x0000030c   ARM Code     372  rtx-chatting.o(.text)
    __RL_RTX_VER                             0x00000420   Number         0  rt_system.o ABSOLUTE
    send_task                                0x00000480   ARM Code     584  rtx-chatting.o(.text)
    init_task                                0x000006c8   ARM Code      60  rtx-chatting.o(.text)
    init_serial                              0x00000704   ARM Code      44  rtx-chatting.o(.text)
    main                                     0x00000730   ARM Code      68  rtx-chatting.o(.text)
    Inline Thumb to ARM Veneer to os_idle_demon 0x00000779   Thumb Code     4  rtx_config.o(.text)
    os_idle_demon                            0x0000077c   ARM Code       4  rtx_config.o(.text)
    os_tmr_call                              0x00000780   ARM Code       4  rtx_config.o(.text)
    os_error                                 0x00000784   ARM Code       4  rtx_config.o(.text)
    os_tmr_init                              0x0000079d   Thumb Code    34  rtx_config.o(.text)
    os_tmr_force_irq                         0x000007c1   Thumb Code     8  rtx_config.o(.text)
    os_tmr_inspect_cnt                       0x000007c9   Thumb Code     6  rtx_config.o(.text)
    os_tmr_inspect_ovf                       0x000007d1   Thumb Code    10  rtx_config.o(.text)
    os_irq_ack_lock                          0x000007dd   Thumb Code    20  rtx_config.o(.text)
    __SWI_5                                  0x000007f1   Thumb Code     8  rtx_config.o(.text)
    tsk_unlock                               0x000007f9   Thumb Code     8  rtx_config.o(.text)
    os_init_robin                            0x00000801   Thumb Code     2  rtx_config.o(.text)
    os_chk_robin                             0x00000805   Thumb Code     2  rtx_config.o(.text)
    Inline ARM to Thumb Veneer to __aeabi_memcpy4 0x00000824   ARM Code       8  memcpya.o(.text)
    __aeabi_memcpy                           0x0000082d   Thumb Code    36  memcpya.o(.text)
    __aeabi_memcpy4                          0x0000082d   Thumb Code     0  memcpya.o(.text)
    __aeabi_memcpy8                          0x0000082d   Thumb Code     0  memcpya.o(.text)
    Inline ARM to Thumb Veneer to __scatterload 0x00000850   ARM Code       8  init.o(.text)
    __scatterload                            0x00000859   Thumb Code    24  init.o(.text)
    __scatterload_rt2                        0x00000859   Thumb Code     0  init.o(.text)
    SWI_Count                                0x00000878   Data           4  SWI_Table.o(SWI_TABLE)
    SWI_Table                                0x0000087c   Data           0  SWI_Table.o(SWI_TABLE)
    Short Thumb to ARM Veneer to __main_after_scatterload 0x0000089d   Thumb Code     8  anon$$obj.o(Veneer$$Code)
    Short Thumb to ARM Veneer to os_error    0x000008a5   Thumb Code     8  anon$$obj.o(Veneer$$Code)
    Short Thumb to ARM Veneer to os_tmr_call 0x000008ad   Thumb Code     8  anon$$obj.o(Veneer$$Code)
    __ARM_common_call_via_r3                 0x000008b5   Thumb Code     2  init.o(i.__ARM_common_call_via_r3)
    __SWI_0                                  0x000008b9   Thumb Code    44  hal_arm.o(i.__SWI_0)
    __SWI_1                                  0x000008e9   Thumb Code    14  rt_membox.o(i.__SWI_1)
    __SWI_2                                  0x000008f7   Thumb Code    24  rt_membox.o(i.__SWI_2)
    __SWI_3                                  0x0000090f   Thumb Code     8  hal_arm.o(i.__SWI_3)
    __SWI_4                                  0x00000917   Thumb Code     8  hal_arm.o(i.__SWI_4)
    __SWI_6                                  0x0000091f   Thumb Code     2  hal_arm.o(i.__SWI_6)
    __SWI_7                                  0x00000921   Thumb Code     2  hal_arm.o(i.__SWI_7)
    __scatterload_copy                       0x00000924   ARM Code      28  handlers.o(i.__scatterload_copy)
    __scatterload_null                       0x00000940   ARM Code       4  handlers.o(i.__scatterload_null)
    __scatterload_zeroinit                   0x00000944   ARM Code      24  handlers.o(i.__scatterload_zeroinit)
    Inline ARM to Thumb Veneer to _init_box  0x0000095c   ARM Code       8  rt_membox.o(i._init_box)
    _init_box                                0x00000965   Thumb Code    74  rt_membox.o(i._init_box)
    os_block                                 0x000009b1   Thumb Code    58  rt_task.o(i.os_block)
    os_dec_dly                               0x000009f9   Thumb Code   116  rt_list.o(i.os_dec_dly)
    os_dispatch                              0x00000a75   Thumb Code    60  rt_task.o(i.os_dispatch)
    Inline ARM to Thumb Veneer to os_dly_wait 0x00000ab8   ARM Code       8  rt_time.o(i.os_dly_wait)
    os_dly_wait                              0x00000ac1   Thumb Code    24  rt_time.o(i.os_dly_wait)
    os_evt_psh                               0x00000ad9   Thumb Code    74  rt_event.o(i.os_evt_psh)
    os_get_first                             0x00000b29   Thumb Code    42  rt_list.o(i.os_get_first)
    os_init_stack                            0x00000b9d   Thumb Code    86  hal_arm.o(i.os_init_stack)
    Inline ARM to Thumb Veneer to os_mbx_init 0x00000c00   ARM Code       8  rt_mailbox.o(i.os_mbx_init)
    os_mbx_init                              0x00000c09   Thumb Code    44  rt_mailbox.o(i.os_mbx_init)
    os_mbx_psh                               0x00000c39   Thumb Code   132  rt_mailbox.o(i.os_mbx_psh)
    Inline ARM to Thumb Veneer to os_mbx_send 0x00000cc0   ARM Code       8  rt_mailbox.o(i.os_mbx_send)
    os_mbx_send                              0x00000cc9   Thumb Code   158  rt_mailbox.o(i.os_mbx_send)
    Inline ARM to Thumb Veneer to os_mbx_wait 0x00000d6c   ARM Code       8  rt_mailbox.o(i.os_mbx_wait)
    os_mbx_wait                              0x00000d75   Thumb Code   154  rt_mailbox.o(i.os_mbx_wait)
    os_put_dly                               0x00000e15   Thumb Code    76  rt_list.o(i.os_put_dly)
    os_put_prio                              0x00000e65   Thumb Code    62  rt_list.o(i.os_put_prio)
    os_put_rdy_first                         0x00000ea5   Thumb Code    14  rt_list.o(i.os_put_rdy_first)
    os_rmv_dly                               0x00000eb9   Thumb Code    44  rt_list.o(i.os_rmv_dly)
    os_rmv_list                              0x00000ee5   Thumb Code    46  rt_list.o(i.os_rmv_list)
    os_sem_psh                               0x00000f19   Thumb Code    50  rt_semaphore.o(i.os_sem_psh)
    os_stk_check                             0x00000f51   Thumb Code    34  hal_arm.o(i.os_stk_check)
    os_sys_init1                             0x00000f7d   Thumb Code   162  rt_task.o(i.os_sys_init1)
    os_sys_manager                           0x00001065   Thumb Code   182  rt_system.o(i.os_sys_manager)
    os_tmr_tick                              0x00001131   Thumb Code    58  rt_timer.o(i.os_tmr_tick)
    Inline ARM to Thumb Veneer to os_tsk_create0 0x00001174   ARM Code       8  rt_task.o(i.os_tsk_create0)
    os_tsk_create0                           0x0000117d   Thumb Code   130  rt_task.o(i.os_tsk_create0)
    Inline ARM to Thumb Veneer to os_tsk_delete 0x0000120c   ARM Code       8  rt_task.o(i.os_tsk_delete)
    os_tsk_delete                            0x00001215   Thumb Code   148  rt_task.o(i.os_tsk_delete)
    os_maxtaskrun                            0x000012bc   Data           2  rtx_config.o(.constdata)
    os_stackinfo                             0x000012c0   Data           4  rtx_config.o(.constdata)
    os_clockrate                             0x000012c4   Data           4  rtx_config.o(.constdata)
    os_timernum                              0x000012c8   Data           4  rtx_config.o(.constdata)
    mp_tcb_size                              0x000012cc   Data           2  rtx_config.o(.constdata)
    mp_stk_size                              0x000012d0   Data           4  rtx_config.o(.constdata)
    os_fifo_size                             0x000012d4   Data           1  rtx_config.o(.constdata)
    mp_tmr_size                              0x000012d6   Data           2  rtx_config.o(.constdata)
    Region$$Table$$Base                      0x000012d8   Number         0  anon$$obj.o(Region$$Table)
    Region$$Table$$Limit                     0x000012f8   Number         0  anon$$obj.o(Region$$Table)
    i                                        0x40000000   Data           4  rtx-chatting.o(.data)
    k                                        0x40000004   Data           4  rtx-chatting.o(.data)
    cnt1                                     0x40000008   Data           4  rtx-chatting.o(.data)
    cnt2                                     0x4000000c   Data           4  rtx-chatting.o(.data)
    tsk1                                     0x40000010   Data           4  rtx-chatting.o(.data)
    tsk2                                     0x40000014   Data           4  rtx-chatting.o(.data)
    m_tmr                                    0x40000018   Data           4  rtx_config.o(.data)
    os_runtask                               0x4000001c   Data           4  rt_task.o(.data)
    os_time                                  0x40000020   Data           2  rt_time.o(.data)
    sys_stktop                               0x40000024   Data           4  hal_arm.o(.data)
    os_psh                                   0x40000028   Data           8  rt_system.o(.data)
    os_tmr                                   0x40000030   Data           8  rt_timer.o(.data)
    MsgBox1                                  0x40000038   Data          24  rtx-chatting.o(.bss)
    mpool1                                   0x40000050   Data          52  rtx-chatting.o(.bss)
    MsgBox2                                  0x40000084   Data          24  rtx-chatting.o(.bss)
    mpool2                                   0x4000009c   Data          52  rtx-chatting.o(.bss)
    mp_tcb                                   0x400000d0   Data         300  rtx_config.o(.bss)
    mp_stk                                   0x40000200   Data        3600  rtx_config.o(.bss)
    os_fifo                                  0x40001010   Data         132  rtx_config.o(.bss)
    os_active_TCB                            0x40001094   Data          24  rtx_config.o(.bss)
    os_idle_TCB                              0x400010ac   Data          48  rt_task.o(.bss)
    os_rdy                                   0x400010dc   Data          24  rt_list.o(.bss)
    os_dly                                   0x400010f4   Data          24  rt_list.o(.bss)
    __initial_sp                             0x40001160   Data          96  startup.o(STACK)



==============================================================================

Memory Map of the image

  Image Entry point : 0x00000104

  Load Region LR_IROM1 (Base: 0x00000000, Size: 0x00001330, Max: 0x00080000, ABSOLUTE)

    Execution Region ER_IROM1 (Base: 0x00000000, Size: 0x000012f8, Max: 0x00080000, ABSOLUTE)

    Base Addr    Size         Type   Attr      Idx    E Section Name        Object

    0x00000000   0x00000104   Code   RO           74    RESET               startup.o
    0x00000104   0x00000000   Code   RO          554  * .ARM.Collect$$$$00000000  mc_t.l(entry.o)
    0x00000104   0x00000004   Code   RO          561    .ARM.Collect$$$$00000001  mc_t.l(entry2.o)
    0x00000108   0x00000004   Code   RO          563    .ARM.Collect$$$$00000004  mc_t.l(entry5.o)
    0x0000010c   0x0000000c   Code   RO          564    .ARM.Collect$$$$00000007  mc_t.l(entry7.o)
    0x00000118   0x00000004   Code   RO          562    .ARM.Collect$$$$00002712  mc_t.l(entry2.o)
    0x0000011c   0x00000008   Ven    RO          280    .emb_text           RTX_ARM_L.LIB(hal_arm.o)
    0x00000124   0x000001e8   Code   RO          280    .emb_text           RTX_ARM_L.LIB(hal_arm.o)
    0x0000030c   0x0000046c   Code   RO            1    .text               rtx-chatting.o
    0x00000778   0x00000004   Ven    RO           33    .text               rtx_config.o
    0x0000077c   0x00000020   Code   RO           33    .text               rtx_config.o
    0x0000079c   0x00000088   Code   RO           34    .text               rtx_config.o
    0x00000824   0x00000008   Ven    RO          557    .text               mc_t.l(memcpya.o)
    0x0000082c   0x00000024   Code   RO          557    .text               mc_t.l(memcpya.o)
    0x00000850   0x00000008   Ven    RO          565    .text               mc_t.l(init.o)
    0x00000858   0x00000020   Code   RO          565    .text               mc_t.l(init.o)
    0x00000878   0x00000024   Code   RO          446    SWI_TABLE           RTX_ARM_L.LIB(SWI_Table.o)
    0x0000089c   0x00000008   Ven    RO          588    Veneer$$Code        anon$$obj.o
    0x000008a4   0x00000008   Ven    RO          589    Veneer$$Code        anon$$obj.o
    0x000008ac   0x00000008   Ven    RO          590    Veneer$$Code        anon$$obj.o
    0x000008b4   0x00000002   Code   RO          567    i.__ARM_common_call_via_r3  mc_t.l(init.o)
    0x000008b6   0x00000002   PAD
    0x000008b8   0x00000030   Code   RO          281    i.__SWI_0           RTX_ARM_L.LIB(hal_arm.o)
    0x000008e8   0x0000000e   Code   RO          250    i.__SWI_1           RTX_ARM_L.LIB(rt_membox.o)
    0x000008f6   0x00000018   Code   RO          251    i.__SWI_2           RTX_ARM_L.LIB(rt_membox.o)
    0x0000090e   0x00000008   Code   RO          282    i.__SWI_3           RTX_ARM_L.LIB(hal_arm.o)
    0x00000916   0x00000008   Code   RO          283    i.__SWI_4           RTX_ARM_L.LIB(hal_arm.o)
    0x0000091e   0x00000002   Code   RO          284    i.__SWI_6           RTX_ARM_L.LIB(hal_arm.o)
    0x00000920   0x00000002   Code   RO          285    i.__SWI_7           RTX_ARM_L.LIB(hal_arm.o)
    0x00000922   0x00000002   PAD
    0x00000924   0x0000001c   Code   RO          571    i.__scatterload_copy  mc_t.l(handlers.o)
    0x00000940   0x00000004   Code   RO          572    i.__scatterload_null  mc_t.l(handlers.o)
    0x00000944   0x00000018   Code   RO          573    i.__scatterload_zeroinit  mc_t.l(handlers.o)
    0x0000095c   0x00000008   Ven    RO          253    i._init_box         RTX_ARM_L.LIB(rt_membox.o)
    0x00000964   0x0000004a   Code   RO          253    i._init_box         RTX_ARM_L.LIB(rt_membox.o)
    0x000009ae   0x00000002   PAD
    0x000009b0   0x00000048   Code   RO           78    i.os_block          RTX_ARM_L.LIB(rt_task.o)
    0x000009f8   0x0000007c   Code   RO          374    i.os_dec_dly        RTX_ARM_L.LIB(rt_list.o)
    0x00000a74   0x00000044   Code   RO           79    i.os_dispatch       RTX_ARM_L.LIB(rt_task.o)
    0x00000ab8   0x00000008   Ven    RO          171    i.os_dly_wait       RTX_ARM_L.LIB(rt_time.o)
    0x00000ac0   0x00000018   Code   RO          171    i.os_dly_wait       RTX_ARM_L.LIB(rt_time.o)
    0x00000ad8   0x00000050   Code   RO          452    i.os_evt_psh        RTX_ARM_L.LIB(rt_event.o)
    0x00000b28   0x0000002a   Code   RO          375    i.os_get_first      RTX_ARM_L.LIB(rt_list.o)
    0x00000b52   0x00000002   PAD
    0x00000b54   0x00000048   Code   RO           80    i.os_init_context   RTX_ARM_L.LIB(rt_task.o)
    0x00000b9c   0x00000064   Code   RO          286    i.os_init_stack     RTX_ARM_L.LIB(hal_arm.o)
    0x00000c00   0x00000008   Ven    RO          205    i.os_mbx_init       RTX_ARM_L.LIB(rt_mailbox.o)
    0x00000c08   0x00000030   Code   RO          205    i.os_mbx_init       RTX_ARM_L.LIB(rt_mailbox.o)
    0x00000c38   0x00000088   Code   RO          206    i.os_mbx_psh        RTX_ARM_L.LIB(rt_mailbox.o)
    0x00000cc0   0x00000008   Ven    RO          207    i.os_mbx_send       RTX_ARM_L.LIB(rt_mailbox.o)
    0x00000cc8   0x000000a4   Code   RO          207    i.os_mbx_send       RTX_ARM_L.LIB(rt_mailbox.o)
    0x00000d6c   0x00000008   Ven    RO          208    i.os_mbx_wait       RTX_ARM_L.LIB(rt_mailbox.o)
    0x00000d74   0x000000a0   Code   RO          208    i.os_mbx_wait       RTX_ARM_L.LIB(rt_mailbox.o)
    0x00000e14   0x00000050   Code   RO          378    i.os_put_dly        RTX_ARM_L.LIB(rt_list.o)
    0x00000e64   0x0000003e   Code   RO          379    i.os_put_prio       RTX_ARM_L.LIB(rt_list.o)
    0x00000ea2   0x00000002   PAD
    0x00000ea4   0x00000014   Code   RO          380    i.os_put_rdy_first  RTX_ARM_L.LIB(rt_list.o)
    0x00000eb8   0x0000002c   Code   RO          382    i.os_rmv_dly        RTX_ARM_L.LIB(rt_list.o)
    0x00000ee4   0x00000034   Code   RO          383    i.os_rmv_list       RTX_ARM_L.LIB(rt_list.o)
    0x00000f18   0x00000038   Code   RO          493    i.os_sem_psh        RTX_ARM_L.LIB(rt_semaphore.o)
    0x00000f50   0x0000002c   Code   RO          287    i.os_stk_check      RTX_ARM_L.LIB(hal_arm.o)
    0x00000f7c   0x000000e8   Code   RO           81    i.os_sys_init1      RTX_ARM_L.LIB(rt_task.o)
    0x00001064   0x000000cc   Code   RO          340    i.os_sys_manager    RTX_ARM_L.LIB(rt_system.o)
    0x00001130   0x00000044   Code   RO          529    i.os_tmr_tick       RTX_ARM_L.LIB(rt_timer.o)
    0x00001174   0x00000008   Ven    RO           82    i.os_tsk_create0    RTX_ARM_L.LIB(rt_task.o)
    0x0000117c   0x00000090   Code   RO           82    i.os_tsk_create0    RTX_ARM_L.LIB(rt_task.o)
    0x0000120c   0x00000008   Ven    RO           84    i.os_tsk_delete     RTX_ARM_L.LIB(rt_task.o)
    0x00001214   0x000000a8   Code   RO           84    i.os_tsk_delete     RTX_ARM_L.LIB(rt_task.o)
    0x000012bc   0x00000002   Data   RO           39    .constdata          rtx_config.o
    0x000012be   0x00000002   PAD
    0x000012c0   0x00000004   Data   RO           40    .constdata          rtx_config.o
    0x000012c4   0x00000008   Data   RO           42    .constdata          rtx_config.o
    0x000012cc   0x00000002   Data   RO           43    .constdata          rtx_config.o
    0x000012ce   0x00000002   PAD
    0x000012d0   0x00000004   Data   RO           44    .constdata          rtx_config.o
    0x000012d4   0x00000001   Data   RO           45    .constdata          rtx_config.o
    0x000012d5   0x00000001   PAD
    0x000012d6   0x00000002   Data   RO           46    .constdata          rtx_config.o
    0x000012d8   0x00000020   Data   RO          569    Region$$Table       anon$$obj.o


    Execution Region RW_IRAM1 (Base: 0x40000000, Size: 0x000011c0, Max: 0x00008000, ABSOLUTE)

    Base Addr    Size         Type   Attr      Idx    E Section Name        Object

    0x40000000   0x00000018   Data   RW            3    .data               rtx-chatting.o
    0x40000018   0x00000004   Data   RW           47    .data               rtx_config.o
    0x4000001c   0x00000004   Data   RW           89    .data               RTX_ARM_L.LIB(rt_task.o)
    0x40000020   0x00000002   Data   RW          174    .data               RTX_ARM_L.LIB(rt_time.o)
    0x40000022   0x00000002   PAD
    0x40000024   0x00000004   Data   RW          288    .data               RTX_ARM_L.LIB(hal_arm.o)
    0x40000028   0x00000008   Data   RW          341    .data               RTX_ARM_L.LIB(rt_system.o)
    0x40000030   0x00000008   Data   RW          530    .data               RTX_ARM_L.LIB(rt_timer.o)
    0x40000038   0x00000098   Zero   RW            2    .bss                rtx-chatting.o
    0x400000d0   0x0000012c   Zero   RW           35    .bss                rtx_config.o
    0x400001fc   0x00000004   PAD
    0x40000200   0x00000e10   Zero   RW           36    .bss                rtx_config.o
    0x40001010   0x00000084   Zero   RW           37    .bss                rtx_config.o
    0x40001094   0x00000018   Zero   RW           38    .bss                rtx_config.o
    0x400010ac   0x00000030   Zero   RW           88    .bss                RTX_ARM_L.LIB(rt_task.o)
    0x400010dc   0x00000030   Zero   RW          384    .bss                RTX_ARM_L.LIB(rt_list.o)
    0x4000110c   0x00000004   PAD
    0x40001110   0x000000b0   Zero   RW           72    STACK               startup.o


==============================================================================

Image component sizes


      Code (inc. data)   RO Data    RW Data    ZI Data      Debug   Object Name

      1132        200          0         24        152       8278   rtx-chatting.o
       168         30         23          4       4056       3303   rtx_config.o
       260         48          0          0        176        324   startup.o

    ----------------------------------------------------------------------
      1588        278         60         28       4388      11905   Object Totals
        28          0         32          0          0          0   (incl. Generated)
         0          0          5          0          4          0   (incl. Padding)

    ----------------------------------------------------------------------

      Code (inc. data)   RO Data    RW Data    ZI Data      Debug   Library Member Name

        36         36          0          0          0        136   SWI_Table.o
       708         72          0          4          0       3970   hal_arm.o
        80          6          0          0          0        609   rt_event.o
       424         24          0          0         48       3905   rt_list.o
       532         20          0          0          0       2967   rt_mailbox.o
       120          0          0          0          0       1648   rt_membox.o
        56          6          0          0          0        533   rt_semaphore.o
       204         22          0          8          0        826   rt_system.o
       772        132          0          4         48       6258   rt_task.o
        32          0          0          2          0        604   rt_time.o
        68         10          0          8          0        631   rt_timer.o
         0          0          0          0          0          0   entry.o
         8          4          0          0          0          0   entry2.o
         4          0          0          0          0          0   entry5.o
        12          4          0          0          0          0   entry7.o
        56          0          0          0          0          0   handlers.o
        42          8          0          0          0        136   init.o
        44          0          0          0          0         60   memcpya.o

    ----------------------------------------------------------------------
      3208        344          0         28        100      22283   Library Totals
        10          0          0          2          4          0   (incl. Padding)

    ----------------------------------------------------------------------

      Code (inc. data)   RO Data    RW Data    ZI Data      Debug   Library Name

      3032        328          0         26         96      22087   RTX_ARM_L.LIB
       166         16          0          0          0        196   mc_t.l

    ----------------------------------------------------------------------
      3208        344          0         28        100      22283   Library Totals

    ----------------------------------------------------------------------

==============================================================================


      Code (inc. data)   RO Data    RW Data    ZI Data      Debug   

      4796        622         60         56       4488      32720   Grand Totals
      4796        622         60         56       4488      32720   ELF Image Totals
      4796        622         60         56          0          0   ROM Totals

==============================================================================

    Total RO  Size (Code + RO Data)                 4856 (   4.74kB)
    Total RW  Size (RW Data + ZI Data)              4544 (   4.44kB)
    Total ROM Size (Code + RO Data + RW Data)       4912 (   4.80kB)

==============================================================================

